
 ===================================================
  XFOIL Version 6.99
  Copyright (C) 2000   Mark Drela, Harold Youngren

  This software comes with ABSOLUTELY NO WARRANTY,
    subject to the GNU General Public License.

  Caveat computor
 ===================================================

 File  xfoil.def  not found

   QUIT    Exit program

  .OPER    Direct operating point(s)
  .MDES    Complex mapping design routine
  .QDES    Surface speed design routine
  .GDES    Geometry design routine

   SAVE f  Write airfoil to labeled coordinate file
   PSAV f  Write airfoil to plain coordinate file
   ISAV f  Write airfoil to ISES coordinate file
   MSAV f  Write airfoil to MSES coordinate file
   REVE    Reverse written-airfoil node ordering

   LOAD f  Read buffer airfoil from coordinate file
   NACA i  Set NACA 4,5-digit airfoil and buffer airfoil
   INTE    Set buffer airfoil by interpolating two airfoils
   NORM    Buffer airfoil normalization toggle
   XYCM rr Change CM reference location, currently  0.25000 0.00000

   BEND    Display structural properties of current airfoil

   PCOP    Set current-airfoil panel nodes directly from buffer airfoil points
   PANE    Set current-airfoil panel nodes ( 160 ) based on curvature
  .PPAR    Show/change paneling

  .PLOP    Plotting options

   WDEF f  Write  current-settings file
   RDEF f  Reread current-settings file
   NAME s  Specify new airfoil name
   NINC    Increment name version number

   Z       Zoom    | (available in all menus)
   U       Unzoom  | 

 XFOIL   c>  
 Labeled airfoil file.  Name:  Eiffel 385 (S.T. Ae)                            

 Number of input coordinate points:  33
 Counterclockwise ordering
 Max thickness =     0.134385  at x =   0.207
 Max camber    =     0.043378  at x =   0.494

  LE  x,y  =   0.00002   0.05310  |   Chord =   1.00138
  TE  x,y  =   1.00000   0.00000  |

 Current airfoil nodes set from buffer airfoil nodes (  33 )

 WARNING: Poor input coordinate distribution
          Excessive panel angle   58.6  at i =  17
          Repaneling with PANE and/or PPAR suggested
           (doing GDES,CADD before repaneling _may_
            improve excessively coarse LE spacing

 XFOIL   c>  
 XFOIL   c>  
 Sharp trailing edge

 Paneling parameters used...
   Number of panel nodes       160
   Panel bunching parameter    1.000
   TE/LE panel density ratio   0.150
   Refined-area/LE panel density ratio    0.200
   Top    side refined area x/c limits  1.000 1.000
   Bottom side refined area x/c limits  1.000 1.000

 XFOIL   c>  
.OPERi   c>  
 Xtr/c     =  1.0000    top    side
 Xtr/c     =  1.0000    bottom side
 Ncrit     =    9.00   ( 0.070 % turb. level )
 Vacc      =  0.0100

 Klag  =  5.6000     Uxwt  =    1.00
 A     =  6.7000     B     =  0.7500       KCt = 0.01485
 CtiniK=  1.8000     CtiniX=  3.3000

..VPAR   c>  
..VPAR   c>  
.OPERi   c>  
 M  =    0.0000
 Re =    200000

.OPERv   c>  
.OPERv   c>  
.OPERv   c>  
 Polar  1 newly created for accumulation
 Airfoil archived with polar: Eiffel 385 (S.T. Ae)                            

Enter  polar save filename  OR  <return> for no file   s>  
 New polar save file available

Enter  polar dump filename  OR  <return> for no file   s>  
 Polar dump file will NOT be written

 Polar accumulation enabled

.OPERva   c>   Calculating unit vorticity distributions ...
 Calculating wake trajectory ...
 Calculating source influence matrix ...

 Solving BL system ...

 Initializing BL ...
    side            1  ...
 MRCHUE: Inverse mode at  50     Hk =   3.800
 MRCHUE: Inverse mode at  51     Hk =   4.311
 MRCHUE: Inverse mode at  52     Hk =   4.816
 MRCHUE: Inverse mode at  53     Hk =   5.317
 MRCHUE: Inverse mode at  54     Hk =   5.816
 MRCHUE: Inverse mode at  55     Hk =   6.312
 MRCHUE: Inverse mode at  56     Hk =   6.803
 MRCHUE: Inverse mode at  57     Hk =   7.287
 MRCHUE: Inverse mode at  58     Hk =   7.762
 MRCHUE: Inverse mode at  59     Hk =   8.228
 MRCHUE: Inverse mode at  60     Hk =   8.684
 MRCHUE: Inverse mode at  61     Hk =   9.131
 MRCHUE: Inverse mode at  62     Hk =   8.323
 MRCHUE: Inverse mode at  63     Hk =   6.562
 MRCHUE: Inverse mode at  64     Hk =   5.359
 MRCHUE: Inverse mode at  65     Hk =   4.437
 MRCHUE: Inverse mode at  66     Hk =   3.690
 MRCHUE: Inverse mode at  67     Hk =   3.065
 MRCHUE: Inverse mode at  80     Hk =   2.500
    side            2  ...
 MRCHUE: Inverse mode at  27     Hk =   3.800
 MRCHUE: Inverse mode at  28     Hk =   4.689
 MRCHUE: Inverse mode at  29     Hk =   5.576
 MRCHUE: Inverse mode at  30     Hk =   6.412
 MRCHUE: Inverse mode at  31     Hk =   7.177
 MRCHUE: Inverse mode at  32     Hk =   7.889
 MRCHUE: Inverse mode at  33     Hk =   8.585
 MRCHUE: Inverse mode at  34     Hk =   9.298
 MRCHUE: Inverse mode at  35     Hk =  10.047
 MRCHUE: Inverse mode at  36     Hk =   7.121
 MRCHUE: Inverse mode at  37     Hk =   4.809
 MRCHUE: Inverse mode at  38     Hk =   3.358

 Side 1  free  transition at x/c =  0.7083   62
 Side 2  free  transition at x/c =  0.2049   36

   1   rms: 0.2038E+00   max: -.2341E+01   T at   36  2   RLX: 0.214
       a = -4.000      CL =  0.4219
      Cm = -0.1236     CD =  0.01665   =>   CDf =  0.00835    CDp =  0.00829

 Side 1  free  transition at x/c =  0.7129   62
 Side 2  free  transition at x/c =  0.2163   36

   2   rms: 0.3823E+00   max: -.4096E+01   T at   36  2   RLX: 0.122
       a = -4.000      CL =  0.4137
      Cm = -0.1206     CD =  0.01881   =>   CDf =  0.00843    CDp =  0.01037

 Side 1  free  transition at x/c =  0.7153   62
 Side 2  free  transition at x/c =  0.2277   37

   3   rms: 0.2075E+00   max: -.2260E+01   T at   37  2   RLX: 0.221
       a = -4.000      CL =  0.4109
      Cm = -0.1203     CD =  0.01455   =>   CDf =  0.00830    CDp =  0.00625

 Side 1  free  transition at x/c =  0.7225   63
 Side 2  free  transition at x/c =  0.2452   38

   4   rms: 0.1306E+00   max: -.1541E+01   T at   38  2   RLX: 0.325
       a = -4.000      CL =  0.3919
      Cm = -0.1174     CD =  0.01318   =>   CDf =  0.00826    CDp =  0.00493

 Side 1  free  transition at x/c =  0.7235   63
 Side 2  free  transition at x/c =  0.2614   39

   5   rms: 0.8142E-01   max: -.7234E+00   T at   39  2   RLX: 0.691
       a = -4.000      CL =  0.3722
      Cm = -0.1131     CD =  0.01347   =>   CDf =  0.00819    CDp =  0.00529

 Side 1  free  transition at x/c =  0.7243   63
 Side 2  free  transition at x/c =  0.2745   40

   6   rms: 0.5908E-01   max: -.3487E+00   T at   40  2
       a = -4.000      CL =  0.3782
      Cm = -0.1142     CD =  0.01362   =>   CDf =  0.00825    CDp =  0.00538

 Side 1  free  transition at x/c =  0.7226   63
 Side 2  free  transition at x/c =  0.2812   40

   7   rms: 0.9618E-02   max: -.8529E-01   D at   42  2
       a = -4.000      CL =  0.3748
      Cm = -0.1133     CD =  0.01395   =>   CDf =  0.00809    CDp =  0.00586

 Side 1  free  transition at x/c =  0.7222   63
 Side 2  free  transition at x/c =  0.2793   40

   8   rms: 0.9823E-03   max: -.8163E-02   D at   40  2
       a = -4.000      CL =  0.3746
      Cm = -0.1133     CD =  0.01396   =>   CDf =  0.00812    CDp =  0.00584

 Side 1  free  transition at x/c =  0.7222   63
 Side 2  free  transition at x/c =  0.2794   40

   9   rms: 0.3197E-05   max: 0.1473E-04   T at   40  2
       a = -4.000      CL =  0.3746
      Cm = -0.1133     CD =  0.01396   =>   CDf =  0.00812    CDp =  0.00584
 plradd ia,ip,cpol            1           0  0.22436693    

 Point added to stored polar  1
 Point written to save file  eiffel385_Re200k.base.pol                       
 Dump file unspecified or not available
 Calculating wake trajectory ...
 Calculating source influence matrix ...

 Solving BL system ...

 Side 1  free  transition at x/c =  0.7222   63
 Side 2  free  transition at x/c =  0.2794   40

   1   rms: 0.7982E-01   max: -.3686E+00   T at   40  2
       a = -3.500      CL =  0.4294
      Cm = -0.1126     CD =  0.01387   =>   CDf =  0.00808    CDp =  0.00578

 Side 1  free  transition at x/c =  0.7070   63
 Side 2  free  transition at x/c =  0.2892   39

   2   rms: 0.3438E-01   max: -.2669E+00   D at   40  2
       a = -3.500      CL =  0.4289
      Cm = -0.1125     CD =  0.01398   =>   CDf =  0.00834    CDp =  0.00564

 Side 1  free  transition at x/c =  0.7052   63
 Side 2  free  transition at x/c =  0.2906   40

   3   rms: 0.4563E-02   max: -.8364E-01   D at   39  2
       a = -3.500      CL =  0.4288
      Cm = -0.1125     CD =  0.01392   =>   CDf =  0.00829    CDp =  0.00563

 Side 1  free  transition at x/c =  0.7053   63
 Side 2  free  transition at x/c =  0.2905   40

   4   rms: 0.1024E-02   max: 0.1192E-01   D at   40  2
       a = -3.500      CL =  0.4288
      Cm = -0.1125     CD =  0.01392   =>   CDf =  0.00825    CDp =  0.00567

 Side 1  free  transition at x/c =  0.7053   63
 Side 2  free  transition at x/c =  0.2904   40

   5   rms: 0.2744E-05   max: 0.1698E-04   D at   40  2
       a = -3.500      CL =  0.4288
      Cm = -0.1125     CD =  0.01392   =>   CDf =  0.00825    CDp =  0.00567
 plradd ia,ip,cpol            2           0  0.20877385    

 Point added to stored polar  1
 Point written to save file  eiffel385_Re200k.base.pol                       
 Dump file unspecified or not available
 Calculating wake trajectory ...
 Calculating source influence matrix ...

 Solving BL system ...

 Side 1  free  transition at x/c =  0.7053   63
 Side 2  free  transition at x/c =  0.2904   40

   1   rms: 0.8419E-01   max: -.3996E+00   T at   40  2
       a = -3.000      CL =  0.4826
      Cm = -0.1118     CD =  0.01353   =>   CDf =  0.00825    CDp =  0.00527

 Side 1  free  transition at x/c =  0.6907   62
 Side 2  free  transition at x/c =  0.3021   40

   2   rms: 0.2222E-01   max: -.1631E+00   D at   40  2
       a = -3.000      CL =  0.4825
      Cm = -0.1117     CD =  0.01388   =>   CDf =  0.00829    CDp =  0.00559

 Side 1  free  transition at x/c =  0.6896   62
 Side 2  free  transition at x/c =  0.3018   40

   3   rms: 0.8547E-03   max: 0.9934E-02   D at   41  2
       a = -3.000      CL =  0.4824
      Cm = -0.1117     CD =  0.01389   =>   CDf =  0.00823    CDp =  0.00565

 Side 1  free  transition at x/c =  0.6896   62
 Side 2  free  transition at x/c =  0.3017   40

   4   rms: 0.5218E-05   max: -.4545E-04   D at    4  2
       a = -3.000      CL =  0.4824
      Cm = -0.1117     CD =  0.01389   =>   CDf =  0.00823    CDp =  0.00565
 plradd ia,ip,cpol            3           0  0.20877385    

 Point added to stored polar  1
 Point written to save file  eiffel385_Re200k.base.pol                       
 Dump file unspecified or not available
 Calculating wake trajectory ...
 Calculating source influence matrix ...

 Solving BL system ...

 Side 1  free  transition at x/c =  0.6896   62
 Side 2  free  transition at x/c =  0.3017   40

   1   rms: 0.7734E-01   max: -.3277E+00   T at   40  2
       a = -2.500      CL =  0.5360
      Cm = -0.1108     CD =  0.01394   =>   CDf =  0.00818    CDp =  0.00577

 Side 1  free  transition at x/c =  0.6744   62
 Side 2  free  transition at x/c =  0.3158   40

   2   rms: 0.1753E-01   max: 0.2117E+00   D at   40  2
       a = -2.500      CL =  0.5363
      Cm = -0.1109     CD =  0.01392   =>   CDf =  0.00825    CDp =  0.00567

 Side 1  free  transition at x/c =  0.6745   62
 Side 2  free  transition at x/c =  0.3150   40

   3   rms: 0.1397E-02   max: 0.1348E-01   D at   41  2
       a = -2.500      CL =  0.5361
      Cm = -0.1109     CD =  0.01394   =>   CDf =  0.00824    CDp =  0.00570

 Side 1  free  transition at x/c =  0.6744   62
 Side 2  free  transition at x/c =  0.3148   40

   4   rms: 0.5752E-05   max: -.5362E-04   D at   43  2
       a = -2.500      CL =  0.5361
      Cm = -0.1109     CD =  0.01394   =>   CDf =  0.00824    CDp =  0.00570
 plradd ia,ip,cpol            4           0  0.19359012    

 Point added to stored polar  1
 Point written to save file  eiffel385_Re200k.base.pol                       
 Dump file unspecified or not available
 Calculating wake trajectory ...
 Calculating source influence matrix ...

 Solving BL system ...

 Side 1  free  transition at x/c =  0.6744   62
 Side 2  free  transition at x/c =  0.3148   40

   1   rms: 0.7685E-01   max: -.3462E+00   T at   40  2
       a = -2.000      CL =  0.5876
      Cm = -0.1097     CD =  0.01402   =>   CDf =  0.00817    CDp =  0.00585

 Side 1  free  transition at x/c =  0.6582   62
 Side 2  free  transition at x/c =  0.3247   40

   2   rms: 0.4433E-01   max: -.2544E+00   T at   40  2
       a = -2.000      CL =  0.5905
      Cm = -0.1103     CD =  0.01387   =>   CDf =  0.00845    CDp =  0.00542

 Side 1  free  transition at x/c =  0.6596   62
 Side 2  free  transition at x/c =  0.3291   40

   3   rms: 0.3592E-02   max: -.4963E-01   D at   42  2
       a = -2.000      CL =  0.5899
      Cm = -0.1101     CD =  0.01401   =>   CDf =  0.00824    CDp =  0.00577

 Side 1  free  transition at x/c =  0.6593   62
 Side 2  free  transition at x/c =  0.3280   40

   4   rms: 0.2958E-03   max: -.3371E-02   D at   40  2
       a = -2.000      CL =  0.5899
      Cm = -0.1101     CD =  0.01402   =>   CDf =  0.00826    CDp =  0.00576

 Side 1  free  transition at x/c =  0.6593   62
 Side 2  free  transition at x/c =  0.3280   40

   5   rms: 0.1696E-05   max: 0.7630E-05   T at   79  2
       a = -2.000      CL =  0.5899
      Cm = -0.1101     CD =  0.01402   =>   CDf =  0.00826    CDp =  0.00576
 plradd ia,ip,cpol            5           0  0.19359012    

 Point added to stored polar  1
 Point written to save file  eiffel385_Re200k.base.pol                       
 Dump file unspecified or not available
 Calculating wake trajectory ...
 Calculating source influence matrix ...

 Solving BL system ...

 Side 1  free  transition at x/c =  0.6593   62
 Side 2  free  transition at x/c =  0.3280   40

   1   rms: 0.7674E-01   max: -.3583E+00   T at   40  2
       a = -1.500      CL =  0.6386
      Cm = -0.1086     CD =  0.01406   =>   CDf =  0.00818    CDp =  0.00588

 Side 1  free  transition at x/c =  0.6416   62
 Side 2  free  transition at x/c =  0.3397   39

   2   rms: 0.3538E-01   max: -.3059E+00   D at   40  2
       a = -1.500      CL =  0.6449
      Cm = -0.1096     CD =  0.01424   =>   CDf =  0.00845    CDp =  0.00579

 Side 1  free  transition at x/c =  0.6444   62
 Side 2  free  transition at x/c =  0.3474   40

   3   rms: 0.2110E-01   max: 0.2866E+00   D at   40  2
       a = -1.500      CL =  0.6438
      Cm = -0.1095     CD =  0.01410   =>   CDf =  0.00820    CDp =  0.00590

 Side 1  free  transition at x/c =  0.6441   62
 Side 2  free  transition at x/c =  0.3446   40

   4   rms: 0.3205E-02   max: 0.2948E-01   D at   40  2
       a = -1.500      CL =  0.6437
      Cm = -0.1094     CD =  0.01412   =>   CDf =  0.00825    CDp =  0.00587

 Side 1  free  transition at x/c =  0.6441   62
 Side 2  free  transition at x/c =  0.3438   40

   5   rms: 0.7350E-04   max: -.1255E-02   D at   42  2
       a = -1.500      CL =  0.6438
      Cm = -0.1094     CD =  0.01412   =>   CDf =  0.00826    CDp =  0.00586
 plradd ia,ip,cpol            6           0  0.17885694    

 Point added to stored polar  1
 Point written to save file  eiffel385_Re200k.base.pol                       
 Dump file unspecified or not available
 Calculating wake trajectory ...
 Calculating source influence matrix ...

 Solving BL system ...

 Side 1  free  transition at x/c =  0.6441   62
 Side 2  free  transition at x/c =  0.3438   40

   1   rms: 0.7823E-01   max: -.4077E+00   T at   40  2
       a = -1.000      CL =  0.6881
      Cm = -0.1071     CD =  0.01412   =>   CDf =  0.00817    CDp =  0.00596

 Side 1  free  transition at x/c =  0.6252   62
 Side 2  free  transition at x/c =  0.3581   40

   2   rms: 0.1135E+00   max: 0.1721E+01   T at    2  1   RLX: 0.705
       a = -1.000      CL =  0.6953
      Cm = -0.1083     CD =  0.01437   =>   CDf =  0.00843    CDp =  0.00594

 Side 1  free  transition at x/c =  0.6279   63
 Side 2  free  transition at x/c =  0.3644   40

   3   rms: 0.1944E-01   max: -.1696E+00   D at   40  2
       a = -1.000      CL =  0.6959
      Cm = -0.1085     CD =  0.01419   =>   CDf =  0.00829    CDp =  0.00590

 Side 1  free  transition at x/c =  0.6285   63
 Side 2  free  transition at x/c =  0.3665   40

   4   rms: 0.1584E-02   max: 0.1554E-01   D at   41  2
       a = -1.000      CL =  0.6958
      Cm = -0.1085     CD =  0.01421   =>   CDf =  0.00817    CDp =  0.00604

 Side 1  free  transition at x/c =  0.6284   63
 Side 2  free  transition at x/c =  0.3659   40

   5   rms: 0.2361E-04   max: -.2394E-03   D at   40  2
       a = -1.000      CL =  0.6958
      Cm = -0.1085     CD =  0.01421   =>   CDf =  0.00818    CDp =  0.00603
 plradd ia,ip,cpol            7           0  0.17885694    

 Point added to stored polar  1
 Point written to save file  eiffel385_Re200k.base.pol                       
 Dump file unspecified or not available
 Calculating wake trajectory ...
 Calculating source influence matrix ...

 Solving BL system ...

 Side 1  free  transition at x/c =  0.6284   63
 Side 2  free  transition at x/c =  0.3659   40

   1   rms: 0.8825E-01   max: -.4830E+00   T at   40  2
       a = -0.500      CL =  0.7545
      Cm = -0.1088     CD =  0.01449   =>   CDf =  0.00818    CDp =  0.00631

 Side 1  free  transition at x/c =  0.6152   62
 Side 2  free  transition at x/c =  0.3963   42

   2   rms: 0.1930E-01   max: 0.2123E+00   D at   42  2
       a = -0.500      CL =  0.7454
      Cm = -0.1071     CD =  0.01419   =>   CDf =  0.00799    CDp =  0.00620

 Side 1  free  transition at x/c =  0.6115   62
 Side 2  free  transition at x/c =  0.3997   42

   3   rms: 0.4164E-02   max: -.4101E-01   D at   62  1
       a = -0.500      CL =  0.7463
      Cm = -0.1072     CD =  0.01420   =>   CDf =  0.00804    CDp =  0.00616

 Side 1  free  transition at x/c =  0.6120   62
 Side 2  free  transition at x/c =  0.4009   42

   4   rms: 0.1177E-03   max: -.1107E-02   C at   42  2
       a = -0.500      CL =  0.7463
      Cm = -0.1072     CD =  0.01421   =>   CDf =  0.00803    CDp =  0.00618

 Side 1  free  transition at x/c =  0.6120   62
 Side 2  free  transition at x/c =  0.4010   42

   5   rms: 0.9238E-06   max: 0.5041E-05   D at   62  1
       a = -0.500      CL =  0.7463
      Cm = -0.1072     CD =  0.01421   =>   CDf =  0.00803    CDp =  0.00618
 plradd ia,ip,cpol            8           0  0.17885694    

 Point added to stored polar  1
 Point written to save file  eiffel385_Re200k.base.pol                       
 Dump file unspecified or not available
 Calculating wake trajectory ...
 Calculating source influence matrix ...

 Solving BL system ...

 Side 1  free  transition at x/c =  0.6120   62
 Side 2  free  transition at x/c =  0.4010   42

   1   rms: 0.9653E-01   max: -.7022E+00   T at   42  2   RLX: 0.712
       a =  0.000      CL =  0.7859
      Cm = -0.1070     CD =  0.01426   =>   CDf =  0.00790    CDp =  0.00636

 MRCHDU: Convergence failed at  44  side 2    Res =  0.3532E+01
 MRCHDU: Convergence failed at  45  side 2    Res =  0.1514E+01
 MRCHDU: Convergence failed at  46  side 2    Res =  0.2072E+01
 Side 1  free  transition at x/c =  0.6030   62
 Side 2  free  transition at x/c =  0.4505   44

   2   rms: 0.4302E-01   max: -.4596E+00   D at   46  2
       a =  0.000      CL =  0.7924
      Cm = -0.1053     CD =  0.01411   =>   CDf =  0.00759    CDp =  0.00651

 Side 1  free  transition at x/c =  0.5937   62
 Side 2  free  transition at x/c =  0.4712   45

   3   rms: 0.2180E-01   max: -.2972E+00   C at   45  2
       a =  0.000      CL =  0.7946
      Cm = -0.1057     CD =  0.01397   =>   CDf =  0.00781    CDp =  0.00617

 Side 1  free  transition at x/c =  0.5955   62
 Side 2  free  transition at x/c =  0.4732   45

   4   rms: 0.1180E-01   max: -.1981E+00   C at   45  2
       a =  0.000      CL =  0.7944
      Cm = -0.1057     CD =  0.01398   =>   CDf =  0.00771    CDp =  0.00627

 Side 1  free  transition at x/c =  0.5955   62
 Side 2  free  transition at x/c =  0.4724   45

   5   rms: 0.9863E-03   max: 0.1750E-01   C at   45  2
       a =  0.000      CL =  0.7945
      Cm = -0.1057     CD =  0.01399   =>   CDf =  0.00766    CDp =  0.00632

 Side 1  free  transition at x/c =  0.5955   62
 Side 2  free  transition at x/c =  0.4721   45

   6   rms: 0.4766E-05   max: 0.6625E-04   C at   45  2
       a =  0.000      CL =  0.7945
      Cm = -0.1057     CD =  0.01399   =>   CDf =  0.00767    CDp =  0.00632
 plradd ia,ip,cpol            9           0  0.16453485    

 Point added to stored polar  1
 Point written to save file  eiffel385_Re200k.base.pol                       
 Dump file unspecified or not available
 Calculating wake trajectory ...
 Calculating source influence matrix ...

 Solving BL system ...

 Side 1  free  transition at x/c =  0.5955   62
 Side 2  free  transition at x/c =  0.4721   45

   1   rms: 0.1409E+00   max: -.2076E+01   C at   45  2   RLX: 0.241
       a =  0.500      CL =  0.8065
      Cm = -0.1054     CD =  0.01392   =>   CDf =  0.00767    CDp =  0.00625

 Side 1  free  transition at x/c =  0.5918   62
 Side 2  free  transition at x/c =  0.4939   47

   2   rms: 0.1468E+00   max: -.2059E+01   C at   47  2   RLX: 0.243
       a =  0.500      CL =  0.8165
      Cm = -0.1054     CD =  0.01394   =>   CDf =  0.00772    CDp =  0.00622

 Side 1  free  transition at x/c =  0.5895   61
 Side 2  free  transition at x/c =  0.5117   48

   3   rms: 0.1321E+00   max: -.1993E+01   C at   48  2   RLX: 0.251
       a =  0.500      CL =  0.8217
      Cm = -0.1049     CD =  0.01387   =>   CDf =  0.00768    CDp =  0.00619

 Side 1  free  transition at x/c =  0.5864   61
 Side 2  free  transition at x/c =  0.5301   48

   4   rms: 0.6512E-01   max: -.8748E+00   C at   48  2   RLX: 0.572
       a =  0.500      CL =  0.8328
      Cm = -0.1044     CD =  0.01388   =>   CDf =  0.00740    CDp =  0.00648

 Side 1  free  transition at x/c =  0.5809   62
 Side 2 forced transition at x/c =  1.0000   75

   5   rms: 0.5538E-01   max: 0.4165E+00   C at   75  2
       a =  0.500      CL =  0.8741
      Cm = -0.1105     CD =  0.01305   =>   CDf =  0.00645    CDp =  0.00660

 Side 1  free  transition at x/c =  0.5761   62
 Side 2 forced transition at x/c =  1.0000   75

   6   rms: 0.5318E-02   max: 0.5188E-01   C at   75  2
       a =  0.500      CL =  0.8774
      Cm = -0.1112     CD =  0.01308   =>   CDf =  0.00654    CDp =  0.00654

 Side 1  free  transition at x/c =  0.5763   62
 Side 2 forced transition at x/c =  1.0000   75

   7   rms: 0.1013E-03   max: 0.8353E-03   C at   75  2
       a =  0.500      CL =  0.8775
      Cm = -0.1112     CD =  0.01308   =>   CDf =  0.00652    CDp =  0.00656

 Side 1  free  transition at x/c =  0.5763   62
 Side 2 forced transition at x/c =  1.0000   75

   8   rms: 0.1010E-05   max: 0.8827E-05   T at   62  1
       a =  0.500      CL =  0.8775
      Cm = -0.1112     CD =  0.01308   =>   CDf =  0.00652    CDp =  0.00656
 plradd ia,ip,cpol           10           0  0.16453485    

 Point added to stored polar  1
 Point written to save file  eiffel385_Re200k.base.pol                       
 Dump file unspecified or not available
 Calculating wake trajectory ...
 Calculating source influence matrix ...

 Solving BL system ...

 Side 1  free  transition at x/c =  0.5763   62
 Side 2 forced transition at x/c =  1.0000   75

   1   rms: 0.9270E-01   max: 0.3789E+00   T at   62  1
       a =  1.000      CL =  0.9309
      Cm = -0.1105     CD =  0.01341   =>   CDf =  0.00642    CDp =  0.00699

 Side 1  free  transition at x/c =  0.5620   62
 Side 2 forced transition at x/c =  1.0000   74

   2   rms: 0.1643E-01   max: -.1593E+00   D at   62  1
       a =  1.000      CL =  0.9254
      Cm = -0.1096     CD =  0.01342   =>   CDf =  0.00662    CDp =  0.00680

 Side 1  free  transition at x/c =  0.5571   62
 Side 2 forced transition at x/c =  1.0000   74

   3   rms: 0.4795E-02   max: -.4906E-01   D at   62  1
       a =  1.000      CL =  0.9266
      Cm = -0.1098     CD =  0.01340   =>   CDf =  0.00666    CDp =  0.00674

 Side 1  free  transition at x/c =  0.5581   62
 Side 2 forced transition at x/c =  1.0000   74

   4   rms: 0.9726E-04   max: -.1346E-02   D at   64  1
       a =  1.000      CL =  0.9266
      Cm = -0.1098     CD =  0.01340   =>   CDf =  0.00663    CDp =  0.00677
 plradd ia,ip,cpol           11           0  0.16453485    

 Point added to stored polar  1
 Point written to save file  eiffel385_Re200k.base.pol                       
 Dump file unspecified or not available
 Calculating wake trajectory ...
 Calculating source influence matrix ...

 Solving BL system ...

 Side 1  free  transition at x/c =  0.5580   62
 Side 2 forced transition at x/c =  1.0000   74

   1   rms: 0.8368E-01   max: 0.3885E+00   T at   62  1
       a =  1.500      CL =  0.9790
      Cm = -0.1089     CD =  0.01370   =>   CDf =  0.00664    CDp =  0.00706

 Side 1  free  transition at x/c =  0.5395   61
 Side 2 forced transition at x/c =  1.0000   74

   2   rms: 0.2193E-01   max: -.2616E+00   D at   61  1
       a =  1.500      CL =  0.9747
      Cm = -0.1081     CD =  0.01365   =>   CDf =  0.00670    CDp =  0.00695

 Side 1  free  transition at x/c =  0.5376   61
 Side 2 forced transition at x/c =  1.0000   74

   3   rms: 0.1928E-02   max: -.2473E-01   D at   61  1
       a =  1.500      CL =  0.9748
      Cm = -0.1081     CD =  0.01368   =>   CDf =  0.00676    CDp =  0.00692

 Side 1  free  transition at x/c =  0.5378   61
 Side 2 forced transition at x/c =  1.0000   74

   4   rms: 0.2686E-04   max: 0.2249E-03   D at   61  1
       a =  1.500      CL =  0.9748
      Cm = -0.1081     CD =  0.01368   =>   CDf =  0.00676    CDp =  0.00692
 plradd ia,ip,cpol           12           0  2.65688580E-02

 Point added to stored polar  1
 Point written to save file  eiffel385_Re200k.base.pol                       
 Dump file unspecified or not available
 Calculating wake trajectory ...
 Calculating source influence matrix ...

 Solving BL system ...

 Side 1  free  transition at x/c =  0.5378   61
 Side 2 forced transition at x/c =  1.0000   74

   1   rms: 0.8657E-01   max: 0.3976E+00   T at   61  1
       a =  2.000      CL =  1.0302
      Cm = -0.1079     CD =  0.01409   =>   CDf =  0.00663    CDp =  0.00747

 MRCHDU: Convergence failed at  62  side 1    Res =  0.1362E+01
 MRCHDU: Convergence failed at  63  side 1    Res =  0.4185E+01
 MRCHDU: Convergence failed at  64  side 1    Res =  0.2592E+01
 MRCHDU: Convergence failed at  65  side 1    Res =  0.2593E+01
 MRCHDU: Convergence failed at  66  side 1    Res =  0.2808E+01
 MRCHDU: Convergence failed at  67  side 1    Res =  0.3076E+01
 MRCHDU: Convergence failed at  68  side 1    Res =  0.3355E+01
 MRCHDU: Convergence failed at  69  side 1    Res =  0.3665E+01
 MRCHDU: Convergence failed at  70  side 1    Res =  0.4050E+01
 MRCHDU: Convergence failed at  71  side 1    Res =  0.4508E+01
 MRCHDU: Convergence failed at  72  side 1    Res =  0.5092E+01
 MRCHDU: Convergence failed at  73  side 1    Res =  0.5834E+01
 MRCHDU: Convergence failed at  74  side 1    Res =  0.6982E+01
 MRCHDU: Convergence failed at  75  side 1    Res =  0.8435E+01
 MRCHDU: Convergence failed at  76  side 1    Res =  0.1061E+02
 MRCHDU: Convergence failed at  77  side 1    Res =  0.1525E+02
 MRCHDU: Convergence failed at  78  side 1    Res =  0.2541E+02
 MRCHDU: Convergence failed at  79  side 1    Res =  0.7393E+02
 MRCHDU: Convergence failed at  80  side 1    Res =  0.8453E+02
 MRCHDU: Convergence failed at  81  side 1    Res =  0.2145E+02
 MRCHDU: Convergence failed at  82  side 1    Res =  0.1313E+02
 MRCHDU: Convergence failed at  83  side 1    Res =  0.1060E+02
 MRCHDU: Convergence failed at  84  side 1    Res =  0.1389E+02
 MRCHDU: Convergence failed at  85  side 1    Res =  0.1632E+02
 MRCHDU: Convergence failed at  86  side 1    Res =  0.1403E+02
 MRCHDU: Convergence failed at  87  side 1    Res =  0.1879E+02
 MRCHDU: Convergence failed at  88  side 1    Res =  0.2818E+02
 MRCHDU: Convergence failed at  89  side 1    Res =  0.2722E+02
 Side 1  free  transition at x/c =  0.5196   61
 Side 2 forced transition at x/c =  1.0000   73
 idif Ue xi dudx           1  0.11093246      2.81059742E-03   39.469353    
 Uenew xinew           2  7.20823370E-03  1.82628632E-04

   2   rms: 0.5572E+00   max: 0.2806E+01   D at   75  2   RLX: 0.535
       a =  2.000      CL =  1.0378
      Cm = -0.1558     CD =  0.00792   =>   CDf =  0.00499    CDp =  0.00293

 MRCHDU: Convergence failed at  76  side 2    Res =  0.3447E+01
 MRCHDU: Convergence failed at  77  side 2    Res =  0.2053E+01
 MRCHDU: Convergence failed at  78  side 2    Res =  0.5078E+01
 MRCHDU: Convergence failed at  79  side 2    Res =  0.3771E+02
 Side 1  free  transition at x/c =  0.5132   59
 Side 2 forced transition at x/c =  1.0000   74

   3   rms: 0.1633E+00   max: 0.6347E+00   D at    2  2   RLX: 0.697
       a =  2.000      CL =  1.0058
      Cm = -0.1121     CD =  0.01276   =>   CDf =  0.00713    CDp =  0.00563

 Side 1  free  transition at x/c =  0.5187   60
 Side 2 forced transition at x/c =  1.0000   73

   4   rms: 0.7073E-01   max: 0.3956E+00   D at   89  1
       a =  2.000      CL =  1.0396
      Cm = -0.1101     CD =  0.01359   =>   CDf =  0.00714    CDp =  0.00645

 Side 1  free  transition at x/c =  0.5114   60
 Side 2 forced transition at x/c =  1.0000   73

   5   rms: 0.1593E-01   max: -.1089E+00   D at   89  1
       a =  2.000      CL =  1.0212
      Cm = -0.1063     CD =  0.01394   =>   CDf =  0.00678    CDp =  0.00717

 Side 1  free  transition at x/c =  0.5142   60
 Side 2 forced transition at x/c =  1.0000   73

   6   rms: 0.1459E-02   max: -.8875E-02   D at   89  1
       a =  2.000      CL =  1.0196
      Cm = -0.1059     CD =  0.01394   =>   CDf =  0.00678    CDp =  0.00715

 Side 1  free  transition at x/c =  0.5146   60
 Side 2 forced transition at x/c =  1.0000   73

   7   rms: 0.7291E-05   max: -.6114E-04   D at   61  1
       a =  2.000      CL =  1.0196
      Cm = -0.1059     CD =  0.01394   =>   CDf =  0.00678    CDp =  0.00716
 plradd ia,ip,cpol           13           0  2.65688580E-02

 Point added to stored polar  1
 Point written to save file  eiffel385_Re200k.base.pol                       
 Dump file unspecified or not available
 Calculating wake trajectory ...
 Calculating source influence matrix ...

 Solving BL system ...

 Side 1  free  transition at x/c =  0.5146   60
 Side 2 forced transition at x/c =  1.0000   73

   1   rms: 0.7314E-01   max: 0.3730E+00   T at   60  1
       a =  2.500      CL =  1.0606
      Cm = -0.1031     CD =  0.01419   =>   CDf =  0.00663    CDp =  0.00755

 Side 1  free  transition at x/c =  0.4873   60
 Side 2 forced transition at x/c =  1.0000   72

   2   rms: 0.2683E-01   max: -.3094E+00   D at   60  1
       a =  2.500      CL =  1.0651
      Cm = -0.1039     CD =  0.01416   =>   CDf =  0.00696    CDp =  0.00720

 Side 1  free  transition at x/c =  0.4921   60
 Side 2 forced transition at x/c =  1.0000   72

   3   rms: 0.5159E-02   max: 0.4872E-01   C at   60  1
       a =  2.500      CL =  1.0639
      Cm = -0.1037     CD =  0.01422   =>   CDf =  0.00678    CDp =  0.00743

 Side 1  free  transition at x/c =  0.4903   60
 Side 2 forced transition at x/c =  1.0000   72

   4   rms: 0.2469E-03   max: -.2994E-02   D at   63  1
       a =  2.500      CL =  1.0640
      Cm = -0.1037     CD =  0.01423   =>   CDf =  0.00683    CDp =  0.00739

 Side 1  free  transition at x/c =  0.4902   60
 Side 2 forced transition at x/c =  1.0000   72

   5   rms: 0.4375E-05   max: -.1784E-04   D at   87  1
       a =  2.500      CL =  1.0640
      Cm = -0.1037     CD =  0.01423   =>   CDf =  0.00684    CDp =  0.00739
 plradd ia,ip,cpol           14           0  2.65688580E-02

 Point added to stored polar  1
 Point written to save file  eiffel385_Re200k.base.pol                       
 Dump file unspecified or not available
 Calculating wake trajectory ...
 Calculating source influence matrix ...

 Solving BL system ...

 Side 1  free  transition at x/c =  0.4902   60
 Side 2 forced transition at x/c =  1.0000   72

   1   rms: 0.7830E-01   max: 0.3438E+00   T at   60  1
       a =  3.000      CL =  1.1093
      Cm = -0.1017     CD =  0.01454   =>   CDf =  0.00684    CDp =  0.00770

 Side 1  free  transition at x/c =  0.4678   58
 Side 2 forced transition at x/c =  1.0000   72

   2   rms: 0.2437E-01   max: -.3032E+00   D at   59  1
       a =  3.000      CL =  1.1077
      Cm = -0.1014     CD =  0.01453   =>   CDf =  0.00692    CDp =  0.00761

 Side 1  free  transition at x/c =  0.4667   58
 Side 2 forced transition at x/c =  1.0000   72

   3   rms: 0.3238E-02   max: 0.4508E-01   D at   59  1
       a =  3.000      CL =  1.1076
      Cm = -0.1014     CD =  0.01463   =>   CDf =  0.00693    CDp =  0.00770

 Side 1  free  transition at x/c =  0.4653   58
 Side 2 forced transition at x/c =  1.0000   72

   4   rms: 0.7143E-04   max: -.7575E-03   C at   58  1
       a =  3.000      CL =  1.1075
      Cm = -0.1014     CD =  0.01463   =>   CDf =  0.00694    CDp =  0.00769
 plradd ia,ip,cpol           15           0  2.27080323E-02

 Point added to stored polar  1
 Point written to save file  eiffel385_Re200k.base.pol                       
 Dump file unspecified or not available
 Calculating wake trajectory ...
 Calculating source influence matrix ...

 Solving BL system ...

 Side 1  free  transition at x/c =  0.4653   58
 Side 2 forced transition at x/c =  1.0000   72

   1   rms: 0.7166E-01   max: 0.3407E+00   T at   58  1
       a =  3.500      CL =  1.1477
      Cm = -0.0987     CD =  0.01506   =>   CDf =  0.00676    CDp =  0.00830

 Side 1  free  transition at x/c =  0.4375   58
 Side 2 forced transition at x/c =  1.0000   71

   2   rms: 0.2626E-01   max: -.3000E+00   D at   58  1
       a =  3.500      CL =  1.1498
      Cm = -0.0990     CD =  0.01505   =>   CDf =  0.00715    CDp =  0.00791

 Side 1  free  transition at x/c =  0.4431   58
 Side 2 forced transition at x/c =  1.0000   71

   3   rms: 0.5264E-02   max: 0.5800E-01   C at   58  1
       a =  3.500      CL =  1.1500
      Cm = -0.0991     CD =  0.01513   =>   CDf =  0.00693    CDp =  0.00821

 Side 1  free  transition at x/c =  0.4410   58
 Side 2 forced transition at x/c =  1.0000   71

   4   rms: 0.2804E-03   max: -.2971E-02   D at   60  1
       a =  3.500      CL =  1.1501
      Cm = -0.0991     CD =  0.01514   =>   CDf =  0.00698    CDp =  0.00816

 Side 1  free  transition at x/c =  0.4410   58
 Side 2 forced transition at x/c =  1.0000   71

   5   rms: 0.5427E-05   max: -.2199E-04   D at   87  1
       a =  3.500      CL =  1.1501
      Cm = -0.0991     CD =  0.01514   =>   CDf =  0.00698    CDp =  0.00816
 plradd ia,ip,cpol           16           0  2.27080323E-02

 Point added to stored polar  1
 Point written to save file  eiffel385_Re200k.base.pol                       
 Dump file unspecified or not available
 Calculating wake trajectory ...
 Calculating source influence matrix ...

 Solving BL system ...

 Side 1  free  transition at x/c =  0.4410   58
 Side 2 forced transition at x/c =  1.0000   71

   1   rms: 0.7489E-01   max: 0.3175E+00   T at   58  1
       a =  4.000      CL =  1.1921
      Cm = -0.0968     CD =  0.01570   =>   CDf =  0.00699    CDp =  0.00872

 Side 1  free  transition at x/c =  0.4154   56
 Side 2 forced transition at x/c =  1.0000   71

   2   rms: 0.2895E-01   max: -.3727E+00   D at   57  1
       a =  4.000      CL =  1.1907
      Cm = -0.0965     CD =  0.01567   =>   CDf =  0.00712    CDp =  0.00855

 Side 1  free  transition at x/c =  0.4180   56
 Side 2 forced transition at x/c =  1.0000   71

   3   rms: 0.3841E-02   max: 0.5537E-01   D at   57  1
       a =  4.000      CL =  1.1910
      Cm = -0.0966     CD =  0.01575   =>   CDf =  0.00709    CDp =  0.00866

 Side 1  free  transition at x/c =  0.4163   56
 Side 2 forced transition at x/c =  1.0000   71

   4   rms: 0.9021E-04   max: -.9244E-03   C at   56  1
       a =  4.000      CL =  1.1909
      Cm = -0.0966     CD =  0.01575   =>   CDf =  0.00710    CDp =  0.00865
 plradd ia,ip,cpol           17           0  2.27080323E-02

 Point added to stored polar  1
 Point written to save file  eiffel385_Re200k.base.pol                       
 Dump file unspecified or not available
 Calculating wake trajectory ...
 Calculating source influence matrix ...

 Solving BL system ...

 Side 1  free  transition at x/c =  0.4164   56
 Side 2 forced transition at x/c =  1.0000   71

   1   rms: 0.7083E-01   max: 0.3516E+00   T at   56  1
       a =  4.500      CL =  1.2275
      Cm = -0.0934     CD =  0.01624   =>   CDf =  0.00690    CDp =  0.00935

 Side 1  free  transition at x/c =  0.3854   56
 Side 2 forced transition at x/c =  1.0000   70

   2   rms: 0.3386E-01   max: -.3609E+00   D at   56  1
       a =  4.500      CL =  1.2260
      Cm = -0.0930     CD =  0.01625   =>   CDf =  0.00733    CDp =  0.00893

 Side 1  free  transition at x/c =  0.3939   56
 Side 2 forced transition at x/c =  1.0000   70

   3   rms: 0.7144E-02   max: 0.8776E-01   C at   56  1
       a =  4.500      CL =  1.2285
      Cm = -0.0936     CD =  0.01637   =>   CDf =  0.00705    CDp =  0.00932

 Side 1  free  transition at x/c =  0.3909   56
 Side 2 forced transition at x/c =  1.0000   70

   4   rms: 0.6137E-03   max: -.5821E-02   D at   56  1
       a =  4.500      CL =  1.2286
      Cm = -0.0936     CD =  0.01639   =>   CDf =  0.00712    CDp =  0.00927

 Side 1  free  transition at x/c =  0.3908   56
 Side 2 forced transition at x/c =  1.0000   70

   5   rms: 0.1326E-04   max: -.4813E-04   D at   87  1
       a =  4.500      CL =  1.2287
      Cm = -0.0936     CD =  0.01639   =>   CDf =  0.00712    CDp =  0.00927
 plradd ia,ip,cpol           18           0  2.27080323E-02

 Point added to stored polar  1
 Point written to save file  eiffel385_Re200k.base.pol                       
 Dump file unspecified or not available
 Calculating wake trajectory ...
 Calculating source influence matrix ...

 Solving BL system ...

 Side 1  free  transition at x/c =  0.3908   56
 Side 2 forced transition at x/c =  1.0000   70

   1   rms: 0.7309E-01   max: 0.3004E+00   T at   56  1
       a =  5.000      CL =  1.2659
      Cm = -0.0906     CD =  0.01712   =>   CDf =  0.00690    CDp =  0.01022

 Side 1  free  transition at x/c =  0.3694   56
 Side 2 forced transition at x/c =  1.0000   69

   2   rms: 0.2282E-01   max: -.2853E+00   D at   56  1
       a =  5.000      CL =  1.2643
      Cm = -0.0904     CD =  0.01704   =>   CDf =  0.00720    CDp =  0.00984

 Side 1  free  transition at x/c =  0.3700   56
 Side 2 forced transition at x/c =  1.0000   69

   3   rms: 0.3830E-02   max: 0.3989E-01   C at   56  1
       a =  5.000      CL =  1.2659
      Cm = -0.0907     CD =  0.01715   =>   CDf =  0.00715    CDp =  0.01000

 Side 1  free  transition at x/c =  0.3690   56
 Side 2 forced transition at x/c =  1.0000   69

   4   rms: 0.1376E-03   max: -.1747E-02   D at   58  1
       a =  5.000      CL =  1.2659
      Cm = -0.0907     CD =  0.01716   =>   CDf =  0.00720    CDp =  0.00996

 Side 1  free  transition at x/c =  0.3689   56
 Side 2 forced transition at x/c =  1.0000   69

   5   rms: 0.2054E-05   max: 0.1921E-04   D at    4  1
       a =  5.000      CL =  1.2659
      Cm = -0.0907     CD =  0.01716   =>   CDf =  0.00720    CDp =  0.00996
 plradd ia,ip,cpol           19           0  1.92586500E-02

 Point added to stored polar  1
 Point written to save file  eiffel385_Re200k.base.pol                       
 Dump file unspecified or not available
 Calculating wake trajectory ...
 Calculating source influence matrix ...

 Solving BL system ...

 Side 1  free  transition at x/c =  0.3689   56
 Side 2 forced transition at x/c =  1.0000   69

   1   rms: 0.7622E-01   max: -.3535E+00   D at   57  1
       a =  5.500      CL =  1.3046
      Cm = -0.0882     CD =  0.01819   =>   CDf =  0.00720    CDp =  0.01099

 Side 1  free  transition at x/c =  0.3463   54
 Side 2 forced transition at x/c =  1.0000   69

   2   rms: 0.3336E-01   max: -.3980E+00   D at   55  1
       a =  5.500      CL =  1.2969
      Cm = -0.0867     CD =  0.01776   =>   CDf =  0.00719    CDp =  0.01057

 Side 1  free  transition at x/c =  0.3491   54
 Side 2 forced transition at x/c =  1.0000   69

   3   rms: 0.5110E-02   max: 0.4476E-01   D at   55  1
       a =  5.500      CL =  1.3000
      Cm = -0.0873     CD =  0.01792   =>   CDf =  0.00715    CDp =  0.01077

 Side 1  free  transition at x/c =  0.3466   54
 Side 2 forced transition at x/c =  1.0000   69

   4   rms: 0.2843E-03   max: -.3260E-02   C at   54  1
       a =  5.500      CL =  1.2998
      Cm = -0.0873     CD =  0.01792   =>   CDf =  0.00717    CDp =  0.01075

 Side 1  free  transition at x/c =  0.3466   54
 Side 2 forced transition at x/c =  1.0000   69

   5   rms: 0.8901E-05   max: -.3026E-04   D at   88  1
       a =  5.500      CL =  1.2998
      Cm = -0.0873     CD =  0.01792   =>   CDf =  0.00717    CDp =  0.01075
 plradd ia,ip,cpol           20           0  1.92586500E-02

 Point added to stored polar  1
 Point written to save file  eiffel385_Re200k.base.pol                       
 Dump file unspecified or not available
 Calculating wake trajectory ...
 Calculating source influence matrix ...

 Solving BL system ...

 Side 1  free  transition at x/c =  0.3466   54
 Side 2 forced transition at x/c =  1.0000   69

   1   rms: 0.6702E-01   max: 0.2760E+00   T at   54  1
       a =  6.000      CL =  1.3330
      Cm = -0.0838     CD =  0.01861   =>   CDf =  0.00693    CDp =  0.01167

 Side 1  free  transition at x/c =  0.3239   54
 Side 2 forced transition at x/c =  1.0000   68

   2   rms: 0.1711E-01   max: -.1971E+00   D at   54  1
       a =  6.000      CL =  1.3274
      Cm = -0.0828     CD =  0.01870   =>   CDf =  0.00725    CDp =  0.01145

 Side 1  free  transition at x/c =  0.3277   54
 Side 2 forced transition at x/c =  1.0000   68

   3   rms: 0.3575E-02   max: 0.2788E-01   C at   54  1
       a =  6.000      CL =  1.3303
      Cm = -0.0833     CD =  0.01873   =>   CDf =  0.00710    CDp =  0.01163

 Side 1  free  transition at x/c =  0.3264   54
 Side 2 forced transition at x/c =  1.0000   68

   4   rms: 0.8215E-04   max: -.9097E-03   D at   54  1
       a =  6.000      CL =  1.3303
      Cm = -0.0833     CD =  0.01873   =>   CDf =  0.00712    CDp =  0.01161
 plradd ia,ip,cpol           21           0  1.92586500E-02

 Point added to stored polar  1
 Point written to save file  eiffel385_Re200k.base.pol                       
 Dump file unspecified or not available
 Calculating wake trajectory ...
 Calculating source influence matrix ...

 Solving BL system ...

 Side 1  free  transition at x/c =  0.3264   54
 Side 2 forced transition at x/c =  1.0000   68

   1   rms: 0.6528E-01   max: 0.2425E+00   T at   54  1
       a =  6.500      CL =  1.3570
      Cm = -0.0787     CD =  0.01957   =>   CDf =  0.00713    CDp =  0.01244

 Side 1  free  transition at x/c =  0.3033   53
 Side 2 forced transition at x/c =  1.0000   68

   2   rms: 0.2103E-01   max: -.2809E+00   D at   53  1
       a =  6.500      CL =  1.3513
      Cm = -0.0778     CD =  0.01959   =>   CDf =  0.00720    CDp =  0.01239

 Side 1  free  transition at x/c =  0.3071   53
 Side 2 forced transition at x/c =  1.0000   68

   3   rms: 0.5494E-02   max: 0.6149E-01   C at   53  1
       a =  6.500      CL =  1.3547
      Cm = -0.0785     CD =  0.01964   =>   CDf =  0.00705    CDp =  0.01259

 Side 1  free  transition at x/c =  0.3052   53
 Side 2 forced transition at x/c =  1.0000   68

   4   rms: 0.2365E-03   max: -.2709E-02   D at   53  1
       a =  6.500      CL =  1.3547
      Cm = -0.0785     CD =  0.01964   =>   CDf =  0.00709    CDp =  0.01255

 Side 1  free  transition at x/c =  0.3052   53
 Side 2 forced transition at x/c =  1.0000   68

   5   rms: 0.8954E-05   max: -.3109E-04   D at   54  1
       a =  6.500      CL =  1.3547
      Cm = -0.0785     CD =  0.01964   =>   CDf =  0.00709    CDp =  0.01255
 plradd ia,ip,cpol           22           0  5.17336186E-03

 Point added to stored polar  1
 Point written to save file  eiffel385_Re200k.base.pol                       
 Dump file unspecified or not available
 Calculating wake trajectory ...
 Calculating source influence matrix ...

 Solving BL system ...

 Side 1  free  transition at x/c =  0.3052   53
 Side 2 forced transition at x/c =  1.0000   68

   1   rms: 0.6865E-01   max: -.3241E+00   D at   54  1
       a =  7.000      CL =  1.3751
      Cm = -0.0732     CD =  0.02078   =>   CDf =  0.00710    CDp =  0.01368

 Side 1  free  transition at x/c =  0.2808   51
 Side 2 forced transition at x/c =  1.0000   68

   2   rms: 0.2581E-01   max: -.3460E+00   D at   52  1
       a =  7.000      CL =  1.3715
      Cm = -0.0727     CD =  0.02065   =>   CDf =  0.00710    CDp =  0.01356

 Side 1  free  transition at x/c =  0.2823   51
 Side 2 forced transition at x/c =  1.0000   68

   3   rms: 0.4575E-02   max: 0.2759E-01   C at   51  1
       a =  7.000      CL =  1.3749
      Cm = -0.0733     CD =  0.02072   =>   CDf =  0.00705    CDp =  0.01368

 Side 1  free  transition at x/c =  0.2799   51
 Side 2 forced transition at x/c =  1.0000   68

   4   rms: 0.2239E-03   max: -.2773E-02   C at   51  1
       a =  7.000      CL =  1.3747
      Cm = -0.0733     CD =  0.02073   =>   CDf =  0.00705    CDp =  0.01367

 Side 1  free  transition at x/c =  0.2800   51
 Side 2 forced transition at x/c =  1.0000   68

   5   rms: 0.8067E-05   max: 0.6972E-04   D at    4  2
       a =  7.000      CL =  1.3747
      Cm = -0.0733     CD =  0.02073   =>   CDf =  0.00705    CDp =  0.01368
 plradd ia,ip,cpol           23           0  5.17336186E-03

 Point added to stored polar  1
 Point written to save file  eiffel385_Re200k.base.pol                       
 Dump file unspecified or not available
 Calculating wake trajectory ...
 Calculating source influence matrix ...

 Solving BL system ...

 Side 1  free  transition at x/c =  0.2800   51
 Side 2 forced transition at x/c =  1.0000   68

   1   rms: 0.6767E-01   max: 0.2800E+00   T at   51  1
       a =  7.500      CL =  1.3968
      Cm = -0.0686     CD =  0.02175   =>   CDf =  0.00680    CDp =  0.01495

 Side 1  free  transition at x/c =  0.2412   50
 Side 2 forced transition at x/c =  1.0000   67

   2   rms: 0.1788E-01   max: -.1833E+00   C at   50  1
       a =  7.500      CL =  1.3862
      Cm = -0.0674     CD =  0.02224   =>   CDf =  0.00713    CDp =  0.01511

 Side 1  free  transition at x/c =  0.2450   50
 Side 2 forced transition at x/c =  1.0000   67

   3   rms: 0.3593E-02   max: 0.5472E-01   C at   50  1
       a =  7.500      CL =  1.3872
      Cm = -0.0676     CD =  0.02221   =>   CDf =  0.00702    CDp =  0.01520

 Side 1  free  transition at x/c =  0.2425   50
 Side 2 forced transition at x/c =  1.0000   67

   4   rms: 0.1946E-03   max: -.2950E-02   C at   50  1
       a =  7.500      CL =  1.3871
      Cm = -0.0676     CD =  0.02222   =>   CDf =  0.00704    CDp =  0.01518

 Side 1  free  transition at x/c =  0.2426   50
 Side 2 forced transition at x/c =  1.0000   67

   5   rms: 0.2626E-05   max: -.1491E-04   D at   50  1
       a =  7.500      CL =  1.3871
      Cm = -0.0676     CD =  0.02222   =>   CDf =  0.00704    CDp =  0.01518
 plradd ia,ip,cpol           24           0  3.79781891E-03

 Point added to stored polar  1
 Point written to save file  eiffel385_Re200k.base.pol                       
 Dump file unspecified or not available
 Calculating wake trajectory ...
 Calculating source influence matrix ...

 Solving BL system ...

 Side 1  free  transition at x/c =  0.2426   50
 Side 2 forced transition at x/c =  1.0000   67

   1   rms: 0.8422E-01   max: 0.6433E+00   C at   50  1
       a =  8.000      CL =  1.3925
      Cm = -0.0613     CD =  0.02427   =>   CDf =  0.00705    CDp =  0.01723

 Side 1  free  transition at x/c =  0.1790   46
 Side 2 forced transition at x/c =  1.0000   67

   2   rms: 0.2699E-01   max: -.2115E+00   D at   50  1
       a =  8.000      CL =  1.3777
      Cm = -0.0602     CD =  0.02525   =>   CDf =  0.00737    CDp =  0.01788

 Side 1  free  transition at x/c =  0.1697   45
 Side 2 forced transition at x/c =  1.0000   67

   3   rms: 0.2197E-02   max: -.2077E-01   C at   45  1
       a =  8.000      CL =  1.3760
      Cm = -0.0601     CD =  0.02536   =>   CDf =  0.00740    CDp =  0.01796

 Side 1  free  transition at x/c =  0.1705   45
 Side 2 forced transition at x/c =  1.0000   67

   4   rms: 0.1887E-04   max: -.1201E-03   D at   87  1
       a =  8.000      CL =  1.3761
      Cm = -0.0601     CD =  0.02536   =>   CDf =  0.00739    CDp =  0.01797
 plradd ia,ip,cpol           25           0  3.79781891E-03

 Point added to stored polar  1
 Point written to save file  eiffel385_Re200k.base.pol                       
 Dump file unspecified or not available
 Calculating wake trajectory ...
 Calculating source influence matrix ...

 Solving BL system ...

 Side 1  free  transition at x/c =  0.1704   45
 Side 2 forced transition at x/c =  1.0000   67

   1   rms: 0.1556E+00   max: 0.2613E+01   C at   45  1   RLX: 0.574
       a =  8.500      CL =  1.3647
      Cm = -0.0559     CD =  0.02802   =>   CDf =  0.00740    CDp =  0.02062

 Side 1  free  transition at x/c =  0.1291   42
 Side 2 forced transition at x/c =  1.0000   67

   2   rms: 0.3942E-01   max: 0.1798E+00   D at   84  1
       a =  8.500      CL =  1.3575
      Cm = -0.0536     CD =  0.03014   =>   CDf =  0.00781    CDp =  0.02233

 Side 1  free  transition at x/c =  0.1185   41
 Side 2 forced transition at x/c =  1.0000   67

   3   rms: 0.9271E-02   max: -.8517E-01   C at   41  1
       a =  8.500      CL =  1.3510
      Cm = -0.0532     CD =  0.03047   =>   CDf =  0.00787    CDp =  0.02260

 Side 1  free  transition at x/c =  0.1205   42
 Side 2 forced transition at x/c =  1.0000   67

   4   rms: 0.1096E-01   max: -.1342E+00   D at   41  1
       a =  8.500      CL =  1.3541
      Cm = -0.0534     CD =  0.03019   =>   CDf =  0.00787    CDp =  0.02232

 Side 1  free  transition at x/c =  0.1218   42
 Side 2 forced transition at x/c =  1.0000   67

   5   rms: 0.1949E-02   max: 0.3101E-01   C at   42  1
       a =  8.500      CL =  1.3540
      Cm = -0.0534     CD =  0.03025   =>   CDf =  0.00778    CDp =  0.02247

 Side 1  free  transition at x/c =  0.1212   42
 Side 2 forced transition at x/c =  1.0000   67

   6   rms: 0.1084E-03   max: -.6799E-03   C at   42  1
       a =  8.500      CL =  1.3539
      Cm = -0.0534     CD =  0.03025   =>   CDf =  0.00779    CDp =  0.02246

 Side 1  free  transition at x/c =  0.1212   42
 Side 2 forced transition at x/c =  1.0000   67

   7   rms: 0.2733E-05   max: -.2842E-04   C at   67  2
       a =  8.500      CL =  1.3539
      Cm = -0.0534     CD =  0.03025   =>   CDf =  0.00779    CDp =  0.02246
 plradd ia,ip,cpol           26           0  3.79781891E-03

 Point added to stored polar  1
 Point written to save file  eiffel385_Re200k.base.pol                       
 Dump file unspecified or not available
 Calculating wake trajectory ...
 Calculating source influence matrix ...

 Solving BL system ...

 Side 1  free  transition at x/c =  0.1212   42
 Side 2 forced transition at x/c =  1.0000   67

   1   rms: 0.1021E+00   max: 0.8096E+00   C at   42  1   RLX: 0.780
       a =  9.000      CL =  1.3420
      Cm = -0.0497     CD =  0.03452   =>   CDf =  0.00780    CDp =  0.02672

 Side 1  free  transition at x/c =  0.1090   41
 Side 2 forced transition at x/c =  1.0000   67

   2   rms: 0.2267E-01   max: -.2981E+00   D at   41  1
       a =  9.000      CL =  1.3492
      Cm = -0.0497     CD =  0.03470   =>   CDf =  0.00750    CDp =  0.02720

 Side 1  free  transition at x/c =  0.1060   42
 Side 2 forced transition at x/c =  1.0000   66

   3   rms: 0.1008E-01   max: -.1496E+00   D at    2  1
       a =  9.000      CL =  1.3445
      Cm = -0.0494     CD =  0.03505   =>   CDf =  0.00784    CDp =  0.02720

 Side 1  free  transition at x/c =  0.1061   42
 Side 2 forced transition at x/c =  1.0000   66

   4   rms: 0.1608E-02   max: -.2078E-01   D at    4  1
       a =  9.000      CL =  1.3444
      Cm = -0.0494     CD =  0.03503   =>   CDf =  0.00784    CDp =  0.02719

 Side 1  free  transition at x/c =  0.1061   42
 Side 2 forced transition at x/c =  1.0000   66

   5   rms: 0.6241E-04   max: -.6648E-03   D at    5  1
       a =  9.000      CL =  1.3444
      Cm = -0.0494     CD =  0.03503   =>   CDf =  0.00784    CDp =  0.02719
 plradd ia,ip,cpol           27           0  2.65207025E-03

 Point added to stored polar  1
 Point written to save file  eiffel385_Re200k.base.pol                       
 Dump file unspecified or not available
 Calculating wake trajectory ...
 Calculating source influence matrix ...

 Solving BL system ...

 Side 1  free  transition at x/c =  0.1061   42
 Side 2 forced transition at x/c =  1.0000   66

   1   rms: 0.8828E-01   max: 0.3350E+00   D at   77  1   RLX: 0.708
       a =  9.500      CL =  1.3354
      Cm = -0.0471     CD =  0.03934   =>   CDf =  0.00785    CDp =  0.03149

 Side 1  free  transition at x/c =  0.1003   41
 Side 2 forced transition at x/c =  1.0000   66

   2   rms: 0.2392E-01   max: -.2181E+00   D at   41  1
       a =  9.500      CL =  1.3483
      Cm = -0.0471     CD =  0.03924   =>   CDf =  0.00778    CDp =  0.03146

 Side 1  free  transition at x/c =  0.0975   41
 Side 2 forced transition at x/c =  1.0000   66

   3   rms: 0.2014E-02   max: -.8833E-02   T at   41  1
       a =  9.500      CL =  1.3464
      Cm = -0.0469     CD =  0.03935   =>   CDf =  0.00774    CDp =  0.03162

 Side 1  free  transition at x/c =  0.0977   41
 Side 2 forced transition at x/c =  1.0000   66

   4   rms: 0.9564E-04   max: -.4577E-03   D at   78  1
       a =  9.500      CL =  1.3464
      Cm = -0.0469     CD =  0.03935   =>   CDf =  0.00773    CDp =  0.03162
 plradd ia,ip,cpol           28           0  3.79781891E-03

 Point added to stored polar  1
 Point written to save file  eiffel385_Re200k.base.pol                       
 Dump file unspecified or not available
 Calculating wake trajectory ...
 Calculating source influence matrix ...

 Solving BL system ...

 Side 1  free  transition at x/c =  0.0977   41
 Side 2 forced transition at x/c =  1.0000   66

   1   rms: 0.6995E-01   max: 0.2400E+00   D at   75  1   RLX: 0.670
       a = 10.000      CL =  1.3488
      Cm = -0.0458     CD =  0.04272   =>   CDf =  0.00774    CDp =  0.03498

 Side 1  free  transition at x/c =  0.0933   41
 Side 2 forced transition at x/c =  1.0000   66

   2   rms: 0.2556E-01   max: 0.1155E+00   D at   76  1
       a = 10.000      CL =  1.3426
      Cm = -0.0448     CD =  0.04475   =>   CDf =  0.00778    CDp =  0.03698

 Side 1  free  transition at x/c =  0.0920   40
 Side 2 forced transition at x/c =  1.0000   66

   3   rms: 0.5095E-02   max: -.5901E-01   D at   40  1
       a = 10.000      CL =  1.3442
      Cm = -0.0449     CD =  0.04430   =>   CDf =  0.00774    CDp =  0.03656

 Side 1  free  transition at x/c =  0.0920   40
 Side 2 forced transition at x/c =  1.0000   66

   4   rms: 0.8861E-03   max: -.4138E-02   D at   75  1
       a = 10.000      CL =  1.3448
      Cm = -0.0449     CD =  0.04425   =>   CDf =  0.00772    CDp =  0.03654

 Side 1  free  transition at x/c =  0.0920   40
 Side 2 forced transition at x/c =  1.0000   66

   5   rms: 0.4729E-04   max: 0.3752E-03   C at   66  2
       a = 10.000      CL =  1.3448
      Cm = -0.0449     CD =  0.04426   =>   CDf =  0.00772    CDp =  0.03654
 plradd ia,ip,cpol           29           0  2.65207025E-03

 Point added to stored polar  1
 Point written to save file  eiffel385_Re200k.base.pol                       
 Dump file unspecified or not available

.OPERva   c>  
 Solving BL system ...

 Side 1  free  transition at x/c =  0.0920   40
 Side 2 forced transition at x/c =  1.0000   66

   1   rms: 0.1350E-05   max: 0.1344E-04   C at   66  2
       a = 10.000      CL =  1.3448
      Cm = -0.0449     CD =  0.04426   =>   CDf =  0.00772    CDp =  0.03654
 plradd ia,ip,cpol           30         182  2.65207025E-03

 Point added to stored polar  1
 Point written to save file  eiffel385_Re200k.base.pol                       
 Dump file unspecified or not available
 Calculating wake trajectory ...
 Calculating source influence matrix ...

 Solving BL system ...

 Side 1  free  transition at x/c =  0.0920   40
 Side 2 forced transition at x/c =  1.0000   66

   1   rms: 0.3093E-01   max: 0.1194E+00   T at   40  1   RLX: 0.647
       a = 10.250      CL =  1.3498
      Cm = -0.0446     CD =  0.04559   =>   CDf =  0.00772    CDp =  0.03787

 Side 1  free  transition at x/c =  0.0901   40
 Side 2 forced transition at x/c =  1.0000   66

   2   rms: 0.1095E-01   max: 0.3650E-01   D at   74  1
       a = 10.250      CL =  1.3506
      Cm = -0.0443     CD =  0.04633   =>   CDf =  0.00766    CDp =  0.03868

 Side 1  free  transition at x/c =  0.0893   40
 Side 2 forced transition at x/c =  1.0000   66

   3   rms: 0.1183E-02   max: 0.5915E-02   D at   74  1
       a = 10.250      CL =  1.3497
      Cm = -0.0442     CD =  0.04631   =>   CDf =  0.00762    CDp =  0.03868

 Side 1  free  transition at x/c =  0.0893   40
 Side 2 forced transition at x/c =  1.0000   66

   4   rms: 0.3928E-04   max: -.4224E-03   C at   66  2
       a = 10.250      CL =  1.3496
      Cm = -0.0442     CD =  0.04630   =>   CDf =  0.00762    CDp =  0.03868
 plradd ia,ip,cpol           31           0  2.65207025E-03

 Point added to stored polar  1
 Point written to save file  eiffel385_Re200k.base.pol                       
 Dump file unspecified or not available
 Calculating wake trajectory ...
 Calculating source influence matrix ...

 Solving BL system ...

 Side 1  free  transition at x/c =  0.0893   40
 Side 2 forced transition at x/c =  1.0000   66

   1   rms: 0.3060E-01   max: 0.1047E+00   T at   40  1   RLX: 0.626
       a = 10.500      CL =  1.3538
      Cm = -0.0439     CD =  0.04768   =>   CDf =  0.00763    CDp =  0.04006

 Side 1  free  transition at x/c =  0.0877   40
 Side 2 forced transition at x/c =  1.0000   66

   2   rms: 0.1130E-01   max: 0.3630E-01   D at   73  1
       a = 10.500      CL =  1.3546
      Cm = -0.0437     CD =  0.04849   =>   CDf =  0.00759    CDp =  0.04090

 Side 1  free  transition at x/c =  0.0868   40
 Side 2 forced transition at x/c =  1.0000   66

   3   rms: 0.1105E-02   max: 0.5166E-02   D at   79  2
       a = 10.500      CL =  1.3537
      Cm = -0.0436     CD =  0.04844   =>   CDf =  0.00756    CDp =  0.04087

 Side 1  free  transition at x/c =  0.0869   40
 Side 2 forced transition at x/c =  1.0000   66

   4   rms: 0.3299E-04   max: -.3373E-03   C at   66  2
       a = 10.500      CL =  1.3537
      Cm = -0.0436     CD =  0.04843   =>   CDf =  0.00756    CDp =  0.04087
 plradd ia,ip,cpol           32           0  2.65207025E-03

 Point added to stored polar  1
 Point written to save file  eiffel385_Re200k.base.pol                       
 Dump file unspecified or not available
 Calculating wake trajectory ...
 Calculating source influence matrix ...

 Solving BL system ...

 Side 1  free  transition at x/c =  0.0869   40
 Side 2 forced transition at x/c =  1.0000   66

   1   rms: 0.3098E-01   max: 0.1290E+00   T at   40  1   RLX: 0.607
       a = 10.750      CL =  1.3571
      Cm = -0.0434     CD =  0.04987   =>   CDf =  0.00723    CDp =  0.04265

 Side 1  free  transition at x/c =  0.0853   41
 Side 2 forced transition at x/c =  1.0000   65

   2   rms: 0.1212E-01   max: 0.4497E-01   T at   41  1
       a = 10.750      CL =  1.3577
      Cm = -0.0432     CD =  0.05077   =>   CDf =  0.00754    CDp =  0.04323

 Side 1  free  transition at x/c =  0.0845   41
 Side 2 forced transition at x/c =  1.0000   65

   3   rms: 0.1116E-02   max: 0.6150E-02   D at   78  2
       a = 10.750      CL =  1.3567
      Cm = -0.0431     CD =  0.05070   =>   CDf =  0.00753    CDp =  0.04318

 Side 1  free  transition at x/c =  0.0846   41
 Side 2 forced transition at x/c =  1.0000   65

   4   rms: 0.2919E-04   max: 0.3883E-03   D at   78  2
       a = 10.750      CL =  1.3567
      Cm = -0.0431     CD =  0.05069   =>   CDf =  0.00752    CDp =  0.04317
 plradd ia,ip,cpol           33           0  1.72076805E-03

 Point added to stored polar  1
 Point written to save file  eiffel385_Re200k.base.pol                       
 Dump file unspecified or not available
 Calculating wake trajectory ...
 Calculating source influence matrix ...

 Solving BL system ...

 Side 1  free  transition at x/c =  0.0846   41
 Side 2 forced transition at x/c =  1.0000   65

   1   rms: 0.3115E-01   max: 0.1347E+00   T at   41  1   RLX: 0.588
       a = 11.000      CL =  1.3596
      Cm = -0.0428     CD =  0.05214   =>   CDf =  0.00753    CDp =  0.04461

 Side 1  free  transition at x/c =  0.0831   41
 Side 2 forced transition at x/c =  1.0000   65

   2   rms: 0.1266E-01   max: 0.5335E-01   T at   41  1
       a = 11.000      CL =  1.3599
      Cm = -0.0424     CD =  0.05305   =>   CDf =  0.00755    CDp =  0.04550

 Side 1  free  transition at x/c =  0.0821   41
 Side 2 forced transition at x/c =  1.0000   65

   3   rms: 0.9169E-03   max: -.6081E-02   C at   65  2
       a = 11.000      CL =  1.3592
      Cm = -0.0423     CD =  0.05295   =>   CDf =  0.00758    CDp =  0.04537

 Side 1  free  transition at x/c =  0.0821   41
 Side 2 forced transition at x/c =  1.0000   65

   4   rms: 0.2573E-04   max: 0.1531E-03   D at   73  1
       a = 11.000      CL =  1.3591
      Cm = -0.0423     CD =  0.05295   =>   CDf =  0.00758    CDp =  0.04537
 plradd ia,ip,cpol           34           0  1.72076805E-03

 Point added to stored polar  1
 Point written to save file  eiffel385_Re200k.base.pol                       
 Dump file unspecified or not available
 Calculating wake trajectory ...
 Calculating source influence matrix ...

 Solving BL system ...

 Side 1  free  transition at x/c =  0.0821   41
 Side 2 forced transition at x/c =  1.0000   65

   1   rms: 0.3348E-01   max: 0.1470E+00   T at   41  1   RLX: 0.572
       a = 11.250      CL =  1.3634
      Cm = -0.0417     CD =  0.05403   =>   CDf =  0.00759    CDp =  0.04645

 Side 1  free  transition at x/c =  0.0808   40
 Side 2 forced transition at x/c =  1.0000   65

   2   rms: 0.1526E-01   max: -.8443E-01   C at   40  1
       a = 11.250      CL =  1.3652
      Cm = -0.0420     CD =  0.05523   =>   CDf =  0.00760    CDp =  0.04763

 Side 1  free  transition at x/c =  0.0801   40
 Side 2 forced transition at x/c =  1.0000   65

   3   rms: 0.7934E-03   max: -.8553E-02   C at   65  2
       a = 11.250      CL =  1.3649
      Cm = -0.0419     CD =  0.05499   =>   CDf =  0.00749    CDp =  0.04750

 Side 1  free  transition at x/c =  0.0801   40
 Side 2 forced transition at x/c =  1.0000   65

   4   rms: 0.4816E-04   max: 0.3652E-03   C at   65  2
       a = 11.250      CL =  1.3650
      Cm = -0.0419     CD =  0.05500   =>   CDf =  0.00749    CDp =  0.04750
 plradd ia,ip,cpol           35           0  1.72076805E-03

 Point added to stored polar  1
 Point written to save file  eiffel385_Re200k.base.pol                       
 Dump file unspecified or not available
 Calculating wake trajectory ...
 Calculating source influence matrix ...

 Solving BL system ...

 Side 1  free  transition at x/c =  0.0801   40
 Side 2 forced transition at x/c =  1.0000   65

   1   rms: 0.2932E-01   max: 0.1286E+00   T at   40  1   RLX: 0.557
       a = 11.500      CL =  1.3694
      Cm = -0.0418     CD =  0.05624   =>   CDf =  0.00750    CDp =  0.04875

 Side 1  free  transition at x/c =  0.0789   40
 Side 2 forced transition at x/c =  1.0000   65

   2   rms: 0.1276E-01   max: 0.4958E-01   T at   40  1
       a = 11.500      CL =  1.3716
      Cm = -0.0416     CD =  0.05721   =>   CDf =  0.00744    CDp =  0.04977

 Side 1  free  transition at x/c =  0.0780   40
 Side 2 forced transition at x/c =  1.0000   65

   3   rms: 0.1239E-02   max: 0.6129E-02   D at   79  2
       a = 11.500      CL =  1.3705
      Cm = -0.0416     CD =  0.05714   =>   CDf =  0.00740    CDp =  0.04974

 Side 1  free  transition at x/c =  0.0780   40
 Side 2 forced transition at x/c =  1.0000   65

   4   rms: 0.3573E-04   max: -.4321E-03   C at   65  2
       a = 11.500      CL =  1.3705
      Cm = -0.0416     CD =  0.05713   =>   CDf =  0.00740    CDp =  0.04973
 plradd ia,ip,cpol           36           0  2.65207025E-03

 Point added to stored polar  1
 Point written to save file  eiffel385_Re200k.base.pol                       
 Dump file unspecified or not available
 Calculating wake trajectory ...
 Calculating source influence matrix ...

 Solving BL system ...

 Side 1  free  transition at x/c =  0.0780   40
 Side 2 forced transition at x/c =  1.0000   65

   1   rms: 0.2882E-01   max: 0.1265E+00   T at   40  1   RLX: 0.543
       a = 11.750      CL =  1.3744
      Cm = -0.0415     CD =  0.05840   =>   CDf =  0.00740    CDp =  0.05100

 Side 1  free  transition at x/c =  0.0767   40
 Side 2 forced transition at x/c =  1.0000   65

   2   rms: 0.1287E-01   max: 0.5486E-01   T at   40  1
       a = 11.750      CL =  1.3766
      Cm = -0.0414     CD =  0.05940   =>   CDf =  0.00737    CDp =  0.05203

 Side 1  free  transition at x/c =  0.0758   40
 Side 2 forced transition at x/c =  1.0000   65

   3   rms: 0.1219E-02   max: 0.7423E-02   D at   79  2
       a = 11.750      CL =  1.3755
      Cm = -0.0413     CD =  0.05931   =>   CDf =  0.00735    CDp =  0.05197

 Side 1  free  transition at x/c =  0.0758   40
 Side 2 forced transition at x/c =  1.0000   65

   4   rms: 0.5764E-04   max: 0.3657E-03   D at   79  2
       a = 11.750      CL =  1.3756
      Cm = -0.0413     CD =  0.05930   =>   CDf =  0.00734    CDp =  0.05195
 plradd ia,ip,cpol           37           0  1.72076805E-03

 Point added to stored polar  1
 Point written to save file  eiffel385_Re200k.base.pol                       
 Dump file unspecified or not available
 Calculating wake trajectory ...
 Calculating source influence matrix ...

 Solving BL system ...

 Side 1  free  transition at x/c =  0.0758   40
 Side 2 forced transition at x/c =  1.0000   65

   1   rms: 0.2858E-01   max: 0.1334E+00   T at   40  1   RLX: 0.529
       a = 12.000      CL =  1.3794
      Cm = -0.0413     CD =  0.06053   =>   CDf =  0.00735    CDp =  0.05318

 Side 1  free  transition at x/c =  0.0747   40
 Side 2 forced transition at x/c =  1.0000   65

   2   rms: 0.1315E-01   max: 0.6148E-01   T at   40  1
       a = 12.000      CL =  1.3816
      Cm = -0.0411     CD =  0.06156   =>   CDf =  0.00734    CDp =  0.05422

 Side 1  free  transition at x/c =  0.0739   40
 Side 2 forced transition at x/c =  1.0000   65

   3   rms: 0.1250E-02   max: 0.6237E-02   D at   79  2
       a = 12.000      CL =  1.3806
      Cm = -0.0410     CD =  0.06146   =>   CDf =  0.00733    CDp =  0.05413

 Side 1  free  transition at x/c =  0.0739   40
 Side 2 forced transition at x/c =  1.0000   65

   4   rms: 0.1003E-03   max: -.5388E-03   D at   71  1
       a = 12.000      CL =  1.3807
      Cm = -0.0410     CD =  0.06145   =>   CDf =  0.00733    CDp =  0.05412

 Side 1  free  transition at x/c =  0.0739   40
 Side 2 forced transition at x/c =  1.0000   65

   5   rms: 0.8305E-05   max: 0.9001E-04   C at   65  2
       a = 12.000      CL =  1.3807
      Cm = -0.0410     CD =  0.06145   =>   CDf =  0.00733    CDp =  0.05412
 plradd ia,ip,cpol           38           0  1.72076805E-03

 Point added to stored polar  1
 Point written to save file  eiffel385_Re200k.base.pol                       
 Dump file unspecified or not available
 Calculating wake trajectory ...
 Calculating source influence matrix ...

 Solving BL system ...

 Side 1  free  transition at x/c =  0.0739   40
 Side 2 forced transition at x/c =  1.0000   65

   1   rms: 0.2947E-01   max: 0.1616E+00   T at   40  1   RLX: 0.516
       a = 12.250      CL =  1.3846
      Cm = -0.0409     CD =  0.06260   =>   CDf =  0.00696    CDp =  0.05564

 Side 1  free  transition at x/c =  0.0729   41
 Side 2 forced transition at x/c =  1.0000   64

   2   rms: 0.1928E-01   max: 0.1844E+00   T at    2  1
       a = 12.250      CL =  1.3901
      Cm = -0.0403     CD =  0.06308   =>   CDf =  0.00734    CDp =  0.05574

 Side 1  free  transition at x/c =  0.0717   41
 Side 2 forced transition at x/c =  1.0000   64

   3   rms: 0.6226E-02   max: -.2547E-01   D at   72  1
       a = 12.250      CL =  1.3927
      Cm = -0.0399     CD =  0.06251   =>   CDf =  0.00741    CDp =  0.05510

 Side 1  free  transition at x/c =  0.0715   40
 Side 2 forced transition at x/c =  1.0000   64

   4   rms: 0.1163E-02   max: 0.8204E-02   D at   72  1
       a = 12.250      CL =  1.3923
      Cm = -0.0400     CD =  0.06273   =>   CDf =  0.00745    CDp =  0.05528

 Side 1  free  transition at x/c =  0.0715   40
 Side 2 forced transition at x/c =  1.0000   64

   5   rms: 0.6969E-04   max: -.6457E-03   C at   64  2
       a = 12.250      CL =  1.3923
      Cm = -0.0400     CD =  0.06271   =>   CDf =  0.00744    CDp =  0.05526
 plradd ia,ip,cpol           39           0  1.72076805E-03

 Point added to stored polar  1
 Point written to save file  eiffel385_Re200k.base.pol                       
 Dump file unspecified or not available
 Calculating wake trajectory ...
 Calculating source influence matrix ...

 Solving BL system ...

 Side 1  free  transition at x/c =  0.0715   40
 Side 2 forced transition at x/c =  1.0000   64

   1   rms: 0.2844E-01   max: 0.1460E+00   T at   40  1   RLX: 0.506
       a = 12.500      CL =  1.3952
      Cm = -0.0401     CD =  0.06409   =>   CDf =  0.00745    CDp =  0.05665

 Side 1  free  transition at x/c =  0.0708   40
 Side 2 forced transition at x/c =  1.0000   64

   2   rms: 0.1382E-01   max: 0.6468E-01   T at   40  1
       a = 12.500      CL =  1.3970
      Cm = -0.0401     CD =  0.06535   =>   CDf =  0.00736    CDp =  0.05799

 Side 1  free  transition at x/c =  0.0700   40
 Side 2 forced transition at x/c =  1.0000   64

   3   rms: 0.1183E-02   max: 0.6982E-02   D at   79  2
       a = 12.500      CL =  1.3959
      Cm = -0.0400     CD =  0.06520   =>   CDf =  0.00728    CDp =  0.05792

 Side 1  free  transition at x/c =  0.0701   40
 Side 2 forced transition at x/c =  1.0000   64

   4   rms: 0.3414E-04   max: -.2551E-03   C at   64  2
       a = 12.500      CL =  1.3959
      Cm = -0.0400     CD =  0.06518   =>   CDf =  0.00728    CDp =  0.05790
 plradd ia,ip,cpol           40           0  1.72076805E-03

 Point added to stored polar  1
 Point written to save file  eiffel385_Re200k.base.pol                       
 Dump file unspecified or not available
 Calculating wake trajectory ...
 Calculating source influence matrix ...

 Solving BL system ...

 Side 1  free  transition at x/c =  0.0701   40
 Side 2 forced transition at x/c =  1.0000   64

   1   rms: 0.2777E-01   max: 0.1294E+00   T at   40  1   RLX: 0.494
       a = 12.750      CL =  1.3993
      Cm = -0.0401     CD =  0.06645   =>   CDf =  0.00728    CDp =  0.05917

 Side 1  free  transition at x/c =  0.0692   40
 Side 2 forced transition at x/c =  1.0000   64

   2   rms: 0.1368E-01   max: 0.6198E-01   T at   40  1
       a = 12.750      CL =  1.4019
      Cm = -0.0401     CD =  0.06763   =>   CDf =  0.00722    CDp =  0.06041

 Side 1  free  transition at x/c =  0.0683   40
 Side 2 forced transition at x/c =  1.0000   64

   3   rms: 0.1663E-02   max: 0.7511E-02   D at   79  2
       a = 12.750      CL =  1.4005
      Cm = -0.0400     CD =  0.06756   =>   CDf =  0.00716    CDp =  0.06040

 Side 1  free  transition at x/c =  0.0684   40
 Side 2 forced transition at x/c =  1.0000   64

   4   rms: 0.7472E-04   max: -.5371E-03   C at   64  2
       a = 12.750      CL =  1.4005
      Cm = -0.0400     CD =  0.06753   =>   CDf =  0.00716    CDp =  0.06037
 plradd ia,ip,cpol           41           0  1.72076805E-03

 Point added to stored polar  1
 Point written to save file  eiffel385_Re200k.base.pol                       
 Dump file unspecified or not available
 Calculating wake trajectory ...
 Calculating source influence matrix ...

 Solving BL system ...

 Side 1  free  transition at x/c =  0.0684   40
 Side 2 forced transition at x/c =  1.0000   64

   1   rms: 0.2794E-01   max: 0.1350E+00   T at   40  1   RLX: 0.483
       a = 13.000      CL =  1.4035
      Cm = -0.0401     CD =  0.06882   =>   CDf =  0.00716    CDp =  0.06166

 Side 1  free  transition at x/c =  0.0674   40
 Side 2 forced transition at x/c =  1.0000   64

   2   rms: 0.1406E-01   max: 0.6788E-01   T at   40  1
       a = 13.000      CL =  1.4057
      Cm = -0.0401     CD =  0.07010   =>   CDf =  0.00712    CDp =  0.06298

 Side 1  free  transition at x/c =  0.0664   40
 Side 2 forced transition at x/c =  1.0000   64

   3   rms: 0.1492E-02   max: 0.8563E-02   D at   79  2
       a = 13.000      CL =  1.4046
      Cm = -0.0400     CD =  0.06995   =>   CDf =  0.00709    CDp =  0.06286

 Side 1  free  transition at x/c =  0.0665   40
 Side 2 forced transition at x/c =  1.0000   64

   4   rms: 0.1632E-03   max: -.8044E-03   D at   71  1
       a = 13.000      CL =  1.4047
      Cm = -0.0400     CD =  0.06993   =>   CDf =  0.00708    CDp =  0.06284

 Side 1  free  transition at x/c =  0.0665   40
 Side 2 forced transition at x/c =  1.0000   64

   5   rms: 0.1354E-04   max: -.9091E-04   D at   79  2
       a = 13.000      CL =  1.4047
      Cm = -0.0400     CD =  0.06993   =>   CDf =  0.00708    CDp =  0.06285
 plradd ia,ip,cpol           42           0  1.72076805E-03

 Point added to stored polar  1
 Point written to save file  eiffel385_Re200k.base.pol                       
 Dump file unspecified or not available
 Calculating wake trajectory ...
 Calculating source influence matrix ...

 Solving BL system ...

 Side 1  free  transition at x/c =  0.0665   40
 Side 2 forced transition at x/c =  1.0000   64

   1   rms: 0.2860E-01   max: 0.1472E+00   T at   40  1   RLX: 0.472
       a = 13.250      CL =  1.4081
      Cm = -0.0401     CD =  0.07111   =>   CDf =  0.00709    CDp =  0.06402

 Side 1  free  transition at x/c =  0.0656   40
 Side 2 forced transition at x/c =  1.0000   64

   2   rms: 0.1474E-01   max: 0.8039E-01   T at   40  1
       a = 13.250      CL =  1.4117
      Cm = -0.0400     CD =  0.07221   =>   CDf =  0.00708    CDp =  0.06514

 Side 1  free  transition at x/c =  0.0646   40
 Side 2 forced transition at x/c =  1.0000   64

   3   rms: 0.1515E-02   max: -.1032E-01   D at   40  1
       a = 13.250      CL =  1.4110
      Cm = -0.0399     CD =  0.07202   =>   CDf =  0.00708    CDp =  0.06494

 Side 1  free  transition at x/c =  0.0646   40
 Side 2 forced transition at x/c =  1.0000   64

   4   rms: 0.3018E-03   max: -.1102E-02   D at   71  1
       a = 13.250      CL =  1.4112
      Cm = -0.0399     CD =  0.07201   =>   CDf =  0.00708    CDp =  0.06493

 Side 1  free  transition at x/c =  0.0646   40
 Side 2 forced transition at x/c =  1.0000   64

   5   rms: 0.2340E-04   max: -.1510E-03   D at   79  2
       a = 13.250      CL =  1.4112
      Cm = -0.0399     CD =  0.07201   =>   CDf =  0.00708    CDp =  0.06494
 plradd ia,ip,cpol           43           0  1.72076805E-03

 Point added to stored polar  1
 Point written to save file  eiffel385_Re200k.base.pol                       
 Dump file unspecified or not available
 Calculating wake trajectory ...
 Calculating source influence matrix ...

 Solving BL system ...

 Side 1  free  transition at x/c =  0.0646   40
 Side 2 forced transition at x/c =  1.0000   64

   1   rms: 0.3003E-01   max: 0.1892E+00   T at   40  1   RLX: 0.464
       a = 13.500      CL =  1.4159
      Cm = -0.0398     CD =  0.07291   =>   CDf =  0.00708    CDp =  0.06582

 Side 1  free  transition at x/c =  0.0637   40
 Side 2 forced transition at x/c =  1.0000   64

   2   rms: 0.1911E-01   max: 0.1291E+00   T at   40  1
       a = 13.500      CL =  1.4244
      Cm = -0.0393     CD =  0.07324   =>   CDf =  0.00670    CDp =  0.06654

 Side 1  free  transition at x/c =  0.0626   41
 Side 2 forced transition at x/c =  1.0000   63

   3   rms: 0.2630E-01   max: 0.1067E+00   T at   41  1
       a = 13.500      CL =  1.4380
      Cm = -0.0377     CD =  0.07101   =>   CDf =  0.00714    CDp =  0.06387

 Side 1  free  transition at x/c =  0.0617   40
 Side 2 forced transition at x/c =  1.0000   63

   4   rms: 0.1749E-01   max: 0.9417E-01   D at   73  1
       a = 13.500      CL =  1.4291
      Cm = -0.0389     CD =  0.07322   =>   CDf =  0.00719    CDp =  0.06603

 Side 1  free  transition at x/c =  0.0621   40
 Side 2 forced transition at x/c =  1.0000   63

   5   rms: 0.1086E-02   max: -.9417E-02   C at   63  2
       a = 13.500      CL =  1.4286
      Cm = -0.0388     CD =  0.07274   =>   CDf =  0.00718    CDp =  0.06556

 Side 1  free  transition at x/c =  0.0621   40
 Side 2 forced transition at x/c =  1.0000   63

   6   rms: 0.3982E-04   max: -.1708E-03   D at   80  2
       a = 13.500      CL =  1.4287
      Cm = -0.0388     CD =  0.07274   =>   CDf =  0.00718    CDp =  0.06556
 plradd ia,ip,cpol           44           0  1.72076805E-03

 Point added to stored polar  1
 Point written to save file  eiffel385_Re200k.base.pol                       
 Dump file unspecified or not available
 Calculating wake trajectory ...
 Calculating source influence matrix ...

 Solving BL system ...

 Side 1  free  transition at x/c =  0.0621   40
 Side 2 forced transition at x/c =  1.0000   63

   1   rms: 0.2938E-01   max: 0.1591E+00   T at   40  1   RLX: 0.454
       a = 13.750      CL =  1.4279
      Cm = -0.0392     CD =  0.07455   =>   CDf =  0.00718    CDp =  0.06737

 Side 1  free  transition at x/c =  0.0616   40
 Side 2 forced transition at x/c =  1.0000   63

   2   rms: 0.1546E-01   max: 0.8450E-01   T at   40  1
       a = 13.750      CL =  1.4269
      Cm = -0.0394     CD =  0.07638   =>   CDf =  0.00708    CDp =  0.06930

 Side 1  free  transition at x/c =  0.0608   40
 Side 2 forced transition at x/c =  1.0000   63

   3   rms: 0.1325E-02   max: 0.9117E-02   D at   79  2
       a = 13.750      CL =  1.4259
      Cm = -0.0393     CD =  0.07608   =>   CDf =  0.00697    CDp =  0.06911

 Side 1  free  transition at x/c =  0.0609   40
 Side 2 forced transition at x/c =  1.0000   63

   4   rms: 0.1291E-03   max: -.4849E-03   D at   71  1
       a = 13.750      CL =  1.4260
      Cm = -0.0393     CD =  0.07607   =>   CDf =  0.00697    CDp =  0.06910

 Side 1  free  transition at x/c =  0.0609   40
 Side 2 forced transition at x/c =  1.0000   63

   5   rms: 0.8656E-05   max: 0.1222E-03   C at   63  2
       a = 13.750      CL =  1.4260
      Cm = -0.0393     CD =  0.07608   =>   CDf =  0.00697    CDp =  0.06911
 plradd ia,ip,cpol           45           0  1.72076805E-03

 Point added to stored polar  1
 Point written to save file  eiffel385_Re200k.base.pol                       
 Dump file unspecified or not available
 Calculating wake trajectory ...
 Calculating source influence matrix ...

 Solving BL system ...

 Side 1  free  transition at x/c =  0.0609   40
 Side 2 forced transition at x/c =  1.0000   63

   1   rms: 0.2742E-01   max: 0.1403E+00   T at   40  1   RLX: 0.443
       a = 14.000      CL =  1.4272
      Cm = -0.0395     CD =  0.07758   =>   CDf =  0.00698    CDp =  0.07060

 Side 1  free  transition at x/c =  0.0602   40
 Side 2 forced transition at x/c =  1.0000   63

   2   rms: 0.1495E-01   max: 0.7470E-01   T at   40  1
       a = 14.000      CL =  1.4284
      Cm = -0.0397     CD =  0.07924   =>   CDf =  0.00690    CDp =  0.07234

 Side 1  free  transition at x/c =  0.0593   40
 Side 2 forced transition at x/c =  1.0000   63

   3   rms: 0.2110E-02   max: 0.1034E-01   D at   79  2
       a = 14.000      CL =  1.4266
      Cm = -0.0397     CD =  0.07911   =>   CDf =  0.00682    CDp =  0.07229

 Side 1  free  transition at x/c =  0.0594   40
 Side 2 forced transition at x/c =  1.0000   63

   4   rms: 0.1045E-03   max: 0.1003E-02   D at   79  2
       a = 14.000      CL =  1.4266
      Cm = -0.0397     CD =  0.07906   =>   CDf =  0.00682    CDp =  0.07225

 Side 1  free  transition at x/c =  0.0594   40
 Side 2 forced transition at x/c =  1.0000   63

   5   rms: 0.1081E-04   max: 0.6421E-04   C at   63  2
       a = 14.000      CL =  1.4266
      Cm = -0.0397     CD =  0.07907   =>   CDf =  0.00682    CDp =  0.07225
 plradd ia,ip,cpol           46           0  1.72076805E-03

 Point added to stored polar  1
 Point written to save file  eiffel385_Re200k.base.pol                       
 Dump file unspecified or not available
 Calculating wake trajectory ...
 Calculating source influence matrix ...

 Solving BL system ...

 Side 1  free  transition at x/c =  0.0594   40
 Side 2 forced transition at x/c =  1.0000   63

   1   rms: 0.2740E-01   max: 0.1508E+00   T at   40  1   RLX: 0.432
       a = 14.250      CL =  1.4275
      Cm = -0.0400     CD =  0.08061   =>   CDf =  0.00682    CDp =  0.07379

 Side 1  free  transition at x/c =  0.0586   40
 Side 2 forced transition at x/c =  1.0000   63

   2   rms: 0.1509E-01   max: 0.8255E-01   T at   40  1
       a = 14.250      CL =  1.4283
      Cm = -0.0402     CD =  0.08236   =>   CDf =  0.00676    CDp =  0.07559

 Side 1  free  transition at x/c =  0.0576   40
 Side 2 forced transition at x/c =  1.0000   63

   3   rms: 0.1717E-02   max: 0.9969E-02   D at   79  2
       a = 14.250      CL =  1.4271
      Cm = -0.0401     CD =  0.08207   =>   CDf =  0.00671    CDp =  0.07536

 Side 1  free  transition at x/c =  0.0577   40
 Side 2 forced transition at x/c =  1.0000   63

   4   rms: 0.2442E-03   max: -.1066E-02   D at   70  1
       a = 14.250      CL =  1.4273
      Cm = -0.0401     CD =  0.08204   =>   CDf =  0.00671    CDp =  0.07533

 Side 1  free  transition at x/c =  0.0576   40
 Side 2 forced transition at x/c =  1.0000   63

   5   rms: 0.2320E-04   max: -.1561E-03   D at   79  2
       a = 14.250      CL =  1.4273
      Cm = -0.0401     CD =  0.08205   =>   CDf =  0.00671    CDp =  0.07534
 plradd ia,ip,cpol           47           0  9.93364491E-04

 Point added to stored polar  1
 Point written to save file  eiffel385_Re200k.base.pol                       
 Dump file unspecified or not available
 Calculating wake trajectory ...
 Calculating source influence matrix ...

 Solving BL system ...

 Side 1  free  transition at x/c =  0.0576   40
 Side 2 forced transition at x/c =  1.0000   63

   1   rms: 0.2713E-01   max: 0.1570E+00   T at   40  1   RLX: 0.423
       a = 14.500      CL =  1.4293
      Cm = -0.0403     CD =  0.08334   =>   CDf =  0.00671    CDp =  0.07663

 Side 1  free  transition at x/c =  0.0569   40
 Side 2 forced transition at x/c =  1.0000   63

   2   rms: 0.1533E-01   max: 0.9404E-01   T at   40  1
       a = 14.500      CL =  1.4325
      Cm = -0.0405     CD =  0.08474   =>   CDf =  0.00669    CDp =  0.07806

 Side 1  free  transition at x/c =  0.0559   40
 Side 2 forced transition at x/c =  1.0000   63

   3   rms: 0.2390E-02   max: -.1450E-01   D at   40  1
       a = 14.500      CL =  1.4320
      Cm = -0.0403     CD =  0.08437   =>   CDf =  0.00668    CDp =  0.07769

 Side 1  free  transition at x/c =  0.0560   40
 Side 2 forced transition at x/c =  1.0000   63

   4   rms: 0.6471E-03   max: 0.2260E-02   T at   40  1
       a = 14.500      CL =  1.4325
      Cm = -0.0403     CD =  0.08437   =>   CDf =  0.00669    CDp =  0.07769

 Side 1  free  transition at x/c =  0.0559   40
 Side 2 forced transition at x/c =  1.0000   63

   5   rms: 0.6025E-04   max: -.3793E-03   D at   79  2
       a = 14.500      CL =  1.4325
      Cm = -0.0403     CD =  0.08438   =>   CDf =  0.00669    CDp =  0.07770
 plradd ia,ip,cpol           48           0  9.93364491E-04

 Point added to stored polar  1
 Point written to save file  eiffel385_Re200k.base.pol                       
 Dump file unspecified or not available
 Calculating wake trajectory ...
 Calculating source influence matrix ...

 Solving BL system ...

 Side 1  free  transition at x/c =  0.0559   40
 Side 2 forced transition at x/c =  1.0000   63

   1   rms: 0.3086E-01   max: 0.2194E+00   T at   40  1   RLX: 0.417
       a = 14.750      CL =  1.4372
      Cm = -0.0403     CD =  0.08517   =>   CDf =  0.00669    CDp =  0.07848

 Side 1  free  transition at x/c =  0.0551   40
 Side 2 forced transition at x/c =  1.0000   63

   2   rms: 0.2472E-01   max: 0.1799E+00   T at   40  1
       a = 14.750      CL =  1.4498
      Cm = -0.0396     CD =  0.08497   =>   CDf =  0.00672    CDp =  0.07825

 Side 1  free  transition at x/c =  0.0538   40
 Side 2 forced transition at x/c =  1.0000   63

   3   rms: 0.1168E+00   max: -.5072E+00   T at   40  1   RLX: 0.986
       a = 14.750      CL =  1.3934
      Cm = -0.0461     CD =  0.09338   =>   CDf =  0.00677    CDp =  0.08661

 Side 1  free  transition at x/c =  0.0593   40
 Side 2 forced transition at x/c =  1.0000   63

   4   rms: 0.6960E-01   max: -.3671E+00   D at   71  1
       a = 14.750      CL =  1.4048
      Cm = -0.0403     CD =  0.08510   =>   CDf =  0.00625    CDp =  0.07885

 Side 1  free  transition at x/c =  0.0557   40
 Side 2 forced transition at x/c =  1.0000   63

   5   rms: 0.5214E-01   max: -.2012E+00   D at   68  1
       a = 14.750      CL =  1.4362
      Cm = -0.0398     CD =  0.08465   =>   CDf =  0.00650    CDp =  0.07815

 Side 1  free  transition at x/c =  0.0544   40
 Side 2 forced transition at x/c =  1.0000   63

   6   rms: 0.3576E-01   max: 0.1857E+00   T at   40  1
       a = 14.750      CL =  1.4588
      Cm = -0.0382     CD =  0.08291   =>   CDf =  0.00671    CDp =  0.07620

 Side 1  free  transition at x/c =  0.0533   39
 Side 2 forced transition at x/c =  1.0000   63

   7   rms: 0.1864E-01   max: 0.1009E+00   D at   71  1
       a = 14.750      CL =  1.4502
      Cm = -0.0395     CD =  0.08598   =>   CDf =  0.00677    CDp =  0.07921

 Side 1  free  transition at x/c =  0.0535   39
 Side 2 forced transition at x/c =  1.0000   63

   8   rms: 0.1799E-02   max: 0.1047E-01   D at   80  2
       a = 14.750      CL =  1.4496
      Cm = -0.0393     CD =  0.08535   =>   CDf =  0.00677    CDp =  0.07859

 Side 1  free  transition at x/c =  0.0535   39
 Side 2 forced transition at x/c =  1.0000   63

   9   rms: 0.1156E-03   max: 0.8549E-03   D at   80  2
       a = 14.750      CL =  1.4495
      Cm = -0.0393     CD =  0.08531   =>   CDf =  0.00677    CDp =  0.07854

 Side 1  free  transition at x/c =  0.0535   39
 Side 2 forced transition at x/c =  1.0000   63

  10   rms: 0.3617E-05   max: -.5940E-04   C at   63  2
       a = 14.750      CL =  1.4495
      Cm = -0.0393     CD =  0.08531   =>   CDf =  0.00677    CDp =  0.07854
 plradd ia,ip,cpol           49           0  9.93364491E-04

 Point added to stored polar  1
 Point written to save file  eiffel385_Re200k.base.pol                       
 Dump file unspecified or not available
 Calculating wake trajectory ...
 Calculating source influence matrix ...

 Solving BL system ...

 Side 1  free  transition at x/c =  0.0535   39
 Side 2 forced transition at x/c =  1.0000   63

   1   rms: 0.3092E-01   max: 0.1506E+00   T at   39  1   RLX: 0.407
       a = 15.000      CL =  1.4463
      Cm = -0.0400     CD =  0.08746   =>   CDf =  0.00678    CDp =  0.08068

 Side 1  free  transition at x/c =  0.0531   39
 Side 2 forced transition at x/c =  1.0000   63

   2   rms: 0.1828E-01   max: 0.8452E-01   T at   39  1
       a = 15.000      CL =  1.4413
      Cm = -0.0408     CD =  0.09027   =>   CDf =  0.00667    CDp =  0.08360

 Side 1  free  transition at x/c =  0.0525   39
 Side 2 forced transition at x/c =  1.0000   63

   3   rms: 0.1653E-02   max: 0.1232E-01   D at   80  2
       a = 15.000      CL =  1.4402
      Cm = -0.0406     CD =  0.08966   =>   CDf =  0.00652    CDp =  0.08314

 Side 1  free  transition at x/c =  0.0525   39
 Side 2 forced transition at x/c =  1.0000   63

   4   rms: 0.1601E-03   max: -.6309E-03   D at   81  2
       a = 15.000      CL =  1.4403
      Cm = -0.0406     CD =  0.08967   =>   CDf =  0.00653    CDp =  0.08314

 Side 1  free  transition at x/c =  0.0525   39
 Side 2 forced transition at x/c =  1.0000   63

   5   rms: 0.7737E-05   max: 0.9211E-04   C at   63  2
       a = 15.000      CL =  1.4403
      Cm = -0.0406     CD =  0.08967   =>   CDf =  0.00653    CDp =  0.08314
 plradd ia,ip,cpol           50           0  9.93364491E-04

 Point added to stored polar  1
 Point written to save file  eiffel385_Re200k.base.pol                       
 Dump file unspecified or not available
 Calculating wake trajectory ...
 Calculating source influence matrix ...

 Solving BL system ...

 Side 1  free  transition at x/c =  0.0525   39
 Side 2 forced transition at x/c =  1.0000   63

   1   rms: 0.2884E-01   max: 0.1431E+00   T at   39  1   RLX: 0.396
       a = 15.250      CL =  1.4384
      Cm = -0.0411     CD =  0.09165   =>   CDf =  0.00653    CDp =  0.08511

 Side 1  free  transition at x/c =  0.0520   39
 Side 2 forced transition at x/c =  1.0000   63

   2   rms: 0.1715E-01   max: 0.8029E-01   T at   39  1
       a = 15.250      CL =  1.4354
      Cm = -0.0419     CD =  0.09432   =>   CDf =  0.00602    CDp =  0.08830

 Side 1  free  transition at x/c =  0.0512   40
 Side 2 forced transition at x/c =  1.0000   62
 idif Ue xi dudx           1  8.15329179E-02  6.50513172E-03   12.533630    
 Uenew xinew           2  5.54320461E-04  4.42266464E-05

   3   rms: 0.1607E-01   max: -.2819E+00   T at    2  1
       a = 15.250      CL =  1.4340
      Cm = -0.0417     CD =  0.09378   =>   CDf =  0.00668    CDp =  0.08710

 Side 1  free  transition at x/c =  0.0513   39
 Side 2 forced transition at x/c =  1.0000   63

   4   rms: 0.2438E-02   max: 0.3719E-01   D at    2  2
       a = 15.250      CL =  1.4341
      Cm = -0.0417     CD =  0.09376   =>   CDf =  0.00633    CDp =  0.08743

 Side 1  free  transition at x/c =  0.0513   39
 Side 2 forced transition at x/c =  1.0000   63

   5   rms: 0.6764E-03   max: 0.8366E-02   D at    4  2
       a = 15.250      CL =  1.4341
      Cm = -0.0417     CD =  0.09376   =>   CDf =  0.00633    CDp =  0.08743

 Side 1  free  transition at x/c =  0.0513   39
 Side 2 forced transition at x/c =  1.0000   63

   6   rms: 0.1048E-04   max: 0.1326E-03   D at    4  2
       a = 15.250      CL =  1.4341
      Cm = -0.0417     CD =  0.09376   =>   CDf =  0.00633    CDp =  0.08743
 plradd ia,ip,cpol           51           0  9.93364491E-04

 Point added to stored polar  1
 Point written to save file  eiffel385_Re200k.base.pol                       
 Dump file unspecified or not available
 Calculating wake trajectory ...
 Calculating source influence matrix ...

 Solving BL system ...

 Side 1  free  transition at x/c =  0.0513   39
 Side 2 forced transition at x/c =  1.0000   63

   1   rms: 0.2949E-01   max: -.1858E+00   D at    3  2   RLX: 0.386
       a = 15.500      CL =  1.4331
      Cm = -0.0422     CD =  0.09556   =>   CDf =  0.00591    CDp =  0.08966

 Side 1  free  transition at x/c =  0.0507   40
 Side 2 forced transition at x/c =  1.0000   62

   2   rms: 0.1726E-01   max: 0.9891E-01   D at    2  1
       a = 15.500      CL =  1.4315
      Cm = -0.0429     CD =  0.09806   =>   CDf =  0.00626    CDp =  0.09180

 Side 1  free  transition at x/c =  0.0498   40
 Side 2 forced transition at x/c =  1.0000   62

   3   rms: 0.2273E-02   max: 0.1134E-01   D at   79  2
       a = 15.500      CL =  1.4298
      Cm = -0.0428     CD =  0.09764   =>   CDf =  0.00617    CDp =  0.09147

 Side 1  free  transition at x/c =  0.0499   40
 Side 2 forced transition at x/c =  1.0000   62

   4   rms: 0.2628E-03   max: -.1197E-02   D at   69  1
       a = 15.500      CL =  1.4300
      Cm = -0.0428     CD =  0.09759   =>   CDf =  0.00617    CDp =  0.09142

 Side 1  free  transition at x/c =  0.0499   40
 Side 2 forced transition at x/c =  1.0000   62

   5   rms: 0.2660E-04   max: -.1617E-03   D at   79  2
       a = 15.500      CL =  1.4300
      Cm = -0.0428     CD =  0.09760   =>   CDf =  0.00617    CDp =  0.09143
 plradd ia,ip,cpol           52           0  9.93364491E-04

 Point added to stored polar  1
 Point written to save file  eiffel385_Re200k.base.pol                       
 Dump file unspecified or not available
 Calculating wake trajectory ...
 Calculating source influence matrix ...

 Solving BL system ...

 Side 1  free  transition at x/c =  0.0499   40
 Side 2 forced transition at x/c =  1.0000   62

   1   rms: 0.2693E-01   max: 0.1557E+00   T at   40  1   RLX: 0.377
       a = 15.750      CL =  1.4292
      Cm = -0.0434     CD =  0.09933   =>   CDf =  0.00618    CDp =  0.09315

 Side 1  free  transition at x/c =  0.0493   40
 Side 2 forced transition at x/c =  1.0000   62

   2   rms: 0.1598E-01   max: 0.9835E-01   T at   40  1
       a = 15.750      CL =  1.4290
      Cm = -0.0441     CD =  0.10159   =>   CDf =  0.00613    CDp =  0.09546

 Side 1  free  transition at x/c =  0.0484   40
 Side 2 forced transition at x/c =  1.0000   62

   3   rms: 0.2758E-02   max: -.1401E-01   D at   40  1
       a = 15.750      CL =  1.4284
      Cm = -0.0439     CD =  0.10094   =>   CDf =  0.00609    CDp =  0.09485

 Side 1  free  transition at x/c =  0.0484   40
 Side 2 forced transition at x/c =  1.0000   62

   4   rms: 0.7867E-03   max: -.2575E-02   D at   68  1
       a = 15.750      CL =  1.4290
      Cm = -0.0439     CD =  0.10093   =>   CDf =  0.00610    CDp =  0.09483

 Side 1  free  transition at x/c =  0.0484   40
 Side 2 forced transition at x/c =  1.0000   62

   5   rms: 0.8484E-04   max: -.4810E-03   D at   79  2
       a = 15.750      CL =  1.4291
      Cm = -0.0439     CD =  0.10095   =>   CDf =  0.00610    CDp =  0.09485
 plradd ia,ip,cpol           53           0  9.93364491E-04

 Point added to stored polar  1
 Point written to save file  eiffel385_Re200k.base.pol                       
 Dump file unspecified or not available
 Calculating wake trajectory ...
 Calculating source influence matrix ...

 Solving BL system ...

 Side 1  free  transition at x/c =  0.0484   40
 Side 2 forced transition at x/c =  1.0000   62

   1   rms: 0.2658E-01   max: 0.1760E+00   T at   40  1   RLX: 0.371
       a = 16.000      CL =  1.4311
      Cm = -0.0442     CD =  0.10209   =>   CDf =  0.00611    CDp =  0.09598

 Side 1  free  transition at x/c =  0.0479   40
 Side 2 forced transition at x/c =  1.0000   62

   2   rms: 0.1770E-01   max: 0.1258E+00   T at   40  1
       a = 16.000      CL =  1.4370
      Cm = -0.0443     CD =  0.10326   =>   CDf =  0.00610    CDp =  0.09715

 Side 1  free  transition at x/c =  0.0470   40
 Side 2 forced transition at x/c =  1.0000   62

   3   rms: 0.7481E-02   max: -.3528E-01   D at   68  1
       a = 16.000      CL =  1.4400
      Cm = -0.0437     CD =  0.10208   =>   CDf =  0.00612    CDp =  0.09596

 Side 1  free  transition at x/c =  0.0468   40
 Side 2 forced transition at x/c =  1.0000   62

   4   rms: 0.3916E-02   max: 0.1953E-01   T at   40  1
       a = 16.000      CL =  1.4427
      Cm = -0.0436     CD =  0.10197   =>   CDf =  0.00617    CDp =  0.09580

 Side 1  free  transition at x/c =  0.0467   40
 Side 2 forced transition at x/c =  1.0000   62

   5   rms: 0.7244E-03   max: 0.4056E-02   T at   40  1
       a = 16.000      CL =  1.4432
      Cm = -0.0436     CD =  0.10202   =>   CDf =  0.00619    CDp =  0.09582

 Side 1  free  transition at x/c =  0.0467   40
 Side 2 forced transition at x/c =  1.0000   62

   6   rms: 0.7171E-04   max: 0.3924E-03   T at   40  1
       a = 16.000      CL =  1.4432
      Cm = -0.0436     CD =  0.10203   =>   CDf =  0.00620    CDp =  0.09583
 plradd ia,ip,cpol           54           0  9.93364491E-04

 Point added to stored polar  1
 Point written to save file  eiffel385_Re200k.base.pol                       
 Dump file unspecified or not available

.OPERva   c>  
 Polar accumulation disabled

.OPERv   c>  
 XFOIL   c>  
 XFOIL   c>  