
 ===================================================
  XFOIL Version 6.99
  Copyright (C) 2000   Mark Drela, Harold Youngren

  This software comes with ABSOLUTELY NO WARRANTY,
    subject to the GNU General Public License.

  Caveat computor
 ===================================================

 File  xfoil.def  not found

   QUIT    Exit program

  .OPER    Direct operating point(s)
  .MDES    Complex mapping design routine
  .QDES    Surface speed design routine
  .GDES    Geometry design routine

   SAVE f  Write airfoil to labeled coordinate file
   PSAV f  Write airfoil to plain coordinate file
   ISAV f  Write airfoil to ISES coordinate file
   MSAV f  Write airfoil to MSES coordinate file
   REVE    Reverse written-airfoil node ordering

   LOAD f  Read buffer airfoil from coordinate file
   NACA i  Set NACA 4,5-digit airfoil and buffer airfoil
   INTE    Set buffer airfoil by interpolating two airfoils
   NORM    Buffer airfoil normalization toggle
   XYCM rr Change CM reference location, currently  0.25000 0.00000

   BEND    Display structural properties of current airfoil

   PCOP    Set current-airfoil panel nodes directly from buffer airfoil points
   PANE    Set current-airfoil panel nodes ( 160 ) based on curvature
  .PPAR    Show/change paneling

  .PLOP    Plotting options

   WDEF f  Write  current-settings file
   RDEF f  Reread current-settings file
   NAME s  Specify new airfoil name
   NINC    Increment name version number

   Z       Zoom    | (available in all menus)
   U       Unzoom  | 

 XFOIL   c>  
 Labeled airfoil file.  Name:  Eiffel 430 (Lachassgne)                         

 Number of input coordinate points:  33
 Counterclockwise ordering
 Max thickness =     0.097298  at x =   0.152
 Max camber    =     0.043845  at x =   0.402

  LE  x,y  =  -0.00005   0.02867  |   Chord =   1.00033
  TE  x,y  =   1.00000   0.00500  |

 Current airfoil nodes set from buffer airfoil nodes (  33 )

 WARNING: Poor input coordinate distribution
          Excessive panel angle   62.4  at i =  17
          Repaneling with PANE and/or PPAR suggested
           (doing GDES,CADD before repaneling _may_
            improve excessively coarse LE spacing

 XFOIL   c>  
 XFOIL   c>  
 Sharp trailing edge

 Paneling parameters used...
   Number of panel nodes       160
   Panel bunching parameter    1.000
   TE/LE panel density ratio   0.150
   Refined-area/LE panel density ratio    0.200
   Top    side refined area x/c limits  1.000 1.000
   Bottom side refined area x/c limits  1.000 1.000

 XFOIL   c>  
.OPERi   c>  
 Xtr/c     =  1.0000    top    side
 Xtr/c     =  1.0000    bottom side
 Ncrit     =    9.00   ( 0.070 % turb. level )
 Vacc      =  0.0100

 Klag  =  5.6000     Uxwt  =    1.00
 A     =  6.7000     B     =  0.7500       KCt = 0.01485
 CtiniK=  1.8000     CtiniX=  3.3000

..VPAR   c>  
..VPAR   c>  
.OPERi   c>  
 M  =    0.0000
 Re =    500000

.OPERv   c>  
.OPERv   c>  
.OPERv   c>  
 Polar  1 newly created for accumulation
 Airfoil archived with polar: Eiffel 430 (Lachassgne)                         

Enter  polar save filename  OR  <return> for no file   s>  
 New polar save file available

Enter  polar dump filename  OR  <return> for no file   s>  
 Polar dump file will NOT be written

 Polar accumulation enabled

.OPERva   c>   Calculating unit vorticity distributions ...
 Calculating wake trajectory ...
 Calculating source influence matrix ...

 Solving BL system ...

 Initializing BL ...
    side            1  ...
 MRCHUE: Inverse mode at  28     Hk =   4.167
 MRCHUE: Inverse mode at  29     Hk =   5.289
 MRCHUE: Inverse mode at  30     Hk =   6.343
 MRCHUE: Inverse mode at  31     Hk =   7.347
 MRCHUE: Inverse mode at  32     Hk =   8.311
 MRCHUE: Inverse mode at  33     Hk =   9.241
 MRCHUE: Inverse mode at  34     Hk =   8.435
 MRCHUE: Inverse mode at  35     Hk =   4.957
 MRCHUE: Inverse mode at  36     Hk =   3.168
 MRCHUE: Inverse mode at  78     Hk =   2.500
    side            2  ...
 MRCHUE: Inverse mode at  20     Hk =   3.942
 MRCHUE: Inverse mode at  21     Hk =   4.999
 MRCHUE: Inverse mode at  22     Hk =   6.039
 MRCHUE: Inverse mode at  23     Hk =   7.106
 MRCHUE: Inverse mode at  24     Hk =   8.240
 MRCHUE: Inverse mode at  25     Hk =   9.468
 MRCHUE: Inverse mode at  26     Hk =   7.527
 MRCHUE: Inverse mode at  27     Hk =   2.668
 MRCHUE: Inverse mode at  84     Hk =   2.500

 Side 1  free  transition at x/c =  0.2947   34
 Side 2  free  transition at x/c =  0.0554   26

   1   rms: 0.1752E+00   max: 0.9792E+00   T at   26  2   RLX: 0.767
       a = -4.000      CL = -0.0022
      Cm = -0.0565     CD =  0.01332   =>   CDf =  0.00874    CDp =  0.00458

 Side 1  free  transition at x/c =  0.2866   34
 Side 2  free  transition at x/c =  0.0501   26

   2   rms: 0.9059E-01   max: -.5541E+00   D at   36  1   RLX: 0.902
       a = -4.000      CL =  0.0370
      Cm = -0.0645     CD =  0.01505   =>   CDf =  0.00875    CDp =  0.00630

 Side 1  free  transition at x/c =  0.2847   33
 Side 2  free  transition at x/c =  0.0506   26

   3   rms: 0.2220E-01   max: -.1559E+00   D at   36  1
       a = -4.000      CL =  0.0496
      Cm = -0.0673     CD =  0.01517   =>   CDf =  0.00877    CDp =  0.00641

 Side 1  free  transition at x/c =  0.2837   33
 Side 2  free  transition at x/c =  0.0508   26

   4   rms: 0.1018E-02   max: -.5534E-02   D at   84  2
       a = -4.000      CL =  0.0500
      Cm = -0.0674     CD =  0.01519   =>   CDf =  0.00877    CDp =  0.00641

 Side 1  free  transition at x/c =  0.2837   33
 Side 2  free  transition at x/c =  0.0508   26

   5   rms: 0.3340E-05   max: -.2065E-04   D at   77  1
       a = -4.000      CL =  0.0500
      Cm = -0.0674     CD =  0.01519   =>   CDf =  0.00877    CDp =  0.00641
 plradd ia,ip,cpol            1           0  1.58508606E-02

 Point added to stored polar  1
 Point written to save file  eiffel430_Re500k.base.pol                       
 Dump file unspecified or not available
 Calculating wake trajectory ...
 Calculating source influence matrix ...

 Solving BL system ...

 Side 1  free  transition at x/c =  0.2837   33
 Side 2  free  transition at x/c =  0.0508   26

   1   rms: 0.1220E+00   max: -.4097E+00   T at   26  2
       a = -3.500      CL =  0.0983
      Cm = -0.0656     CD =  0.01376   =>   CDf =  0.00877    CDp =  0.00499

 Side 1  free  transition at x/c =  0.2821   34
 Side 2  free  transition at x/c =  0.0552   25

   2   rms: 0.2600E-01   max: 0.3035E+00   D at   25  2
       a = -3.500      CL =  0.0995
      Cm = -0.0657     CD =  0.01452   =>   CDf =  0.00878    CDp =  0.00575

 Side 1  free  transition at x/c =  0.2820   34
 Side 2  free  transition at x/c =  0.0538   25

   3   rms: 0.6607E-03   max: 0.6761E-02   T at   25  2
       a = -3.500      CL =  0.0995
      Cm = -0.0657     CD =  0.01451   =>   CDf =  0.00878    CDp =  0.00573

 Side 1  free  transition at x/c =  0.2820   34
 Side 2  free  transition at x/c =  0.0538   25

   4   rms: 0.7363E-05   max: -.7362E-04   D at   25  2
       a = -3.500      CL =  0.0995
      Cm = -0.0657     CD =  0.01451   =>   CDf =  0.00878    CDp =  0.00573
 plradd ia,ip,cpol            2           0  1.58508606E-02

 Point added to stored polar  1
 Point written to save file  eiffel430_Re500k.base.pol                       
 Dump file unspecified or not available
 Calculating wake trajectory ...
 Calculating source influence matrix ...

 Solving BL system ...

 Side 1  free  transition at x/c =  0.2820   34
 Side 2  free  transition at x/c =  0.0538   25

   1   rms: 0.8368E-01   max: -.4059E+00   T at   25  2
       a = -3.000      CL =  0.1500
      Cm = -0.0642     CD =  0.01412   =>   CDf =  0.00878    CDp =  0.00534

 Side 1  free  transition at x/c =  0.2791   34
 Side 2  free  transition at x/c =  0.0568   25

   2   rms: 0.3073E-01   max: -.2336E+00   D at   25  2
       a = -3.000      CL =  0.1500
      Cm = -0.0642     CD =  0.01417   =>   CDf =  0.00883    CDp =  0.00534

 Side 1  free  transition at x/c =  0.2792   34
 Side 2  free  transition at x/c =  0.0570   25

   3   rms: 0.1322E-02   max: 0.1076E-01   D at   25  2
       a = -3.000      CL =  0.1500
      Cm = -0.0641     CD =  0.01418   =>   CDf =  0.00883    CDp =  0.00535

 Side 1  free  transition at x/c =  0.2792   34
 Side 2  free  transition at x/c =  0.0569   25

   4   rms: 0.2899E-05   max: -.1846E-04   D at   37  2
       a = -3.000      CL =  0.1500
      Cm = -0.0641     CD =  0.01418   =>   CDf =  0.00883    CDp =  0.00535
 plradd ia,ip,cpol            3           0  1.58508606E-02

 Point added to stored polar  1
 Point written to save file  eiffel430_Re500k.base.pol                       
 Dump file unspecified or not available
 Calculating wake trajectory ...
 Calculating source influence matrix ...

 Solving BL system ...

 Side 1  free  transition at x/c =  0.2792   34
 Side 2  free  transition at x/c =  0.0569   25

   1   rms: 0.8305E-01   max: -.3431E+00   T at   25  2
       a = -2.500      CL =  0.2008
      Cm = -0.0627     CD =  0.01389   =>   CDf =  0.00880    CDp =  0.00509

 Side 1  free  transition at x/c =  0.2762   35
 Side 2  free  transition at x/c =  0.0608   25

   2   rms: 0.9411E-02   max: -.1152E+00   D at   24  2
       a = -2.500      CL =  0.1994
      Cm = -0.0624     CD =  0.01380   =>   CDf =  0.00887    CDp =  0.00492

 Side 1  free  transition at x/c =  0.2761   35
 Side 2  free  transition at x/c =  0.0612   25

   3   rms: 0.1667E-02   max: 0.2511E-01   D at   25  2
       a = -2.500      CL =  0.1994
      Cm = -0.0624     CD =  0.01380   =>   CDf =  0.00886    CDp =  0.00494

 Side 1  free  transition at x/c =  0.2761   35
 Side 2  free  transition at x/c =  0.0612   25

   4   rms: 0.1282E-04   max: 0.1679E-03   D at   25  2
       a = -2.500      CL =  0.1994
      Cm = -0.0624     CD =  0.01380   =>   CDf =  0.00886    CDp =  0.00494
 plradd ia,ip,cpol            4           0  1.58508606E-02

 Point added to stored polar  1
 Point written to save file  eiffel430_Re500k.base.pol                       
 Dump file unspecified or not available
 Calculating wake trajectory ...
 Calculating source influence matrix ...

 Solving BL system ...

 Side 1  free  transition at x/c =  0.2761   35
 Side 2  free  transition at x/c =  0.0612   25

   1   rms: 0.9027E-01   max: -.4401E+00   T at   25  2
       a = -2.000      CL =  0.2489
      Cm = -0.0608     CD =  0.01355   =>   CDf =  0.00882    CDp =  0.00473

 Side 1  free  transition at x/c =  0.2743   36
 Side 2  free  transition at x/c =  0.0669   25

   2   rms: 0.1788E-01   max: -.2099E+00   D at   24  2
       a = -2.000      CL =  0.2490
      Cm = -0.0608     CD =  0.01368   =>   CDf =  0.00892    CDp =  0.00476

 Side 1  free  transition at x/c =  0.2743   36
 Side 2  free  transition at x/c =  0.0677   25

   3   rms: 0.1053E-02   max: -.1575E-01   D at   25  2
       a = -2.000      CL =  0.2491
      Cm = -0.0608     CD =  0.01370   =>   CDf =  0.00890    CDp =  0.00479

 Side 1  free  transition at x/c =  0.2743   36
 Side 2  free  transition at x/c =  0.0675   25

   4   rms: 0.2300E-04   max: -.3881E-03   D at   25  2
       a = -2.000      CL =  0.2491
      Cm = -0.0608     CD =  0.01370   =>   CDf =  0.00891    CDp =  0.00479
 plradd ia,ip,cpol            5           0  1.58508606E-02

 Point added to stored polar  1
 Point written to save file  eiffel430_Re500k.base.pol                       
 Dump file unspecified or not available
 Calculating wake trajectory ...
 Calculating source influence matrix ...

 Solving BL system ...

 Side 1  free  transition at x/c =  0.2743   36
 Side 2  free  transition at x/c =  0.0675   25

   1   rms: 0.1014E+00   max: -.5287E+00   C at   25  2   RLX: 0.946
       a = -1.500      CL =  0.2955
      Cm = -0.0592     CD =  0.01352   =>   CDf =  0.00891    CDp =  0.00461

 Side 1  free  transition at x/c =  0.2727   36
 Side 2  free  transition at x/c =  0.0935   27

   2   rms: 0.1773E-01   max: -.2172E+00   D at   25  2
       a = -1.500      CL =  0.2980
      Cm = -0.0591     CD =  0.01371   =>   CDf =  0.00879    CDp =  0.00492

 Side 1  free  transition at x/c =  0.2725   36
 Side 2  free  transition at x/c =  0.0978   27

   3   rms: 0.5308E-02   max: -.7476E-01   C at   27  2
       a = -1.500      CL =  0.2981
      Cm = -0.0591     CD =  0.01373   =>   CDf =  0.00879    CDp =  0.00494

 Side 1  free  transition at x/c =  0.2725   36
 Side 2  free  transition at x/c =  0.0947   27

   4   rms: 0.2675E-03   max: -.4608E-02   D at   27  2
       a = -1.500      CL =  0.2981
      Cm = -0.0591     CD =  0.01374   =>   CDf =  0.00879    CDp =  0.00495

 Side 1  free  transition at x/c =  0.2725   36
 Side 2  free  transition at x/c =  0.0946   27

   5   rms: 0.1121E-05   max: 0.6822E-05   D at    4  2
       a = -1.500      CL =  0.2981
      Cm = -0.0591     CD =  0.01374   =>   CDf =  0.00879    CDp =  0.00495
 plradd ia,ip,cpol            6           0  1.90969203E-02

 Point added to stored polar  1
 Point written to save file  eiffel430_Re500k.base.pol                       
 Dump file unspecified or not available
 Calculating wake trajectory ...
 Calculating source influence matrix ...

 Solving BL system ...

 Side 1  free  transition at x/c =  0.2725   36
 Side 2  free  transition at x/c =  0.0946   27

   1   rms: 0.1065E+00   max: 0.8268E+00   D at   27  2   RLX: 0.762
       a = -1.000      CL =  0.3361
      Cm = -0.0581     CD =  0.01400   =>   CDf =  0.00870    CDp =  0.00530

 MRCHDU: Convergence failed at  27  side 2    Res =  0.1082E+01
 MRCHDU: Convergence failed at  28  side 2    Res =  0.2096E+01
 MRCHDU: Convergence failed at  29  side 2    Res =  0.1489E+01
 MRCHDU: Convergence failed at  30  side 2    Res =  0.1697E+01
 MRCHDU: Convergence failed at  31  side 2    Res =  0.2538E+01
 MRCHDU: Convergence failed at  32  side 2    Res =  0.4967E+01
 MRCHDU: Convergence failed at  33  side 2    Res =  0.1168E+02
 MRCHDU: Convergence failed at  34  side 2    Res =  0.1840E+02
 MRCHDU: Convergence failed at  35  side 2    Res =  0.1485E+02
 MRCHDU: Convergence failed at  36  side 2    Res =  0.9584E+01
 MRCHDU: Convergence failed at  37  side 2    Res =  0.6621E+01
 MRCHDU: Convergence failed at  38  side 2    Res =  0.4929E+01
 MRCHDU: Convergence failed at  39  side 2    Res =  0.4026E+01
 MRCHDU: Convergence failed at  40  side 2    Res =  0.3746E+01
 MRCHDU: Convergence failed at  41  side 2    Res =  0.3774E+01
 MRCHDU: Convergence failed at  42  side 2    Res =  0.3922E+01
 MRCHDU: Convergence failed at  43  side 2    Res =  0.4104E+01
 MRCHDU: Convergence failed at  44  side 2    Res =  0.4288E+01
 MRCHDU: Convergence failed at  45  side 2    Res =  0.4382E+01
 MRCHDU: Convergence failed at  46  side 2    Res =  0.4371E+01
 MRCHDU: Convergence failed at  47  side 2    Res =  0.4312E+01
 MRCHDU: Convergence failed at  48  side 2    Res =  0.4246E+01
 MRCHDU: Convergence failed at  49  side 2    Res =  0.4195E+01
 MRCHDU: Convergence failed at  50  side 2    Res =  0.4199E+01
 MRCHDU: Convergence failed at  51  side 2    Res =  0.4323E+01
 MRCHDU: Convergence failed at  52  side 2    Res =  0.4493E+01
 MRCHDU: Convergence failed at  53  side 2    Res =  0.4668E+01
 MRCHDU: Convergence failed at  54  side 2    Res =  0.4815E+01
 MRCHDU: Convergence failed at  55  side 2    Res =  0.4793E+01
 MRCHDU: Convergence failed at  56  side 2    Res =  0.4612E+01
 MRCHDU: Convergence failed at  57  side 2    Res =  0.4274E+01
 MRCHDU: Convergence failed at  58  side 2    Res =  0.3938E+01
 MRCHDU: Convergence failed at  59  side 2    Res =  0.3654E+01
 MRCHDU: Convergence failed at  60  side 2    Res =  0.3450E+01
 MRCHDU: Convergence failed at  61  side 2    Res =  0.3363E+01
 MRCHDU: Convergence failed at  62  side 2    Res =  0.3455E+01
 MRCHDU: Convergence failed at  63  side 2    Res =  0.3693E+01
 MRCHDU: Convergence failed at  64  side 2    Res =  0.4000E+01
 MRCHDU: Convergence failed at  65  side 2    Res =  0.4366E+01
 MRCHDU: Convergence failed at  66  side 2    Res =  0.4667E+01
 MRCHDU: Convergence failed at  67  side 2    Res =  0.4667E+01
 MRCHDU: Convergence failed at  68  side 2    Res =  0.4340E+01
 MRCHDU: Convergence failed at  69  side 2    Res =  0.3924E+01
 MRCHDU: Convergence failed at  70  side 2    Res =  0.3595E+01
 MRCHDU: Convergence failed at  71  side 2    Res =  0.3424E+01
 MRCHDU: Convergence failed at  72  side 2    Res =  0.3408E+01
 MRCHDU: Convergence failed at  73  side 2    Res =  0.3676E+01
 MRCHDU: Convergence failed at  74  side 2    Res =  0.4433E+01
 MRCHDU: Convergence failed at  75  side 2    Res =  0.5880E+01
 MRCHDU: Convergence failed at  76  side 2    Res =  0.9160E+01
 MRCHDU: Convergence failed at  77  side 2    Res =  0.2308E+02
 MRCHDU: Convergence failed at  78  side 2    Res =  0.3765E+02
 MRCHDU: Convergence failed at  79  side 2    Res =  0.9230E+01
 MRCHDU: Convergence failed at  80  side 2    Res =  0.8856E+01
 Side 1  free  transition at x/c =  0.2713   36
 Side 2 forced transition at x/c =  1.0000   80

   2   rms: 0.3354E+00   max: -.3789E+00   U at   80  2   RLX: 0.990
       a = -1.000      CL =  0.3046
      Cm = -0.0482     CD =  0.01056   =>   CDf =  0.00911    CDp =  0.00145

 MRCHDU: Convergence failed at  27  side 2    Res =  0.2279E+01
 MRCHDU: Convergence failed at  28  side 2    Res =  0.8558E+00
 MRCHDU: Convergence failed at  29  side 2    Res =  0.9009E+00
 MRCHDU: Convergence failed at  30  side 2    Res =  0.1147E+01
 MRCHDU: Convergence failed at  31  side 2    Res =  0.1662E+01
 MRCHDU: Convergence failed at  32  side 2    Res =  0.2388E+01
 MRCHDU: Convergence failed at  33  side 2    Res =  0.3254E+01
 MRCHDU: Convergence failed at  34  side 2    Res =  0.4478E+01
 MRCHDU: Convergence failed at  35  side 2    Res =  0.6479E+01
 MRCHDU: Convergence failed at  36  side 2    Res =  0.1632E+02
 MRCHDU: Convergence failed at  37  side 2    Res =  0.1449E+04
 MRCHDU: Convergence failed at  38  side 2    Res =  0.1229E+02
 MRCHDU: Convergence failed at  39  side 2    Res =  0.8172E+01
 MRCHDU: Convergence failed at  40  side 2    Res =  0.7795E+01
 MRCHDU: Convergence failed at  41  side 2    Res =  0.9259E+01
 MRCHDU: Convergence failed at  42  side 2    Res =  0.1271E+02
 MRCHDU: Convergence failed at  43  side 2    Res =  0.2131E+02
 MRCHDU: Convergence failed at  44  side 2    Res =  0.5919E+02
 MRCHDU: Convergence failed at  45  side 2    Res =  0.2076E+03
 MRCHDU: Convergence failed at  46  side 2    Res =  0.1663E+03
 MRCHDU: Convergence failed at  47  side 2    Res =  0.7313E+02
 MRCHDU: Convergence failed at  48  side 2    Res =  0.4983E+02
 MRCHDU: Convergence failed at  49  side 2    Res =  0.4215E+02
 MRCHDU: Convergence failed at  50  side 2    Res =  0.4537E+02
 MRCHDU: Convergence failed at  51  side 2    Res =  0.9380E+02
 MRCHDU: Convergence failed at  52  side 2    Res =  0.2442E+03
 MRCHDU: Convergence failed at  53  side 2    Res =  0.2608E+02
 MRCHDU: Convergence failed at  54  side 2    Res =  0.1742E+02
 MRCHDU: Convergence failed at  55  side 2    Res =  0.1665E+02
 MRCHDU: Convergence failed at  56  side 2    Res =  0.2236E+02
 MRCHDU: Convergence failed at  57  side 2    Res =  0.2439E+03
 MRCHDU: Convergence failed at  58  side 2    Res =  0.5984E+02
 MRCHDU: Convergence failed at  59  side 2    Res =  0.2244E+02
 MRCHDU: Convergence failed at  60  side 2    Res =  0.1738E+02
 MRCHDU: Convergence failed at  61  side 2    Res =  0.1728E+02
 MRCHDU: Convergence failed at  62  side 2    Res =  0.2899E+02
 MRCHDU: Convergence failed at  63  side 2    Res =  0.2366E+03
 MRCHDU: Convergence failed at  64  side 2    Res =  0.3130E+02
 MRCHDU: Convergence failed at  65  side 2    Res =  0.1809E+02
 MRCHDU: Convergence failed at  66  side 2    Res =  0.1121E+02
 MRCHDU: Convergence failed at  67  side 2    Res =  0.1380E+02
 MRCHDU: Convergence failed at  68  side 2    Res =  0.2506E+02
 MRCHDU: Convergence failed at  69  side 2    Res =  0.1263E+03
 MRCHDU: Convergence failed at  70  side 2    Res =  0.5102E+02
 MRCHDU: Convergence failed at  71  side 2    Res =  0.2657E+02
 MRCHDU: Convergence failed at  72  side 2    Res =  0.2724E+02
 MRCHDU: Convergence failed at  73  side 2    Res =  0.2487E+03
 MRCHDU: Convergence failed at  74  side 2    Res =  0.1739E+02
 MRCHDU: Convergence failed at  75  side 2    Res =  0.7897E+01
 MRCHDU: Convergence failed at  76  side 2    Res =  0.4652E+01
 MRCHDU: Convergence failed at  77  side 2    Res =  0.3597E+01
 MRCHDU: Convergence failed at  78  side 2    Res =  0.3024E+01
 MRCHDU: Convergence failed at  79  side 2    Res =  0.4226E+01
 MRCHDU: Convergence failed at  80  side 2    Res =  0.1730E+02
 Side 1  free  transition at x/c =  0.2713   36
 Side 2  free  transition at x/c =  0.1945   33

   3   rms: 0.3699E+00   max: 0.2693E+01   C at   33  2   RLX: 0.557
       a = -1.000      CL =  0.1891
      Cm = -0.0098     CD =  0.01108   =>   CDf =  0.00590    CDp =  0.00518

 Side 1  free  transition at x/c =  0.2708   36
 Side 2  free  transition at x/c =  0.1872   33

   4   rms: 0.1847E+00   max: 0.2167E+01   C at   33  2   RLX: 0.530
       a = -1.000      CL =  0.2677
      Cm = -0.0341     CD =  0.01323   =>   CDf =  0.00926    CDp =  0.00398

 Side 1  free  transition at x/c =  0.2710   36
 Side 2  free  transition at x/c =  0.1555   30

   5   rms: 0.7154E-01   max: 0.5880E+00   D at   32  2
       a = -1.000      CL =  0.3446
      Cm = -0.0569     CD =  0.01380   =>   CDf =  0.00894    CDp =  0.00486

 Side 1  free  transition at x/c =  0.2710   36
 Side 2  free  transition at x/c =  0.1345   29

   6   rms: 0.1060E-01   max: 0.1230E+00   D at   33  2
       a = -1.000      CL =  0.3483
      Cm = -0.0577     CD =  0.01387   =>   CDf =  0.00869    CDp =  0.00518

 Side 1  free  transition at x/c =  0.2709   36
 Side 2  free  transition at x/c =  0.1362   29

   7   rms: 0.4567E-03   max: -.7985E-02   D at   33  2
       a = -1.000      CL =  0.3484
      Cm = -0.0578     CD =  0.01387   =>   CDf =  0.00868    CDp =  0.00520

 Side 1  free  transition at x/c =  0.2709   36
 Side 2  free  transition at x/c =  0.1361   29

   8   rms: 0.1572E-05   max: -.2353E-04   D at   33  2
       a = -1.000      CL =  0.3484
      Cm = -0.0578     CD =  0.01387   =>   CDf =  0.00868    CDp =  0.00520
 plradd ia,ip,cpol            7           0  1.90969203E-02

 Point added to stored polar  1
 Point written to save file  eiffel430_Re500k.base.pol                       
 Dump file unspecified or not available
 Calculating wake trajectory ...
 Calculating source influence matrix ...

 Solving BL system ...

 Side 1  free  transition at x/c =  0.2709   36
 Side 2  free  transition at x/c =  0.1361   29

   1   rms: 0.9919E-01   max: -.9593E+00   C at   29  2   RLX: 0.521
       a = -0.500      CL =  0.3755
      Cm = -0.0572     CD =  0.01392   =>   CDf =  0.00868    CDp =  0.00525

 Side 1  free  transition at x/c =  0.2699   36
 Side 2  free  transition at x/c =  0.1495   30

   2   rms: 0.4386E-01   max: 0.2701E+00   D at   31  2
       a = -0.500      CL =  0.4007
      Cm = -0.0567     CD =  0.01402   =>   CDf =  0.00856    CDp =  0.00546

 Side 1  free  transition at x/c =  0.2685   37
 Side 2  free  transition at x/c =  0.1626   30

   3   rms: 0.6169E-02   max: 0.6763E-01   D at   30  2
       a = -0.500      CL =  0.4008
      Cm = -0.0567     CD =  0.01406   =>   CDf =  0.00859    CDp =  0.00547

 Side 1  free  transition at x/c =  0.2686   37
 Side 2  free  transition at x/c =  0.1631   30

   4   rms: 0.4511E-03   max: 0.3983E-02   D at    4  1
       a = -0.500      CL =  0.4009
      Cm = -0.0567     CD =  0.01406   =>   CDf =  0.00859    CDp =  0.00547

 Side 1  free  transition at x/c =  0.2686   37
 Side 2  free  transition at x/c =  0.1630   30

   5   rms: 0.1229E-05   max: -.1199E-04   D at   30  2
       a = -0.500      CL =  0.4009
      Cm = -0.0567     CD =  0.01406   =>   CDf =  0.00860    CDp =  0.00547
 plradd ia,ip,cpol            8           0  0.16682281    

 Point added to stored polar  1
 Point written to save file  eiffel430_Re500k.base.pol                       
 Dump file unspecified or not available
 Calculating wake trajectory ...
 Calculating source influence matrix ...

 Solving BL system ...

 Side 1  free  transition at x/c =  0.2686   37
 Side 2  free  transition at x/c =  0.1630   30

   1   rms: 0.8404E-01   max: 0.4040E+00   D at   30  2
       a =  0.000      CL =  0.4538
      Cm = -0.0558     CD =  0.01436   =>   CDf =  0.00859    CDp =  0.00576

 Side 1  free  transition at x/c =  0.2651   37
 Side 2  free  transition at x/c =  0.1784   31

   2   rms: 0.2069E-01   max: 0.2024E+00   D at   31  2
       a =  0.000      CL =  0.4528
      Cm = -0.0556     CD =  0.01430   =>   CDf =  0.00860    CDp =  0.00570

 Side 1  free  transition at x/c =  0.2654   37
 Side 2  free  transition at x/c =  0.1793   31

   3   rms: 0.2952E-02   max: 0.2928E-01   T at   31  2
       a =  0.000      CL =  0.4531
      Cm = -0.0557     CD =  0.01431   =>   CDf =  0.00860    CDp =  0.00571

 Side 1  free  transition at x/c =  0.2654   37
 Side 2  free  transition at x/c =  0.1785   31

   4   rms: 0.6280E-04   max: -.6000E-03   D at   33  2
       a =  0.000      CL =  0.4531
      Cm = -0.0557     CD =  0.01431   =>   CDf =  0.00860    CDp =  0.00571
 plradd ia,ip,cpol            9           0  0.16682281    

 Point added to stored polar  1
 Point written to save file  eiffel430_Re500k.base.pol                       
 Dump file unspecified or not available
 Calculating wake trajectory ...
 Calculating source influence matrix ...

 Solving BL system ...

 Side 1  free  transition at x/c =  0.2654   37
 Side 2  free  transition at x/c =  0.1785   31

   1   rms: 0.8217E-01   max: -.4504E+00   T at   31  2
       a =  0.500      CL =  0.5053
      Cm = -0.0547     CD =  0.01459   =>   CDf =  0.00851    CDp =  0.00608

 Side 1  free  transition at x/c =  0.2632   38
 Side 2  free  transition at x/c =  0.1930   31

   2   rms: 0.3851E-01   max: 0.4594E+00   D at   31  2
       a =  0.500      CL =  0.5045
      Cm = -0.0546     CD =  0.01456   =>   CDf =  0.00857    CDp =  0.00599

 Side 1  free  transition at x/c =  0.2629   38
 Side 2  free  transition at x/c =  0.1924   31

   3   rms: 0.6047E-02   max: 0.6168E-01   T at   31  2
       a =  0.500      CL =  0.5047
      Cm = -0.0546     CD =  0.01458   =>   CDf =  0.00861    CDp =  0.00597

 Side 1  free  transition at x/c =  0.2629   38
 Side 2  free  transition at x/c =  0.1910   31

   4   rms: 0.3224E-03   max: -.3449E-02   D at   33  2
       a =  0.500      CL =  0.5047
      Cm = -0.0546     CD =  0.01458   =>   CDf =  0.00861    CDp =  0.00597

 Side 1  free  transition at x/c =  0.2629   38
 Side 2  free  transition at x/c =  0.1909   31

   5   rms: 0.1948E-05   max: -.7665E-05   D at   33  2
       a =  0.500      CL =  0.5047
      Cm = -0.0546     CD =  0.01458   =>   CDf =  0.00861    CDp =  0.00597
 plradd ia,ip,cpol           10           0  0.16682281    

 Point added to stored polar  1
 Point written to save file  eiffel430_Re500k.base.pol                       
 Dump file unspecified or not available
 Calculating wake trajectory ...
 Calculating source influence matrix ...

 Solving BL system ...

 Side 1  free  transition at x/c =  0.2629   38
 Side 2  free  transition at x/c =  0.1909   31

   1   rms: 0.7931E-01   max: -.4516E+00   T at   31  2
       a =  1.000      CL =  0.5564
      Cm = -0.0536     CD =  0.01489   =>   CDf =  0.00851    CDp =  0.00638

 Side 1  free  transition at x/c =  0.2608   39
 Side 2  free  transition at x/c =  0.2054   31

   2   rms: 0.3408E-01   max: 0.4454E+00   D at   31  2
       a =  1.000      CL =  0.5555
      Cm = -0.0535     CD =  0.01484   =>   CDf =  0.00861    CDp =  0.00623

 Side 1  free  transition at x/c =  0.2609   39
 Side 2  free  transition at x/c =  0.2038   31

   3   rms: 0.2488E-02   max: 0.2922E-01   T at   31  2
       a =  1.000      CL =  0.5556
      Cm = -0.0535     CD =  0.01484   =>   CDf =  0.00862    CDp =  0.00622

 Side 1  free  transition at x/c =  0.2609   39
 Side 2  free  transition at x/c =  0.2032   31

   4   rms: 0.7758E-04   max: -.8732E-03   D at   31  2
       a =  1.000      CL =  0.5556
      Cm = -0.0535     CD =  0.01484   =>   CDf =  0.00862    CDp =  0.00622
 plradd ia,ip,cpol           11           0  0.16682281    

 Point added to stored polar  1
 Point written to save file  eiffel430_Re500k.base.pol                       
 Dump file unspecified or not available
 Calculating wake trajectory ...
 Calculating source influence matrix ...

 Solving BL system ...

 Side 1  free  transition at x/c =  0.2609   39
 Side 2  free  transition at x/c =  0.2032   31

   1   rms: 0.8047E-01   max: -.5130E+00   T at   31  2   RLX: 0.975
       a =  1.500      CL =  0.6054
      Cm = -0.0526     CD =  0.01514   =>   CDf =  0.00851    CDp =  0.00663

 Side 1  free  transition at x/c =  0.2589   40
 Side 2  free  transition at x/c =  0.2110   31

   2   rms: 0.7946E-01   max: -.3546E+00   D at   33  2
       a =  1.500      CL =  0.6069
      Cm = -0.0527     CD =  0.01502   =>   CDf =  0.00874    CDp =  0.00628

 Side 1  free  transition at x/c =  0.2586   40
 Side 2  free  transition at x/c =  0.2161   31

   3   rms: 0.1546E-01   max: 0.1640E+00   T at   31  2
       a =  1.500      CL =  0.6065
      Cm = -0.0526     CD =  0.01528   =>   CDf =  0.00865    CDp =  0.00663

 Side 1  free  transition at x/c =  0.2586   40
 Side 2  free  transition at x/c =  0.2135   31

   4   rms: 0.1602E-02   max: -.2923E-01   D at   32  2
       a =  1.500      CL =  0.6067
      Cm = -0.0526     CD =  0.01529   =>   CDf =  0.00867    CDp =  0.00662

 Side 1  free  transition at x/c =  0.2586   40
 Side 2  free  transition at x/c =  0.2134   31

   5   rms: 0.7168E-04   max: 0.8922E-03   D at   31  2
       a =  1.500      CL =  0.6067
      Cm = -0.0526     CD =  0.01529   =>   CDf =  0.00867    CDp =  0.00662
 plradd ia,ip,cpol           12           0  0.16682281    

 Point added to stored polar  1
 Point written to save file  eiffel430_Re500k.base.pol                       
 Dump file unspecified or not available
 Calculating wake trajectory ...
 Calculating source influence matrix ...

 Solving BL system ...

 Side 1  free  transition at x/c =  0.2586   40
 Side 2  free  transition at x/c =  0.2134   31

   1   rms: 0.9416E-01   max: -.5871E+00   T at   31  2   RLX: 0.852
       a =  2.000      CL =  0.6508
      Cm = -0.0522     CD =  0.01586   =>   CDf =  0.00867    CDp =  0.00719

 Side 1  free  transition at x/c =  0.2570   39
 Side 2  free  transition at x/c =  0.2232   31

   2   rms: 0.3006E-01   max: -.2343E+00   D at   31  2
       a =  2.000      CL =  0.6574
      Cm = -0.0515     CD =  0.01549   =>   CDf =  0.00862    CDp =  0.00688

 Side 1  free  transition at x/c =  0.2569   39
 Side 2  free  transition at x/c =  0.2245   31

   3   rms: 0.3895E-02   max: 0.3422E-01   D at   40  1
       a =  2.000      CL =  0.6570
      Cm = -0.0514     CD =  0.01543   =>   CDf =  0.00860    CDp =  0.00684

 Side 1  free  transition at x/c =  0.2569   39
 Side 2  free  transition at x/c =  0.2245   31

   4   rms: 0.8910E-04   max: 0.6149E-03   D at   40  1
       a =  2.000      CL =  0.6569
      Cm = -0.0514     CD =  0.01543   =>   CDf =  0.00860    CDp =  0.00683
 plradd ia,ip,cpol           13           0  7.42181167E-02

 Point added to stored polar  1
 Point written to save file  eiffel430_Re500k.base.pol                       
 Dump file unspecified or not available
 Calculating wake trajectory ...
 Calculating source influence matrix ...

 Solving BL system ...

 Side 1  free  transition at x/c =  0.2569   39
 Side 2  free  transition at x/c =  0.2244   31

   1   rms: 0.7918E-01   max: -.5277E+00   T at   31  2   RLX: 0.947
       a =  2.500      CL =  0.7052
      Cm = -0.0504     CD =  0.01561   =>   CDf =  0.00847    CDp =  0.00714

 Side 1  free  transition at x/c =  0.2546   40
 Side 2  free  transition at x/c =  0.2317   31

   2   rms: 0.2728E-01   max: -.4455E+00   D at   30  2
       a =  2.500      CL =  0.7062
      Cm = -0.0501     CD =  0.01549   =>   CDf =  0.00855    CDp =  0.00694

 Side 1  free  transition at x/c =  0.2544   40
 Side 2  free  transition at x/c =  0.2339   31

   3   rms: 0.1338E-01   max: 0.2191E+00   D at   31  2
       a =  2.500      CL =  0.7059
      Cm = -0.0500     CD =  0.01547   =>   CDf =  0.00849    CDp =  0.00697

 Side 1  free  transition at x/c =  0.2545   40
 Side 2  free  transition at x/c =  0.2333   31

   4   rms: 0.4538E-03   max: 0.6051E-02   D at   31  2
       a =  2.500      CL =  0.7059
      Cm = -0.0500     CD =  0.01546   =>   CDf =  0.00850    CDp =  0.00697

 Side 1  free  transition at x/c =  0.2545   40
 Side 2  free  transition at x/c =  0.2332   31

   5   rms: 0.3952E-05   max: -.1492E-04   T at   61  2
       a =  2.500      CL =  0.7059
      Cm = -0.0500     CD =  0.01546   =>   CDf =  0.00850    CDp =  0.00696
 plradd ia,ip,cpol           14           0  6.43699318E-02

 Point added to stored polar  1
 Point written to save file  eiffel430_Re500k.base.pol                       
 Dump file unspecified or not available
 Calculating wake trajectory ...
 Calculating source influence matrix ...

 Solving BL system ...

 Side 1  free  transition at x/c =  0.2545   40
 Side 2  free  transition at x/c =  0.2332   31

   1   rms: 0.7596E-01   max: -.2911E+00   T at   31  2
       a =  3.000      CL =  0.7554
      Cm = -0.0488     CD =  0.01558   =>   CDf =  0.00836    CDp =  0.00722

 Side 1  free  transition at x/c =  0.2516   41
 Side 2  free  transition at x/c =  0.2392   30

   2   rms: 0.1299E-01   max: -.1451E+00   D at   30  2
       a =  3.000      CL =  0.7548
      Cm = -0.0486     CD =  0.01559   =>   CDf =  0.00845    CDp =  0.00714

 Side 1  free  transition at x/c =  0.2517   41
 Side 2  free  transition at x/c =  0.2394   30

   3   rms: 0.3859E-03   max: 0.4706E-02   D at   30  2
       a =  3.000      CL =  0.7549
      Cm = -0.0487     CD =  0.01560   =>   CDf =  0.00843    CDp =  0.00716

 Side 1  free  transition at x/c =  0.2517   41
 Side 2  free  transition at x/c =  0.2393   30

   4   rms: 0.2656E-05   max: -.9154E-05   D at   73  2
       a =  3.000      CL =  0.7549
      Cm = -0.0487     CD =  0.01560   =>   CDf =  0.00843    CDp =  0.00716
 plradd ia,ip,cpol           15           0  3.43583934E-02

 Point added to stored polar  1
 Point written to save file  eiffel430_Re500k.base.pol                       
 Dump file unspecified or not available
 Calculating wake trajectory ...
 Calculating source influence matrix ...

 Solving BL system ...

 Side 1  free  transition at x/c =  0.2517   41
 Side 2  free  transition at x/c =  0.2393   30

   1   rms: 0.7413E-01   max: -.2365E+00   T at   30  2
       a =  3.500      CL =  0.8038
      Cm = -0.0473     CD =  0.01574   =>   CDf =  0.00843    CDp =  0.00731

 Side 1  free  transition at x/c =  0.2481   41
 Side 2  free  transition at x/c =  0.2448   31

   2   rms: 0.2122E-01   max: -.1775E+00   D at   30  2
       a =  3.500      CL =  0.8017
      Cm = -0.0469     CD =  0.01564   =>   CDf =  0.00841    CDp =  0.00722

 Side 1  free  transition at x/c =  0.2487   41
 Side 2  free  transition at x/c =  0.2460   31

   3   rms: 0.1624E-02   max: 0.2207E-01   D at   31  2
       a =  3.500      CL =  0.8023
      Cm = -0.0470     CD =  0.01564   =>   CDf =  0.00836    CDp =  0.00728

 Side 1  free  transition at x/c =  0.2487   41
 Side 2  free  transition at x/c =  0.2458   31

   4   rms: 0.9358E-05   max: 0.7257E-04   T at   31  2
       a =  3.500      CL =  0.8023
      Cm = -0.0470     CD =  0.01564   =>   CDf =  0.00837    CDp =  0.00727
 plradd ia,ip,cpol           16           0  3.43583934E-02

 Point added to stored polar  1
 Point written to save file  eiffel430_Re500k.base.pol                       
 Dump file unspecified or not available
 Calculating wake trajectory ...
 Calculating source influence matrix ...

 Solving BL system ...

 Side 1  free  transition at x/c =  0.2487   41
 Side 2  free  transition at x/c =  0.2458   31

   1   rms: 0.7845E-01   max: -.2545E+00   T at   31  2
       a =  4.000      CL =  0.8471
      Cm = -0.0449     CD =  0.01551   =>   CDf =  0.00821    CDp =  0.00731

 Side 1  free  transition at x/c =  0.2447   41
 Side 2  free  transition at x/c =  0.2525   30

   2   rms: 0.1477E-01   max: -.1464E+00   D at   30  2
       a =  4.000      CL =  0.8477
      Cm = -0.0451     CD =  0.01572   =>   CDf =  0.00836    CDp =  0.00736

 Side 1  free  transition at x/c =  0.2444   41
 Side 2  free  transition at x/c =  0.2531   30

   3   rms: 0.6505E-03   max: 0.5500E-02   D at   30  2
       a =  4.000      CL =  0.8482
      Cm = -0.0452     CD =  0.01573   =>   CDf =  0.00833    CDp =  0.00740

 Side 1  free  transition at x/c =  0.2444   41
 Side 2  free  transition at x/c =  0.2531   30

   4   rms: 0.5154E-05   max: 0.2005E-04   D at   30  2
       a =  4.000      CL =  0.8482
      Cm = -0.0452     CD =  0.01573   =>   CDf =  0.00833    CDp =  0.00740
 plradd ia,ip,cpol           17           0  3.43583934E-02

 Point added to stored polar  1
 Point written to save file  eiffel430_Re500k.base.pol                       
 Dump file unspecified or not available
 Calculating wake trajectory ...
 Calculating source influence matrix ...

 Solving BL system ...

 Side 1  free  transition at x/c =  0.2444   41
 Side 2  free  transition at x/c =  0.2531   30

   1   rms: 0.7647E-01   max: 0.3873E+00   T at   41  1
       a =  4.500      CL =  0.8904
      Cm = -0.0424     CD =  0.01529   =>   CDf =  0.00833    CDp =  0.00696

 Side 1  free  transition at x/c =  0.2391   41
 Side 2  free  transition at x/c =  0.2597   31

   2   rms: 0.2034E-01   max: -.2676E+00   D at   30  2
       a =  4.500      CL =  0.8912
      Cm = -0.0426     CD =  0.01544   =>   CDf =  0.00818    CDp =  0.00725

 Side 1  free  transition at x/c =  0.2390   41
 Side 2  free  transition at x/c =  0.2643   31

   3   rms: 0.4134E-02   max: 0.6755E-01   C at   31  2
       a =  4.500      CL =  0.8916
      Cm = -0.0427     CD =  0.01545   =>   CDf =  0.00813    CDp =  0.00732

 Side 1  free  transition at x/c =  0.2388   41
 Side 2  free  transition at x/c =  0.2631   31

   4   rms: 0.8183E-04   max: 0.9184E-03   C at   31  2
       a =  4.500      CL =  0.8916
      Cm = -0.0427     CD =  0.01545   =>   CDf =  0.00814    CDp =  0.00731
 plradd ia,ip,cpol           18           0  2.92743500E-02

 Point added to stored polar  1
 Point written to save file  eiffel430_Re500k.base.pol                       
 Dump file unspecified or not available
 Calculating wake trajectory ...
 Calculating source influence matrix ...

 Solving BL system ...

 Side 1  free  transition at x/c =  0.2388   41
 Side 2  free  transition at x/c =  0.2630   31

   1   rms: 0.7906E-01   max: -.4436E+00   C at   31  2
       a =  5.000      CL =  0.9351
      Cm = -0.0403     CD =  0.01524   =>   CDf =  0.00796    CDp =  0.00728

 Side 1  free  transition at x/c =  0.2334   42
 Side 2  free  transition at x/c =  0.2746   30

   2   rms: 0.2874E-01   max: -.5193E+00   C at   30  2   RLX: 0.963
       a =  5.000      CL =  0.9343
      Cm = -0.0402     CD =  0.01524   =>   CDf =  0.00807    CDp =  0.00717

 Side 1  free  transition at x/c =  0.2338   42
 Side 2  free  transition at x/c =  0.2768   31

   3   rms: 0.2832E-01   max: -.5064E+00   C at   31  2   RLX: 0.987
       a =  5.000      CL =  0.9348
      Cm = -0.0403     CD =  0.01521   =>   CDf =  0.00805    CDp =  0.00715

 MRCHDU: Convergence failed at  72  side 2    Res =  0.1503E+01
 Side 1  free  transition at x/c =  0.2337   42
 Side 2  free  transition at x/c =  0.9883   71

   4   rms: 0.5959E-01   max: 0.9982E+00   D at   72  2
       a =  5.000      CL =  0.9665
      Cm = -0.0475     CD =  0.01377   =>   CDf =  0.00651    CDp =  0.00726

 Side 1  free  transition at x/c =  0.2323   42
 Side 2  free  transition at x/c =  0.9862   71

   5   rms: 0.9368E-01   max: 0.9228E+00   C at   71  2
       a =  5.000      CL =  1.0439
      Cm = -0.0648     CD =  0.01415   =>   CDf =  0.00638    CDp =  0.00777

 Side 1  free  transition at x/c =  0.2293   42
 Side 2  free  transition at x/c =  0.9999   71
 idif Ue xi dudx           1  0.13943139      2.75063515E-03   50.690617    
 Uenew xinew           2  1.90952234E-03  3.76701355E-05

   6   rms: 0.4689E-01   max: -.6955E+00   C at   71  2   RLX: 0.719
       a =  5.000      CL =  1.0149
      Cm = -0.0581     CD =  0.01405   =>   CDf =  0.00666    CDp =  0.00740

 Side 1  free  transition at x/c =  0.2303   41
 Side 2  free  transition at x/c =  0.9936   72

   7   rms: 0.2700E-01   max: 0.2588E+00   T at    2  2
       a =  5.000      CL =  1.0313
      Cm = -0.0618     CD =  0.01405   =>   CDf =  0.00637    CDp =  0.00768

 Side 1  free  transition at x/c =  0.2290   42
 Side 2  free  transition at x/c =  0.9914   70

   8   rms: 0.2203E-02   max: -.2725E-01   C at   70  2
       a =  5.000      CL =  1.0321
      Cm = -0.0620     CD =  0.01407   =>   CDf =  0.00647    CDp =  0.00759

 Side 1  free  transition at x/c =  0.2289   42
 Side 2  free  transition at x/c =  0.9914   70

   9   rms: 0.2695E-03   max: -.3137E-02   D at    4  1
       a =  5.000      CL =  1.0322
      Cm = -0.0620     CD =  0.01407   =>   CDf =  0.00647    CDp =  0.00760

 Side 1  free  transition at x/c =  0.2289   42
 Side 2  free  transition at x/c =  0.9914   70

  10   rms: 0.1580E-05   max: 0.1450E-04   C at   70  2
       a =  5.000      CL =  1.0322
      Cm = -0.0620     CD =  0.01407   =>   CDf =  0.00647    CDp =  0.00760
 plradd ia,ip,cpol           19           0  2.92743500E-02

 Point added to stored polar  1
 Point written to save file  eiffel430_Re500k.base.pol                       
 Dump file unspecified or not available
 Calculating wake trajectory ...
 Calculating source influence matrix ...

 Solving BL system ...

 Side 1  free  transition at x/c =  0.2289   42
 Side 2  free  transition at x/c =  0.9914   70

   1   rms: 0.1585E+00   max: 0.1491E+01   C at   70  2   RLX: 0.907
       a =  5.500      CL =  1.1287
      Cm = -0.0720     CD =  0.01407   =>   CDf =  0.00647    CDp =  0.00760

 Side 1  free  transition at x/c =  0.2161   41
 Side 2 forced transition at x/c =  1.0000   71

   2   rms: 0.2003E-01   max: -.1497E+00   D at   69  2
       a =  5.500      CL =  1.1203
      Cm = -0.0692     CD =  0.01379   =>   CDf =  0.00647    CDp =  0.00732

 Side 1  free  transition at x/c =  0.2164   41
 Side 2 forced transition at x/c =  1.0000   71

   3   rms: 0.1519E-02   max: 0.1303E-01   D at   42  1
       a =  5.500      CL =  1.1202
      Cm = -0.0692     CD =  0.01383   =>   CDf =  0.00643    CDp =  0.00740

 Side 1  free  transition at x/c =  0.2159   41
 Side 2 forced transition at x/c =  1.0000   71

   4   rms: 0.1403E-04   max: -.1319E-03   C at   41  1
       a =  5.500      CL =  1.1202
      Cm = -0.0692     CD =  0.01383   =>   CDf =  0.00643    CDp =  0.00740
 plradd ia,ip,cpol           20           0  2.92743500E-02

 Point added to stored polar  1
 Point written to save file  eiffel430_Re500k.base.pol                       
 Dump file unspecified or not available
 Calculating wake trajectory ...
 Calculating source influence matrix ...

 Solving BL system ...

 Side 1  free  transition at x/c =  0.2159   41
 Side 2 forced transition at x/c =  1.0000   71

   1   rms: 0.8436E-01   max: -.4986E+00   C at   41  1
       a =  6.000      CL =  1.1681
      Cm = -0.0677     CD =  0.01389   =>   CDf =  0.00629    CDp =  0.00760

 Side 1  free  transition at x/c =  0.1835   40
 Side 2 forced transition at x/c =  1.0000   70

   2   rms: 0.1148E-01   max: -.1121E+00   D at   40  1
       a =  6.000      CL =  1.1695
      Cm = -0.0680     CD =  0.01372   =>   CDf =  0.00651    CDp =  0.00721

 Side 1  free  transition at x/c =  0.1819   40
 Side 2 forced transition at x/c =  1.0000   70

   3   rms: 0.3403E-02   max: 0.6696E-01   C at   40  1
       a =  6.000      CL =  1.1693
      Cm = -0.0680     CD =  0.01373   =>   CDf =  0.00650    CDp =  0.00722

 Side 1  free  transition at x/c =  0.1798   40
 Side 2 forced transition at x/c =  1.0000   70

   4   rms: 0.2891E-03   max: -.5812E-02   C at   40  1
       a =  6.000      CL =  1.1693
      Cm = -0.0680     CD =  0.01373   =>   CDf =  0.00652    CDp =  0.00721

 Side 1  free  transition at x/c =  0.1800   40
 Side 2 forced transition at x/c =  1.0000   70

   5   rms: 0.1756E-05   max: -.3074E-04   C at   40  1
       a =  6.000      CL =  1.1693
      Cm = -0.0680     CD =  0.01373   =>   CDf =  0.00652    CDp =  0.00721
 plradd ia,ip,cpol           21           0  2.92743500E-02

 Point added to stored polar  1
 Point written to save file  eiffel430_Re500k.base.pol                       
 Dump file unspecified or not available
 Calculating wake trajectory ...
 Calculating source influence matrix ...

 Solving BL system ...

 Side 1  free  transition at x/c =  0.1800   40
 Side 2 forced transition at x/c =  1.0000   70

   1   rms: 0.2202E+00   max: 0.4265E+01   C at   40  1   RLX: 0.301
       a =  6.500      CL =  1.1822
      Cm = -0.0674     CD =  0.01376   =>   CDf =  0.00652    CDp =  0.00724

 Side 1  free  transition at x/c =  0.1423   37
 Side 2 forced transition at x/c =  1.0000   70

   2   rms: 0.7314E-01   max: 0.1205E+01   C at   37  1
       a =  6.500      CL =  1.1895
      Cm = -0.0619     CD =  0.01512   =>   CDf =  0.00686    CDp =  0.00826

 Side 1  free  transition at x/c =  0.1327   36
 Side 2 forced transition at x/c =  1.0000   70

   3   rms: 0.5142E-02   max: -.5418E-01   D at   37  1
       a =  6.500      CL =  1.1926
      Cm = -0.0624     CD =  0.01493   =>   CDf =  0.00694    CDp =  0.00799

 Side 1  free  transition at x/c =  0.1323   36
 Side 2 forced transition at x/c =  1.0000   70

   4   rms: 0.8132E-04   max: -.1016E-02   D at   37  1
       a =  6.500      CL =  1.1926
      Cm = -0.0624     CD =  0.01493   =>   CDf =  0.00694    CDp =  0.00799
 plradd ia,ip,cpol           22           0  2.92743500E-02

 Point added to stored polar  1
 Point written to save file  eiffel430_Re500k.base.pol                       
 Dump file unspecified or not available
 Calculating wake trajectory ...
 Calculating source influence matrix ...

 Solving BL system ...

 Side 1  free  transition at x/c =  0.1322   36
 Side 2 forced transition at x/c =  1.0000   70

   1   rms: 0.7957E-01   max: 0.7218E+00   C at   36  1
       a =  7.000      CL =  1.2199
      Cm = -0.0575     CD =  0.01599   =>   CDf =  0.00680    CDp =  0.00920

 Side 1  free  transition at x/c =  0.1231   36
 Side 2 forced transition at x/c =  1.0000   69

   2   rms: 0.7125E-02   max: -.8230E-01   C at   36  1
       a =  7.000      CL =  1.2201
      Cm = -0.0575     CD =  0.01587   =>   CDf =  0.00698    CDp =  0.00889

 Side 1  free  transition at x/c =  0.1230   36
 Side 2 forced transition at x/c =  1.0000   69

   3   rms: 0.3947E-03   max: 0.4277E-02   C at   36  1
       a =  7.000      CL =  1.2200
      Cm = -0.0575     CD =  0.01588   =>   CDf =  0.00697    CDp =  0.00890

 Side 1  free  transition at x/c =  0.1230   36
 Side 2 forced transition at x/c =  1.0000   69

   4   rms: 0.2973E-05   max: -.9712E-05   D at   67  2
       a =  7.000      CL =  1.2200
      Cm = -0.0575     CD =  0.01588   =>   CDf =  0.00697    CDp =  0.00890
 plradd ia,ip,cpol           23           0  2.92743500E-02

 Point added to stored polar  1
 Point written to save file  eiffel430_Re500k.base.pol                       
 Dump file unspecified or not available
 Calculating wake trajectory ...
 Calculating source influence matrix ...

 Solving BL system ...

 Side 1  free  transition at x/c =  0.1230   36
 Side 2 forced transition at x/c =  1.0000   69

   1   rms: 0.6760E-01   max: -.1144E+00   D at   67  2
       a =  7.500      CL =  1.2506
      Cm = -0.0531     CD =  0.01666   =>   CDf =  0.00698    CDp =  0.00969

 Side 1  free  transition at x/c =  0.1168   36
 Side 2 forced transition at x/c =  1.0000   69

   2   rms: 0.7772E-02   max: -.3717E-01   D at   36  1
       a =  7.500      CL =  1.2427
      Cm = -0.0516     CD =  0.01674   =>   CDf =  0.00695    CDp =  0.00978

 Side 1  free  transition at x/c =  0.1170   36
 Side 2 forced transition at x/c =  1.0000   69

   3   rms: 0.1791E-03   max: 0.2571E-02   D at   71  2
       a =  7.500      CL =  1.2425
      Cm = -0.0516     CD =  0.01673   =>   CDf =  0.00695    CDp =  0.00978

 Side 1  free  transition at x/c =  0.1170   36
 Side 2 forced transition at x/c =  1.0000   69

   4   rms: 0.1185E-05   max: 0.2212E-04   D at   71  2
       a =  7.500      CL =  1.2425
      Cm = -0.0516     CD =  0.01673   =>   CDf =  0.00695    CDp =  0.00978
 plradd ia,ip,cpol           24           0  2.92743500E-02

 Point added to stored polar  1
 Point written to save file  eiffel430_Re500k.base.pol                       
 Dump file unspecified or not available
 Calculating wake trajectory ...
 Calculating source influence matrix ...

 Solving BL system ...

 Side 1  free  transition at x/c =  0.1170   36
 Side 2 forced transition at x/c =  1.0000   69

   1   rms: 0.6593E-01   max: -.1428E+00   D at   68  2
       a =  8.000      CL =  1.2620
      Cm = -0.0453     CD =  0.01772   =>   CDf =  0.00680    CDp =  0.01092

 Side 1  free  transition at x/c =  0.1115   37
 Side 2 forced transition at x/c =  1.0000   68

   2   rms: 0.7698E-02   max: -.6258E-01   D at   37  1
       a =  8.000      CL =  1.2576
      Cm = -0.0447     CD =  0.01791   =>   CDf =  0.00694    CDp =  0.01097

 Side 1  free  transition at x/c =  0.1103   37
 Side 2 forced transition at x/c =  1.0000   68

   3   rms: 0.7354E-03   max: -.5764E-02   D at    4  1
       a =  8.000      CL =  1.2574
      Cm = -0.0446     CD =  0.01791   =>   CDf =  0.00695    CDp =  0.01096

 Side 1  free  transition at x/c =  0.1102   37
 Side 2 forced transition at x/c =  1.0000   68

   4   rms: 0.8581E-05   max: 0.5477E-04   D at   71  2
       a =  8.000      CL =  1.2574
      Cm = -0.0446     CD =  0.01791   =>   CDf =  0.00695    CDp =  0.01096
 plradd ia,ip,cpol           25           0  2.48594172E-02

 Point added to stored polar  1
 Point written to save file  eiffel430_Re500k.base.pol                       
 Dump file unspecified or not available
 Calculating wake trajectory ...
 Calculating source influence matrix ...

 Solving BL system ...

 Side 1  free  transition at x/c =  0.1102   37
 Side 2 forced transition at x/c =  1.0000   68

   1   rms: 0.7072E-01   max: 0.1794E+00   D at   88  1
       a =  8.500      CL =  1.2700
      Cm = -0.0376     CD =  0.01942   =>   CDf =  0.00696    CDp =  0.01246

 Side 1  free  transition at x/c =  0.1046   36
 Side 2 forced transition at x/c =  1.0000   68

   2   rms: 0.4720E-01   max: -.4827E+00   D at   36  1
       a =  8.500      CL =  1.2818
      Cm = -0.0397     CD =  0.01867   =>   CDf =  0.00685    CDp =  0.01182

 Side 1  free  transition at x/c =  0.1070   36
 Side 2 forced transition at x/c =  1.0000   68

   3   rms: 0.7850E-02   max: 0.5800E-01   D at   36  1
       a =  8.500      CL =  1.2871
      Cm = -0.0406     CD =  0.01869   =>   CDf =  0.00684    CDp =  0.01186

 Side 1  free  transition at x/c =  0.1060   36
 Side 2 forced transition at x/c =  1.0000   68

   4   rms: 0.2458E-03   max: 0.3207E-02   D at   90  1
       a =  8.500      CL =  1.2870
      Cm = -0.0406     CD =  0.01870   =>   CDf =  0.00684    CDp =  0.01186

 Side 1  free  transition at x/c =  0.1060   36
 Side 2 forced transition at x/c =  1.0000   68

   5   rms: 0.2371E-05   max: 0.4421E-04   D at   90  1
       a =  8.500      CL =  1.2870
      Cm = -0.0406     CD =  0.01870   =>   CDf =  0.00684    CDp =  0.01186
 plradd ia,ip,cpol           26           0  2.48594172E-02

 Point added to stored polar  1
 Point written to save file  eiffel430_Re500k.base.pol                       
 Dump file unspecified or not available
 Calculating wake trajectory ...
 Calculating source influence matrix ...

 Solving BL system ...

 Side 1  free  transition at x/c =  0.1060   36
 Side 2 forced transition at x/c =  1.0000   68

   1   rms: 0.6607E-01   max: 0.2323E+00   T at   36  1
       a =  9.000      CL =  1.3151
      Cm = -0.0365     CD =  0.01968   =>   CDf =  0.00668    CDp =  0.01301

 Side 1  free  transition at x/c =  0.1004   37
 Side 2 forced transition at x/c =  1.0000   67

   2   rms: 0.6725E-02   max: -.7420E-01   D at   37  1
       a =  9.000      CL =  1.3109
      Cm = -0.0360     CD =  0.01989   =>   CDf =  0.00679    CDp =  0.01311

 Side 1  free  transition at x/c =  0.1003   37
 Side 2 forced transition at x/c =  1.0000   67

   3   rms: 0.7223E-03   max: -.8125E-02   D at    4  1
       a =  9.000      CL =  1.3109
      Cm = -0.0360     CD =  0.01990   =>   CDf =  0.00679    CDp =  0.01311

 Side 1  free  transition at x/c =  0.1003   37
 Side 2 forced transition at x/c =  1.0000   67

   4   rms: 0.8596E-05   max: 0.3275E-04   D at   90  1
       a =  9.000      CL =  1.3109
      Cm = -0.0360     CD =  0.01990   =>   CDf =  0.00679    CDp =  0.01311
 plradd ia,ip,cpol           27           0  2.48594172E-02

 Point added to stored polar  1
 Point written to save file  eiffel430_Re500k.base.pol                       
 Dump file unspecified or not available
 Calculating wake trajectory ...
 Calculating source influence matrix ...

 Solving BL system ...

 Side 1  free  transition at x/c =  0.1003   37
 Side 2 forced transition at x/c =  1.0000   67

   1   rms: 0.7063E-01   max: -.2581E+00   D at   37  1
       a =  9.500      CL =  1.3308
      Cm = -0.0312     CD =  0.02152   =>   CDf =  0.00679    CDp =  0.01473

 Side 1  free  transition at x/c =  0.0948   36
 Side 2 forced transition at x/c =  1.0000   67

   2   rms: 0.2355E-01   max: -.2226E+00   D at   37  1
       a =  9.500      CL =  1.3330
      Cm = -0.0316     CD =  0.02124   =>   CDf =  0.00672    CDp =  0.01452

 Side 1  free  transition at x/c =  0.0945   36
 Side 2 forced transition at x/c =  1.0000   67

   3   rms: 0.1894E-02   max: -.1471E-01   D at   37  1
       a =  9.500      CL =  1.3339
      Cm = -0.0317     CD =  0.02129   =>   CDf =  0.00672    CDp =  0.01456

 Side 1  free  transition at x/c =  0.0943   36
 Side 2 forced transition at x/c =  1.0000   67

   4   rms: 0.1674E-04   max: 0.2580E-03   D at   88  1
       a =  9.500      CL =  1.3339
      Cm = -0.0317     CD =  0.02129   =>   CDf =  0.00672    CDp =  0.01457
 plradd ia,ip,cpol           28           0  2.47186655E-03

 Point added to stored polar  1
 Point written to save file  eiffel430_Re500k.base.pol                       
 Dump file unspecified or not available
 Calculating wake trajectory ...
 Calculating source influence matrix ...

 Solving BL system ...

 Side 1  free  transition at x/c =  0.0943   36
 Side 2 forced transition at x/c =  1.0000   67

   1   rms: 0.6788E-01   max: -.2880E+00   C at   36  1
       a = 10.000      CL =  1.3695
      Cm = -0.0293     CD =  0.02208   =>   CDf =  0.00673    CDp =  0.01535

 Side 1  free  transition at x/c =  0.0877   36
 Side 2 forced transition at x/c =  1.0000   67

   2   rms: 0.1188E-01   max: -.1383E+00   D at   36  1
       a = 10.000      CL =  1.3656
      Cm = -0.0289     CD =  0.02224   =>   CDf =  0.00665    CDp =  0.01559

 Side 1  free  transition at x/c =  0.0886   36
 Side 2 forced transition at x/c =  1.0000   67

   3   rms: 0.5749E-03   max: 0.4806E-02   T at   36  1
       a = 10.000      CL =  1.3658
      Cm = -0.0289     CD =  0.02226   =>   CDf =  0.00665    CDp =  0.01561

 Side 1  free  transition at x/c =  0.0885   36
 Side 2 forced transition at x/c =  1.0000   67

   4   rms: 0.2178E-04   max: 0.7396E-04   D at   87  1
       a = 10.000      CL =  1.3658
      Cm = -0.0289     CD =  0.02226   =>   CDf =  0.00665    CDp =  0.01561
 plradd ia,ip,cpol           29           0  1.50927494E-03

 Point added to stored polar  1
 Point written to save file  eiffel430_Re500k.base.pol                       
 Dump file unspecified or not available

.OPERva   c>  
 Solving BL system ...

 Side 1  free  transition at x/c =  0.0885   36
 Side 2 forced transition at x/c =  1.0000   67

   1   rms: 0.8832E-06   max: 0.7711E-05   D at    4  2
       a = 10.000      CL =  1.3658
      Cm = -0.0289     CD =  0.02226   =>   CDf =  0.00665    CDp =  0.01561
 plradd ia,ip,cpol           30         182  1.50927494E-03

 Point added to stored polar  1
 Point written to save file  eiffel430_Re500k.base.pol                       
 Dump file unspecified or not available
 Calculating wake trajectory ...
 Calculating source influence matrix ...

 Solving BL system ...

 Side 1  free  transition at x/c =  0.0885   36
 Side 2 forced transition at x/c =  1.0000   67

   1   rms: 0.3377E-01   max: -.1063E+00   D at   36  1
       a = 10.250      CL =  1.3797
      Cm = -0.0274     CD =  0.02293   =>   CDf =  0.00646    CDp =  0.01646

 Side 1  free  transition at x/c =  0.0865   37
 Side 2 forced transition at x/c =  1.0000   66

   2   rms: 0.4191E-02   max: -.3805E-01   D at    2  1
       a = 10.250      CL =  1.3777
      Cm = -0.0272     CD =  0.02302   =>   CDf =  0.00664    CDp =  0.01638

 Side 1  free  transition at x/c =  0.0863   37
 Side 2 forced transition at x/c =  1.0000   66

   3   rms: 0.1185E-02   max: -.1376E-01   D at    4  1
       a = 10.250      CL =  1.3777
      Cm = -0.0272     CD =  0.02301   =>   CDf =  0.00664    CDp =  0.01638

 Side 1  free  transition at x/c =  0.0863   37
 Side 2 forced transition at x/c =  1.0000   66

   4   rms: 0.2144E-05   max: 0.2496E-04   D at    8  1
       a = 10.250      CL =  1.3777
      Cm = -0.0272     CD =  0.02301   =>   CDf =  0.00664    CDp =  0.01638
 plradd ia,ip,cpol           31           0  1.50927494E-03

 Point added to stored polar  1
 Point written to save file  eiffel430_Re500k.base.pol                       
 Dump file unspecified or not available
 Calculating wake trajectory ...
 Calculating source influence matrix ...

 Solving BL system ...

 Side 1  free  transition at x/c =  0.0863   37
 Side 2 forced transition at x/c =  1.0000   66

   1   rms: 0.3468E-01   max: -.1356E+00   D at   37  1
       a = 10.500      CL =  1.3888
      Cm = -0.0254     CD =  0.02391   =>   CDf =  0.00664    CDp =  0.01727

 Side 1  free  transition at x/c =  0.0838   37
 Side 2 forced transition at x/c =  1.0000   66

   2   rms: 0.8779E-02   max: 0.3704E-01   D at   87  1
       a = 10.500      CL =  1.3823
      Cm = -0.0246     CD =  0.02428   =>   CDf =  0.00663    CDp =  0.01766

 Side 1  free  transition at x/c =  0.0834   36
 Side 2 forced transition at x/c =  1.0000   66

   3   rms: 0.5511E-02   max: -.4983E-01   D at   36  1
       a = 10.500      CL =  1.3850
      Cm = -0.0249     CD =  0.02407   =>   CDf =  0.00662    CDp =  0.01745

 Side 1  free  transition at x/c =  0.0835   36
 Side 2 forced transition at x/c =  1.0000   66

   4   rms: 0.2898E-03   max: -.1218E-02   D at   87  1
       a = 10.500      CL =  1.3852
      Cm = -0.0250     CD =  0.02407   =>   CDf =  0.00663    CDp =  0.01745

 Side 1  free  transition at x/c =  0.0835   36
 Side 2 forced transition at x/c =  1.0000   66

   5   rms: 0.1568E-05   max: -.9808E-05   D at   78  2
       a = 10.500      CL =  1.3852
      Cm = -0.0250     CD =  0.02407   =>   CDf =  0.00663    CDp =  0.01745
 plradd ia,ip,cpol           32           0  1.50927494E-03

 Point added to stored polar  1
 Point written to save file  eiffel430_Re500k.base.pol                       
 Dump file unspecified or not available
 Calculating wake trajectory ...
 Calculating source influence matrix ...

 Solving BL system ...

 Side 1  free  transition at x/c =  0.0835   36
 Side 2 forced transition at x/c =  1.0000   66

   1   rms: 0.3337E-01   max: -.1618E+00   C at   36  1
       a = 10.750      CL =  1.4029
      Cm = -0.0240     CD =  0.02453   =>   CDf =  0.00663    CDp =  0.01790

 Side 1  free  transition at x/c =  0.0820   36
 Side 2 forced transition at x/c =  1.0000   66

   2   rms: 0.1453E-02   max: 0.6043E-02   D at   86  1
       a = 10.750      CL =  1.4017
      Cm = -0.0238     CD =  0.02458   =>   CDf =  0.00656    CDp =  0.01803

 Side 1  free  transition at x/c =  0.0820   36
 Side 2 forced transition at x/c =  1.0000   66

   3   rms: 0.1845E-04   max: 0.1176E-03   D at   86  1
       a = 10.750      CL =  1.4017
      Cm = -0.0238     CD =  0.02458   =>   CDf =  0.00655    CDp =  0.01803
 plradd ia,ip,cpol           33           0  1.50927494E-03

 Point added to stored polar  1
 Point written to save file  eiffel430_Re500k.base.pol                       
 Dump file unspecified or not available
 Calculating wake trajectory ...
 Calculating source influence matrix ...

 Solving BL system ...

 Side 1  free  transition at x/c =  0.0820   36
 Side 2 forced transition at x/c =  1.0000   66

   1   rms: 0.3251E-01   max: 0.4133E-01   D at   76  2
       a = 11.000      CL =  1.4179
      Cm = -0.0227     CD =  0.02516   =>   CDf =  0.00656    CDp =  0.01861

 Side 1  free  transition at x/c =  0.0796   36
 Side 2 forced transition at x/c =  1.0000   66

   2   rms: 0.3069E-02   max: -.3822E-01   D at   36  1
       a = 11.000      CL =  1.4172
      Cm = -0.0227     CD =  0.02516   =>   CDf =  0.00650    CDp =  0.01866

 Side 1  free  transition at x/c =  0.0799   36
 Side 2 forced transition at x/c =  1.0000   66

   3   rms: 0.1525E-03   max: -.6409E-03   D at   87  1
       a = 11.000      CL =  1.4173
      Cm = -0.0227     CD =  0.02515   =>   CDf =  0.00650    CDp =  0.01866

 Side 1  free  transition at x/c =  0.0799   36
 Side 2 forced transition at x/c =  1.0000   66

   4   rms: 0.1315E-05   max: -.9733E-05   D at   80  2
       a = 11.000      CL =  1.4173
      Cm = -0.0227     CD =  0.02515   =>   CDf =  0.00650    CDp =  0.01866
 plradd ia,ip,cpol           34           0  1.50927494E-03

 Point added to stored polar  1
 Point written to save file  eiffel430_Re500k.base.pol                       
 Dump file unspecified or not available
 Calculating wake trajectory ...
 Calculating source influence matrix ...

 Solving BL system ...

 Side 1  free  transition at x/c =  0.0799   36
 Side 2 forced transition at x/c =  1.0000   66

   1   rms: 0.3301E-01   max: 0.4036E-01   D at   76  2
       a = 11.250      CL =  1.4336
      Cm = -0.0217     CD =  0.02574   =>   CDf =  0.00629    CDp =  0.01944

 Side 1  free  transition at x/c =  0.0774   37
 Side 2 forced transition at x/c =  1.0000   65

   2   rms: 0.5401E-02   max: -.8312E-01   D at    2  1
       a = 11.250      CL =  1.4326
      Cm = -0.0216     CD =  0.02576   =>   CDf =  0.00646    CDp =  0.01929

 Side 1  free  transition at x/c =  0.0776   37
 Side 2 forced transition at x/c =  1.0000   65

   3   rms: 0.1033E-02   max: -.1237E-01   D at    4  1
       a = 11.250      CL =  1.4327
      Cm = -0.0216     CD =  0.02576   =>   CDf =  0.00646    CDp =  0.01929

 Side 1  free  transition at x/c =  0.0776   37
 Side 2 forced transition at x/c =  1.0000   65

   4   rms: 0.1557E-05   max: 0.1453E-04   D at    6  1
       a = 11.250      CL =  1.4327
      Cm = -0.0216     CD =  0.02576   =>   CDf =  0.00646    CDp =  0.01929
 plradd ia,ip,cpol           35           0  1.50927494E-03

 Point added to stored polar  1
 Point written to save file  eiffel430_Re500k.base.pol                       
 Dump file unspecified or not available
 Calculating wake trajectory ...
 Calculating source influence matrix ...

 Solving BL system ...

 Side 1  free  transition at x/c =  0.0776   37
 Side 2 forced transition at x/c =  1.0000   65

   1   rms: 0.3385E-01   max: -.1071E+00   D at   37  1
       a = 11.500      CL =  1.4477
      Cm = -0.0205     CD =  0.02644   =>   CDf =  0.00646    CDp =  0.01998

 Side 1  free  transition at x/c =  0.0757   37
 Side 2 forced transition at x/c =  1.0000   65

   2   rms: 0.3099E-02   max: 0.1660E-01   D at   86  1
       a = 11.500      CL =  1.4457
      Cm = -0.0203     CD =  0.02654   =>   CDf =  0.00645    CDp =  0.02009

 Side 1  free  transition at x/c =  0.0757   37
 Side 2 forced transition at x/c =  1.0000   65

   3   rms: 0.7569E-04   max: 0.5828E-03   D at   86  1
       a = 11.500      CL =  1.4456
      Cm = -0.0203     CD =  0.02654   =>   CDf =  0.00645    CDp =  0.02009
 plradd ia,ip,cpol           36           0  1.50927494E-03

 Point added to stored polar  1
 Point written to save file  eiffel430_Re500k.base.pol                       
 Dump file unspecified or not available
 Calculating wake trajectory ...
 Calculating source influence matrix ...

 Solving BL system ...

 Side 1  free  transition at x/c =  0.0757   37
 Side 2 forced transition at x/c =  1.0000   65

   1   rms: 0.3273E-01   max: -.1009E+00   D at   37  1
       a = 11.750      CL =  1.4575
      Cm = -0.0190     CD =  0.02748   =>   CDf =  0.00645    CDp =  0.02103

 Side 1  free  transition at x/c =  0.0739   37
 Side 2 forced transition at x/c =  1.0000   65

   2   rms: 0.3815E-02   max: 0.1743E-01   D at   85  1
       a = 11.750      CL =  1.4544
      Cm = -0.0187     CD =  0.02764   =>   CDf =  0.00644    CDp =  0.02120

 Side 1  free  transition at x/c =  0.0738   37
 Side 2 forced transition at x/c =  1.0000   65

   3   rms: 0.1466E-03   max: 0.1670E-02   D at   85  1
       a = 11.750      CL =  1.4543
      Cm = -0.0187     CD =  0.02763   =>   CDf =  0.00644    CDp =  0.02119

 Side 1  free  transition at x/c =  0.0738   37
 Side 2 forced transition at x/c =  1.0000   65

   4   rms: 0.2935E-05   max: 0.1602E-04   D at   85  1
       a = 11.750      CL =  1.4543
      Cm = -0.0187     CD =  0.02763   =>   CDf =  0.00644    CDp =  0.02119
 plradd ia,ip,cpol           37           0  1.50927494E-03

 Point added to stored polar  1
 Point written to save file  eiffel430_Re500k.base.pol                       
 Dump file unspecified or not available
 Calculating wake trajectory ...
 Calculating source influence matrix ...

 Solving BL system ...

 Side 1  free  transition at x/c =  0.0738   37
 Side 2 forced transition at x/c =  1.0000   65

   1   rms: 0.3415E-01   max: 0.9504E-01   D at   82  1
       a = 12.000      CL =  1.4613
      Cm = -0.0170     CD =  0.02899   =>   CDf =  0.00644    CDp =  0.02255

 Side 1  free  transition at x/c =  0.0722   36
 Side 2 forced transition at x/c =  1.0000   65

   2   rms: 0.9023E-02   max: -.8202E-01   D at   36  1
       a = 12.000      CL =  1.4640
      Cm = -0.0173     CD =  0.02866   =>   CDf =  0.00638    CDp =  0.02229

 Side 1  free  transition at x/c =  0.0723   36
 Side 2 forced transition at x/c =  1.0000   65

   3   rms: 0.5952E-03   max: -.2506E-02   D at   85  1
       a = 12.000      CL =  1.4644
      Cm = -0.0173     CD =  0.02867   =>   CDf =  0.00638    CDp =  0.02229

 Side 1  free  transition at x/c =  0.0723   36
 Side 2 forced transition at x/c =  1.0000   65

   4   rms: 0.4105E-05   max: -.2905E-04   D at   73  2
       a = 12.000      CL =  1.4644
      Cm = -0.0173     CD =  0.02867   =>   CDf =  0.00638    CDp =  0.02229
 plradd ia,ip,cpol           38           0  1.50927494E-03

 Point added to stored polar  1
 Point written to save file  eiffel430_Re500k.base.pol                       
 Dump file unspecified or not available
 Calculating wake trajectory ...
 Calculating source influence matrix ...

 Solving BL system ...

 Side 1  free  transition at x/c =  0.0723   36
 Side 2 forced transition at x/c =  1.0000   65

   1   rms: 0.3183E-01   max: -.7569E-01   D at    3  2   RLX: 0.990
       a = 12.250      CL =  1.4780
      Cm = -0.0163     CD =  0.02952   =>   CDf =  0.00638    CDp =  0.02314

 Side 1  free  transition at x/c =  0.0708   36
 Side 2 forced transition at x/c =  1.0000   65

   2   rms: 0.2905E-02   max: -.3836E-01   D at   36  1
       a = 12.250      CL =  1.4776
      Cm = -0.0163     CD =  0.02949   =>   CDf =  0.00631    CDp =  0.02318

 Side 1  free  transition at x/c =  0.0710   36
 Side 2 forced transition at x/c =  1.0000   65

   3   rms: 0.1541E-03   max: -.6481E-03   D at   85  1
       a = 12.250      CL =  1.4777
      Cm = -0.0163     CD =  0.02949   =>   CDf =  0.00630    CDp =  0.02318

 Side 1  free  transition at x/c =  0.0710   36
 Side 2 forced transition at x/c =  1.0000   65

   4   rms: 0.1571E-05   max: -.1094E-04   D at   79  2
       a = 12.250      CL =  1.4777
      Cm = -0.0163     CD =  0.02949   =>   CDf =  0.00630    CDp =  0.02318
 plradd ia,ip,cpol           39           0  7.81371840E-04

 Point added to stored polar  1
 Point written to save file  eiffel430_Re500k.base.pol                       
 Dump file unspecified or not available
 Calculating wake trajectory ...
 Calculating source influence matrix ...

 Solving BL system ...

 Side 1  free  transition at x/c =  0.0710   36
 Side 2 forced transition at x/c =  1.0000   65

   1   rms: 0.3138E-01   max: 0.8344E-01   T at   36  1   RLX: 0.960
       a = 12.500      CL =  1.4906
      Cm = -0.0154     CD =  0.03035   =>   CDf =  0.00606    CDp =  0.02429

 Side 1  free  transition at x/c =  0.0693   37
 Side 2 forced transition at x/c =  1.0000   64

   2   rms: 0.2536E-02   max: 0.1968E-01   T at    2  2
       a = 12.500      CL =  1.4902
      Cm = -0.0153     CD =  0.03039   =>   CDf =  0.00624    CDp =  0.02415

 Side 1  free  transition at x/c =  0.0694   37
 Side 2 forced transition at x/c =  1.0000   64

   3   rms: 0.8840E-03   max: -.1046E-01   D at    4  1
       a = 12.500      CL =  1.4903
      Cm = -0.0153     CD =  0.03038   =>   CDf =  0.00623    CDp =  0.02415

 Side 1  free  transition at x/c =  0.0694   37
 Side 2 forced transition at x/c =  1.0000   64

   4   rms: 0.2530E-05   max: 0.9520E-05   D at   81  1
       a = 12.500      CL =  1.4903
      Cm = -0.0153     CD =  0.03038   =>   CDf =  0.00623    CDp =  0.02415
 plradd ia,ip,cpol           40           0  7.81371840E-04

 Point added to stored polar  1
 Point written to save file  eiffel430_Re500k.base.pol                       
 Dump file unspecified or not available
 Calculating wake trajectory ...
 Calculating source influence matrix ...

 Solving BL system ...

 Side 1  free  transition at x/c =  0.0694   37
 Side 2 forced transition at x/c =  1.0000   64

   1   rms: 0.3154E-01   max: 0.5335E-01   D at   76  2   RLX: 0.930
       a = 12.750      CL =  1.5019
      Cm = -0.0144     CD =  0.03132   =>   CDf =  0.00624    CDp =  0.02508

 Side 1  free  transition at x/c =  0.0680   37
 Side 2 forced transition at x/c =  1.0000   64

   2   rms: 0.2612E-02   max: 0.1844E-01   D at   84  1
       a = 12.750      CL =  1.5014
      Cm = -0.0142     CD =  0.03142   =>   CDf =  0.00618    CDp =  0.02523

 Side 1  free  transition at x/c =  0.0680   37
 Side 2 forced transition at x/c =  1.0000   64

   3   rms: 0.7190E-04   max: 0.5339E-03   D at   74  2
       a = 12.750      CL =  1.5014
      Cm = -0.0142     CD =  0.03141   =>   CDf =  0.00618    CDp =  0.02523
 plradd ia,ip,cpol           41           0  7.81371840E-04

 Point added to stored polar  1
 Point written to save file  eiffel430_Re500k.base.pol                       
 Dump file unspecified or not available
 Calculating wake trajectory ...
 Calculating source influence matrix ...

 Solving BL system ...

 Side 1  free  transition at x/c =  0.0680   37
 Side 2 forced transition at x/c =  1.0000   64

   1   rms: 0.3190E-01   max: -.9719E-01   D at   37  1   RLX: 0.901
       a = 13.000      CL =  1.5127
      Cm = -0.0135     CD =  0.03233   =>   CDf =  0.00618    CDp =  0.02615

 Side 1  free  transition at x/c =  0.0663   37
 Side 2 forced transition at x/c =  1.0000   64

   2   rms: 0.3351E-02   max: 0.1830E-01   D at   83  1
       a = 13.000      CL =  1.5123
      Cm = -0.0133     CD =  0.03250   =>   CDf =  0.00616    CDp =  0.02634

 Side 1  free  transition at x/c =  0.0663   37
 Side 2 forced transition at x/c =  1.0000   64

   3   rms: 0.1826E-03   max: 0.1523E-02   D at   74  2
       a = 13.000      CL =  1.5122
      Cm = -0.0133     CD =  0.03249   =>   CDf =  0.00615    CDp =  0.02634

 Side 1  free  transition at x/c =  0.0663   37
 Side 2 forced transition at x/c =  1.0000   64

   4   rms: 0.4800E-05   max: 0.2778E-04   D at   74  2
       a = 13.000      CL =  1.5122
      Cm = -0.0133     CD =  0.03249   =>   CDf =  0.00615    CDp =  0.02634
 plradd ia,ip,cpol           42           0  7.81371840E-04

 Point added to stored polar  1
 Point written to save file  eiffel430_Re500k.base.pol                       
 Dump file unspecified or not available
 Calculating wake trajectory ...
 Calculating source influence matrix ...

 Solving BL system ...

 Side 1  free  transition at x/c =  0.0663   37
 Side 2 forced transition at x/c =  1.0000   64

   1   rms: 0.3222E-01   max: -.1030E+00   D at   37  1   RLX: 0.868
       a = 13.250      CL =  1.5208
      Cm = -0.0125     CD =  0.03362   =>   CDf =  0.00615    CDp =  0.02746

 Side 1  free  transition at x/c =  0.0648   37
 Side 2 forced transition at x/c =  1.0000   64

   2   rms: 0.5568E-02   max: 0.2624E-01   D at   82  1
       a = 13.250      CL =  1.5192
      Cm = -0.0122     CD =  0.03394   =>   CDf =  0.00614    CDp =  0.02780

 Side 1  free  transition at x/c =  0.0645   37
 Side 2 forced transition at x/c =  1.0000   64

   3   rms: 0.4850E-03   max: 0.4156E-02   D at   82  1
       a = 13.250      CL =  1.5188
      Cm = -0.0122     CD =  0.03393   =>   CDf =  0.00613    CDp =  0.02780

 Side 1  free  transition at x/c =  0.0646   37
 Side 2 forced transition at x/c =  1.0000   64

   4   rms: 0.1113E-04   max: 0.7943E-04   D at   74  2
       a = 13.250      CL =  1.5188
      Cm = -0.0122     CD =  0.03393   =>   CDf =  0.00613    CDp =  0.02780
 plradd ia,ip,cpol           43           0  7.81371840E-04

 Point added to stored polar  1
 Point written to save file  eiffel430_Re500k.base.pol                       
 Dump file unspecified or not available
 Calculating wake trajectory ...
 Calculating source influence matrix ...

 Solving BL system ...

 Side 1  free  transition at x/c =  0.0646   37
 Side 2 forced transition at x/c =  1.0000   64

   1   rms: 0.3300E-01   max: 0.9837E-01   D at   80  1   RLX: 0.831
       a = 13.500      CL =  1.5235
      Cm = -0.0113     CD =  0.03538   =>   CDf =  0.00613    CDp =  0.02924

 Side 1  free  transition at x/c =  0.0633   37
 Side 2 forced transition at x/c =  1.0000   64

   2   rms: 0.7513E-02   max: 0.3545E-01   D at   81  1
       a = 13.500      CL =  1.5213
      Cm = -0.0109     CD =  0.03583   =>   CDf =  0.00610    CDp =  0.02973

 Side 1  free  transition at x/c =  0.0630   36
 Side 2 forced transition at x/c =  1.0000   64

   3   rms: 0.1908E-02   max: -.1910E-01   D at   36  1
       a = 13.500      CL =  1.5220
      Cm = -0.0110     CD =  0.03570   =>   CDf =  0.00608    CDp =  0.02961

 Side 1  free  transition at x/c =  0.0631   36
 Side 2 forced transition at x/c =  1.0000   64

   4   rms: 0.1414E-03   max: -.5242E-03   D at   75  2
       a = 13.500      CL =  1.5221
      Cm = -0.0110     CD =  0.03570   =>   CDf =  0.00608    CDp =  0.02961

 Side 1  free  transition at x/c =  0.0631   36
 Side 2 forced transition at x/c =  1.0000   64

   5   rms: 0.3752E-05   max: -.2134E-04   D at   75  2
       a = 13.500      CL =  1.5221
      Cm = -0.0110     CD =  0.03570   =>   CDf =  0.00608    CDp =  0.02961
 plradd ia,ip,cpol           44           0  7.81371840E-04

 Point added to stored polar  1
 Point written to save file  eiffel430_Re500k.base.pol                       
 Dump file unspecified or not available
 Calculating wake trajectory ...
 Calculating source influence matrix ...

 Solving BL system ...

 Side 1  free  transition at x/c =  0.0631   36
 Side 2 forced transition at x/c =  1.0000   64

   1   rms: 0.3100E-01   max: -.1080E+00   C at   36  1   RLX: 0.806
       a = 13.750      CL =  1.5320
      Cm = -0.0105     CD =  0.03665   =>   CDf =  0.00580    CDp =  0.03085

 Side 1  free  transition at x/c =  0.0623   37
 Side 2 forced transition at x/c =  1.0000   63

   2   rms: 0.8259E-02   max: 0.9597E-01   T at    2  1
       a = 13.750      CL =  1.5336
      Cm = -0.0103     CD =  0.03686   =>   CDf =  0.00599    CDp =  0.03086

 Side 1  free  transition at x/c =  0.0621   37
 Side 2 forced transition at x/c =  1.0000   63

   3   rms: 0.2620E-03   max: -.1998E-02   D at    4  1
       a = 13.750      CL =  1.5334
      Cm = -0.0103     CD =  0.03684   =>   CDf =  0.00597    CDp =  0.03087

 Side 1  free  transition at x/c =  0.0621   37
 Side 2 forced transition at x/c =  1.0000   63

   4   rms: 0.4156E-05   max: -.1452E-04   D at   80  1
       a = 13.750      CL =  1.5334
      Cm = -0.0103     CD =  0.03684   =>   CDf =  0.00597    CDp =  0.03087
 plradd ia,ip,cpol           45           0  7.81371840E-04

 Point added to stored polar  1
 Point written to save file  eiffel430_Re500k.base.pol                       
 Dump file unspecified or not available
 Calculating wake trajectory ...
 Calculating source influence matrix ...

 Solving BL system ...

 Side 1  free  transition at x/c =  0.0621   37
 Side 2 forced transition at x/c =  1.0000   63

   1   rms: 0.3073E-01   max: 0.7104E-01   D at   80  1   RLX: 0.782
       a = 14.000      CL =  1.5414
      Cm = -0.0098     CD =  0.03794   =>   CDf =  0.00598    CDp =  0.03196

 Side 1  free  transition at x/c =  0.0613   37
 Side 2 forced transition at x/c =  1.0000   63

   2   rms: 0.6791E-02   max: 0.2828E-01   D at   81  1
       a = 14.000      CL =  1.5425
      Cm = -0.0096     CD =  0.03824   =>   CDf =  0.00590    CDp =  0.03234

 Side 1  free  transition at x/c =  0.0611   37
 Side 2 forced transition at x/c =  1.0000   63

   3   rms: 0.3677E-03   max: 0.2770E-02   D at   74  2
       a = 14.000      CL =  1.5423
      Cm = -0.0096     CD =  0.03821   =>   CDf =  0.00588    CDp =  0.03234

 Side 1  free  transition at x/c =  0.0611   37
 Side 2 forced transition at x/c =  1.0000   63

   4   rms: 0.4696E-05   max: 0.4746E-04   D at   74  2
       a = 14.000      CL =  1.5423
      Cm = -0.0096     CD =  0.03821   =>   CDf =  0.00588    CDp =  0.03233
 plradd ia,ip,cpol           46           0  7.81371840E-04

 Point added to stored polar  1
 Point written to save file  eiffel430_Re500k.base.pol                       
 Dump file unspecified or not available
 Calculating wake trajectory ...
 Calculating source influence matrix ...

 Solving BL system ...

 Side 1  free  transition at x/c =  0.0611   37
 Side 2 forced transition at x/c =  1.0000   63

   1   rms: 0.3081E-01   max: 0.8215E-01   T at   37  1   RLX: 0.759
       a = 14.250      CL =  1.5506
      Cm = -0.0092     CD =  0.03925   =>   CDf =  0.00588    CDp =  0.03337

 Side 1  free  transition at x/c =  0.0599   37
 Side 2 forced transition at x/c =  1.0000   63

   2   rms: 0.7389E-02   max: -.3114E-01   D at   37  1
       a = 14.250      CL =  1.5520
      Cm = -0.0091     CD =  0.03958   =>   CDf =  0.00582    CDp =  0.03377

 Side 1  free  transition at x/c =  0.0596   37
 Side 2 forced transition at x/c =  1.0000   63

   3   rms: 0.4317E-03   max: 0.2544E-02   D at   80  1
       a = 14.250      CL =  1.5517
      Cm = -0.0090     CD =  0.03957   =>   CDf =  0.00580    CDp =  0.03377

 Side 1  free  transition at x/c =  0.0596   37
 Side 2 forced transition at x/c =  1.0000   63

   4   rms: 0.1009E-04   max: 0.7880E-04   D at   74  2
       a = 14.250      CL =  1.5517
      Cm = -0.0090     CD =  0.03956   =>   CDf =  0.00579    CDp =  0.03377
 plradd ia,ip,cpol           47           0  7.81371840E-04

 Point added to stored polar  1
 Point written to save file  eiffel430_Re500k.base.pol                       
 Dump file unspecified or not available
 Calculating wake trajectory ...
 Calculating source influence matrix ...

 Solving BL system ...

 Side 1  free  transition at x/c =  0.0596   37
 Side 2 forced transition at x/c =  1.0000   63

   1   rms: 0.3121E-01   max: -.9434E-01   D at   37  1   RLX: 0.738
       a = 14.500      CL =  1.5596
      Cm = -0.0088     CD =  0.04061   =>   CDf =  0.00580    CDp =  0.03481

 Side 1  free  transition at x/c =  0.0582   37
 Side 2 forced transition at x/c =  1.0000   63

   2   rms: 0.8186E-02   max: -.4293E-01   D at   37  1
       a = 14.500      CL =  1.5606
      Cm = -0.0086     CD =  0.04106   =>   CDf =  0.00576    CDp =  0.03530

 Side 1  free  transition at x/c =  0.0578   37
 Side 2 forced transition at x/c =  1.0000   63

   3   rms: 0.6863E-03   max: 0.4816E-02   D at   79  1
       a = 14.500      CL =  1.5601
      Cm = -0.0086     CD =  0.04105   =>   CDf =  0.00574    CDp =  0.03530

 Side 1  free  transition at x/c =  0.0579   37
 Side 2 forced transition at x/c =  1.0000   63

   4   rms: 0.2134E-04   max: 0.1474E-03   D at   75  2
       a = 14.500      CL =  1.5601
      Cm = -0.0086     CD =  0.04104   =>   CDf =  0.00574    CDp =  0.03530
 plradd ia,ip,cpol           48           0  7.81371840E-04

 Point added to stored polar  1
 Point written to save file  eiffel430_Re500k.base.pol                       
 Dump file unspecified or not available
 Calculating wake trajectory ...
 Calculating source influence matrix ...

 Solving BL system ...

 Side 1  free  transition at x/c =  0.0579   37
 Side 2 forced transition at x/c =  1.0000   63

   1   rms: 0.3200E-01   max: -.1223E+00   D at   37  1   RLX: 0.714
       a = 14.750      CL =  1.5658
      Cm = -0.0083     CD =  0.04230   =>   CDf =  0.00574    CDp =  0.03656

 Side 1  free  transition at x/c =  0.0565   37
 Side 2 forced transition at x/c =  1.0000   63

   2   rms: 0.9825E-02   max: 0.3802E-01   D at   78  1
       a = 14.750      CL =  1.5652
      Cm = -0.0081     CD =  0.04298   =>   CDf =  0.00572    CDp =  0.03726

 Side 1  free  transition at x/c =  0.0561   37
 Side 2 forced transition at x/c =  1.0000   63

   3   rms: 0.1087E-02   max: 0.7188E-02   D at   78  1
       a = 14.750      CL =  1.5644
      Cm = -0.0081     CD =  0.04297   =>   CDf =  0.00571    CDp =  0.03726

 Side 1  free  transition at x/c =  0.0561   37
 Side 2 forced transition at x/c =  1.0000   63

   4   rms: 0.4630E-04   max: 0.3160E-03   D at   75  2
       a = 14.750      CL =  1.5644
      Cm = -0.0081     CD =  0.04296   =>   CDf =  0.00571    CDp =  0.03725
 plradd ia,ip,cpol           49           0  7.81371840E-04

 Point added to stored polar  1
 Point written to save file  eiffel430_Re500k.base.pol                       
 Dump file unspecified or not available
 Calculating wake trajectory ...
 Calculating source influence matrix ...

 Solving BL system ...

 Side 1  free  transition at x/c =  0.0561   37
 Side 2 forced transition at x/c =  1.0000   63

   1   rms: 0.3312E-01   max: -.1138E+00   D at   37  1   RLX: 0.685
       a = 15.000      CL =  1.5666
      Cm = -0.0078     CD =  0.04459   =>   CDf =  0.00571    CDp =  0.03888

 Side 1  free  transition at x/c =  0.0548   37
 Side 2 forced transition at x/c =  1.0000   63

   2   rms: 0.1264E-01   max: 0.5360E-01   D at   77  1
       a = 15.000      CL =  1.5636
      Cm = -0.0076     CD =  0.04559   =>   CDf =  0.00568    CDp =  0.03990

 Side 1  free  transition at x/c =  0.0542   37
 Side 2 forced transition at x/c =  1.0000   63

   3   rms: 0.1920E-02   max: 0.1388E-01   D at   77  1
       a = 15.000      CL =  1.5623
      Cm = -0.0075     CD =  0.04557   =>   CDf =  0.00567    CDp =  0.03990

 Side 1  free  transition at x/c =  0.0543   37
 Side 2 forced transition at x/c =  1.0000   63

   4   rms: 0.7085E-04   max: 0.6511E-03   D at   75  2
       a = 15.000      CL =  1.5622
      Cm = -0.0075     CD =  0.04556   =>   CDf =  0.00566    CDp =  0.03989
 plradd ia,ip,cpol           50           0  7.81371840E-04

 Point added to stored polar  1
 Point written to save file  eiffel430_Re500k.base.pol                       
 Dump file unspecified or not available
 Calculating wake trajectory ...
 Calculating source influence matrix ...

 Solving BL system ...

 Side 1  free  transition at x/c =  0.0543   37
 Side 2 forced transition at x/c =  1.0000   63

   1   rms: 0.3626E-01   max: 0.1317E+00   D at   75  1   RLX: 0.653
       a = 15.250      CL =  1.5604
      Cm = -0.0073     CD =  0.04762   =>   CDf =  0.00567    CDp =  0.04195

 Side 1  free  transition at x/c =  0.0534   36
 Side 2 forced transition at x/c =  1.0000   63

   2   rms: 0.1878E-01   max: -.1382E+00   C at   36  1
       a = 15.250      CL =  1.5716
      Cm = -0.0073     CD =  0.04700   =>   CDf =  0.00527    CDp =  0.04173

 Side 1  free  transition at x/c =  0.0532   37
 Side 2 forced transition at x/c =  1.0000   62

   3   rms: 0.2385E-02   max: -.3502E-01   D at    2  1
       a = 15.250      CL =  1.5720
      Cm = -0.0073     CD =  0.04700   =>   CDf =  0.00554    CDp =  0.04146

 Side 1  free  transition at x/c =  0.0531   37
 Side 2 forced transition at x/c =  1.0000   62

   4   rms: 0.9884E-03   max: -.1222E-01   D at    4  1
       a = 15.250      CL =  1.5720
      Cm = -0.0073     CD =  0.04701   =>   CDf =  0.00554    CDp =  0.04147

 Side 1  free  transition at x/c =  0.0531   37
 Side 2 forced transition at x/c =  1.0000   62

   5   rms: 0.1974E-05   max: 0.1360E-04   D at   10  1
       a = 15.250      CL =  1.5720
      Cm = -0.0073     CD =  0.04701   =>   CDf =  0.00554    CDp =  0.04147
 plradd ia,ip,cpol           51           0  7.81371840E-04

 Point added to stored polar  1
 Point written to save file  eiffel430_Re500k.base.pol                       
 Dump file unspecified or not available
 Calculating wake trajectory ...
 Calculating source influence matrix ...

 Solving BL system ...

 Side 1  free  transition at x/c =  0.0531   37
 Side 2 forced transition at x/c =  1.0000   62

   1   rms: 0.3144E-01   max: -.1446E+00   C at   37  1   RLX: 0.650
       a = 15.500      CL =  1.5798
      Cm = -0.0072     CD =  0.04795   =>   CDf =  0.00554    CDp =  0.04241

 Side 1  free  transition at x/c =  0.0518   37
 Side 2 forced transition at x/c =  1.0000   62

   2   rms: 0.1082E-01   max: -.4227E-01   D at   37  1
       a = 15.500      CL =  1.5820
      Cm = -0.0071     CD =  0.04857   =>   CDf =  0.00547    CDp =  0.04310

 Side 1  free  transition at x/c =  0.0511   37
 Side 2 forced transition at x/c =  1.0000   62

   3   rms: 0.9381E-03   max: 0.3977E-02   D at   75  2
       a = 15.500      CL =  1.5813
      Cm = -0.0071     CD =  0.04855   =>   CDf =  0.00543    CDp =  0.04312

 Side 1  free  transition at x/c =  0.0511   37
 Side 2 forced transition at x/c =  1.0000   62

   4   rms: 0.2364E-04   max: 0.1941E-03   D at   75  2
       a = 15.500      CL =  1.5812
      Cm = -0.0071     CD =  0.04854   =>   CDf =  0.00543    CDp =  0.04311
 plradd ia,ip,cpol           52           0  2.79954460E-04

 Point added to stored polar  1
 Point written to save file  eiffel430_Re500k.base.pol                       
 Dump file unspecified or not available
 Calculating wake trajectory ...
 Calculating source influence matrix ...

 Solving BL system ...

 Side 1  free  transition at x/c =  0.0511   37
 Side 2 forced transition at x/c =  1.0000   62

   1   rms: 0.3030E-01   max: -.8954E-01   D at   37  1   RLX: 0.631
       a = 15.750      CL =  1.5863
      Cm = -0.0071     CD =  0.04977   =>   CDf =  0.00544    CDp =  0.04433

 Side 1  free  transition at x/c =  0.0499   37
 Side 2 forced transition at x/c =  1.0000   62

   2   rms: 0.1157E-01   max: 0.4138E-01   D at   76  1
       a = 15.750      CL =  1.5868
      Cm = -0.0070     CD =  0.05064   =>   CDf =  0.00539    CDp =  0.04525

 Side 1  free  transition at x/c =  0.0493   37
 Side 2 forced transition at x/c =  1.0000   62

   3   rms: 0.1489E-02   max: 0.7925E-02   D at   76  1
       a = 15.750      CL =  1.5857
      Cm = -0.0070     CD =  0.05063   =>   CDf =  0.00536    CDp =  0.04526

 Side 1  free  transition at x/c =  0.0494   37
 Side 2 forced transition at x/c =  1.0000   62

   4   rms: 0.7628E-04   max: 0.4888E-03   D at   75  2
       a = 15.750      CL =  1.5856
      Cm = -0.0069     CD =  0.05062   =>   CDf =  0.00536    CDp =  0.04526
 plradd ia,ip,cpol           53           0  7.81371840E-04

 Point added to stored polar  1
 Point written to save file  eiffel430_Re500k.base.pol                       
 Dump file unspecified or not available
 Calculating wake trajectory ...
 Calculating source influence matrix ...

 Solving BL system ...

 Side 1  free  transition at x/c =  0.0494   37
 Side 2 forced transition at x/c =  1.0000   62

   1   rms: 0.3171E-01   max: -.1382E+00   D at   37  1   RLX: 0.610
       a = 16.000      CL =  1.5885
      Cm = -0.0070     CD =  0.05210   =>   CDf =  0.00536    CDp =  0.04673

 Side 1  free  transition at x/c =  0.0481   37
 Side 2 forced transition at x/c =  1.0000   62

   2   rms: 0.1350E-01   max: -.5802E-01   D at   37  1
       a = 16.000      CL =  1.5869
      Cm = -0.0069     CD =  0.05328   =>   CDf =  0.00534    CDp =  0.04794

 Side 1  free  transition at x/c =  0.0474   37
 Side 2 forced transition at x/c =  1.0000   62

   3   rms: 0.2397E-02   max: 0.1449E-01   D at   75  1
       a = 16.000      CL =  1.5852
      Cm = -0.0069     CD =  0.05329   =>   CDf =  0.00532    CDp =  0.04798

 Side 1  free  transition at x/c =  0.0475   37
 Side 2 forced transition at x/c =  1.0000   62

   4   rms: 0.1357E-03   max: 0.1212E-02   D at   75  2
       a = 16.000      CL =  1.5851
      Cm = -0.0069     CD =  0.05327   =>   CDf =  0.00531    CDp =  0.04796

 Side 1  free  transition at x/c =  0.0475   37
 Side 2 forced transition at x/c =  1.0000   62

   5   rms: 0.2223E-05   max: 0.2236E-04   D at   75  2
       a = 16.000      CL =  1.5851
      Cm = -0.0069     CD =  0.05327   =>   CDf =  0.00531    CDp =  0.04796
 plradd ia,ip,cpol           54           0  2.79954460E-04

 Point added to stored polar  1
 Point written to save file  eiffel430_Re500k.base.pol                       
 Dump file unspecified or not available

.OPERva   c>  
 Polar accumulation disabled

.OPERv   c>  
 XFOIL   c>  
 XFOIL   c>  