
 ===================================================
  XFOIL Version 6.99
  Copyright (C) 2000   Mark Drela, Harold Youngren

  This software comes with ABSOLUTELY NO WARRANTY,
    subject to the GNU General Public License.

  Caveat computor
 ===================================================

 File  xfoil.def  not found

   QUIT    Exit program

  .OPER    Direct operating point(s)
  .MDES    Complex mapping design routine
  .QDES    Surface speed design routine
  .GDES    Geometry design routine

   SAVE f  Write airfoil to labeled coordinate file
   PSAV f  Write airfoil to plain coordinate file
   ISAV f  Write airfoil to ISES coordinate file
   MSAV f  Write airfoil to MSES coordinate file
   REVE    Reverse written-airfoil node ordering

   LOAD f  Read buffer airfoil from coordinate file
   NACA i  Set NACA 4,5-digit airfoil and buffer airfoil
   INTE    Set buffer airfoil by interpolating two airfoils
   NORM    Buffer airfoil normalization toggle
   XYCM rr Change CM reference location, currently  0.25000 0.00000

   BEND    Display structural properties of current airfoil

   PCOP    Set current-airfoil panel nodes directly from buffer airfoil points
   PANE    Set current-airfoil panel nodes ( 160 ) based on curvature
  .PPAR    Show/change paneling

  .PLOP    Plotting options

   WDEF f  Write  current-settings file
   RDEF f  Reread current-settings file
   NAME s  Specify new airfoil name
   NINC    Increment name version number

   Z       Zoom    | (available in all menus)
   U       Unzoom  | 

 XFOIL   c>  
 Labeled airfoil file.  Name:  FX 76-120                                       

 Number of input coordinate points:  97
 Counterclockwise ordering
 Max thickness =     0.120700  at x =   0.279
 Max camber    =    -0.000000  at x =   0.052

  LE  x,y  =   0.00000   0.00000  |   Chord =   1.00000
  TE  x,y  =   1.00000   0.00000  |

 Current airfoil nodes set from buffer airfoil nodes (  97 )

 XFOIL   c>  
 XFOIL   c>  
 Sharp trailing edge

 Paneling parameters used...
   Number of panel nodes       160
   Panel bunching parameter    1.000
   TE/LE panel density ratio   0.150
   Refined-area/LE panel density ratio    0.200
   Top    side refined area x/c limits  1.000 1.000
   Bottom side refined area x/c limits  1.000 1.000

 XFOIL   c>  
.OPERi   c>  
 Xtr/c     =  1.0000    top    side
 Xtr/c     =  1.0000    bottom side
 Ncrit     =    9.00   ( 0.070 % turb. level )
 Vacc      =  0.0100

 Klag  =  5.6000     Uxwt  =    1.00
 A     =  6.7000     B     =  0.7500       KCt = 0.01485
 CtiniK=  1.8000     CtiniX=  3.3000

..VPAR   c>  
..VPAR   c>  
.OPERi   c>  
 M  =    0.0000
 Re =    600000

.OPERv   c>  
.OPERv   c>  
.OPERv   c>  
 Polar  1 newly created for accumulation
 Airfoil archived with polar: FX 76-120                                       

Enter  polar save filename  OR  <return> for no file   s>  
 New polar save file available

Enter  polar dump filename  OR  <return> for no file   s>  
 Polar dump file will NOT be written

 Polar accumulation enabled

.OPERva   c>   Calculating unit vorticity distributions ...
 Calculating wake trajectory ...
 Calculating source influence matrix ...

 Solving BL system ...

 Initializing BL ...
    side            1  ...
 MRCHUE: Inverse mode at  63     Hk =   4.179
 MRCHUE: Inverse mode at  64     Hk =   4.758
 MRCHUE: Inverse mode at  65     Hk =   5.328
 MRCHUE: Inverse mode at  66     Hk =   5.890
 MRCHUE: Inverse mode at  67     Hk =   6.441
 MRCHUE: Inverse mode at  68     Hk =   6.973
 MRCHUE: Inverse mode at  69     Hk =   7.475
 MRCHUE: Inverse mode at  70     Hk =   7.931
 MRCHUE: Inverse mode at  71     Hk =   7.094
 MRCHUE: Inverse mode at  72     Hk =   5.720
 MRCHUE: Inverse mode at  73     Hk =   4.842
 MRCHUE: Inverse mode at  74     Hk =   4.207
 MRCHUE: Inverse mode at  75     Hk =   3.841
    side            2  ...
 MRCHUE: Inverse mode at  34     Hk =   4.819
 MRCHUE: Inverse mode at  35     Hk =   6.059
 MRCHUE: Inverse mode at  36     Hk =   7.272
 MRCHUE: Inverse mode at  37     Hk =   5.884
 MRCHUE: Inverse mode at  38     Hk =   2.500
 MRCHUE: Convergence failed at  87  side 2    Res =  0.3358E+01

 MRCHDU: Convergence failed at  87  side 2    Res =  0.2340E+01
 Side 1  free  transition at x/c =  0.9628   71
 Side 2  free  transition at x/c =  0.2086   37

   1   rms: 0.2534E+00   max: 0.1439E+01   D at   89  2   RLX: 0.656
       a = -4.000      CL = -0.4596
      Cm = -0.0010     CD =  0.00692   =>   CDf =  0.00596    CDp =  0.00096

 Side 1  free  transition at x/c =  0.9731   72
 Side 2  free  transition at x/c =  0.2282   38

   2   rms: 0.7844E-01   max: -.4402E+00   T at   38  2
       a = -4.000      CL = -0.4510
      Cm = -0.0020     CD =  0.00895   =>   CDf =  0.00590    CDp =  0.00305

 Side 1  free  transition at x/c =  0.9687   71
 Side 2  free  transition at x/c =  0.2662   41

   3   rms: 0.1988E-01   max: 0.1594E+00   D at   41  2
       a = -4.000      CL = -0.4391
      Cm = -0.0049     CD =  0.00880   =>   CDf =  0.00560    CDp =  0.00320

 Side 1  free  transition at x/c =  0.9760   72
 Side 2  free  transition at x/c =  0.2690   41

   4   rms: 0.3793E-01   max: 0.3894E+00   D at   75  1
       a = -4.000      CL = -0.4499
      Cm = -0.0025     CD =  0.00880   =>   CDf =  0.00556    CDp =  0.00324

 Side 1  free  transition at x/c =  0.9691   72
 Side 2  free  transition at x/c =  0.2657   41

   5   rms: 0.1878E-02   max: -.4131E-01   D at   72  1
       a = -4.000      CL = -0.4501
      Cm = -0.0025     CD =  0.00885   =>   CDf =  0.00558    CDp =  0.00327

 Side 1  free  transition at x/c =  0.9692   72
 Side 2  free  transition at x/c =  0.2658   41

   6   rms: 0.3689E-04   max: 0.3922E-03   D at   74  1
       a = -4.000      CL = -0.4500
      Cm = -0.0025     CD =  0.00885   =>   CDf =  0.00558    CDp =  0.00327
 plradd ia,ip,cpol            1           0  1.46566331E-02

 Point added to stored polar  1
 Point written to save file  fx76120_Re600k.base.pol                         
 Dump file unspecified or not available
 Calculating wake trajectory ...
 Calculating source influence matrix ...

 Solving BL system ...

 Side 1  free  transition at x/c =  0.9692   72
 Side 2  free  transition at x/c =  0.2658   41

   1   rms: 0.1161E+00   max: -.9368E+00   C at   41  2   RLX: 0.534
       a = -3.500      CL = -0.4095
      Cm = -0.0048     CD =  0.00852   =>   CDf =  0.00562    CDp =  0.00290

 Side 1  free  transition at x/c =  0.9670   72
 Side 2  free  transition at x/c =  0.2786   41

   2   rms: 0.6263E-01   max: -.4420E+00   C at   41  2
       a = -3.500      CL = -0.4060
      Cm =  0.0002     CD =  0.00824   =>   CDf =  0.00562    CDp =  0.00262

 Side 1  free  transition at x/c =  0.9487   71
 Side 2  free  transition at x/c =  0.3096   42

   3   rms: 0.6189E-01   max: -.4505E+00   D at   75  1
       a = -3.500      CL = -0.3668
      Cm = -0.0083     CD =  0.00822   =>   CDf =  0.00545    CDp =  0.00277

 Side 1  free  transition at x/c =  0.9697   73
 Side 2  free  transition at x/c =  0.3115   43

   4   rms: 0.2392E-01   max: 0.2113E+00   D at   73  1
       a = -3.500      CL = -0.3681
      Cm = -0.0081     CD =  0.00824   =>   CDf =  0.00541    CDp =  0.00284

 Side 1  free  transition at x/c =  0.9665   72
 Side 2  free  transition at x/c =  0.3118   43

   5   rms: 0.2908E-01   max: 0.2204E+00   D at   76  1
       a = -3.500      CL = -0.3880
      Cm = -0.0036     CD =  0.00838   =>   CDf =  0.00539    CDp =  0.00299

 Side 1  free  transition at x/c =  0.9561   71
 Side 2  free  transition at x/c =  0.3067   42

   6   rms: 0.2328E+00   max: -.1797E+01   T at   71  1   RLX: 0.278
       a = -3.500      CL = -0.3335
      Cm = -0.0154     CD =  0.00839   =>   CDf =  0.00541    CDp =  0.00298

 MRCHDU: Convergence failed at  74  side 1    Res =  0.3981E+01
 MRCHDU: Convergence failed at  75  side 1    Res =  0.3976E+01
 MRCHDU: Convergence failed at  76  side 1    Res =  0.5580E+01
 Side 1  free  transition at x/c =  0.9913   75
 Side 2  free  transition at x/c =  0.3193   43

   7   rms: 0.1147E+00   max: 0.1447E+01   C at   75  1
       a = -3.500      CL = -0.3717
      Cm = -0.0079     CD =  0.00791   =>   CDf =  0.00534    CDp =  0.00257

 Side 1  free  transition at x/c =  0.9538   71
 Side 2  free  transition at x/c =  0.3105   43

   8   rms: 0.4844E-01   max: -.6256E+00   D at   74  1   RLX: 0.799
       a = -3.500      CL = -0.3678
      Cm = -0.0080     CD =  0.00856   =>   CDf =  0.00539    CDp =  0.00316

 Side 1  free  transition at x/c =  0.9659   72
 Side 2  free  transition at x/c =  0.3119   43

   9   rms: 0.2495E-01   max: 0.2525E+00   D at   76  1
       a = -3.500      CL = -0.3795
      Cm = -0.0055     CD =  0.00831   =>   CDf =  0.00539    CDp =  0.00293

 Side 1  free  transition at x/c =  0.9604   72
 Side 2  free  transition at x/c =  0.3088   42

  10   rms: 0.2013E-02   max: -.2317E-01   D at   73  1
       a = -3.500      CL = -0.3807
      Cm = -0.0053     CD =  0.00832   =>   CDf =  0.00541    CDp =  0.00292

 Side 1  free  transition at x/c =  0.9603   72
 Side 2  free  transition at x/c =  0.3084   42

  11   rms: 0.2316E-04   max: -.1845E-03   D at   86  2
       a = -3.500      CL = -0.3807
      Cm = -0.0053     CD =  0.00832   =>   CDf =  0.00541    CDp =  0.00291
 plradd ia,ip,cpol            2           0  1.79607552E-02

 Point added to stored polar  1
 Point written to save file  fx76120_Re600k.base.pol                         
 Dump file unspecified or not available
 Calculating wake trajectory ...
 Calculating source influence matrix ...

 Solving BL system ...

 Side 1  free  transition at x/c =  0.9603   72
 Side 2  free  transition at x/c =  0.3084   42

   1   rms: 0.1099E+00   max: -.8192E+00   C at   42  2   RLX: 0.610
       a = -3.000      CL = -0.3311
      Cm = -0.0084     CD =  0.00805   =>   CDf =  0.00544    CDp =  0.00261

 Side 1  free  transition at x/c =  0.9560   72
 Side 2  free  transition at x/c =  0.3346   43

   2   rms: 0.4470E-01   max: -.5869E+00   C at   43  2   RLX: 0.852
       a = -3.000      CL = -0.3296
      Cm = -0.0047     CD =  0.00784   =>   CDf =  0.00531    CDp =  0.00254

 Side 1  free  transition at x/c =  0.9417   71
 Side 2  free  transition at x/c =  0.3459   44

   3   rms: 0.6084E-01   max: -.5448E+00   C at   44  2   RLX: 0.918
       a = -3.000      CL = -0.2895
      Cm = -0.0128     CD =  0.00759   =>   CDf =  0.00530    CDp =  0.00229

 MRCHDU: Convergence failed at  73  side 1    Res =  0.3760E+01
 MRCHDU: Convergence failed at  74  side 1    Res =  0.8415E+01
 MRCHDU: Convergence failed at  75  side 1    Res =  0.3088E+01
 MRCHDU: Convergence failed at  76  side 1    Res =  0.3050E+01
 MRCHDU: Convergence failed at  77  side 1    Res =  0.2045E+02
 Side 1  free  transition at x/c =  0.9639   73
 Side 2  free  transition at x/c =  0.3594   44

   4   rms: 0.1092E+00   max: 0.8480E+00   C at   73  1
       a = -3.000      CL = -0.3348
      Cm = -0.0029     CD =  0.00747   =>   CDf =  0.00523    CDp =  0.00225

 Side 1  free  transition at x/c =  0.9352   71
 Side 2  free  transition at x/c =  0.3539   44

   5   rms: 0.6381E-01   max: -.4963E+00   D at   72  1
       a = -3.000      CL = -0.2955
      Cm = -0.0114     CD =  0.00770   =>   CDf =  0.00523    CDp =  0.00247

 MRCHDU: Convergence failed at  74  side 1    Res =  0.2433E+02
 MRCHDU: Convergence failed at  75  side 1    Res =  0.2700E+01
 MRCHDU: Convergence failed at  76  side 1    Res =  0.2963E+01
 MRCHDU: Convergence failed at  77  side 1    Res =  0.5648E+01
 Side 1  free  transition at x/c =  0.9601   73
 Side 2  free  transition at x/c =  0.3642   45

   6   rms: 0.6592E-01   max: 0.6089E+00   T at   77  1
       a = -3.000      CL = -0.3075
      Cm = -0.0088     CD =  0.00743   =>   CDf =  0.00517    CDp =  0.00226

 Side 1  free  transition at x/c =  0.9524   72
 Side 2  free  transition at x/c =  0.3627   45

   7   rms: 0.1081E-01   max: 0.8749E-01   D at   73  1
       a = -3.000      CL = -0.3141
      Cm = -0.0074     CD =  0.00777   =>   CDf =  0.00518    CDp =  0.00259

 Side 1  free  transition at x/c =  0.9465   72
 Side 2  free  transition at x/c =  0.3603   45

   8   rms: 0.7108E-02   max: -.4525E-01   T at   73  1
       a = -3.000      CL = -0.3114
      Cm = -0.0080     CD =  0.00775   =>   CDf =  0.00520    CDp =  0.00255

 Side 1  free  transition at x/c =  0.9483   72
 Side 2  free  transition at x/c =  0.3613   45

   9   rms: 0.2293E-03   max: -.2578E-02   D at   72  1
       a = -3.000      CL = -0.3115
      Cm = -0.0079     CD =  0.00775   =>   CDf =  0.00519    CDp =  0.00256

 Side 1  free  transition at x/c =  0.9483   72
 Side 2  free  transition at x/c =  0.3612   45

  10   rms: 0.3457E-05   max: -.1281E-04   T at   72  1
       a = -3.000      CL = -0.3115
      Cm = -0.0079     CD =  0.00775   =>   CDf =  0.00519    CDp =  0.00256
 plradd ia,ip,cpol            3           0  2.17741597E-02

 Point added to stored polar  1
 Point written to save file  fx76120_Re600k.base.pol                         
 Dump file unspecified or not available
 Calculating wake trajectory ...
 Calculating source influence matrix ...

 Solving BL system ...

 Side 1  free  transition at x/c =  0.9483   72
 Side 2  free  transition at x/c =  0.3612   45

   1   rms: 0.1330E+00   max: -.1487E+01   C at   45  2   RLX: 0.336
       a = -2.500      CL = -0.2892
      Cm = -0.0087     CD =  0.00751   =>   CDf =  0.00519    CDp =  0.00232

 Side 1  free  transition at x/c =  0.9434   72
 Side 2  free  transition at x/c =  0.3740   45

   2   rms: 0.7100E-01   max: -.2771E+00   T at   45  2
       a = -2.500      CL = -0.2357
      Cm = -0.0119     CD =  0.00744   =>   CDf =  0.00521    CDp =  0.00224

 Side 1  free  transition at x/c =  0.9373   72
 Side 2  free  transition at x/c =  0.4463   49

   3   rms: 0.2526E-01   max: 0.3981E+00   D at   44  2
       a = -2.500      CL = -0.2528
      Cm = -0.0084     CD =  0.00716   =>   CDf =  0.00491    CDp =  0.00225

 Side 1  free  transition at x/c =  0.9290   72
 Side 2  free  transition at x/c =  0.4293   48

   4   rms: 0.1194E-01   max: -.1178E+00   D at   48  2
       a = -2.500      CL = -0.2472
      Cm = -0.0095     CD =  0.00724   =>   CDf =  0.00495    CDp =  0.00228

 Side 1  free  transition at x/c =  0.9318   72
 Side 2  free  transition at x/c =  0.4230   47

   5   rms: 0.2166E-02   max: 0.2984E-01   C at   47  2
       a = -2.500      CL = -0.2486
      Cm = -0.0092     CD =  0.00724   =>   CDf =  0.00496    CDp =  0.00228

 Side 1  free  transition at x/c =  0.9314   72
 Side 2  free  transition at x/c =  0.4217   47

   6   rms: 0.4253E-04   max: -.6885E-03   C at   47  2
       a = -2.500      CL = -0.2486
      Cm = -0.0092     CD =  0.00724   =>   CDf =  0.00497    CDp =  0.00227
 plradd ia,ip,cpol            4           0  3.13438475E-02

 Point added to stored polar  1
 Point written to save file  fx76120_Re600k.base.pol                         
 Dump file unspecified or not available
 Calculating wake trajectory ...
 Calculating source influence matrix ...

 Solving BL system ...

 Side 1  free  transition at x/c =  0.9314   72
 Side 2  free  transition at x/c =  0.4217   47

   1   rms: 0.1182E+00   max: -.1464E+01   C at   47  2   RLX: 0.342
       a = -2.000      CL = -0.2253
      Cm = -0.0100     CD =  0.00710   =>   CDf =  0.00497    CDp =  0.00213

 Side 1  free  transition at x/c =  0.9256   71
 Side 2  free  transition at x/c =  0.4405   48

   2   rms: 0.6029E-01   max: -.7410E+00   C at   48  2   RLX: 0.675
       a = -2.000      CL = -0.2097
      Cm = -0.0078     CD =  0.00700   =>   CDf =  0.00491    CDp =  0.00208

 Side 1  free  transition at x/c =  0.9083   70
 Side 2  free  transition at x/c =  0.4632   50

   3   rms: 0.4071E-01   max: -.5623E+00   C at   50  2   RLX: 0.889
       a = -2.000      CL = -0.1926
      Cm = -0.0091     CD =  0.00679   =>   CDf =  0.00488    CDp =  0.00191

 Side 1  free  transition at x/c =  0.9095   70
 Side 2  free  transition at x/c =  0.4765   50

   4   rms: 0.1094E-01   max: -.2189E+00   C at   50  2
       a = -2.000      CL = -0.1915
      Cm = -0.0091     CD =  0.00684   =>   CDf =  0.00483    CDp =  0.00201

 Side 1  free  transition at x/c =  0.9083   70
 Side 2  free  transition at x/c =  0.4860   51

   5   rms: 0.2308E-02   max: 0.3993E-01   C at   51  2
       a = -2.000      CL = -0.1922
      Cm = -0.0090     CD =  0.00680   =>   CDf =  0.00476    CDp =  0.00204

 Side 1  free  transition at x/c =  0.9083   70
 Side 2  free  transition at x/c =  0.4846   51

   6   rms: 0.2961E-04   max: 0.4813E-03   C at   51  2
       a = -2.000      CL = -0.1922
      Cm = -0.0090     CD =  0.00680   =>   CDf =  0.00476    CDp =  0.00204
 plradd ia,ip,cpol            5           0  6.16707429E-02

 Point added to stored polar  1
 Point written to save file  fx76120_Re600k.base.pol                         
 Dump file unspecified or not available
 Calculating wake trajectory ...
 Calculating source influence matrix ...

 Solving BL system ...

 Side 1  free  transition at x/c =  0.9083   70
 Side 2  free  transition at x/c =  0.4846   51

   1   rms: 0.1165E+00   max: -.1772E+01   C at   51  2   RLX: 0.282
       a = -1.500      CL = -0.1802
      Cm = -0.0080     CD =  0.00669   =>   CDf =  0.00476    CDp =  0.00193

 Side 1  free  transition at x/c =  0.8979   70
 Side 2  free  transition at x/c =  0.4995   52

   2   rms: 0.9509E-01   max: -.1397E+01   C at   52  2   RLX: 0.358
       a = -1.500      CL = -0.1652
      Cm = -0.0080     CD =  0.00662   =>   CDf =  0.00477    CDp =  0.00185

 Side 1  free  transition at x/c =  0.8926   70
 Side 2  free  transition at x/c =  0.5108   52

   3   rms: 0.6473E-01   max: -.8527E+00   C at   52  2   RLX: 0.586
       a = -1.500      CL = -0.1533
      Cm = -0.0073     CD =  0.00650   =>   CDf =  0.00475    CDp =  0.00174

 Side 1  free  transition at x/c =  0.8829   70
 Side 2  free  transition at x/c =  0.5267   52

   4   rms: 0.2576E-01   max: -.3157E+00   C at   52  2
       a = -1.500      CL = -0.1384
      Cm = -0.0080     CD =  0.00654   =>   CDf =  0.00472    CDp =  0.00183

 Side 1  free  transition at x/c =  0.8798   70
 Side 2  free  transition at x/c =  0.5746   55

   5   rms: 0.4725E-01   max: 0.9578E+00   C at   55  2
       a = -1.500      CL = -0.1406
      Cm = -0.0076     CD =  0.00644   =>   CDf =  0.00447    CDp =  0.00197

 Side 1  free  transition at x/c =  0.8799   70
 Side 2  free  transition at x/c =  0.5571   54

   6   rms: 0.2711E-02   max: -.3911E-01   D at   57  2
       a = -1.500      CL = -0.1411
      Cm = -0.0075     CD =  0.00642   =>   CDf =  0.00456    CDp =  0.00186

 Side 1  free  transition at x/c =  0.8798   70
 Side 2  free  transition at x/c =  0.5562   54

   7   rms: 0.2765E-04   max: -.4034E-03   D at   57  2
       a = -1.500      CL = -0.1411
      Cm = -0.0075     CD =  0.00642   =>   CDf =  0.00456    CDp =  0.00186
 plradd ia,ip,cpol            6           0  8.35994482E-02

 Point added to stored polar  1
 Point written to save file  fx76120_Re600k.base.pol                         
 Dump file unspecified or not available
 Calculating wake trajectory ...
 Calculating source influence matrix ...

 Solving BL system ...

 Side 1  free  transition at x/c =  0.8798   70
 Side 2  free  transition at x/c =  0.5562   54

   1   rms: 0.1167E+00   max: -.1534E+01   C at   54  2   RLX: 0.326
       a = -1.000      CL = -0.1225
      Cm = -0.0074     CD =  0.00634   =>   CDf =  0.00456    CDp =  0.00178

 Side 1  free  transition at x/c =  0.8709   69
 Side 2  free  transition at x/c =  0.5790   56

   2   rms: 0.7921E-01   max: -.1099E+01   C at   56  2   RLX: 0.455
       a = -1.000      CL = -0.1101
      Cm = -0.0063     CD =  0.00620   =>   CDf =  0.00450    CDp =  0.00170

 Side 1  free  transition at x/c =  0.8582   68
 Side 2  free  transition at x/c =  0.5926   56

   3   rms: 0.3414E-01   max: -.3137E+00   C at   56  2
       a = -1.000      CL = -0.0917
      Cm = -0.0056     CD =  0.00623   =>   CDf =  0.00454    CDp =  0.00169

 Side 1  free  transition at x/c =  0.8423   68
 Side 2  free  transition at x/c =  0.6306   58

   4   rms: 0.9242E-02   max: 0.1151E+00   C at   58  2
       a = -1.000      CL = -0.0922
      Cm = -0.0055     CD =  0.00614   =>   CDf =  0.00442    CDp =  0.00173

 Side 1  free  transition at x/c =  0.8452   69
 Side 2  free  transition at x/c =  0.6240   57

   5   rms: 0.2039E-02   max: -.3066E-01   C at   69  1
       a = -1.000      CL = -0.0925
      Cm = -0.0054     CD =  0.00614   =>   CDf =  0.00442    CDp =  0.00172

 Side 1  free  transition at x/c =  0.8454   69
 Side 2  free  transition at x/c =  0.6235   57

   6   rms: 0.4998E-04   max: 0.7096E-03   C at   69  1
       a = -1.000      CL = -0.0925
      Cm = -0.0054     CD =  0.00614   =>   CDf =  0.00441    CDp =  0.00173
 plradd ia,ip,cpol            7           0  9.59722772E-02

 Point added to stored polar  1
 Point written to save file  fx76120_Re600k.base.pol                         
 Dump file unspecified or not available
 Calculating wake trajectory ...
 Calculating source influence matrix ...

 Solving BL system ...

 Side 1  free  transition at x/c =  0.8454   69
 Side 2  free  transition at x/c =  0.6235   57

   1   rms: 0.1089E+00   max: -.1242E+01   C at   57  2   RLX: 0.402
       a = -0.500      CL = -0.0710
      Cm = -0.0049     CD =  0.00609   =>   CDf =  0.00441    CDp =  0.00168

 Side 1  free  transition at x/c =  0.8294   68
 Side 2  free  transition at x/c =  0.6475   59

   2   rms: 0.7232E-01   max: -.9543E+00   C at   59  2   RLX: 0.524
       a = -0.500      CL = -0.0576
      Cm = -0.0038     CD =  0.00598   =>   CDf =  0.00437    CDp =  0.00161

 Side 1  free  transition at x/c =  0.8152   67
 Side 2  free  transition at x/c =  0.6612   60

   3   rms: 0.4357E-01   max: -.5959E+00   C at   60  2   RLX: 0.839
       a = -0.500      CL = -0.0476
      Cm = -0.0031     CD =  0.00591   =>   CDf =  0.00440    CDp =  0.00151

 Side 1  free  transition at x/c =  0.8035   66
 Side 2  free  transition at x/c =  0.6771   60

   4   rms: 0.1321E-01   max: -.2329E+00   C at   60  2
       a = -0.500      CL = -0.0450
      Cm = -0.0030     CD =  0.00598   =>   CDf =  0.00438    CDp =  0.00160

 Side 1  free  transition at x/c =  0.8007   66
 Side 2  free  transition at x/c =  0.6909   61

   5   rms: 0.5087E-02   max: -.8318E-01   C at   61  2
       a = -0.500      CL = -0.0460
      Cm = -0.0028     CD =  0.00593   =>   CDf =  0.00431    CDp =  0.00162

 Side 1  free  transition at x/c =  0.8009   66
 Side 2  free  transition at x/c =  0.6882   61

   6   rms: 0.5896E-03   max: -.1089E-01   C at   61  2
       a = -0.500      CL = -0.0460
      Cm = -0.0028     CD =  0.00594   =>   CDf =  0.00430    CDp =  0.00164

 Side 1  free  transition at x/c =  0.8009   66
 Side 2  free  transition at x/c =  0.6885   61

   7   rms: 0.1233E-05   max: -.2044E-04   D at   63  2
       a = -0.500      CL = -0.0460
      Cm = -0.0028     CD =  0.00594   =>   CDf =  0.00430    CDp =  0.00164
 plradd ia,ip,cpol            8           0  0.10907202    

 Point added to stored polar  1
 Point written to save file  fx76120_Re600k.base.pol                         
 Dump file unspecified or not available
 Calculating wake trajectory ...
 Calculating source influence matrix ...

 Solving BL system ...

 Side 1  free  transition at x/c =  0.8009   66
 Side 2  free  transition at x/c =  0.6885   61

   1   rms: 0.1115E+00   max: -.1280E+01   C at   61  2   RLX: 0.391
       a =  0.000      CL = -0.0278
      Cm = -0.0017     CD =  0.00591   =>   CDf =  0.00430    CDp =  0.00160

 Side 1  free  transition at x/c =  0.7794   66
 Side 2  free  transition at x/c =  0.7095   61

   2   rms: 0.6106E-01   max: 0.5055E+00   C at   66  1
       a =  0.000      CL =  0.0018
      Cm = -0.0004     CD =  0.00598   =>   CDf =  0.00432    CDp =  0.00166

 Side 1  free  transition at x/c =  0.7451   64
 Side 2  free  transition at x/c =  0.7548   64

   3   rms: 0.1691E-01   max: 0.2462E+00   C at   64  2
       a =  0.000      CL = -0.0001
      Cm =  0.0000     CD =  0.00587   =>   CDf =  0.00426    CDp =  0.00162

 Side 1  free  transition at x/c =  0.7481   64
 Side 2  free  transition at x/c =  0.7478   64

   4   rms: 0.1560E-02   max: -.2554E-01   D at   65  1
       a =  0.000      CL =  0.0000
      Cm = -0.0000     CD =  0.00588   =>   CDf =  0.00427    CDp =  0.00161

 Side 1  free  transition at x/c =  0.7474   64
 Side 2  free  transition at x/c =  0.7474   64

   5   rms: 0.2127E-04   max: -.4229E-03   D at   65  1
       a =  0.000      CL =  0.0000
      Cm = -0.0000     CD =  0.00588   =>   CDf =  0.00428    CDp =  0.00160
 plradd ia,ip,cpol            9           0  0.12273756    

 Point added to stored polar  1
 Point written to save file  fx76120_Re600k.base.pol                         
 Dump file unspecified or not available
 Calculating wake trajectory ...
 Calculating source influence matrix ...

 Solving BL system ...

 Side 1  free  transition at x/c =  0.7474   64
 Side 2  free  transition at x/c =  0.7474   64

   1   rms: 0.1161E+00   max: -.1176E+01   C at   64  2   RLX: 0.425
       a =  0.500      CL =  0.0190
      Cm =  0.0013     CD =  0.00588   =>   CDf =  0.00428    CDp =  0.00160

 Side 1  free  transition at x/c =  0.7225   62
 Side 2  free  transition at x/c =  0.7619   65

   2   rms: 0.6948E-01   max: -.7590E+00   C at   65  2   RLX: 0.659
       a =  0.500      CL =  0.0384
      Cm =  0.0018     CD =  0.00584   =>   CDf =  0.00438    CDp =  0.00146

 Side 1  free  transition at x/c =  0.6955   62
 Side 2  free  transition at x/c =  0.7772   64

   3   rms: 0.2739E-01   max: 0.2779E+00   T at    2  1
       a =  0.500      CL =  0.0455
      Cm =  0.0028     CD =  0.00605   =>   CDf =  0.00449    CDp =  0.00156

 Side 1  free  transition at x/c =  0.6874   61
 Side 2  free  transition at x/c =  0.8201   67

   4   rms: 0.3252E-01   max: 0.5986E+00   C at   67  2
       a =  0.500      CL =  0.0447
      Cm =  0.0030     CD =  0.00594   =>   CDf =  0.00422    CDp =  0.00172

 Side 1  free  transition at x/c =  0.6874   61
 Side 2  free  transition at x/c =  0.8027   66

   5   rms: 0.3686E-02   max: -.5403E-01   D at   69  2
       a =  0.500      CL =  0.0459
      Cm =  0.0028     CD =  0.00594   =>   CDf =  0.00429    CDp =  0.00165

 Side 1  free  transition at x/c =  0.6872   61
 Side 2  free  transition at x/c =  0.8009   66

   6   rms: 0.1123E-03   max: -.1748E-02   C at   66  2
       a =  0.500      CL =  0.0458
      Cm =  0.0028     CD =  0.00594   =>   CDf =  0.00430    CDp =  0.00164

 Side 1  free  transition at x/c =  0.6872   61
 Side 2  free  transition at x/c =  0.8009   66

   7   rms: 0.1337E-05   max: -.1784E-04   C at   66  2
       a =  0.500      CL =  0.0458
      Cm =  0.0028     CD =  0.00594   =>   CDf =  0.00430    CDp =  0.00164
 plradd ia,ip,cpol           10           0  0.10907178    

 Point added to stored polar  1
 Point written to save file  fx76120_Re600k.base.pol                         
 Dump file unspecified or not available
 Calculating wake trajectory ...
 Calculating source influence matrix ...

 Solving BL system ...

 Side 1  free  transition at x/c =  0.6872   61
 Side 2  free  transition at x/c =  0.8009   66

   1   rms: 0.1129E+00   max: 0.1338E+01   C at   61  1   RLX: 0.580
       a =  1.000      CL =  0.0727
      Cm =  0.0044     CD =  0.00600   =>   CDf =  0.00430    CDp =  0.00170

 Side 1  free  transition at x/c =  0.6445   59
 Side 2  free  transition at x/c =  0.8211   67

   2   rms: 0.4122E-01   max: 0.3032E+00   C at   59  1
       a =  1.000      CL =  0.0911
      Cm =  0.0057     CD =  0.00618   =>   CDf =  0.00445    CDp =  0.00174

 Side 1  free  transition at x/c =  0.6225   57
 Side 2  free  transition at x/c =  0.8441   68

   3   rms: 0.6124E-02   max: 0.7131E-01   D at   58  1
       a =  1.000      CL =  0.0923
      Cm =  0.0054     CD =  0.00614   =>   CDf =  0.00444    CDp =  0.00170

 Side 1  free  transition at x/c =  0.6237   57
 Side 2  free  transition at x/c =  0.8452   69

   4   rms: 0.1868E-02   max: -.2906E-01   C at   69  2
       a =  1.000      CL =  0.0925
      Cm =  0.0054     CD =  0.00614   =>   CDf =  0.00442    CDp =  0.00172

 Side 1  free  transition at x/c =  0.6235   57
 Side 2  free  transition at x/c =  0.8453   69

   5   rms: 0.5150E-04   max: 0.7364E-03   C at   69  2
       a =  1.000      CL =  0.0925
      Cm =  0.0054     CD =  0.00614   =>   CDf =  0.00441    CDp =  0.00173
 plradd ia,ip,cpol           11           0  9.59720984E-02

 Point added to stored polar  1
 Point written to save file  fx76120_Re600k.base.pol                         
 Dump file unspecified or not available
 Calculating wake trajectory ...
 Calculating source influence matrix ...

 Solving BL system ...

 Side 1  free  transition at x/c =  0.6235   57
 Side 2  free  transition at x/c =  0.8453   69

   1   rms: 0.1093E+00   max: 0.1248E+01   C at   57  1   RLX: 0.832
       a =  1.500      CL =  0.1371
      Cm =  0.0063     CD =  0.00624   =>   CDf =  0.00439    CDp =  0.00185

 Side 1  free  transition at x/c =  0.5598   54
 Side 2  free  transition at x/c =  0.8616   69

   2   rms: 0.4175E-01   max: -.4540E+00   T at   69  2
       a =  1.500      CL =  0.1399
      Cm =  0.0077     CD =  0.00625   =>   CDf =  0.00472    CDp =  0.00153

 Side 1  free  transition at x/c =  0.5585   54
 Side 2  free  transition at x/c =  0.8778   69

   3   rms: 0.1928E-01   max: -.2977E+00   D at   69  2
       a =  1.500      CL =  0.1355
      Cm =  0.0086     CD =  0.00641   =>   CDf =  0.00465    CDp =  0.00176

 Side 1  free  transition at x/c =  0.5590   54
 Side 2  free  transition at x/c =  0.8885   70

   4   rms: 0.2131E-01   max: 0.3333E+00   C at   70  2
       a =  1.500      CL =  0.1368
      Cm =  0.0085     CD =  0.00640   =>   CDf =  0.00450    CDp =  0.00189

 Side 1  free  transition at x/c =  0.5586   54
 Side 2  free  transition at x/c =  0.8808   70

   5   rms: 0.4743E-02   max: -.3253E-01   D at   79  2
       a =  1.500      CL =  0.1411
      Cm =  0.0075     CD =  0.00642   =>   CDf =  0.00455    CDp =  0.00187

 Side 1  free  transition at x/c =  0.5570   54
 Side 2  free  transition at x/c =  0.8797   70

   6   rms: 0.1106E-03   max: -.7710E-03   D at   70  2
       a =  1.500      CL =  0.1411
      Cm =  0.0075     CD =  0.00642   =>   CDf =  0.00456    CDp =  0.00186

 Side 1  free  transition at x/c =  0.5570   54
 Side 2  free  transition at x/c =  0.8797   70

   7   rms: 0.1004E-05   max: 0.1125E-04   C at   54  1
       a =  1.500      CL =  0.1411
      Cm =  0.0075     CD =  0.00642   =>   CDf =  0.00456    CDp =  0.00186
 plradd ia,ip,cpol           12           0  8.35992172E-02

 Point added to stored polar  1
 Point written to save file  fx76120_Re600k.base.pol                         
 Dump file unspecified or not available
 Calculating wake trajectory ...
 Calculating source influence matrix ...

 Solving BL system ...

 Side 1  free  transition at x/c =  0.5570   54
 Side 2  free  transition at x/c =  0.8797   70

   1   rms: 0.1165E+00   max: 0.1507E+01   C at   54  1   RLX: 0.995
       a =  2.000      CL =  0.1984
      Cm =  0.0077     CD =  0.00666   =>   CDf =  0.00454    CDp =  0.00212

 Side 1  free  transition at x/c =  0.4765   50
 Side 2  free  transition at x/c =  0.9003   70

   2   rms: 0.2640E-01   max: -.2502E+00   C at   50  1
       a =  2.000      CL =  0.1886
      Cm =  0.0097     CD =  0.00680   =>   CDf =  0.00487    CDp =  0.00193

 Side 1  free  transition at x/c =  0.4894   51
 Side 2  free  transition at x/c =  0.9098   70

   3   rms: 0.8593E-02   max: 0.1544E+00   C at   51  1
       a =  2.000      CL =  0.1921
      Cm =  0.0090     CD =  0.00680   =>   CDf =  0.00474    CDp =  0.00205

 Side 1  free  transition at x/c =  0.4853   51
 Side 2  free  transition at x/c =  0.9090   70

   4   rms: 0.1398E-03   max: -.2141E-02   D at   53  1
       a =  2.000      CL =  0.1920
      Cm =  0.0090     CD =  0.00680   =>   CDf =  0.00476    CDp =  0.00204

 Side 1  free  transition at x/c =  0.4853   51
 Side 2  free  transition at x/c =  0.9090   70

   5   rms: 0.7582E-06   max: -.9842E-05   C at   51  1
       a =  2.000      CL =  0.1920
      Cm =  0.0090     CD =  0.00680   =>   CDf =  0.00476    CDp =  0.00204
 plradd ia,ip,cpol           13           0  6.16706051E-02

 Point added to stored polar  1
 Point written to save file  fx76120_Re600k.base.pol                         
 Dump file unspecified or not available
 Calculating wake trajectory ...
 Calculating source influence matrix ...

 Solving BL system ...

 Side 1  free  transition at x/c =  0.4853   51
 Side 2  free  transition at x/c =  0.9090   70

   1   rms: 0.1135E+00   max: 0.1708E+01   C at   51  1   RLX: 0.878
       a =  2.500      CL =  0.2280
      Cm =  0.0122     CD =  0.00712   =>   CDf =  0.00476    CDp =  0.00236

 Side 1  free  transition at x/c =  0.4294   48
 Side 2  free  transition at x/c =  0.9353   72

   2   rms: 0.3171E-01   max: 0.2153E+00   C at   72  2
       a =  2.500      CL =  0.2462
      Cm =  0.0097     CD =  0.00721   =>   CDf =  0.00494    CDp =  0.00227

 Side 1  free  transition at x/c =  0.4223   47
 Side 2  free  transition at x/c =  0.9330   72

   3   rms: 0.4505E-02   max: -.4061E-01   D at   78  2
       a =  2.500      CL =  0.2484
      Cm =  0.0092     CD =  0.00724   =>   CDf =  0.00496    CDp =  0.00228

 Side 1  free  transition at x/c =  0.4210   47
 Side 2  free  transition at x/c =  0.9316   72

   4   rms: 0.2575E-03   max: -.2024E-02   D at   78  2
       a =  2.500      CL =  0.2487
      Cm =  0.0092     CD =  0.00724   =>   CDf =  0.00497    CDp =  0.00228

 Side 1  free  transition at x/c =  0.4209   47
 Side 2  free  transition at x/c =  0.9315   72

   5   rms: 0.1218E-05   max: 0.1398E-04   C at   47  1
       a =  2.500      CL =  0.2487
      Cm =  0.0092     CD =  0.00724   =>   CDf =  0.00497    CDp =  0.00228
 plradd ia,ip,cpol           14           0  3.73416878E-02

 Point added to stored polar  1
 Point written to save file  fx76120_Re600k.base.pol                         
 Dump file unspecified or not available
 Calculating wake trajectory ...
 Calculating source influence matrix ...

 Solving BL system ...

 Side 1  free  transition at x/c =  0.4209   47
 Side 2  free  transition at x/c =  0.9315   72

   1   rms: 0.1194E+00   max: 0.1518E+01   C at   47  1   RLX: 0.923
       a =  3.000      CL =  0.3109
      Cm =  0.0072     CD =  0.00763   =>   CDf =  0.00495    CDp =  0.00269

 Side 1  free  transition at x/c =  0.3604   45
 Side 2  free  transition at x/c =  0.9439   72

   2   rms: 0.2402E-01   max: -.1812E+00   C at   45  1
       a =  3.000      CL =  0.3070
      Cm =  0.0090     CD =  0.00770   =>   CDf =  0.00523    CDp =  0.00247

 Side 1  free  transition at x/c =  0.3638   45
 Side 2  free  transition at x/c =  0.9491   72

   3   rms: 0.7563E-02   max: 0.1064E+00   C at   45  1
       a =  3.000      CL =  0.3116
      Cm =  0.0079     CD =  0.00776   =>   CDf =  0.00517    CDp =  0.00259

 Side 1  free  transition at x/c =  0.3606   45
 Side 2  free  transition at x/c =  0.9482   72

   4   rms: 0.4368E-03   max: 0.2903E-02   D at   45  1
       a =  3.000      CL =  0.3114
      Cm =  0.0080     CD =  0.00776   =>   CDf =  0.00519    CDp =  0.00256

 Side 1  free  transition at x/c =  0.3607   45
 Side 2  free  transition at x/c =  0.9483   72

   5   rms: 0.1597E-05   max: 0.1316E-04   C at   45  1
       a =  3.000      CL =  0.3114
      Cm =  0.0080     CD =  0.00776   =>   CDf =  0.00519    CDp =  0.00256
 plradd ia,ip,cpol           15           0  2.17741057E-02

 Point added to stored polar  1
 Point written to save file  fx76120_Re600k.base.pol                         
 Dump file unspecified or not available
 Calculating wake trajectory ...
 Calculating source influence matrix ...

 Solving BL system ...

 Side 1  free  transition at x/c =  0.3607   45
 Side 2  free  transition at x/c =  0.9483   72

   1   rms: 0.1313E+00   max: 0.1388E+01   C at   45  1   RLX: 0.589
       a =  3.500      CL =  0.3512
      Cm =  0.0065     CD =  0.00819   =>   CDf =  0.00517    CDp =  0.00302

 Side 1  free  transition at x/c =  0.3264   43
 Side 2  free  transition at x/c =  0.9549   71

   2   rms: 0.4475E-01   max: -.4411E+00   T at   71  2
       a =  3.500      CL =  0.3376
      Cm =  0.0149     CD =  0.00809   =>   CDf =  0.00535    CDp =  0.00274

 MRCHDU: Convergence failed at  74  side 2    Res =  0.7797E+01
 MRCHDU: Convergence failed at  75  side 2    Res =  0.2466E+02
 MRCHDU: Convergence failed at  76  side 2    Res =  0.6706E+01
 Side 1  free  transition at x/c =  0.3208   43
 Side 2  free  transition at x/c =  0.9849   74

   3   rms: 0.1138E+00   max: 0.1144E+01   C at   74  2
       a =  3.500      CL =  0.3850
      Cm =  0.0047     CD =  0.00794   =>   CDf =  0.00532    CDp =  0.00261

 Side 1  free  transition at x/c =  0.3060   42
 Side 2  free  transition at x/c =  0.9513   71

   4   rms: 0.5436E-01   max: -.5826E+00   D at   73  2   RLX: 0.858
       a =  3.500      CL =  0.3671
      Cm =  0.0081     CD =  0.00848   =>   CDf =  0.00541    CDp =  0.00307

 Side 1  free  transition at x/c =  0.3101   42
 Side 2  free  transition at x/c =  0.9675   72

   5   rms: 0.3087E-01   max: 0.2885E+00   D at   76  2
       a =  3.500      CL =  0.3791
      Cm =  0.0056     CD =  0.00828   =>   CDf =  0.00542    CDp =  0.00286

 Side 1  free  transition at x/c =  0.3087   42
 Side 2  free  transition at x/c =  0.9604   72

   6   rms: 0.2343E-02   max: -.2995E-01   D at   72  2
       a =  3.500      CL =  0.3805
      Cm =  0.0053     CD =  0.00832   =>   CDf =  0.00541    CDp =  0.00291

 Side 1  free  transition at x/c =  0.3083   42
 Side 2  free  transition at x/c =  0.9603   72

   7   rms: 0.3685E-04   max: -.3378E-03   D at   72  2
       a =  3.500      CL =  0.3805
      Cm =  0.0053     CD =  0.00832   =>   CDf =  0.00541    CDp =  0.00291
 plradd ia,ip,cpol           16           0  2.17741057E-02

 Point added to stored polar  1
 Point written to save file  fx76120_Re600k.base.pol                         
 Dump file unspecified or not available
 Calculating wake trajectory ...
 Calculating source influence matrix ...

 Solving BL system ...

 Side 1  free  transition at x/c =  0.3083   42
 Side 2  free  transition at x/c =  0.9603   72

   1   rms: 0.1100E+00   max: 0.8127E+00   C at   42  1
       a =  4.000      CL =  0.4620
      Cm =  0.0000     CD =  0.00876   =>   CDf =  0.00538    CDp =  0.00338

 Side 1  free  transition at x/c =  0.2594   40
 Side 2  free  transition at x/c =  0.9626   71

   2   rms: 0.2791E-01   max: 0.1849E+00   D at   42  1
       a =  4.000      CL =  0.4506
      Cm =  0.0023     CD =  0.00889   =>   CDf =  0.00566    CDp =  0.00324

 Side 1  free  transition at x/c =  0.2657   41
 Side 2  free  transition at x/c =  0.9687   71

   3   rms: 0.2787E-01   max: -.2461E+00   T at   71  2
       a =  4.000      CL =  0.4307
      Cm =  0.0067     CD =  0.00877   =>   CDf =  0.00559    CDp =  0.00318

 Side 1  free  transition at x/c =  0.2707   41
 Side 2  free  transition at x/c =  0.9808   73

   4   rms: 0.4457E-01   max: 0.4460E+00   D at   75  2
       a =  4.000      CL =  0.4357
      Cm =  0.0057     CD =  0.00871   =>   CDf =  0.00555    CDp =  0.00316

 Side 1  free  transition at x/c =  0.2697   41
 Side 2  free  transition at x/c =  0.9763   72

   5   rms: 0.4943E-01   max: 0.4283E+00   T at   72  2
       a =  4.000      CL =  0.4702
      Cm = -0.0019     CD =  0.00892   =>   CDf =  0.00555    CDp =  0.00336

 Side 1  free  transition at x/c =  0.2606   40
 Side 2  free  transition at x/c =  0.9591   71

   6   rms: 0.3866E-01   max: -.2910E+00   D at   71  2
       a =  4.000      CL =  0.4498
      Cm =  0.0025     CD =  0.00884   =>   CDf =  0.00563    CDp =  0.00321

 Side 1  free  transition at x/c =  0.2648   41
 Side 2  free  transition at x/c =  0.9695   72

   7   rms: 0.5278E-02   max: -.7278E-01   C at   41  1
       a =  4.000      CL =  0.4501
      Cm =  0.0024     CD =  0.00885   =>   CDf =  0.00560    CDp =  0.00325

 Side 1  free  transition at x/c =  0.2662   41
 Side 2  free  transition at x/c =  0.9691   72

   8   rms: 0.4608E-03   max: 0.7264E-02   C at   41  1
       a =  4.000      CL =  0.4501
      Cm =  0.0024     CD =  0.00885   =>   CDf =  0.00558    CDp =  0.00327

 Side 1  free  transition at x/c =  0.2660   41
 Side 2  free  transition at x/c =  0.9692   72

   9   rms: 0.2264E-05   max: -.2542E-04   D at   42  1
       a =  4.000      CL =  0.4501
      Cm =  0.0024     CD =  0.00885   =>   CDf =  0.00558    CDp =  0.00327
 plradd ia,ip,cpol           17           0  1.46565353E-02

 Point added to stored polar  1
 Point written to save file  fx76120_Re600k.base.pol                         
 Dump file unspecified or not available
 Calculating wake trajectory ...
 Calculating source influence matrix ...

 Solving BL system ...

 Side 1  free  transition at x/c =  0.2660   41
 Side 2  free  transition at x/c =  0.9692   72

   1   rms: 0.1171E+00   max: 0.9637E+00   C at   41  1   RLX: 0.681
       a =  4.500      CL =  0.5021
      Cm = -0.0006     CD =  0.00928   =>   CDf =  0.00558    CDp =  0.00370

 Side 1  free  transition at x/c =  0.2417   39
 Side 2  free  transition at x/c =  0.9710   72

   2   rms: 0.3306E-01   max: -.1796E+00   D at   39  1
       a =  4.500      CL =  0.5254
      Cm = -0.0017     CD =  0.00933   =>   CDf =  0.00570    CDp =  0.00363

 Side 1  free  transition at x/c =  0.2309   39
 Side 2  free  transition at x/c =  0.9734   72

   3   rms: 0.3687E-02   max: 0.4630E-01   D at   40  1
       a =  4.500      CL =  0.5245
      Cm = -0.0015     CD =  0.00936   =>   CDf =  0.00574    CDp =  0.00361

 Side 1  free  transition at x/c =  0.2322   39
 Side 2  free  transition at x/c =  0.9737   72

   4   rms: 0.1609E-03   max: -.2521E-02   D at   40  1
       a =  4.500      CL =  0.5245
      Cm = -0.0015     CD =  0.00936   =>   CDf =  0.00573    CDp =  0.00363

 Side 1  free  transition at x/c =  0.2321   39
 Side 2  free  transition at x/c =  0.9737   72

   5   rms: 0.1080E-05   max: 0.1001E-04   C at   39  1
       a =  4.500      CL =  0.5245
      Cm = -0.0015     CD =  0.00936   =>   CDf =  0.00573    CDp =  0.00363
 plradd ia,ip,cpol           18           0  1.46565353E-02

 Point added to stored polar  1
 Point written to save file  fx76120_Re600k.base.pol                         
 Dump file unspecified or not available
 Calculating wake trajectory ...
 Calculating source influence matrix ...

 Solving BL system ...

 Side 1  free  transition at x/c =  0.2321   39
 Side 2  free  transition at x/c =  0.9737   72

   1   rms: 0.1086E+00   max: -.7215E+00   D at   39  1   RLX: 0.693
       a =  5.000      CL =  0.5737
      Cm = -0.0038     CD =  0.00981   =>   CDf =  0.00568    CDp =  0.00413

 Side 1  free  transition at x/c =  0.2112   38
 Side 2  free  transition at x/c =  0.9796   72

   2   rms: 0.3671E-01   max: 0.1904E+00   D at   39  1
       a =  5.000      CL =  0.5983
      Cm = -0.0053     CD =  0.00983   =>   CDf =  0.00582    CDp =  0.00401

 Side 1  free  transition at x/c =  0.2023   38
 Side 2  free  transition at x/c =  0.9808   72

   3   rms: 0.3207E-02   max: 0.3760E-01   D at   39  1
       a =  5.000      CL =  0.5977
      Cm = -0.0052     CD =  0.00985   =>   CDf =  0.00583    CDp =  0.00401

 Side 1  free  transition at x/c =  0.2032   38
 Side 2  free  transition at x/c =  0.9811   72

   4   rms: 0.5975E-04   max: -.1182E-02   D at   39  1
       a =  5.000      CL =  0.5977
      Cm = -0.0052     CD =  0.00985   =>   CDf =  0.00583    CDp =  0.00402
 plradd ia,ip,cpol           19           0  1.17907664E-02

 Point added to stored polar  1
 Point written to save file  fx76120_Re600k.base.pol                         
 Dump file unspecified or not available
 Calculating wake trajectory ...
 Calculating source influence matrix ...

 Solving BL system ...

 Side 1  free  transition at x/c =  0.2031   38
 Side 2  free  transition at x/c =  0.9811   72

   1   rms: 0.1092E+00   max: 0.6751E+00   C at   38  1   RLX: 0.778
       a =  5.500      CL =  0.6578
      Cm = -0.0088     CD =  0.01029   =>   CDf =  0.00577    CDp =  0.00452

 Side 1  free  transition at x/c =  0.1795   37
 Side 2  free  transition at x/c =  0.9821   71

   2   rms: 0.2666E-01   max: 0.2055E+00   D at   38  1
       a =  5.500      CL =  0.6687
      Cm = -0.0085     CD =  0.01029   =>   CDf =  0.00594    CDp =  0.00436

 Side 1  free  transition at x/c =  0.1753   37
 Side 2  free  transition at x/c =  0.9866   71

   3   rms: 0.3305E-02   max: -.3519E-01   T at   71  2
       a =  5.500      CL =  0.6669
      Cm = -0.0082     CD =  0.01031   =>   CDf =  0.00592    CDp =  0.00439

 Side 1  free  transition at x/c =  0.1755   37
 Side 2  free  transition at x/c =  0.9874   71

   4   rms: 0.2704E-03   max: -.3227E-02   T at   71  2
       a =  5.500      CL =  0.6668
      Cm = -0.0081     CD =  0.01031   =>   CDf =  0.00592    CDp =  0.00439

 Side 1  free  transition at x/c =  0.1755   37
 Side 2  free  transition at x/c =  0.9875   71

   5   rms: 0.3694E-05   max: -.5010E-04   T at   71  2
       a =  5.500      CL =  0.6668
      Cm = -0.0081     CD =  0.01031   =>   CDf =  0.00592    CDp =  0.00439
 plradd ia,ip,cpol           20           0  9.31081455E-03

 Point added to stored polar  1
 Point written to save file  fx76120_Re600k.base.pol                         
 Dump file unspecified or not available
 Calculating wake trajectory ...
 Calculating source influence matrix ...

 Solving BL system ...

 Side 1  free  transition at x/c =  0.1755   37
 Side 2  free  transition at x/c =  0.9875   71

   1   rms: 0.9373E-01   max: 0.5538E+00   C at   37  1
       a =  6.000      CL =  0.7240
      Cm = -0.0085     CD =  0.01079   =>   CDf =  0.00586    CDp =  0.00493

 Side 1  free  transition at x/c =  0.1463   36
 Side 2  free  transition at x/c =  0.9988   72

   2   rms: 0.3359E-01   max: 0.4557E+00   D at   72  2
       a =  6.000      CL =  0.7348
      Cm = -0.0109     CD =  0.01072   =>   CDf =  0.00604    CDp =  0.00468

 Side 1  free  transition at x/c =  0.1442   36
 Side 2  free  transition at x/c =  0.9927   71

   3   rms: 0.6594E-02   max: -.9082E-01   D at   71  2
       a =  6.000      CL =  0.7375
      Cm = -0.0116     CD =  0.01081   =>   CDf =  0.00604    CDp =  0.00477

 Side 1  free  transition at x/c =  0.1427   36
 Side 2  free  transition at x/c =  0.9916   71

   4   rms: 0.3262E-03   max: -.3426E-02   T at   71  2
       a =  6.000      CL =  0.7373
      Cm = -0.0115     CD =  0.01081   =>   CDf =  0.00605    CDp =  0.00476

 Side 1  free  transition at x/c =  0.1428   36
 Side 2  free  transition at x/c =  0.9917   71

   5   rms: 0.1409E-05   max: -.1172E-04   C at   36  1
       a =  6.000      CL =  0.7373
      Cm = -0.0115     CD =  0.01081   =>   CDf =  0.00605    CDp =  0.00476
 plradd ia,ip,cpol           21           0  7.17376452E-03

 Point added to stored polar  1
 Point written to save file  fx76120_Re600k.base.pol                         
 Dump file unspecified or not available
 Calculating wake trajectory ...
 Calculating source influence matrix ...

 Solving BL system ...

 Side 1  free  transition at x/c =  0.1428   36
 Side 2  free  transition at x/c =  0.9917   71

   1   rms: 0.1119E+00   max: 0.9977E+00   C at   36  1   RLX: 0.610
       a =  6.500      CL =  0.7784
      Cm = -0.0133     CD =  0.01121   =>   CDf =  0.00605    CDp =  0.00516

 Side 1  free  transition at x/c =  0.1208   34
 Side 2  free  transition at x/c =  0.9947   71

   2   rms: 0.3908E-01   max: -.2770E+00   D at   34  1
       a =  6.500      CL =  0.8030
      Cm = -0.0139     CD =  0.01142   =>   CDf =  0.00617    CDp =  0.00525

 Side 1  free  transition at x/c =  0.1050   33
 Side 2  free  transition at x/c =  0.9977   72

   3   rms: 0.7019E-02   max: -.8216E-01   D at   33  1
       a =  6.500      CL =  0.8043
      Cm = -0.0143     CD =  0.01148   =>   CDf =  0.00624    CDp =  0.00525

 Side 1  free  transition at x/c =  0.1041   33
 Side 2  free  transition at x/c =  0.9968   72

   4   rms: 0.3422E-03   max: 0.5604E-02   C at   33  1
       a =  6.500      CL =  0.8043
      Cm = -0.0143     CD =  0.01150   =>   CDf =  0.00624    CDp =  0.00526

 Side 1  free  transition at x/c =  0.1039   33
 Side 2  free  transition at x/c =  0.9968   72

   5   rms: 0.1453E-05   max: -.9731E-05   C at   33  1
       a =  6.500      CL =  0.8043
      Cm = -0.0143     CD =  0.01150   =>   CDf =  0.00624    CDp =  0.00526
 plradd ia,ip,cpol           22           0  7.17376452E-03

 Point added to stored polar  1
 Point written to save file  fx76120_Re600k.base.pol                         
 Dump file unspecified or not available
 Calculating wake trajectory ...
 Calculating source influence matrix ...

 Solving BL system ...

 Side 1  free  transition at x/c =  0.1039   33
 Side 2  free  transition at x/c =  0.9968   72

   1   rms: 0.1186E+00   max: 0.1328E+01   C at   33  1   RLX: 0.641
       a =  7.000      CL =  0.8480
      Cm = -0.0164     CD =  0.01199   =>   CDf =  0.00616    CDp =  0.00583

 Side 1  free  transition at x/c =  0.0836   33
 Side 2  free  transition at x/c =  0.9996   71

   2   rms: 0.5063E-01   max: 0.3880E+00   C at   33  1
       a =  7.000      CL =  0.8709
      Cm = -0.0173     CD =  0.01253   =>   CDf =  0.00640    CDp =  0.00614

 Side 1  free  transition at x/c =  0.0714   31
 Side 2 forced transition at x/c =  1.0000   71

   3   rms: 0.1844E-01   max: 0.2378E+00   D at   32  1
       a =  7.000      CL =  0.8619
      Cm = -0.0154     CD =  0.01240   =>   CDf =  0.00650    CDp =  0.00591

 Side 1  free  transition at x/c =  0.0737   32
 Side 2 forced transition at x/c =  1.0000   71

   4   rms: 0.8224E-02   max: -.9307E-01   D at   31  1
       a =  7.000      CL =  0.8630
      Cm = -0.0155     CD =  0.01229   =>   CDf =  0.00644    CDp =  0.00585

 Side 1  free  transition at x/c =  0.0754   32
 Side 2 forced transition at x/c =  1.0000   71

   5   rms: 0.1426E-02   max: -.1704E-01   D at   32  1
       a =  7.000      CL =  0.8628
      Cm = -0.0155     CD =  0.01231   =>   CDf =  0.00641    CDp =  0.00590

 Side 1  free  transition at x/c =  0.0750   32
 Side 2 forced transition at x/c =  1.0000   71

   6   rms: 0.3305E-04   max: -.4199E-03   D at   32  1
       a =  7.000      CL =  0.8628
      Cm = -0.0155     CD =  0.01230   =>   CDf =  0.00642    CDp =  0.00589
 plradd ia,ip,cpol           23           0  5.34652499E-03

 Point added to stored polar  1
 Point written to save file  fx76120_Re600k.base.pol                         
 Dump file unspecified or not available
 Calculating wake trajectory ...
 Calculating source influence matrix ...

 Solving BL system ...

 Side 1  free  transition at x/c =  0.0750   32
 Side 2 forced transition at x/c =  1.0000   71

   1   rms: 0.9479E-01   max: -.7612E+00   D at   32  1   RLX: 0.657
       a =  7.500      CL =  0.8843
      Cm = -0.0128     CD =  0.01290   =>   CDf =  0.00642    CDp =  0.00648

 Side 1  free  transition at x/c =  0.0663   31
 Side 2 forced transition at x/c =  1.0000   71

   2   rms: 0.3609E-01   max: -.4644E+00   D at   31  1
       a =  7.500      CL =  0.8992
      Cm = -0.0119     CD =  0.01283   =>   CDf =  0.00627    CDp =  0.00657

 Side 1  free  transition at x/c =  0.0628   32
 Side 2 forced transition at x/c =  1.0000   70

   3   rms: 0.7537E-02   max: -.9568E-01   D at   32  1
       a =  7.500      CL =  0.8960
      Cm = -0.0114     CD =  0.01309   =>   CDf =  0.00645    CDp =  0.00664

 Side 1  free  transition at x/c =  0.0615   31
 Side 2 forced transition at x/c =  1.0000   70

   4   rms: 0.2040E-02   max: -.2281E-01   C at   31  1
       a =  7.500      CL =  0.8962
      Cm = -0.0114     CD =  0.01307   =>   CDf =  0.00647    CDp =  0.00660

 Side 1  free  transition at x/c =  0.0615   31
 Side 2 forced transition at x/c =  1.0000   70

   5   rms: 0.1508E-04   max: 0.1675E-03   D at   31  1
       a =  7.500      CL =  0.8962
      Cm = -0.0114     CD =  0.01307   =>   CDf =  0.00647    CDp =  0.00660
 plradd ia,ip,cpol           24           0  3.79515090E-03

 Point added to stored polar  1
 Point written to save file  fx76120_Re600k.base.pol                         
 Dump file unspecified or not available
 Calculating wake trajectory ...
 Calculating source influence matrix ...

 Solving BL system ...

 Side 1  free  transition at x/c =  0.0615   31
 Side 2 forced transition at x/c =  1.0000   70

   1   rms: 0.7568E-01   max: -.4821E+00   C at   31  1
       a =  8.000      CL =  0.9337
      Cm = -0.0079     CD =  0.01351   =>   CDf =  0.00647    CDp =  0.00704

 Side 1  free  transition at x/c =  0.0536   31
 Side 2 forced transition at x/c =  1.0000   70

   2   rms: 0.4769E-02   max: 0.1934E-01   D at   60  2
       a =  8.000      CL =  0.9295
      Cm = -0.0072     CD =  0.01379   =>   CDf =  0.00647    CDp =  0.00732

 Side 1  free  transition at x/c =  0.0534   31
 Side 2 forced transition at x/c =  1.0000   70

   3   rms: 0.9218E-04   max: -.8032E-03   D at   31  1
       a =  8.000      CL =  0.9294
      Cm = -0.0072     CD =  0.01379   =>   CDf =  0.00647    CDp =  0.00732
 plradd ia,ip,cpol           25           0  3.79515090E-03

 Point added to stored polar  1
 Point written to save file  fx76120_Re600k.base.pol                         
 Dump file unspecified or not available
 Calculating wake trajectory ...
 Calculating source influence matrix ...

 Solving BL system ...

 Side 1  free  transition at x/c =  0.0534   31
 Side 2 forced transition at x/c =  1.0000   70

   1   rms: 0.9003E-01   max: 0.3086E+00   T at   31  1
       a =  8.500      CL =  0.9550
      Cm = -0.0017     CD =  0.01511   =>   CDf =  0.00647    CDp =  0.00864

 Side 1  free  transition at x/c =  0.0472   30
 Side 2 forced transition at x/c =  1.0000   70

   2   rms: 0.7102E-01   max: -.6092E+00   D at   30  1   RLX: 0.821
       a =  8.500      CL =  0.9632
      Cm = -0.0032     CD =  0.01452   =>   CDf =  0.00631    CDp =  0.00821

 Side 1  free  transition at x/c =  0.0486   30
 Side 2 forced transition at x/c =  1.0000   70

   3   rms: 0.9063E-02   max: -.1233E+00   D at   30  1
       a =  8.500      CL =  0.9634
      Cm = -0.0031     CD =  0.01445   =>   CDf =  0.00639    CDp =  0.00806

 Side 1  free  transition at x/c =  0.0483   30
 Side 2 forced transition at x/c =  1.0000   70

   4   rms: 0.7068E-03   max: 0.8694E-02   D at   30  1
       a =  8.500      CL =  0.9631
      Cm = -0.0030     CD =  0.01447   =>   CDf =  0.00641    CDp =  0.00807

 Side 1  free  transition at x/c =  0.0482   30
 Side 2 forced transition at x/c =  1.0000   70

   5   rms: 0.6930E-05   max: -.6972E-04   D at    4  2
       a =  8.500      CL =  0.9631
      Cm = -0.0030     CD =  0.01447   =>   CDf =  0.00641    CDp =  0.00807
 plradd ia,ip,cpol           26           0  3.79515090E-03

 Point added to stored polar  1
 Point written to save file  fx76120_Re600k.base.pol                         
 Dump file unspecified or not available
 Calculating wake trajectory ...
 Calculating source influence matrix ...

 Solving BL system ...

 Side 1  free  transition at x/c =  0.0482   30
 Side 2 forced transition at x/c =  1.0000   70

   1   rms: 0.7629E-01   max: -.3203E+00   D at    3  2
       a =  9.000      CL =  0.9958
      Cm =  0.0012     CD =  0.01528   =>   CDf =  0.00624    CDp =  0.00905

 Side 1  free  transition at x/c =  0.0440   30
 Side 2 forced transition at x/c =  1.0000   69

   2   rms: 0.1584E-01   max: -.1351E+00   D at   31  1
       a =  9.000      CL =  0.9938
      Cm =  0.0015     CD =  0.01542   =>   CDf =  0.00636    CDp =  0.00906

 Side 1  free  transition at x/c =  0.0436   30
 Side 2 forced transition at x/c =  1.0000   69

   3   rms: 0.9170E-03   max: 0.6173E-02   D at   30  1
       a =  9.000      CL =  0.9932
      Cm =  0.0016     CD =  0.01546   =>   CDf =  0.00638    CDp =  0.00908

 Side 1  free  transition at x/c =  0.0436   30
 Side 2 forced transition at x/c =  1.0000   69

   4   rms: 0.1787E-05   max: -.8400E-05   n at   68  2
       a =  9.000      CL =  0.9932
      Cm =  0.0016     CD =  0.01546   =>   CDf =  0.00638    CDp =  0.00908
 plradd ia,ip,cpol           27           0  2.50459299E-03

 Point added to stored polar  1
 Point written to save file  fx76120_Re600k.base.pol                         
 Dump file unspecified or not available
 Calculating wake trajectory ...
 Calculating source influence matrix ...

 Solving BL system ...

 Side 1  free  transition at x/c =  0.0436   30
 Side 2 forced transition at x/c =  1.0000   69

   1   rms: 0.7115E-01   max: 0.3249E+00   T at   30  1
       a =  9.500      CL =  1.0296
      Cm =  0.0053     CD =  0.01608   =>   CDf =  0.00638    CDp =  0.00970

 Side 1  free  transition at x/c =  0.0399   30
 Side 2 forced transition at x/c =  1.0000   69

   2   rms: 0.1060E-01   max: -.1269E+00   D at   30  1
       a =  9.500      CL =  1.0281
      Cm =  0.0054     CD =  0.01619   =>   CDf =  0.00630    CDp =  0.00989

 Side 1  free  transition at x/c =  0.0400   30
 Side 2 forced transition at x/c =  1.0000   69

   3   rms: 0.7619E-03   max: 0.8870E-02   D at   30  1
       a =  9.500      CL =  1.0279
      Cm =  0.0055     CD =  0.01621   =>   CDf =  0.00632    CDp =  0.00989

 Side 1  free  transition at x/c =  0.0399   30
 Side 2 forced transition at x/c =  1.0000   69

   4   rms: 0.3896E-05   max: 0.2164E-04   D at   30  1
       a =  9.500      CL =  1.0279
      Cm =  0.0055     CD =  0.01621   =>   CDf =  0.00632    CDp =  0.00989
 plradd ia,ip,cpol           28           0  2.50459299E-03

 Point added to stored polar  1
 Point written to save file  fx76120_Re600k.base.pol                         
 Dump file unspecified or not available
 Calculating wake trajectory ...
 Calculating source influence matrix ...

 Solving BL system ...

 Side 1  free  transition at x/c =  0.0399   30
 Side 2 forced transition at x/c =  1.0000   69

   1   rms: 0.7330E-01   max: 0.3078E+00   T at   30  1
       a = 10.000      CL =  1.0607
      Cm =  0.0095     CD =  0.01717   =>   CDf =  0.00610    CDp =  0.01106

 Side 1  free  transition at x/c =  0.0372   30
 Side 2 forced transition at x/c =  1.0000   68

   2   rms: 0.1586E-01   max: -.1412E+00   D at   31  1
       a = 10.000      CL =  1.0571
      Cm =  0.0101     CD =  0.01739   =>   CDf =  0.00624    CDp =  0.01114

 Side 1  free  transition at x/c =  0.0368   30
 Side 2 forced transition at x/c =  1.0000   68

   3   rms: 0.8122E-03   max: 0.5429E-02   D at   30  1
       a = 10.000      CL =  1.0565
      Cm =  0.0102     CD =  0.01743   =>   CDf =  0.00626    CDp =  0.01118

 Side 1  free  transition at x/c =  0.0368   30
 Side 2 forced transition at x/c =  1.0000   68

   4   rms: 0.1565E-05   max: -.7105E-05   D at   85  2
       a = 10.000      CL =  1.0565
      Cm =  0.0102     CD =  0.01743   =>   CDf =  0.00626    CDp =  0.01118
 plradd ia,ip,cpol           29           0  2.50459299E-03

 Point added to stored polar  1
 Point written to save file  fx76120_Re600k.base.pol                         
 Dump file unspecified or not available

.OPERva   c>  
 Solving BL system ...

 Side 1  free  transition at x/c =  0.0368   30
 Side 2 forced transition at x/c =  1.0000   68

   1   rms: 0.3383E-06   max: 0.1085E-05   D at   32  1
       a = 10.000      CL =  1.0565
      Cm =  0.0102     CD =  0.01743   =>   CDf =  0.00626    CDp =  0.01118
 plradd ia,ip,cpol           30         182  2.50459299E-03

 Point added to stored polar  1
 Point written to save file  fx76120_Re600k.base.pol                         
 Dump file unspecified or not available
 Calculating wake trajectory ...
 Calculating source influence matrix ...

 Solving BL system ...

 Side 1  free  transition at x/c =  0.0368   30
 Side 2 forced transition at x/c =  1.0000   68

   1   rms: 0.3471E-01   max: 0.1530E+00   T at   30  1
       a = 10.250      CL =  1.0746
      Cm =  0.0119     CD =  0.01782   =>   CDf =  0.00626    CDp =  0.01156

 Side 1  free  transition at x/c =  0.0355   30
 Side 2 forced transition at x/c =  1.0000   68

   2   rms: 0.1444E-02   max: -.1197E-01   D at   30  1
       a = 10.250      CL =  1.0740
      Cm =  0.0120     CD =  0.01784   =>   CDf =  0.00620    CDp =  0.01165

 Side 1  free  transition at x/c =  0.0355   30
 Side 2 forced transition at x/c =  1.0000   68

   3   rms: 0.6717E-05   max: 0.4109E-04   D at   67  2
       a = 10.250      CL =  1.0740
      Cm =  0.0120     CD =  0.01784   =>   CDf =  0.00620    CDp =  0.01164
 plradd ia,ip,cpol           31           0  2.50459299E-03

 Point added to stored polar  1
 Point written to save file  fx76120_Re600k.base.pol                         
 Dump file unspecified or not available
 Calculating wake trajectory ...
 Calculating source influence matrix ...

 Solving BL system ...

 Side 1  free  transition at x/c =  0.0355   30
 Side 2 forced transition at x/c =  1.0000   68

   1   rms: 0.3468E-01   max: 0.1409E+00   T at   30  1
       a = 10.500      CL =  1.0913
      Cm =  0.0137     CD =  0.01829   =>   CDf =  0.00620    CDp =  0.01208

 Side 1  free  transition at x/c =  0.0340   30
 Side 2 forced transition at x/c =  1.0000   68

   2   rms: 0.4511E-02   max: -.4838E-01   D at   30  1
       a = 10.500      CL =  1.0911
      Cm =  0.0138     CD =  0.01828   =>   CDf =  0.00616    CDp =  0.01212

 Side 1  free  transition at x/c =  0.0341   30
 Side 2 forced transition at x/c =  1.0000   68

   3   rms: 0.3853E-04   max: 0.2823E-03   T at   30  1
       a = 10.500      CL =  1.0911
      Cm =  0.0138     CD =  0.01828   =>   CDf =  0.00617    CDp =  0.01211
 plradd ia,ip,cpol           32           0  1.48532283E-03

 Point added to stored polar  1
 Point written to save file  fx76120_Re600k.base.pol                         
 Dump file unspecified or not available
 Calculating wake trajectory ...
 Calculating source influence matrix ...

 Solving BL system ...

 Side 1  free  transition at x/c =  0.0341   30
 Side 2 forced transition at x/c =  1.0000   68

   1   rms: 0.3504E-01   max: 0.1503E+00   T at   30  1
       a = 10.750      CL =  1.1073
      Cm =  0.0157     CD =  0.01880   =>   CDf =  0.00591    CDp =  0.01289

 Side 1  free  transition at x/c =  0.0329   31
 Side 2 forced transition at x/c =  1.0000   67
 idif Ue xi dudx           1  0.10006174      5.70440292E-03   17.541142    
 Uenew xinew           2  4.74672212E-04  2.70605087E-05

   2   rms: 0.1499E-01   max: -.2597E+00   T at    2  1
       a = 10.750      CL =  1.1060
      Cm =  0.0158     CD =  0.01886   =>   CDf =  0.00638    CDp =  0.01248

 Side 1  free  transition at x/c =  0.0329   30
 Side 2 forced transition at x/c =  1.0000   68

   3   rms: 0.1013E-02   max: 0.1313E-01   T at    2  2
       a = 10.750      CL =  1.1060
      Cm =  0.0158     CD =  0.01886   =>   CDf =  0.00615    CDp =  0.01271

 Side 1  free  transition at x/c =  0.0329   30
 Side 2 forced transition at x/c =  1.0000   68

   4   rms: 0.3472E-03   max: 0.4036E-02   D at    4  2
       a = 10.750      CL =  1.1060
      Cm =  0.0158     CD =  0.01886   =>   CDf =  0.00615    CDp =  0.01271

 Side 1  free  transition at x/c =  0.0329   30
 Side 2 forced transition at x/c =  1.0000   68

   5   rms: 0.8821E-06   max: -.9171E-05   D at    4  2
       a = 10.750      CL =  1.1060
      Cm =  0.0158     CD =  0.01886   =>   CDf =  0.00615    CDp =  0.01271
 plradd ia,ip,cpol           33           0  1.48532283E-03

 Point added to stored polar  1
 Point written to save file  fx76120_Re600k.base.pol                         
 Dump file unspecified or not available
 Calculating wake trajectory ...
 Calculating source influence matrix ...

 Solving BL system ...

 Side 1  free  transition at x/c =  0.0329   30
 Side 2 forced transition at x/c =  1.0000   68

   1   rms: 0.3849E-01   max: -.2350E+00   D at    3  2
       a = 11.000      CL =  1.1197
      Cm =  0.0181     CD =  0.01955   =>   CDf =  0.00588    CDp =  0.01366

 Side 1  free  transition at x/c =  0.0318   31
 Side 2 forced transition at x/c =  1.0000   67

   2   rms: 0.6634E-02   max: 0.2484E-01   D at   30  1
       a = 11.000      CL =  1.1151
      Cm =  0.0187     CD =  0.01980   =>   CDf =  0.00611    CDp =  0.01369

 Side 1  free  transition at x/c =  0.0316   31
 Side 2 forced transition at x/c =  1.0000   67

   3   rms: 0.4763E-03   max: -.3282E-02   D at    4  1
       a = 11.000      CL =  1.1148
      Cm =  0.0188     CD =  0.01981   =>   CDf =  0.00612    CDp =  0.01369

 Side 1  free  transition at x/c =  0.0315   31
 Side 2 forced transition at x/c =  1.0000   67

   4   rms: 0.3703E-05   max: 0.1059E-04   D at   90  1
       a = 11.000      CL =  1.1148
      Cm =  0.0188     CD =  0.01981   =>   CDf =  0.00612    CDp =  0.01369
 plradd ia,ip,cpol           34           0  1.48532283E-03

 Point added to stored polar  1
 Point written to save file  fx76120_Re600k.base.pol                         
 Dump file unspecified or not available
 Calculating wake trajectory ...
 Calculating source influence matrix ...

 Solving BL system ...

 Side 1  free  transition at x/c =  0.0315   31
 Side 2 forced transition at x/c =  1.0000   67

   1   rms: 0.5253E-01   max: 0.1576E+00   T at   31  1
       a = 11.250      CL =  1.1150
      Cm =  0.0229     CD =  0.02138   =>   CDf =  0.00612    CDp =  0.01526

 Side 1  free  transition at x/c =  0.0304   30
 Side 2 forced transition at x/c =  1.0000   67

   2   rms: 0.3118E-01   max: -.2687E+00   D at   30  1
       a = 11.250      CL =  1.1277
      Cm =  0.0211     CD =  0.02037   =>   CDf =  0.00600    CDp =  0.01437

 Side 1  free  transition at x/c =  0.0307   30
 Side 2 forced transition at x/c =  1.0000   67

   3   rms: 0.3063E-02   max: 0.1397E-01   D at   30  1
       a = 11.250      CL =  1.1300
      Cm =  0.0208     CD =  0.02035   =>   CDf =  0.00605    CDp =  0.01430

 Side 1  free  transition at x/c =  0.0306   30
 Side 2 forced transition at x/c =  1.0000   67

   4   rms: 0.4545E-04   max: 0.2593E-03   D at   73  2
       a = 11.250      CL =  1.1300
      Cm =  0.0208     CD =  0.02035   =>   CDf =  0.00604    CDp =  0.01431
 plradd ia,ip,cpol           35           0  1.48532283E-03

 Point added to stored polar  1
 Point written to save file  fx76120_Re600k.base.pol                         
 Dump file unspecified or not available
 Calculating wake trajectory ...
 Calculating source influence matrix ...

 Solving BL system ...

 Side 1  free  transition at x/c =  0.0306   30
 Side 2 forced transition at x/c =  1.0000   67

   1   rms: 0.3352E-01   max: 0.1198E+00   T at   30  1
       a = 11.500      CL =  1.1451
      Cm =  0.0228     CD =  0.02091   =>   CDf =  0.00604    CDp =  0.01487

 Side 1  free  transition at x/c =  0.0296   30
 Side 2 forced transition at x/c =  1.0000   67

   2   rms: 0.4196E-02   max: -.3975E-01   D at   30  1
       a = 11.500      CL =  1.1449
      Cm =  0.0228     CD =  0.02089   =>   CDf =  0.00597    CDp =  0.01492

 Side 1  free  transition at x/c =  0.0297   30
 Side 2 forced transition at x/c =  1.0000   67

   3   rms: 0.8454E-04   max: -.3550E-03   D at   95  1
       a = 11.500      CL =  1.1450
      Cm =  0.0228     CD =  0.02089   =>   CDf =  0.00597    CDp =  0.01492
 plradd ia,ip,cpol           36           0  1.48532283E-03

 Point added to stored polar  1
 Point written to save file  fx76120_Re600k.base.pol                         
 Dump file unspecified or not available
 Calculating wake trajectory ...
 Calculating source influence matrix ...

 Solving BL system ...

 Side 1  free  transition at x/c =  0.0297   30
 Side 2 forced transition at x/c =  1.0000   67

   1   rms: 0.3352E-01   max: 0.1204E+00   T at   30  1
       a = 11.750      CL =  1.1589
      Cm =  0.0249     CD =  0.02152   =>   CDf =  0.00598    CDp =  0.01555

 Side 1  free  transition at x/c =  0.0288   30
 Side 2 forced transition at x/c =  1.0000   67

   2   rms: 0.3479E-02   max: -.2530E-01   D at   30  1
       a = 11.750      CL =  1.1566
      Cm =  0.0253     CD =  0.02149   =>   CDf =  0.00592    CDp =  0.01557

 Side 1  free  transition at x/c =  0.0288   30
 Side 2 forced transition at x/c =  1.0000   67

   3   rms: 0.1634E-04   max: -.1380E-03   D at   94  1
       a = 11.750      CL =  1.1566
      Cm =  0.0253     CD =  0.02149   =>   CDf =  0.00592    CDp =  0.01557
 plradd ia,ip,cpol           37           0  1.48532283E-03

 Point added to stored polar  1
 Point written to save file  fx76120_Re600k.base.pol                         
 Dump file unspecified or not available
 Calculating wake trajectory ...
 Calculating source influence matrix ...

 Solving BL system ...

 Side 1  free  transition at x/c =  0.0288   30
 Side 2 forced transition at x/c =  1.0000   67

   1   rms: 0.3238E-01   max: 0.1249E+00   T at   30  1
       a = 12.000      CL =  1.1677
      Cm =  0.0279     CD =  0.02207   =>   CDf =  0.00592    CDp =  0.01615

 Side 1  free  transition at x/c =  0.0279   30
 Side 2 forced transition at x/c =  1.0000   67

   2   rms: 0.5108E-02   max: -.4971E-01   D at   30  1
       a = 12.000      CL =  1.1669
      Cm =  0.0280     CD =  0.02205   =>   CDf =  0.00588    CDp =  0.01618

 Side 1  free  transition at x/c =  0.0279   30
 Side 2 forced transition at x/c =  1.0000   67

   3   rms: 0.1677E-03   max: -.7501E-03   D at   95  1
       a = 12.000      CL =  1.1670
      Cm =  0.0280     CD =  0.02206   =>   CDf =  0.00589    CDp =  0.01617

 Side 1  free  transition at x/c =  0.0279   30
 Side 2 forced transition at x/c =  1.0000   67

   4   rms: 0.8788E-06   max: -.3522E-05   D at   88  2
       a = 12.000      CL =  1.1670
      Cm =  0.0280     CD =  0.02206   =>   CDf =  0.00589    CDp =  0.01617
 plradd ia,ip,cpol           38           0  1.48532283E-03

 Point added to stored polar  1
 Point written to save file  fx76120_Re600k.base.pol                         
 Dump file unspecified or not available
 Calculating wake trajectory ...
 Calculating source influence matrix ...

 Solving BL system ...

 Side 1  free  transition at x/c =  0.0279   30
 Side 2 forced transition at x/c =  1.0000   67

   1   rms: 0.3269E-01   max: 0.1162E+00   T at   30  1
       a = 12.250      CL =  1.1764
      Cm =  0.0307     CD =  0.02275   =>   CDf =  0.00558    CDp =  0.01718

 Side 1  free  transition at x/c =  0.0272   31
 Side 2 forced transition at x/c =  1.0000   66

   2   rms: 0.3300E-02   max: -.3657E-01   D at    2  1
       a = 12.250      CL =  1.1743
      Cm =  0.0309     CD =  0.02285   =>   CDf =  0.00585    CDp =  0.01700

 Side 1  free  transition at x/c =  0.0272   31
 Side 2 forced transition at x/c =  1.0000   66

   3   rms: 0.6210E-03   max: -.7594E-02   D at    4  1
       a = 12.250      CL =  1.1744
      Cm =  0.0309     CD =  0.02285   =>   CDf =  0.00584    CDp =  0.01700

 Side 1  free  transition at x/c =  0.0272   31
 Side 2 forced transition at x/c =  1.0000   66

   4   rms: 0.8050E-06   max: -.5041E-05   D at    7  1
       a = 12.250      CL =  1.1743
      Cm =  0.0309     CD =  0.02285   =>   CDf =  0.00584    CDp =  0.01700
 plradd ia,ip,cpol           39           0  1.48532283E-03

 Point added to stored polar  1
 Point written to save file  fx76120_Re600k.base.pol                         
 Dump file unspecified or not available
 Calculating wake trajectory ...
 Calculating source influence matrix ...

 Solving BL system ...

 Side 1  free  transition at x/c =  0.0272   31
 Side 2 forced transition at x/c =  1.0000   66

   1   rms: 0.3460E-01   max: 0.1092E+00   T at   31  1
       a = 12.500      CL =  1.1804
      Cm =  0.0338     CD =  0.02381   =>   CDf =  0.00585    CDp =  0.01796

 Side 1  free  transition at x/c =  0.0264   31
 Side 2 forced transition at x/c =  1.0000   66

   2   rms: 0.6143E-02   max: 0.3460E-01   D at   92  1
       a = 12.500      CL =  1.1755
      Cm =  0.0342     CD =  0.02409   =>   CDf =  0.00581    CDp =  0.01829

 Side 1  free  transition at x/c =  0.0264   31
 Side 2 forced transition at x/c =  1.0000   66

   3   rms: 0.1979E-03   max: 0.2497E-02   D at   91  1
       a = 12.500      CL =  1.1754
      Cm =  0.0342     CD =  0.02409   =>   CDf =  0.00581    CDp =  0.01829

 Side 1  free  transition at x/c =  0.0264   31
 Side 2 forced transition at x/c =  1.0000   66

   4   rms: 0.3399E-05   max: -.1150E-04   T at   31  1
       a = 12.500      CL =  1.1754
      Cm =  0.0342     CD =  0.02409   =>   CDf =  0.00581    CDp =  0.01829
 plradd ia,ip,cpol           40           0  1.48532283E-03

 Point added to stored polar  1
 Point written to save file  fx76120_Re600k.base.pol                         
 Dump file unspecified or not available
 Calculating wake trajectory ...
 Calculating source influence matrix ...

 Solving BL system ...

 Side 1  free  transition at x/c =  0.0264   31
 Side 2 forced transition at x/c =  1.0000   66

   1   rms: 0.5315E-01   max: 0.1614E+00   D at   84  1
       a = 12.750      CL =  1.1676
      Cm =  0.0383     CD =  0.02618   =>   CDf =  0.00581    CDp =  0.02037

 Side 1  free  transition at x/c =  0.0256   30
 Side 2 forced transition at x/c =  1.0000   66

   2   rms: 0.2743E-01   max: -.2152E+00   D at   30  1
       a = 12.750      CL =  1.1819
      Cm =  0.0367     CD =  0.02500   =>   CDf =  0.00568    CDp =  0.01933

 Side 1  free  transition at x/c =  0.0257   30
 Side 2 forced transition at x/c =  1.0000   66

   3   rms: 0.3803E-02   max: -.1527E-01   D at   89  1
       a = 12.750      CL =  1.1850
      Cm =  0.0363     CD =  0.02495   =>   CDf =  0.00571    CDp =  0.01924

 Side 1  free  transition at x/c =  0.0257   30
 Side 2 forced transition at x/c =  1.0000   66

   4   rms: 0.7718E-04   max: 0.8522E-03   D at   89  1
       a = 12.750      CL =  1.1849
      Cm =  0.0363     CD =  0.02495   =>   CDf =  0.00571    CDp =  0.01924
 plradd ia,ip,cpol           41           0  1.48532283E-03

 Point added to stored polar  1
 Point written to save file  fx76120_Re600k.base.pol                         
 Dump file unspecified or not available
 Calculating wake trajectory ...
 Calculating source influence matrix ...

 Solving BL system ...

 Side 1  free  transition at x/c =  0.0257   30
 Side 2 forced transition at x/c =  1.0000   66

   1   rms: 0.3221E-01   max: 0.1070E+00   T at   30  1
       a = 13.000      CL =  1.1964
      Cm =  0.0381     CD =  0.02579   =>   CDf =  0.00571    CDp =  0.02008

 Side 1  free  transition at x/c =  0.0252   30
 Side 2 forced transition at x/c =  1.0000   66

   2   rms: 0.2975E-02   max: 0.1689E-01   D at   88  1
       a = 13.000      CL =  1.1947
      Cm =  0.0382     CD =  0.02586   =>   CDf =  0.00562    CDp =  0.02024

 Side 1  free  transition at x/c =  0.0252   30
 Side 2 forced transition at x/c =  1.0000   66

   3   rms: 0.9576E-04   max: 0.9342E-03   D at   88  1
       a = 13.000      CL =  1.1946
      Cm =  0.0382     CD =  0.02585   =>   CDf =  0.00562    CDp =  0.02024
 plradd ia,ip,cpol           42           0  1.48532283E-03

 Point added to stored polar  1
 Point written to save file  fx76120_Re600k.base.pol                         
 Dump file unspecified or not available
 Calculating wake trajectory ...
 Calculating source influence matrix ...

 Solving BL system ...

 Side 1  free  transition at x/c =  0.0252   30
 Side 2 forced transition at x/c =  1.0000   66

   1   rms: 0.3342E-01   max: 0.1164E+00   T at   30  1
       a = 13.250      CL =  1.2054
      Cm =  0.0398     CD =  0.02680   =>   CDf =  0.00562    CDp =  0.02118

 Side 1  free  transition at x/c =  0.0245   30
 Side 2 forced transition at x/c =  1.0000   66

   2   rms: 0.2083E-02   max: 0.1889E-01   D at   87  1
       a = 13.250      CL =  1.2040
      Cm =  0.0399     CD =  0.02682   =>   CDf =  0.00553    CDp =  0.02129

 Side 1  free  transition at x/c =  0.0245   30
 Side 2 forced transition at x/c =  1.0000   66

   3   rms: 0.5986E-04   max: -.2962E-03   D at   88  1
       a = 13.250      CL =  1.2041
      Cm =  0.0399     CD =  0.02682   =>   CDf =  0.00553    CDp =  0.02129
 plradd ia,ip,cpol           43           0  1.48532283E-03

 Point added to stored polar  1
 Point written to save file  fx76120_Re600k.base.pol                         
 Dump file unspecified or not available
 Calculating wake trajectory ...
 Calculating source influence matrix ...

 Solving BL system ...

 Side 1  free  transition at x/c =  0.0245   30
 Side 2 forced transition at x/c =  1.0000   66

   1   rms: 0.3359E-01   max: 0.9967E-01   T at   30  1
       a = 13.500      CL =  1.2135
      Cm =  0.0414     CD =  0.02793   =>   CDf =  0.00554    CDp =  0.02239

 Side 1  free  transition at x/c =  0.0238   30
 Side 2 forced transition at x/c =  1.0000   66

   2   rms: 0.2652E-02   max: 0.2075E-01   D at   86  1
       a = 13.500      CL =  1.2123
      Cm =  0.0414     CD =  0.02792   =>   CDf =  0.00546    CDp =  0.02247

 Side 1  free  transition at x/c =  0.0239   30
 Side 2 forced transition at x/c =  1.0000   66

   3   rms: 0.1403E-03   max: -.6387E-03   D at   86  1
       a = 13.500      CL =  1.2124
      Cm =  0.0414     CD =  0.02792   =>   CDf =  0.00546    CDp =  0.02246

 Side 1  free  transition at x/c =  0.0239   30
 Side 2 forced transition at x/c =  1.0000   66

   4   rms: 0.1198E-05   max: -.8758E-05   D at   81  2
       a = 13.500      CL =  1.2124
      Cm =  0.0414     CD =  0.02792   =>   CDf =  0.00546    CDp =  0.02246
 plradd ia,ip,cpol           44           0  1.48532283E-03

 Point added to stored polar  1
 Point written to save file  fx76120_Re600k.base.pol                         
 Dump file unspecified or not available
 Calculating wake trajectory ...
 Calculating source influence matrix ...

 Solving BL system ...

 Side 1  free  transition at x/c =  0.0239   30
 Side 2 forced transition at x/c =  1.0000   66

   1   rms: 0.3479E-01   max: 0.9759E-01   D at   81  1
       a = 13.750      CL =  1.2191
      Cm =  0.0428     CD =  0.02933   =>   CDf =  0.00546    CDp =  0.02387

 Side 1  free  transition at x/c =  0.0234   30
 Side 2 forced transition at x/c =  1.0000   66

   2   rms: 0.2850E-02   max: 0.2469E-01   D at   84  1
       a = 13.750      CL =  1.2175
      Cm =  0.0429     CD =  0.02935   =>   CDf =  0.00539    CDp =  0.02396

 Side 1  free  transition at x/c =  0.0234   30
 Side 2 forced transition at x/c =  1.0000   66

   3   rms: 0.9880E-04   max: -.5380E-03   D at   85  1
       a = 13.750      CL =  1.2175
      Cm =  0.0429     CD =  0.02934   =>   CDf =  0.00539    CDp =  0.02396
 plradd ia,ip,cpol           45           0  1.48532283E-03

 Point added to stored polar  1
 Point written to save file  fx76120_Re600k.base.pol                         
 Dump file unspecified or not available
 Calculating wake trajectory ...
 Calculating source influence matrix ...

 Solving BL system ...

 Side 1  free  transition at x/c =  0.0234   30
 Side 2 forced transition at x/c =  1.0000   66

   1   rms: 0.3341E-01   max: 0.1039E+00   T at   30  1
       a = 14.000      CL =  1.2266
      Cm =  0.0438     CD =  0.03065   =>   CDf =  0.00503    CDp =  0.02562

 Side 1  free  transition at x/c =  0.0228   31
 Side 2 forced transition at x/c =  1.0000   65

   2   rms: 0.4071E-02   max: 0.2352E-01   D at   84  1
       a = 14.000      CL =  1.2244
      Cm =  0.0439     CD =  0.03071   =>   CDf =  0.00532    CDp =  0.02539

 Side 1  free  transition at x/c =  0.0228   31
 Side 2 forced transition at x/c =  1.0000   65

   3   rms: 0.5429E-03   max: -.5934E-02   D at    4  1
       a = 14.000      CL =  1.2245
      Cm =  0.0439     CD =  0.03071   =>   CDf =  0.00532    CDp =  0.02538

 Side 1  free  transition at x/c =  0.0228   31
 Side 2 forced transition at x/c =  1.0000   65

   4   rms: 0.2148E-05   max: 0.1535E-04   C at   65  2
       a = 14.000      CL =  1.2245
      Cm =  0.0439     CD =  0.03071   =>   CDf =  0.00533    CDp =  0.02538
 plradd ia,ip,cpol           46           0  1.48532283E-03

 Point added to stored polar  1
 Point written to save file  fx76120_Re600k.base.pol                         
 Dump file unspecified or not available
 Calculating wake trajectory ...
 Calculating source influence matrix ...

 Solving BL system ...

 Side 1  free  transition at x/c =  0.0228   31
 Side 2 forced transition at x/c =  1.0000   65

   1   rms: 0.3606E-01   max: 0.1107E+00   D at   80  1
       a = 14.250      CL =  1.2293
      Cm =  0.0448     CD =  0.03252   =>   CDf =  0.00533    CDp =  0.02719

 Side 1  free  transition at x/c =  0.0224   31
 Side 2 forced transition at x/c =  1.0000   65

   2   rms: 0.5366E-02   max: 0.4093E-01   D at   82  1
       a = 14.250      CL =  1.2259
      Cm =  0.0448     CD =  0.03269   =>   CDf =  0.00527    CDp =  0.02742

 Side 1  free  transition at x/c =  0.0224   31
 Side 2 forced transition at x/c =  1.0000   65

   3   rms: 0.1569E-03   max: 0.2841E-02   D at   81  1
       a = 14.250      CL =  1.2258
      Cm =  0.0448     CD =  0.03267   =>   CDf =  0.00526    CDp =  0.02741

 Side 1  free  transition at x/c =  0.0224   31
 Side 2 forced transition at x/c =  1.0000   65

   4   rms: 0.2093E-05   max: -.1405E-04   C at   65  2
       a = 14.250      CL =  1.2258
      Cm =  0.0448     CD =  0.03267   =>   CDf =  0.00526    CDp =  0.02741
 plradd ia,ip,cpol           47           0  1.48532283E-03

 Point added to stored polar  1
 Point written to save file  fx76120_Re600k.base.pol                         
 Dump file unspecified or not available
 Calculating wake trajectory ...
 Calculating source influence matrix ...

 Solving BL system ...

 Side 1  free  transition at x/c =  0.0224   31
 Side 2 forced transition at x/c =  1.0000   65

   1   rms: 0.4129E-01   max: 0.1375E+00   D at   78  1   RLX: 0.983
       a = 14.500      CL =  1.2261
      Cm =  0.0454     CD =  0.03509   =>   CDf =  0.00526    CDp =  0.02983

 Side 1  free  transition at x/c =  0.0219   31
 Side 2 forced transition at x/c =  1.0000   65

   2   rms: 0.1252E-01   max: 0.6854E-01   D at   80  1
       a = 14.500      CL =  1.2179
      Cm =  0.0455     CD =  0.03577   =>   CDf =  0.00519    CDp =  0.03058

 Side 1  free  transition at x/c =  0.0218   31
 Side 2 forced transition at x/c =  1.0000   65

   3   rms: 0.6642E-03   max: 0.8454E-02   D at   78  1
       a = 14.500      CL =  1.2175
      Cm =  0.0455     CD =  0.03572   =>   CDf =  0.00518    CDp =  0.03055

 Side 1  free  transition at x/c =  0.0218   31
 Side 2 forced transition at x/c =  1.0000   65

   4   rms: 0.1399E-04   max: 0.1039E-03   D at   78  1
       a = 14.500      CL =  1.2175
      Cm =  0.0455     CD =  0.03572   =>   CDf =  0.00518    CDp =  0.03054
 plradd ia,ip,cpol           48           0  7.42419215E-04

 Point added to stored polar  1
 Point written to save file  fx76120_Re600k.base.pol                         
 Dump file unspecified or not available
 Calculating wake trajectory ...
 Calculating source influence matrix ...

 Solving BL system ...

 Side 1  free  transition at x/c =  0.0218   31
 Side 2 forced transition at x/c =  1.0000   65

   1   rms: 0.5066E-01   max: 0.1738E+00   D at   75  1   RLX: 0.904
       a = 14.750      CL =  1.2115
      Cm =  0.0458     CD =  0.03893   =>   CDf =  0.00518    CDp =  0.03375

 Side 1  free  transition at x/c =  0.0216   30
 Side 2 forced transition at x/c =  1.0000   65

   2   rms: 0.1247E-01   max: -.1120E+00   D at   30  1
       a = 14.750      CL =  1.2181
      Cm =  0.0455     CD =  0.03812   =>   CDf =  0.00505    CDp =  0.03307

 Side 1  free  transition at x/c =  0.0216   30
 Side 2 forced transition at x/c =  1.0000   65

   3   rms: 0.2332E-02   max: -.9813E-02   D at   77  1
       a = 14.750      CL =  1.2197
      Cm =  0.0456     CD =  0.03798   =>   CDf =  0.00506    CDp =  0.03292

 Side 1  free  transition at x/c =  0.0216   30
 Side 2 forced transition at x/c =  1.0000   65

   4   rms: 0.5590E-04   max: 0.4536E-03   C at   65  2
       a = 14.750      CL =  1.2197
      Cm =  0.0455     CD =  0.03800   =>   CDf =  0.00506    CDp =  0.03294
 plradd ia,ip,cpol           49           0  1.48532283E-03

 Point added to stored polar  1
 Point written to save file  fx76120_Re600k.base.pol                         
 Dump file unspecified or not available
 Calculating wake trajectory ...
 Calculating source influence matrix ...

 Solving BL system ...

 Side 1  free  transition at x/c =  0.0216   30
 Side 2 forced transition at x/c =  1.0000   65

   1   rms: 0.3664E-01   max: 0.1142E+00   T at   30  1   RLX: 0.883
       a = 15.000      CL =  1.2259
      Cm =  0.0452     CD =  0.04001   =>   CDf =  0.00506    CDp =  0.03495

 Side 1  free  transition at x/c =  0.0212   30
 Side 2 forced transition at x/c =  1.0000   65

   2   rms: 0.6653E-02   max: 0.4400E-01   D at   75  1
       a = 15.000      CL =  1.2242
      Cm =  0.0451     CD =  0.04031   =>   CDf =  0.00495    CDp =  0.03537

 Side 1  free  transition at x/c =  0.0212   30
 Side 2 forced transition at x/c =  1.0000   65

   3   rms: 0.2111E-03   max: 0.3058E-02   D at   74  1
       a = 15.000      CL =  1.2241
      Cm =  0.0451     CD =  0.04025   =>   CDf =  0.00493    CDp =  0.03532

 Side 1  free  transition at x/c =  0.0212   30
 Side 2 forced transition at x/c =  1.0000   65

   4   rms: 0.3405E-05   max: 0.2195E-04   C at   65  2
       a = 15.000      CL =  1.2241
      Cm =  0.0451     CD =  0.04025   =>   CDf =  0.00493    CDp =  0.03532
 plradd ia,ip,cpol           50           0  1.48532283E-03

 Point added to stored polar  1
 Point written to save file  fx76120_Re600k.base.pol                         
 Dump file unspecified or not available
 Calculating wake trajectory ...
 Calculating source influence matrix ...

 Solving BL system ...

 Side 1  free  transition at x/c =  0.0212   30
 Side 2 forced transition at x/c =  1.0000   65

   1   rms: 0.3817E-01   max: 0.1272E+00   D at   72  1   RLX: 0.842
       a = 15.250      CL =  1.2274
      Cm =  0.0445     CD =  0.04268   =>   CDf =  0.00493    CDp =  0.03775

 Side 1  free  transition at x/c =  0.0208   30
 Side 2 forced transition at x/c =  1.0000   65

   2   rms: 0.9527E-02   max: 0.5926E-01   D at   73  1
       a = 15.250      CL =  1.2246
      Cm =  0.0443     CD =  0.04324   =>   CDf =  0.00482    CDp =  0.03842

 Side 1  free  transition at x/c =  0.0207   30
 Side 2 forced transition at x/c =  1.0000   65

   3   rms: 0.8713E-03   max: 0.5832E-02   D at   72  1
       a = 15.250      CL =  1.2239
      Cm =  0.0443     CD =  0.04317   =>   CDf =  0.00480    CDp =  0.03837

 Side 1  free  transition at x/c =  0.0207   30
 Side 2 forced transition at x/c =  1.0000   65

   4   rms: 0.2620E-04   max: 0.1822E-03   D at   77  2
       a = 15.250      CL =  1.2239
      Cm =  0.0443     CD =  0.04316   =>   CDf =  0.00480    CDp =  0.03837
 plradd ia,ip,cpol           51           0  1.48532283E-03

 Point added to stored polar  1
 Point written to save file  fx76120_Re600k.base.pol                         
 Dump file unspecified or not available
 Calculating wake trajectory ...
 Calculating source influence matrix ...

 Solving BL system ...

 Side 1  free  transition at x/c =  0.0207   30
 Side 2 forced transition at x/c =  1.0000   65

   1   rms: 0.3808E-01   max: 0.1344E+00   D at   70  1   RLX: 0.800
       a = 15.500      CL =  1.2260
      Cm =  0.0434     CD =  0.04578   =>   CDf =  0.00480    CDp =  0.04098

 Side 1  free  transition at x/c =  0.0205   30
 Side 2 forced transition at x/c =  1.0000   65

   2   rms: 0.9680E-02   max: 0.5382E-01   D at   70  1
       a = 15.500      CL =  1.2241
      Cm =  0.0431     CD =  0.04636   =>   CDf =  0.00471    CDp =  0.04165

 Side 1  free  transition at x/c =  0.0205   30
 Side 2 forced transition at x/c =  1.0000   65

   3   rms: 0.8675E-03   max: 0.7011E-02   D at   77  2
       a = 15.500      CL =  1.2234
      Cm =  0.0432     CD =  0.04626   =>   CDf =  0.00469    CDp =  0.04158

 Side 1  free  transition at x/c =  0.0205   30
 Side 2 forced transition at x/c =  1.0000   65

   4   rms: 0.5665E-04   max: 0.3393E-03   D at   77  2
       a = 15.500      CL =  1.2233
      Cm =  0.0432     CD =  0.04626   =>   CDf =  0.00469    CDp =  0.04157
 plradd ia,ip,cpol           52           0  1.48532283E-03

 Point added to stored polar  1
 Point written to save file  fx76120_Re600k.base.pol                         
 Dump file unspecified or not available
 Calculating wake trajectory ...
 Calculating source influence matrix ...

 Solving BL system ...

 Side 1  free  transition at x/c =  0.0205   30
 Side 2 forced transition at x/c =  1.0000   65

   1   rms: 0.4042E-01   max: 0.1449E+00   D at   68  1   RLX: 0.763
       a = 15.750      CL =  1.2245
      Cm =  0.0420     CD =  0.04912   =>   CDf =  0.00469    CDp =  0.04443

 Side 1  free  transition at x/c =  0.0202   30
 Side 2 forced transition at x/c =  1.0000   65

   2   rms: 0.1310E-01   max: 0.6898E-01   D at   68  1
       a = 15.750      CL =  1.2210
      Cm =  0.0416     CD =  0.05002   =>   CDf =  0.00460    CDp =  0.04542

 Side 1  free  transition at x/c =  0.0202   30
 Side 2 forced transition at x/c =  1.0000   65

   3   rms: 0.2182E-02   max: 0.1525E-01   D at   67  1
       a = 15.750      CL =  1.2195
      Cm =  0.0417     CD =  0.04996   =>   CDf =  0.00457    CDp =  0.04539

 Side 1  free  transition at x/c =  0.0202   30
 Side 2 forced transition at x/c =  1.0000   65

   4   rms: 0.1620E-03   max: 0.7831E-03   D at   78  2
       a = 15.750      CL =  1.2194
      Cm =  0.0417     CD =  0.04994   =>   CDf =  0.00456    CDp =  0.04538

 Side 1  free  transition at x/c =  0.0202   30
 Side 2 forced transition at x/c =  1.0000   65

   5   rms: 0.5531E-05   max: -.3220E-04   C at   65  2
       a = 15.750      CL =  1.2193
      Cm =  0.0417     CD =  0.04994   =>   CDf =  0.00456    CDp =  0.04538
 plradd ia,ip,cpol           53           0  7.42419215E-04

 Point added to stored polar  1
 Point written to save file  fx76120_Re600k.base.pol                         
 Dump file unspecified or not available
 Calculating wake trajectory ...
 Calculating source influence matrix ...

 Solving BL system ...

 Side 1  free  transition at x/c =  0.0202   30
 Side 2 forced transition at x/c =  1.0000   65

   1   rms: 0.3775E-01   max: 0.1344E+00   D at   66  1   RLX: 0.728
       a = 16.000      CL =  1.2220
      Cm =  0.0403     CD =  0.05264   =>   CDf =  0.00457    CDp =  0.04807

 Side 1  free  transition at x/c =  0.0199   30
 Side 2 forced transition at x/c =  1.0000   65

   2   rms: 0.1311E-01   max: 0.6962E-01   D at   66  1
       a = 16.000      CL =  1.2194
      Cm =  0.0398     CD =  0.05364   =>   CDf =  0.00450    CDp =  0.04915

 Side 1  free  transition at x/c =  0.0198   30
 Side 2 forced transition at x/c =  1.0000   65

   3   rms: 0.2165E-02   max: 0.1269E-01   D at   65  1
       a = 16.000      CL =  1.2179
      Cm =  0.0399     CD =  0.05355   =>   CDf =  0.00447    CDp =  0.04908

 Side 1  free  transition at x/c =  0.0198   30
 Side 2 forced transition at x/c =  1.0000   65

   4   rms: 0.2240E-03   max: 0.9507E-03   D at   78  2
       a = 16.000      CL =  1.2177
      Cm =  0.0399     CD =  0.05353   =>   CDf =  0.00447    CDp =  0.04907

 Side 1  free  transition at x/c =  0.0198   30
 Side 2 forced transition at x/c =  1.0000   65

   5   rms: 0.1827E-04   max: 0.8451E-04   D at   78  2
       a = 16.000      CL =  1.2177
      Cm =  0.0399     CD =  0.05353   =>   CDf =  0.00446    CDp =  0.04907
 plradd ia,ip,cpol           54           0  7.42419215E-04

 Point added to stored polar  1
 Point written to save file  fx76120_Re600k.base.pol                         
 Dump file unspecified or not available

.OPERva   c>  
 Polar accumulation disabled

.OPERv   c>  
 XFOIL   c>  
 XFOIL   c>  