
 ===================================================
  XFOIL Version 6.99
  Copyright (C) 2000   Mark Drela, Harold Youngren

  This software comes with ABSOLUTELY NO WARRANTY,
    subject to the GNU General Public License.

  Caveat computor
 ===================================================

 File  xfoil.def  not found

   QUIT    Exit program

  .OPER    Direct operating point(s)
  .MDES    Complex mapping design routine
  .QDES    Surface speed design routine
  .GDES    Geometry design routine

   SAVE f  Write airfoil to labeled coordinate file
   PSAV f  Write airfoil to plain coordinate file
   ISAV f  Write airfoil to ISES coordinate file
   MSAV f  Write airfoil to MSES coordinate file
   REVE    Reverse written-airfoil node ordering

   LOAD f  Read buffer airfoil from coordinate file
   NACA i  Set NACA 4,5-digit airfoil and buffer airfoil
   INTE    Set buffer airfoil by interpolating two airfoils
   NORM    Buffer airfoil normalization toggle
   XYCM rr Change CM reference location, currently  0.25000 0.00000

   BEND    Display structural properties of current airfoil

   PCOP    Set current-airfoil panel nodes directly from buffer airfoil points
   PANE    Set current-airfoil panel nodes ( 160 ) based on curvature
  .PPAR    Show/change paneling

  .PLOP    Plotting options

   WDEF f  Write  current-settings file
   RDEF f  Reread current-settings file
   NAME s  Specify new airfoil name
   NINC    Increment name version number

   Z       Zoom    | (available in all menus)
   U       Unzoom  | 

 XFOIL   c>  
 Labeled airfoil file.  Name:  FX 76-MP-160                                    

 Number of input coordinate points:  97
 Counterclockwise ordering
 Max thickness =     0.161478  at x =   0.339
 Max camber    =     0.060186  at x =   0.500

  LE  x,y  =  -0.00001   0.00076  |   Chord =   1.00001
  TE  x,y  =   1.00000   0.00000  |

 Current airfoil nodes set from buffer airfoil nodes (  97 )

 XFOIL   c>  
 XFOIL   c>  
 Sharp trailing edge

 Paneling parameters used...
   Number of panel nodes       160
   Panel bunching parameter    1.000
   TE/LE panel density ratio   0.150
   Refined-area/LE panel density ratio    0.200
   Top    side refined area x/c limits  1.000 1.000
   Bottom side refined area x/c limits  1.000 1.000

 XFOIL   c>  
.OPERi   c>  
 Xtr/c     =  1.0000    top    side
 Xtr/c     =  1.0000    bottom side
 Ncrit     =    9.00   ( 0.070 % turb. level )
 Vacc      =  0.0100

 Klag  =  5.6000     Uxwt  =    1.00
 A     =  6.7000     B     =  0.7500       KCt = 0.01485
 CtiniK=  1.8000     CtiniX=  3.3000

..VPAR   c>  
..VPAR   c>  
.OPERi   c>  
 M  =    0.0000
 Re =    300000

.OPERv   c>  
.OPERv   c>  
.OPERv   c>  
 Polar  1 newly created for accumulation
 Airfoil archived with polar: FX 76-MP-160                                    

Enter  polar save filename  OR  <return> for no file   s>  
 New polar save file available

Enter  polar dump filename  OR  <return> for no file   s>  
 Polar dump file will NOT be written

 Polar accumulation enabled

.OPERva   c>   Calculating unit vorticity distributions ...
 Calculating wake trajectory ...
 Calculating source influence matrix ...

 Solving BL system ...

 Initializing BL ...
    side            1  ...
 MRCHUE: Inverse mode at  28     Hk =   4.004
 MRCHUE: Inverse mode at  29     Hk =   4.815
 MRCHUE: Inverse mode at  30     Hk =   5.608
 MRCHUE: Inverse mode at  31     Hk =   6.397
 MRCHUE: Inverse mode at  32     Hk =   7.198
 MRCHUE: Inverse mode at  33     Hk =   8.023
 MRCHUE: Inverse mode at  34     Hk =   8.887
 MRCHUE: Inverse mode at  35     Hk =   9.800
 MRCHUE: Inverse mode at  36     Hk =   6.769
 MRCHUE: Inverse mode at  37     Hk =   3.790
 MRCHUE: Inverse mode at  38     Hk =   2.500
 MRCHUE: Inverse mode at  78     Hk =   2.500
 MRCHUE: Inverse mode at  79     Hk =   2.500
 MRCHUE: Inverse mode at  80     Hk =   2.500
 MRCHUE: Inverse mode at  81     Hk =   2.500
 MRCHUE: Inverse mode at  82     Hk =   2.500
 MRCHUE: Inverse mode at  83     Hk =   2.500
 MRCHUE: Inverse mode at  84     Hk =   2.500
 MRCHUE: Inverse mode at  85     Hk =   2.500
 MRCHUE: Inverse mode at  86     Hk =   2.500
 MRCHUE: Inverse mode at  87     Hk =   2.500
 MRCHUE: Convergence failed at  88  side 1    Res =  0.5673E+01
 MRCHUE: Inverse mode at  89     Hk =   2.500
 MRCHUE: Inverse mode at  90     Hk =   2.500
 MRCHUE: Inverse mode at  91     Hk =   2.500
 MRCHUE: Inverse mode at  92     Hk =   2.500
 MRCHUE: Inverse mode at  93     Hk =   2.500
 MRCHUE: Convergence failed at  94  side 1    Res =  0.4551E+01
 MRCHUE: Inverse mode at  95     Hk =   2.500
 MRCHUE: Convergence failed at  96  side 1    Res =  0.5562E+02
    side            2  ...
 MRCHUE: Inverse mode at  44     Hk =   3.800
 MRCHUE: Inverse mode at  45     Hk =   4.302
 MRCHUE: Inverse mode at  47     Hk =   3.800
 MRCHUE: Inverse mode at  48     Hk =   4.228
 MRCHUE: Inverse mode at  49     Hk =   4.635
 MRCHUE: Inverse mode at  51     Hk =   3.800
 MRCHUE: Inverse mode at  52     Hk =   4.145
 MRCHUE: Inverse mode at  55     Hk =   3.800
 MRCHUE: Inverse mode at  58     Hk =   3.800
 MRCHUE: Inverse mode at  61     Hk =   3.800
 MRCHUE: Inverse mode at  66     Hk =   2.500

 MRCHDU: Convergence failed at  88  side 1    Res =  0.1386E+01
 MRCHDU: Convergence failed at  89  side 1    Res =  0.1450E+01
 MRCHDU: Convergence failed at  90  side 1    Res =  0.1513E+01
 MRCHDU: Convergence failed at  91  side 1    Res =  0.1576E+01
 MRCHDU: Convergence failed at  92  side 1    Res =  0.1692E+01
 MRCHDU: Convergence failed at  93  side 1    Res =  0.1752E+01
 MRCHDU: Convergence failed at  94  side 1    Res =  0.3136E+01
 MRCHDU: Convergence failed at  95  side 1    Res =  0.2911E+01
 MRCHDU: Convergence failed at  96  side 1    Res =  0.1518E+02
 Side 1  free  transition at x/c =  0.0198   36
 Side 2 forced transition at x/c =  1.0000   66
 idif Ue xi dudx           1  8.32305327E-02  1.18641853E-02   7.0152760    
 Uenew xinew           2  2.32587885E-02  3.31544876E-03

   1   rms: 0.9544E+00   max: 0.5038E+01   D at   68  2   RLX: 0.213
       a = 16.250      CL =  2.8859
      Cm = -0.3232     CD =  0.00838   =>   CDf =  0.00959    CDp = -0.00120

 Side 1  free  transition at x/c =  0.0223   35
 Side 2 forced transition at x/c =  1.0000   67

   2   rms: 0.9552E+00   max: -.4999E+01   T at   35  1   RLX: 0.100
       a = 16.250      CL =  2.7953
      Cm = -0.3048     CD =  0.01225   =>   CDf =  0.00925    CDp =  0.00300

 MRCHDU: Convergence failed at  36  side 1    Res =  0.2203E+02
 MRCHDU: Convergence failed at  37  side 1    Res =  0.2858E+02
 MRCHDU: Convergence failed at  38  side 1    Res =  0.5224E+01
 MRCHDU: Convergence failed at  39  side 1    Res =  0.3765E+01
 MRCHDU: Convergence failed at  40  side 1    Res =  0.3429E+01
 MRCHDU: Convergence failed at  41  side 1    Res =  0.8794E+01
 MRCHDU: Convergence failed at  42  side 1    Res =  0.3234E+02
 MRCHDU: Convergence failed at  43  side 1    Res =  0.4540E+02
 MRCHDU: Convergence failed at  44  side 1    Res =  0.7720E+02
 MRCHDU: Convergence failed at  45  side 1    Res =  0.6121E+02
 MRCHDU: Convergence failed at  46  side 1    Res =  0.5852E+02
 MRCHDU: Convergence failed at  47  side 1    Res =  0.1774E+03
 MRCHDU: Convergence failed at  48  side 1    Res =  0.5882E+02
 MRCHDU: Convergence failed at  49  side 1    Res =  0.4668E+02
 MRCHDU: Convergence failed at  50  side 1    Res =  0.2333E+02
 MRCHDU: Convergence failed at  51  side 1    Res =  0.1220E+02
 MRCHDU: Convergence failed at  52  side 1    Res =  0.1286E+02
 MRCHDU: Convergence failed at  53  side 1    Res =  0.1688E+02
 MRCHDU: Convergence failed at  54  side 1    Res =  0.1973E+02
 MRCHDU: Convergence failed at  55  side 1    Res =  0.1928E+02
 MRCHDU: Convergence failed at  56  side 1    Res =  0.2059E+02
 MRCHDU: Convergence failed at  57  side 1    Res =  0.3537E+02
 MRCHDU: Convergence failed at  58  side 1    Res =  0.3603E+02
 MRCHDU: Convergence failed at  59  side 1    Res =  0.1720E+02
 MRCHDU: Convergence failed at  60  side 1    Res =  0.6975E+02
 MRCHDU: Convergence failed at  61  side 1    Res =  0.6582E+02
 MRCHDU: Convergence failed at  62  side 1    Res =  0.1031E+03
 MRCHDU: Convergence failed at  63  side 1    Res =  0.1026E+04
 MRCHDU: Convergence failed at  64  side 1    Res =  0.8325E+03
 MRCHDU: Convergence failed at  65  side 1    Res =  0.1375E+04
 MRCHDU: Convergence failed at  66  side 1    Res =  0.8838E+02
 MRCHDU: Convergence failed at  67  side 1    Res =  0.9312E+02
 MRCHDU: Convergence failed at  68  side 1    Res =  0.8303E+02
 MRCHDU: Convergence failed at  69  side 1    Res =  0.4813E+02
 MRCHDU: Convergence failed at  70  side 1    Res =  0.3297E+02
 MRCHDU: Convergence failed at  71  side 1    Res =  0.2759E+02
 MRCHDU: Convergence failed at  72  side 1    Res =  0.2747E+02
 MRCHDU: Convergence failed at  73  side 1    Res =  0.3301E+02
 MRCHDU: Convergence failed at  74  side 1    Res =  0.5708E+02
 MRCHDU: Convergence failed at  75  side 1    Res =  0.5147E+03
 MRCHDU: Convergence failed at  76  side 1    Res =  0.2677E+03
 MRCHDU: Convergence failed at  77  side 1    Res =  0.1777E+03
 MRCHDU: Convergence failed at  78  side 1    Res =  0.1906E+03
 MRCHDU: Convergence failed at  79  side 1    Res =  0.7277E+02
 MRCHDU: Convergence failed at  80  side 1    Res =  0.7763E+02
 MRCHDU: Convergence failed at  81  side 1    Res =  0.6746E+02
 MRCHDU: Convergence failed at  82  side 1    Res =  0.7477E+02
 MRCHDU: Convergence failed at  83  side 1    Res =  0.8114E+02
 MRCHDU: Convergence failed at  84  side 1    Res =  0.8785E+02
 MRCHDU: Convergence failed at  85  side 1    Res =  0.9509E+02
 MRCHDU: Convergence failed at  86  side 1    Res =  0.8351E+02
 MRCHDU: Convergence failed at  87  side 1    Res =  0.9035E+02
 MRCHDU: Convergence failed at  88  side 1    Res =  0.9789E+02
 MRCHDU: Convergence failed at  89  side 1    Res =  0.1063E+03
 MRCHDU: Convergence failed at  90  side 1    Res =  0.1168E+03
 MRCHDU: Convergence failed at  91  side 1    Res =  0.1299E+03
 MRCHDU: Convergence failed at  92  side 1    Res =  0.1469E+03
 MRCHDU: Convergence failed at  93  side 1    Res =  0.1691E+03
 MRCHDU: Convergence failed at  94  side 1    Res =  0.1990E+03
 MRCHDU: Convergence failed at  95  side 1    Res =  0.5279E+02
 Side 1  free  transition at x/c =  0.0248   36
 Side 2 forced transition at x/c =  1.0000   67
 idif Ue xi dudx           1  7.04682171E-02  9.49692726E-03   7.4201069    
 Uenew xinew           2  1.09444838E-02  1.47497654E-03

   3   rms: 0.2218E+01   max: 0.6970E+01   D at   69  2   RLX: 0.215
       a = 16.250      CL =  5.6695
      Cm = -1.3276     CD =  0.00206   =>   CDf = -0.00007    CDp =  0.00213

 Side 1  free  transition at x/c =  0.0322   37
 Side 2 forced transition at x/c =  1.0000   68

   4   rms: 0.1255E+01   max: -.7760E+01   T at   37  1   RLX: 0.064
       a = 16.250      CL =  4.7751
      Cm = -1.0360     CD =  0.01838   =>   CDf =  0.00956    CDp =  0.00881

 Side 1  free  transition at x/c =  0.0338   37
 Side 2 forced transition at x/c =  1.0000   68

   5   rms: 0.1103E+01   max: -.4807E+01   T at   37  1   RLX: 0.104
       a = 16.250      CL =  4.4632
      Cm = -0.9302     CD =  0.02145   =>   CDf =  0.00895    CDp =  0.01251

 MRCHDU: Convergence failed at  57  side 1    Res =  0.4115E-03
 Side 1  free  transition at x/c =  0.0377   37
 Side 2 forced transition at x/c =  1.0000   68
 idif Ue xi dudx           1  5.80846108E-02  8.44371319E-03   6.8790364    
 Uenew xinew           2  7.03352643E-03  1.02245808E-03

   6   rms: 0.1003E+01   max: -.3949E+01   T at   37  1   RLX: 0.127
       a = 16.250      CL =  4.0675
      Cm = -0.7966     CD =  0.02507   =>   CDf =  0.00895    CDp =  0.01612

 MRCHDU: Convergence failed at  56  side 1    Res =  0.3226E-01
 Side 1  free  transition at x/c =  0.0431   37
 Side 2 forced transition at x/c =  1.0000   69

   7   rms: 0.1195E+01   max: -.1739E+02   C at   37  1   RLX: 0.029
       a = 16.250      CL =  3.9827
      Cm = -0.7692     CD =  0.02664   =>   CDf =  0.00782    CDp =  0.01881

 MRCHDU: Convergence failed at  56  side 1    Res =  0.3756E-02
 Side 1  free  transition at x/c =  0.0435   37
 Side 2 forced transition at x/c =  1.0000   69

   8   rms: 0.8948E+00   max: -.3522E+01   T at   37  1   RLX: 0.142
       a = 16.250      CL =  3.6540
      Cm = -0.6610     CD =  0.02966   =>   CDf =  0.00812    CDp =  0.02154

 MRCHDU: Convergence failed at  56  side 1    Res =  0.3745E-01
 Side 1  free  transition at x/c =  0.0505   38
 Side 2 forced transition at x/c =  1.0000   69

   9   rms: 0.1425E+01   max: -.2856E+02   C at   38  1   RLX: 0.018
       a = 16.250      CL =  3.6055
      Cm = -0.6462     CD =  0.03093   =>   CDf =  0.00758    CDp =  0.02335

 MRCHDU: Convergence failed at  56  side 1    Res =  0.4481E-01
 Side 1  free  transition at x/c =  0.0519   38
 Side 2 forced transition at x/c =  1.0000   69

  10   rms: 0.1813E+01   max: -.3890E+02   C at   38  1   RLX: 0.013
       a = 16.250      CL =  3.5792
      Cm = -0.6374     CD =  0.03122   =>   CDf =  0.00739    CDp =  0.02383

 MRCHDU: Convergence failed at  56  side 1    Res =  0.4822E-01
 Side 1  free  transition at x/c =  0.0525   38
 Side 2 forced transition at x/c =  1.0000   69

  11   rms: 0.1942E+01   max: -.4076E+02   C at   38  1   RLX: 0.012
       a = 16.250      CL =  3.5551
      Cm = -0.6294     CD =  0.03147   =>   CDf =  0.00728    CDp =  0.02419

 MRCHDU: Convergence failed at  56  side 1    Res =  0.1369E-01
 Side 1  free  transition at x/c =  0.0511   38
 Side 2 forced transition at x/c =  1.0000   69
 idif Ue xi dudx           1  7.31026977E-02  7.45391846E-03   9.8072844    
 Uenew xinew           2  7.00419443E-03  7.14182854E-04

  12   rms: 0.7805E+00   max: 0.1101E+01   D at   81  2   RLX: 0.174
       a = 16.250      CL =  3.2322
      Cm = -0.5263     CD =  0.03444   =>   CDf =  0.00835    CDp =  0.02609

 MRCHDU: Convergence failed at  55  side 1    Res =  0.2549E-01
 Side 1  free  transition at x/c =  0.0612   38
 Side 2 forced transition at x/c =  1.0000   70

  13   rms: 0.1784E+01   max: -.2867E+02   C at   38  1   RLX: 0.017
       a = 16.250      CL =  3.1921
      Cm = -0.5144     CD =  0.03602   =>   CDf =  0.00713    CDp =  0.02888

 Side 1  free  transition at x/c =  0.0597   38
 Side 2 forced transition at x/c =  1.0000   70

  14   rms: 0.9586E+00   max: -.3085E+01   D at   67  1   RLX: 0.162
       a = 16.250      CL =  2.9395
      Cm = -0.4319     CD =  0.03668   =>   CDf =  0.00752    CDp =  0.02916

 Side 1  free  transition at x/c =  0.0680   39
 Side 2 forced transition at x/c =  1.0000   70

  15   rms: 0.1210E+01   max: -.2111E+02   C at   39  1   RLX: 0.024
       a = 16.250      CL =  2.8639
      Cm = -0.4182     CD =  0.03750   =>   CDf =  0.00680    CDp =  0.03070

 Side 1  free  transition at x/c =  0.0706   39
 Side 2 forced transition at x/c =  1.0000   70

  16   rms: 0.2502E+01   max: -.5219E+02   C at   39  1   RLX: 0.010
       a = 16.250      CL =  2.8476
      Cm = -0.4133     CD =  0.03767   =>   CDf =  0.00667    CDp =  0.03100

 Side 1  free  transition at x/c =  0.0713   39
 Side 2 forced transition at x/c =  1.0000   70

  17   rms: 0.5223E+01   max: -.8281E+02   C at   39  1   RLX: 0.006
       a = 16.250      CL =  2.8318
      Cm = -0.4097     CD =  0.03769   =>   CDf =  0.00666    CDp =  0.03102

 Side 1  free  transition at x/c =  0.0697   39
 Side 2 forced transition at x/c =  1.0000   70

  18   rms: 0.1181E+01   max: 0.7061E+01   D at   67  1   RLX: 0.149
       a = 16.250      CL =  2.7748
      Cm = -0.3726     CD =  0.03931   =>   CDf =  0.00718    CDp =  0.03213

 Side 1  free  transition at x/c =  0.0724   40
 Side 2 forced transition at x/c =  1.0000   70

  19   rms: 0.5205E+00   max: -.2318E+01   C at   40  1   RLX: 0.216
       a = 16.250      CL =  2.5747
      Cm = -0.3008     CD =  0.03620   =>   CDf =  0.00618    CDp =  0.03001

 Side 1  free  transition at x/c =  0.1026   42
 Side 2 forced transition at x/c =  1.0000   70

  20   rms: 0.6191E+00   max: -.5803E+01   C at   42  1   RLX: 0.086
       a = 16.250      CL =  2.5165
      Cm = -0.2694     CD =  0.03527   =>   CDf =  0.00584    CDp =  0.02942

 Side 1  free  transition at x/c =  0.1067   42
 Side 2 forced transition at x/c =  1.0000   70

  21   rms: 0.5793E+00   max: -.8572E+01   C at   42  1   RLX: 0.058
       a = 16.250      CL =  2.4934
      Cm = -0.2557     CD =  0.03514   =>   CDf =  0.00576    CDp =  0.02938

 Side 1  free  transition at x/c =  0.1064   42
 Side 2 forced transition at x/c =  1.0000   70
 idif Ue xi dudx           1  9.45068970E-02  8.76557827E-03   10.781593    
 Uenew xinew           2  2.80483626E-02  2.60150433E-03

  22   rms: 0.6461E+00   max: 0.1343E+01   D at   83  2   RLX: 0.243
       a = 16.250      CL =  2.2417
      Cm = -0.2087     CD =  0.04156   =>   CDf =  0.00656    CDp =  0.03500

 Side 1  free  transition at x/c =  0.1417   44
 Side 2 forced transition at x/c =  1.0000   71

  23   rms: 0.2098E+01   max: -.7977E+01   D at   69  1   RLX: 0.048
       a = 16.250      CL =  2.3089
      Cm = -0.2050     CD =  0.03590   =>   CDf =  0.00511    CDp =  0.03079

 Side 1  free  transition at x/c =  0.1328   44
 Side 2 forced transition at x/c =  1.0000   70
 idif Ue xi dudx           1  0.11447822      1.03087425E-02   11.104964    
 Uenew xinew           2  4.60263975E-02  4.14466858E-03

  24   rms: 0.1072E+01   max: 0.3059E+01   D at   73  1   RLX: 0.132
       a = 16.250      CL =  2.1405
      Cm = -0.1875     CD =  0.04532   =>   CDf =  0.00651    CDp =  0.03881

 Side 1  free  transition at x/c =  0.1522   44
 Side 2 forced transition at x/c =  1.0000   71
 idif Ue xi dudx           2  0.15012109      1.27028227E-02   11.817932    
 Uenew xinew           3  8.19376409E-02  6.93333149E-03

  25   rms: 0.1126E+01   max: 0.3611E+01   D at   70  1   RLX: 0.237
       a = 16.250      CL =  1.8215
      Cm = -0.1496     CD =  0.06760   =>   CDf =  0.00691    CDp =  0.06069

 MRCHDU: Convergence failed at  44  side 1    Res =  0.5622E+01
 MRCHDU: Convergence failed at  47  side 1    Res =  0.3020E+00
 MRCHDU: Convergence failed at  55  side 1    Res =  0.5862E+00
 MRCHDU: Convergence failed at  65  side 1    Res =  0.1409E+01
 Side 1  free  transition at x/c =  0.1799   44
 Side 2 forced transition at x/c =  1.0000   73

  26   rms: 0.1661E+00   max: -.8044E+00   C at   73  2   RLX: 0.499
       a = 16.250      CL =  1.7328
      Cm = -0.0999     CD =  0.06732   =>   CDf =  0.00605    CDp =  0.06127

 Side 1  free  transition at x/c =  0.1863   44
 Side 2 forced transition at x/c =  1.0000   73

  27   rms: 0.1121E+00   max: -.5956E+00   D at   62  1   RLX: 0.839
       a = 16.250      CL =  1.6656
      Cm = -0.0812     CD =  0.06224   =>   CDf =  0.00601    CDp =  0.05624

 Side 1  free  transition at x/c =  0.1873   45
 Side 2 forced transition at x/c =  1.0000   73

  28   rms: 0.3719E-01   max: -.2679E+00   D at   63  1
       a = 16.250      CL =  1.6619
      Cm = -0.0796     CD =  0.06265   =>   CDf =  0.00588    CDp =  0.05677

 Side 1  free  transition at x/c =  0.1843   44
 Side 2 forced transition at x/c =  1.0000   73

  29   rms: 0.7499E-02   max: -.7300E-01   D at   63  1
       a = 16.250      CL =  1.6659
      Cm = -0.0804     CD =  0.06343   =>   CDf =  0.00592    CDp =  0.05752

 Side 1  free  transition at x/c =  0.1840   44
 Side 2 forced transition at x/c =  1.0000   73

  30   rms: 0.4562E-03   max: -.3764E-02   D at   63  1
       a = 16.250      CL =  1.6662
      Cm = -0.0804     CD =  0.06346   =>   CDf =  0.00589    CDp =  0.05757

 Side 1  free  transition at x/c =  0.1839   44
 Side 2 forced transition at x/c =  1.0000   73

  31   rms: 0.2524E-04   max: -.2141E-03   D at   88  2
       a = 16.250      CL =  1.6663
      Cm = -0.0804     CD =  0.06346   =>   CDf =  0.00589    CDp =  0.05758
 plradd ia,ip,cpol            1           0  8.15781008E-04

 Point added to stored polar  1
 Point written to save file  fx76mp160_Re300k.ext.pol                        
 Dump file unspecified or not available
 Calculating wake trajectory ...
 Calculating source influence matrix ...

 Solving BL system ...

 Side 1  free  transition at x/c =  0.1839   44
 Side 2 forced transition at x/c =  1.0000   73

   1   rms: 0.2790E-01   max: 0.1123E+00   T at   44  1   RLX: 0.398
       a = 16.500      CL =  1.6693
      Cm = -0.0803     CD =  0.06438   =>   CDf =  0.00589    CDp =  0.05849

 Side 1  free  transition at x/c =  0.1811   44
 Side 2 forced transition at x/c =  1.0000   73

   2   rms: 0.1676E-01   max: 0.6476E-01   D at   65  1
       a = 16.500      CL =  1.6713
      Cm = -0.0800     CD =  0.06597   =>   CDf =  0.00584    CDp =  0.06013

 Side 1  free  transition at x/c =  0.1764   44
 Side 2 forced transition at x/c =  1.0000   73

   3   rms: 0.2245E-02   max: -.1989E-01   C at   44  1
       a = 16.500      CL =  1.6696
      Cm = -0.0799     CD =  0.06592   =>   CDf =  0.00580    CDp =  0.06012

 Side 1  free  transition at x/c =  0.1770   44
 Side 2 forced transition at x/c =  1.0000   73

   4   rms: 0.6979E-04   max: -.5282E-03   D at   66  1
       a = 16.500      CL =  1.6696
      Cm = -0.0799     CD =  0.06589   =>   CDf =  0.00579    CDp =  0.06011
 plradd ia,ip,cpol            2           0  8.15781008E-04

 Point added to stored polar  1
 Point written to save file  fx76mp160_Re300k.ext.pol                        
 Dump file unspecified or not available
 Calculating wake trajectory ...
 Calculating source influence matrix ...

 Solving BL system ...

 Side 1  free  transition at x/c =  0.1770   44
 Side 2 forced transition at x/c =  1.0000   73

   1   rms: 0.2860E-01   max: -.1206E+00   D at   44  1   RLX: 0.389
       a = 16.750      CL =  1.6707
      Cm = -0.0798     CD =  0.06703   =>   CDf =  0.00579    CDp =  0.06124

 Side 1  free  transition at x/c =  0.1741   44
 Side 2 forced transition at x/c =  1.0000   73

   2   rms: 0.1791E-01   max: -.9525E-01   D at   44  1
       a = 16.750      CL =  1.6706
      Cm = -0.0795     CD =  0.06890   =>   CDf =  0.00537    CDp =  0.06353

 Side 1  free  transition at x/c =  0.1700   45
 Side 2 forced transition at x/c =  1.0000   72

   3   rms: 0.2732E-02   max: -.2229E-01   T at    2  1
       a = 16.750      CL =  1.6683
      Cm = -0.0793     CD =  0.06885   =>   CDf =  0.00581    CDp =  0.06304

 Side 1  free  transition at x/c =  0.1704   45
 Side 2 forced transition at x/c =  1.0000   72

   4   rms: 0.5211E-03   max: -.6388E-02   D at    4  1
       a = 16.750      CL =  1.6683
      Cm = -0.0793     CD =  0.06883   =>   CDf =  0.00580    CDp =  0.06303

 Side 1  free  transition at x/c =  0.1704   45
 Side 2 forced transition at x/c =  1.0000   72

   5   rms: 0.3547E-05   max: -.4903E-04   C at   72  2
       a = 16.750      CL =  1.6682
      Cm = -0.0793     CD =  0.06883   =>   CDf =  0.00580    CDp =  0.06303
 plradd ia,ip,cpol            3           0  8.15781008E-04

 Point added to stored polar  1
 Point written to save file  fx76mp160_Re300k.ext.pol                        
 Dump file unspecified or not available
 Calculating wake trajectory ...
 Calculating source influence matrix ...

 Solving BL system ...

 Side 1  free  transition at x/c =  0.1704   45
 Side 2 forced transition at x/c =  1.0000   72

   1   rms: 0.3066E-01   max: -.1626E+00   D at   45  1   RLX: 0.379
       a = 17.000      CL =  1.6673
      Cm = -0.0791     CD =  0.07020   =>   CDf =  0.00580    CDp =  0.06440

 Side 1  free  transition at x/c =  0.1683   44
 Side 2 forced transition at x/c =  1.0000   72

   2   rms: 0.1755E-01   max: -.8540E-01   C at   44  1
       a = 17.000      CL =  1.6728
      Cm = -0.0791     CD =  0.07145   =>   CDf =  0.00578    CDp =  0.06566

 Side 1  free  transition at x/c =  0.1637   44
 Side 2 forced transition at x/c =  1.0000   72

   3   rms: 0.2503E-02   max: -.1916E-01   C at   44  1
       a = 17.000      CL =  1.6706
      Cm = -0.0789     CD =  0.07147   =>   CDf =  0.00572    CDp =  0.06575

 Side 1  free  transition at x/c =  0.1642   44
 Side 2 forced transition at x/c =  1.0000   72

   4   rms: 0.5819E-04   max: 0.5341E-03   D at   88  2
       a = 17.000      CL =  1.6706
      Cm = -0.0789     CD =  0.07145   =>   CDf =  0.00571    CDp =  0.06574
 plradd ia,ip,cpol            4           0  8.15781008E-04

 Point added to stored polar  1
 Point written to save file  fx76mp160_Re300k.ext.pol                        
 Dump file unspecified or not available
 Calculating wake trajectory ...
 Calculating source influence matrix ...

 Solving BL system ...

 Side 1  free  transition at x/c =  0.1643   44
 Side 2 forced transition at x/c =  1.0000   72

   1   rms: 0.2836E-01   max: -.1148E+00   D at   44  1   RLX: 0.373
       a = 17.250      CL =  1.6714
      Cm = -0.0789     CD =  0.07262   =>   CDf =  0.00571    CDp =  0.06691

 Side 1  free  transition at x/c =  0.1615   44
 Side 2 forced transition at x/c =  1.0000   72

   2   rms: 0.1826E-01   max: -.8839E-01   D at   44  1
       a = 17.250      CL =  1.6710
      Cm = -0.0787     CD =  0.07468   =>   CDf =  0.00571    CDp =  0.06897

 Side 1  free  transition at x/c =  0.1573   44
 Side 2 forced transition at x/c =  1.0000   72

   3   rms: 0.2958E-02   max: 0.1896E-01   D at   65  1
       a = 17.250      CL =  1.6685
      Cm = -0.0786     CD =  0.07465   =>   CDf =  0.00572    CDp =  0.06893

 Side 1  free  transition at x/c =  0.1578   44
 Side 2 forced transition at x/c =  1.0000   72

   4   rms: 0.1303E-03   max: 0.1183E-02   D at   88  2
       a = 17.250      CL =  1.6684
      Cm = -0.0786     CD =  0.07461   =>   CDf =  0.00571    CDp =  0.06891

 Side 1  free  transition at x/c =  0.1578   44
 Side 2 forced transition at x/c =  1.0000   72

   5   rms: 0.3041E-05   max: -.5862E-04   C at   72  2
       a = 17.250      CL =  1.6684
      Cm = -0.0786     CD =  0.07461   =>   CDf =  0.00571    CDp =  0.06890
 plradd ia,ip,cpol            5           0  8.15781008E-04

 Point added to stored polar  1
 Point written to save file  fx76mp160_Re300k.ext.pol                        
 Dump file unspecified or not available
 Calculating wake trajectory ...
 Calculating source influence matrix ...

 Solving BL system ...

 Side 1  free  transition at x/c =  0.1578   44
 Side 2 forced transition at x/c =  1.0000   72

   1   rms: 0.3074E-01   max: -.1568E+00   D at   44  1   RLX: 0.363
       a = 17.500      CL =  1.6671
      Cm = -0.0785     CD =  0.07606   =>   CDf =  0.00571    CDp =  0.07035

 Side 1  free  transition at x/c =  0.1556   44
 Side 2 forced transition at x/c =  1.0000   72

   2   rms: 0.1985E-01   max: -.1018E+00   D at   44  1
       a = 17.500      CL =  1.6641
      Cm = -0.0784     CD =  0.07849   =>   CDf =  0.00573    CDp =  0.07277

 Side 1  free  transition at x/c =  0.1521   43
 Side 2 forced transition at x/c =  1.0000   72

   3   rms: 0.4120E-02   max: -.4908E-01   C at   43  1
       a = 17.500      CL =  1.6658
      Cm = -0.0783     CD =  0.07781   =>   CDf =  0.00571    CDp =  0.07210

 Side 1  free  transition at x/c =  0.1519   43
 Side 2 forced transition at x/c =  1.0000   72

   4   rms: 0.5358E-03   max: -.2765E-02   D at   65  1
       a = 17.500      CL =  1.6662
      Cm = -0.0783     CD =  0.07779   =>   CDf =  0.00569    CDp =  0.07210

 Side 1  free  transition at x/c =  0.1519   43
 Side 2 forced transition at x/c =  1.0000   72

   5   rms: 0.4409E-04   max: -.3244E-03   D at   88  2
       a = 17.500      CL =  1.6663
      Cm = -0.0783     CD =  0.07780   =>   CDf =  0.00569    CDp =  0.07211
 plradd ia,ip,cpol            6           0  8.15781008E-04

 Point added to stored polar  1
 Point written to save file  fx76mp160_Re300k.ext.pol                        
 Dump file unspecified or not available
 Calculating wake trajectory ...
 Calculating source influence matrix ...

 Solving BL system ...

 Side 1  free  transition at x/c =  0.1519   43
 Side 2 forced transition at x/c =  1.0000   72

   1   rms: 0.2780E-01   max: 0.1238E+00   T at   43  1   RLX: 0.358
       a = 17.750      CL =  1.6683
      Cm = -0.0783     CD =  0.07880   =>   CDf =  0.00569    CDp =  0.07311

 Side 1  free  transition at x/c =  0.1496   43
 Side 2 forced transition at x/c =  1.0000   72

   2   rms: 0.1746E-01   max: 0.6899E-01   T at   43  1
       a = 17.750      CL =  1.6703
      Cm = -0.0783     CD =  0.08069   =>   CDf =  0.00564    CDp =  0.07505

 Side 1  free  transition at x/c =  0.1454   43
 Side 2 forced transition at x/c =  1.0000   72

   3   rms: 0.3292E-02   max: 0.2130E-01   D at   64  1
       a = 17.750      CL =  1.6674
      Cm = -0.0782     CD =  0.08075   =>   CDf =  0.00559    CDp =  0.07516

 Side 1  free  transition at x/c =  0.1458   43
 Side 2 forced transition at x/c =  1.0000   72

   4   rms: 0.1705E-03   max: 0.1485E-02   D at   88  2
       a = 17.750      CL =  1.6673
      Cm = -0.0782     CD =  0.08070   =>   CDf =  0.00558    CDp =  0.07512

 Side 1  free  transition at x/c =  0.1458   43
 Side 2 forced transition at x/c =  1.0000   72

   5   rms: 0.5033E-05   max: -.9138E-04   C at   72  2
       a = 17.750      CL =  1.6673
      Cm = -0.0782     CD =  0.08070   =>   CDf =  0.00558    CDp =  0.07512
 plradd ia,ip,cpol            7           0  2.83009373E-04

 Point added to stored polar  1
 Point written to save file  fx76mp160_Re300k.ext.pol                        
 Dump file unspecified or not available
 Calculating wake trajectory ...
 Calculating source influence matrix ...

 Solving BL system ...

 Side 1  free  transition at x/c =  0.1458   43
 Side 2 forced transition at x/c =  1.0000   72

   1   rms: 0.2809E-01   max: 0.1254E+00   D at   62  1   RLX: 0.349
       a = 18.000      CL =  1.6672
      Cm = -0.0783     CD =  0.08199   =>   CDf =  0.00558    CDp =  0.07640

 Side 1  free  transition at x/c =  0.1436   43
 Side 2 forced transition at x/c =  1.0000   72

   2   rms: 0.1872E-01   max: 0.8580E-01   D at   63  1
       a = 18.000      CL =  1.6658
      Cm = -0.0783     CD =  0.08439   =>   CDf =  0.00557    CDp =  0.07881

 Side 1  free  transition at x/c =  0.1396   43
 Side 2 forced transition at x/c =  1.0000   72

   3   rms: 0.2707E-02   max: 0.1253E-01   D at   88  2
       a = 18.000      CL =  1.6636
      Cm = -0.0782     CD =  0.08423   =>   CDf =  0.00559    CDp =  0.07864

 Side 1  free  transition at x/c =  0.1400   43
 Side 2 forced transition at x/c =  1.0000   72

   4   rms: 0.7984E-04   max: 0.6744E-03   D at   88  2
       a = 18.000      CL =  1.6635
      Cm = -0.0782     CD =  0.08419   =>   CDf =  0.00557    CDp =  0.07862
 plradd ia,ip,cpol            8           0  8.15781008E-04

 Point added to stored polar  1
 Point written to save file  fx76mp160_Re300k.ext.pol                        
 Dump file unspecified or not available

.OPERva   c>   Calculating wake trajectory ...
 Calculating source influence matrix ...

 Solving BL system ...

 Side 1  free  transition at x/c =  0.1400   43
 Side 2 forced transition at x/c =  1.0000   72

   1   rms: 0.2970E-01   max: -.1551E+00   D at   43  1   RLX: 0.341
       a = 18.250      CL =  1.6623
      Cm = -0.0782     CD =  0.08563   =>   CDf =  0.00558    CDp =  0.08005

 Side 1  free  transition at x/c =  0.1381   43
 Side 2 forced transition at x/c =  1.0000   72

   2   rms: 0.2043E-01   max: 0.9990E-01   D at   62  1
       a = 18.250      CL =  1.6580
      Cm = -0.0783     CD =  0.08848   =>   CDf =  0.00559    CDp =  0.08290

 Side 1  free  transition at x/c =  0.1348   42
 Side 2 forced transition at x/c =  1.0000   72

   3   rms: 0.6504E-02   max: -.8021E-01   C at   42  1
       a = 18.250      CL =  1.6611
      Cm = -0.0783     CD =  0.08755   =>   CDf =  0.00508    CDp =  0.08247

 Side 1  free  transition at x/c =  0.1349   43
 Side 2 forced transition at x/c =  1.0000   71

   4   rms: 0.1081E-02   max: -.6273E-02   D at   64  1
       a = 18.250      CL =  1.6619
      Cm = -0.0782     CD =  0.08746   =>   CDf =  0.00549    CDp =  0.08197

 Side 1  free  transition at x/c =  0.1348   43
 Side 2 forced transition at x/c =  1.0000   71

   5   rms: 0.1075E-03   max: -.6637E-03   D at   87  2
       a = 18.250      CL =  1.6620
      Cm = -0.0783     CD =  0.08748   =>   CDf =  0.00549    CDp =  0.08199

 Side 1  free  transition at x/c =  0.1348   43
 Side 2 forced transition at x/c =  1.0000   71

   6   rms: 0.5911E-05   max: 0.1082E-03   C at   71  2
       a = 18.250      CL =  1.6620
      Cm = -0.0783     CD =  0.08748   =>   CDf =  0.00549    CDp =  0.08199
 plradd ia,ip,cpol            9           0  2.83009373E-04

 Point added to stored polar  1
 Point written to save file  fx76mp160_Re300k.ext.pol                        
 Dump file unspecified or not available
 Calculating wake trajectory ...
 Calculating source influence matrix ...

 Solving BL system ...

 Side 1  free  transition at x/c =  0.1348   43
 Side 2 forced transition at x/c =  1.0000   71

   1   rms: 0.5300E-01   max: 0.2130E+00   T at   43  1   RLX: 0.331
       a = 18.750      CL =  1.6645
      Cm = -0.0785     CD =  0.08964   =>   CDf =  0.00550    CDp =  0.08415

 Side 1  free  transition at x/c =  0.1304   43
 Side 2 forced transition at x/c =  1.0000   71

   2   rms: 0.3642E-01   max: 0.1677E+00   D at   63  1
       a = 18.750      CL =  1.6631
      Cm = -0.0790     CD =  0.09474   =>   CDf =  0.00543    CDp =  0.08931

 Side 1  free  transition at x/c =  0.1224   42
 Side 2 forced transition at x/c =  1.0000   71

   3   rms: 0.1142E-01   max: 0.7734E-01   D at   63  1
       a = 18.750      CL =  1.6530
      Cm = -0.0790     CD =  0.09532   =>   CDf =  0.00546    CDp =  0.08986

 Side 1  free  transition at x/c =  0.1228   43
 Side 2 forced transition at x/c =  1.0000   71

   4   rms: 0.8495E-02   max: -.1282E+00   D at   42  1
       a = 18.750      CL =  1.6527
      Cm = -0.0790     CD =  0.09511   =>   CDf =  0.00550    CDp =  0.08960

 Side 1  free  transition at x/c =  0.1248   43
 Side 2 forced transition at x/c =  1.0000   71

   5   rms: 0.4576E-02   max: -.3518E-01   D at   44  1
       a = 18.750      CL =  1.6551
      Cm = -0.0789     CD =  0.09465   =>   CDf =  0.00534    CDp =  0.08930

 Side 1  free  transition at x/c =  0.1237   43
 Side 2 forced transition at x/c =  1.0000   71

   6   rms: 0.2539E-03   max: -.1922E-02   D at   44  1
       a = 18.750      CL =  1.6552
      Cm = -0.0789     CD =  0.09473   =>   CDf =  0.00539    CDp =  0.08934

 Side 1  free  transition at x/c =  0.1237   43
 Side 2 forced transition at x/c =  1.0000   71

   7   rms: 0.7628E-05   max: -.8037E-04   D at   87  2
       a = 18.750      CL =  1.6552
      Cm = -0.0789     CD =  0.09474   =>   CDf =  0.00539    CDp =  0.08934
 plradd ia,ip,cpol           10           0  2.83009373E-04

 Point added to stored polar  1
 Point written to save file  fx76mp160_Re300k.ext.pol                        
 Dump file unspecified or not available
 Calculating wake trajectory ...
 Calculating source influence matrix ...

 Solving BL system ...

 Side 1  free  transition at x/c =  0.1237   43
 Side 2 forced transition at x/c =  1.0000   71

   1   rms: 0.5972E-01   max: -.3115E+00   D at   43  1   RLX: 0.314
       a = 19.250      CL =  1.6518
      Cm = -0.0793     CD =  0.09775   =>   CDf =  0.00540    CDp =  0.09235

 Side 1  free  transition at x/c =  0.1208   42
 Side 2 forced transition at x/c =  1.0000   71

   2   rms: 0.3599E-01   max: -.1465E+00   D at   42  1
       a = 19.250      CL =  1.6569
      Cm = -0.0800     CD =  0.10201   =>   CDf =  0.00537    CDp =  0.09664

 Side 1  free  transition at x/c =  0.1130   42
 Side 2 forced transition at x/c =  1.0000   71

   3   rms: 0.8895E-02   max: 0.5401E-01   D at   43  1
       a = 19.250      CL =  1.6495
      Cm = -0.0800     CD =  0.10212   =>   CDf =  0.00531    CDp =  0.09681

 Side 1  free  transition at x/c =  0.1142   42
 Side 2 forced transition at x/c =  1.0000   71

   4   rms: 0.3696E-03   max: 0.2730E-02   D at   88  2
       a = 19.250      CL =  1.6494
      Cm = -0.0800     CD =  0.10197   =>   CDf =  0.00526    CDp =  0.09671

 Side 1  free  transition at x/c =  0.1142   42
 Side 2 forced transition at x/c =  1.0000   71

   5   rms: 0.1871E-04   max: -.8992E-04   D at   90  2
       a = 19.250      CL =  1.6494
      Cm = -0.0800     CD =  0.10197   =>   CDf =  0.00526    CDp =  0.09671
 plradd ia,ip,cpol           11           0  2.83009373E-04

 Point added to stored polar  1
 Point written to save file  fx76mp160_Re300k.ext.pol                        
 Dump file unspecified or not available
 Calculating wake trajectory ...
 Calculating source influence matrix ...

 Solving BL system ...

 Side 1  free  transition at x/c =  0.1142   42
 Side 2 forced transition at x/c =  1.0000   71

   1   rms: 0.5589E-01   max: 0.2774E+00   D at   60  1   RLX: 0.303
       a = 19.750      CL =  1.6473
      Cm = -0.0805     CD =  0.10479   =>   CDf =  0.00527    CDp =  0.09952

 Side 1  free  transition at x/c =  0.1114   42
 Side 2 forced transition at x/c =  1.0000   71

   2   rms: 0.4244E-01   max: 0.2312E+00   D at   60  1
       a = 19.750      CL =  1.6364
      Cm = -0.0819     CD =  0.11220   =>   CDf =  0.00527    CDp =  0.10692

 Side 1  free  transition at x/c =  0.1065   41
 Side 2 forced transition at x/c =  1.0000   71

   3   rms: 0.8358E-02   max: -.7914E-01   C at   41  1
       a = 19.750      CL =  1.6393
      Cm = -0.0815     CD =  0.10981   =>   CDf =  0.00518    CDp =  0.10463

 Side 1  free  transition at x/c =  0.1061   41
 Side 2 forced transition at x/c =  1.0000   71

   4   rms: 0.1536E-02   max: -.8455E-02   D at   60  1
       a = 19.750      CL =  1.6404
      Cm = -0.0815     CD =  0.10967   =>   CDf =  0.00515    CDp =  0.10452

 Side 1  free  transition at x/c =  0.1060   41
 Side 2 forced transition at x/c =  1.0000   71

   5   rms: 0.1744E-03   max: -.1104E-02   D at   88  2
       a = 19.750      CL =  1.6405
      Cm = -0.0815     CD =  0.10971   =>   CDf =  0.00515    CDp =  0.10456

 Side 1  free  transition at x/c =  0.1060   41
 Side 2 forced transition at x/c =  1.0000   71

   6   rms: 0.1106E-04   max: -.9619E-04   D at   88  2
       a = 19.750      CL =  1.6405
      Cm = -0.0815     CD =  0.10972   =>   CDf =  0.00515    CDp =  0.10456
 plradd ia,ip,cpol           12           0  2.83009373E-04

 Point added to stored polar  1
 Point written to save file  fx76mp160_Re300k.ext.pol                        
 Dump file unspecified or not available
 Calculating wake trajectory ...
 Calculating source influence matrix ...

 Solving BL system ...

 Side 1  free  transition at x/c =  0.1060   41
 Side 2 forced transition at x/c =  1.0000   71

   1   rms: 0.5136E-01   max: 0.2355E+00   D at   59  1   RLX: 0.293
       a = 20.250      CL =  1.6407
      Cm = -0.0821     CD =  0.11215   =>   CDf =  0.00516    CDp =  0.10699

 Side 1  free  transition at x/c =  0.1032   41
 Side 2 forced transition at x/c =  1.0000   71

   2   rms: 0.3735E-01   max: 0.1872E+00   D at   59  1
       a = 20.250      CL =  1.6381
      Cm = -0.0836     CD =  0.11849   =>   CDf =  0.00463    CDp =  0.11385

 Side 1  free  transition at x/c =  0.0965   42
 Side 2 forced transition at x/c =  1.0000   70

   3   rms: 0.8701E-02   max: 0.5789E-01   D at   60  1
       a = 20.250      CL =  1.6313
      Cm = -0.0837     CD =  0.11801   =>   CDf =  0.00506    CDp =  0.11295

 Side 1  free  transition at x/c =  0.0975   42
 Side 2 forced transition at x/c =  1.0000   70

   4   rms: 0.7138E-03   max: -.6755E-02   D at    4  1
       a = 20.250      CL =  1.6311
      Cm = -0.0836     CD =  0.11775   =>   CDf =  0.00501    CDp =  0.11274

 Side 1  free  transition at x/c =  0.0975   42
 Side 2 forced transition at x/c =  1.0000   70

   5   rms: 0.9707E-05   max: 0.1175E-03   D at   88  2
       a = 20.250      CL =  1.6311
      Cm = -0.0836     CD =  0.11775   =>   CDf =  0.00501    CDp =  0.11274
 plradd ia,ip,cpol           13           0  2.83009373E-04

 Point added to stored polar  1
 Point written to save file  fx76mp160_Re300k.ext.pol                        
 Dump file unspecified or not available
 Calculating wake trajectory ...
 Calculating source influence matrix ...

 Solving BL system ...

 Side 1  free  transition at x/c =  0.0975   42
 Side 2 forced transition at x/c =  1.0000   70

   1   rms: 0.5761E-01   max: 0.3107E+00   D at   58  1   RLX: 0.280
       a = 20.750      CL =  1.6274
      Cm = -0.0845     CD =  0.12087   =>   CDf =  0.00502    CDp =  0.11585

 Side 1  free  transition at x/c =  0.0953   42
 Side 2 forced transition at x/c =  1.0000   70

   2   rms: 0.4014E-01   max: 0.2040E+00   D at   58  1
       a = 20.750      CL =  1.6200
      Cm = -0.0863     CD =  0.12793   =>   CDf =  0.00502    CDp =  0.12291

 Side 1  free  transition at x/c =  0.0895   41
 Side 2 forced transition at x/c =  1.0000   70

   3   rms: 0.1576E-01   max: -.2092E+00   D at   41  1
       a = 20.750      CL =  1.6210
      Cm = -0.0864     CD =  0.12614   =>   CDf =  0.00488    CDp =  0.12127

 Side 1  free  transition at x/c =  0.0904   41
 Side 2 forced transition at x/c =  1.0000   70

   4   rms: 0.4795E-02   max: -.3239E-01   D at   59  1
       a = 20.750      CL =  1.6239
      Cm = -0.0861     CD =  0.12528   =>   CDf =  0.00480    CDp =  0.12048

 Side 1  free  transition at x/c =  0.0898   41
 Side 2 forced transition at x/c =  1.0000   70

   5   rms: 0.5756E-03   max: 0.2960E-02   C at   70  2
       a = 20.750      CL =  1.6242
      Cm = -0.0861     CD =  0.12543   =>   CDf =  0.00483    CDp =  0.12060

 Side 1  free  transition at x/c =  0.0897   41
 Side 2 forced transition at x/c =  1.0000   70

   6   rms: 0.4288E-04   max: -.3558E-03   D at   88  2
       a = 20.750      CL =  1.6243
      Cm = -0.0861     CD =  0.12545   =>   CDf =  0.00483    CDp =  0.12062
 plradd ia,ip,cpol           14           0  2.83009373E-04

 Point added to stored polar  1
 Point written to save file  fx76mp160_Re300k.ext.pol                        
 Dump file unspecified or not available
 Calculating wake trajectory ...
 Calculating source influence matrix ...

 Solving BL system ...

 Side 1  free  transition at x/c =  0.0897   41
 Side 2 forced transition at x/c =  1.0000   70

   1   rms: 0.5213E-01   max: 0.2695E+00   D at   58  1   RLX: 0.272
       a = 21.250      CL =  1.6227
      Cm = -0.0870     CD =  0.12820   =>   CDf =  0.00484    CDp =  0.12336

 Side 1  free  transition at x/c =  0.0872   41
 Side 2 forced transition at x/c =  1.0000   70

   2   rms: 0.3938E-01   max: 0.2114E+00   D at   58  1
       a = 21.250      CL =  1.6167
      Cm = -0.0894     CD =  0.13574   =>   CDf =  0.00481    CDp =  0.13093

 Side 1  free  transition at x/c =  0.0819   40
 Side 2 forced transition at x/c =  1.0000   70

   3   rms: 0.8245E-02   max: 0.5883E-01   D at   58  1
       a = 21.250      CL =  1.6111
      Cm = -0.0895     CD =  0.13458   =>   CDf =  0.00479    CDp =  0.12979

 Side 1  free  transition at x/c =  0.0822   40
 Side 2 forced transition at x/c =  1.0000   70

   4   rms: 0.5543E-03   max: -.4742E-02   D at   58  1
       a = 21.250      CL =  1.6112
      Cm = -0.0894     CD =  0.13415   =>   CDf =  0.00476    CDp =  0.12939

 Side 1  free  transition at x/c =  0.0822   40
 Side 2 forced transition at x/c =  1.0000   70

   5   rms: 0.4173E-04   max: -.1756E-03   D at   90  2
       a = 21.250      CL =  1.6112
      Cm = -0.0894     CD =  0.13415   =>   CDf =  0.00476    CDp =  0.12939
 plradd ia,ip,cpol           15           0  2.83009373E-04

 Point added to stored polar  1
 Point written to save file  fx76mp160_Re300k.ext.pol                        
 Dump file unspecified or not available
 Calculating wake trajectory ...
 Calculating source influence matrix ...

 Solving BL system ...

 Side 1  free  transition at x/c =  0.0822   40
 Side 2 forced transition at x/c =  1.0000   70

   1   rms: 0.4881E-01   max: 0.2243E+00   D at   56  1   RLX: 0.263
       a = 21.750      CL =  1.6115
      Cm = -0.0902     CD =  0.13644   =>   CDf =  0.00477    CDp =  0.13167

 Side 1  free  transition at x/c =  0.0801   40
 Side 2 forced transition at x/c =  1.0000   70

   2   rms: 0.3739E-01   max: 0.1961E+00   D at   56  1
       a = 21.750      CL =  1.6091
      Cm = -0.0928     CD =  0.14362   =>   CDf =  0.00470    CDp =  0.13891

 Side 1  free  transition at x/c =  0.0740   40
 Side 2 forced transition at x/c =  1.0000   70

   3   rms: 0.1076E-01   max: 0.5575E-01   D at   57  1
       a = 21.750      CL =  1.6014
      Cm = -0.0931     CD =  0.14301   =>   CDf =  0.00468    CDp =  0.13833

 Side 1  free  transition at x/c =  0.0750   40
 Side 2 forced transition at x/c =  1.0000   70

   4   rms: 0.7127E-03   max: -.4822E-02   D at   57  1
       a = 21.750      CL =  1.6014
      Cm = -0.0930     CD =  0.14247   =>   CDf =  0.00462    CDp =  0.13785

 Side 1  free  transition at x/c =  0.0750   40
 Side 2 forced transition at x/c =  1.0000   70

   5   rms: 0.3915E-04   max: -.1464E-03   D at   75  2
       a = 21.750      CL =  1.6014
      Cm = -0.0930     CD =  0.14246   =>   CDf =  0.00462    CDp =  0.13784
 plradd ia,ip,cpol           16           0  2.83009373E-04

 Point added to stored polar  1
 Point written to save file  fx76mp160_Re300k.ext.pol                        
 Dump file unspecified or not available
 Calculating wake trajectory ...
 Calculating source influence matrix ...

 Solving BL system ...

 Side 1  free  transition at x/c =  0.0750   40
 Side 2 forced transition at x/c =  1.0000   70

   1   rms: 0.5581E-01   max: 0.3156E+00   D at   55  1   RLX: 0.253
       a = 22.250      CL =  1.5980
      Cm = -0.0942     CD =  0.14553   =>   CDf =  0.00463    CDp =  0.14090

 Side 1  free  transition at x/c =  0.0732   40
 Side 2 forced transition at x/c =  1.0000   70

   2   rms: 0.4450E-01   max: 0.2604E+00   D at   55  1
       a = 22.250      CL =  1.5859
      Cm = -0.0979     CD =  0.15512   =>   CDf =  0.00464    CDp =  0.15048

 Side 1  free  transition at x/c =  0.0687   39
 Side 2 forced transition at x/c =  1.0000   70

   3   rms: 0.1325E-01   max: -.1461E+00   D at   39  1
       a = 22.250      CL =  1.5890
      Cm = -0.0972     CD =  0.15123   =>   CDf =  0.00452    CDp =  0.14671

 Side 1  free  transition at x/c =  0.0685   39
 Side 2 forced transition at x/c =  1.0000   70

   4   rms: 0.3205E-02   max: -.2011E-01   D at   55  1
       a = 22.250      CL =  1.5909
      Cm = -0.0970     CD =  0.15063   =>   CDf =  0.00448    CDp =  0.14615

 Side 1  free  transition at x/c =  0.0682   39
 Side 2 forced transition at x/c =  1.0000   70

   5   rms: 0.3492E-03   max: -.2094E-02   D at   88  2
       a = 22.250      CL =  1.5911
      Cm = -0.0970     CD =  0.15081   =>   CDf =  0.00449    CDp =  0.14632

 Side 1  free  transition at x/c =  0.0681   39
 Side 2 forced transition at x/c =  1.0000   70

   6   rms: 0.1979E-04   max: -.2072E-03   D at   88  2
       a = 22.250      CL =  1.5911
      Cm = -0.0970     CD =  0.15083   =>   CDf =  0.00449    CDp =  0.14634
 plradd ia,ip,cpol           17           0  2.83009373E-04

 Point added to stored polar  1
 Point written to save file  fx76mp160_Re300k.ext.pol                        
 Dump file unspecified or not available

.OPERva   c>  
 Polar accumulation disabled

.OPERv   c>  
 XFOIL   c>  
 XFOIL   c>  