
 ===================================================
  XFOIL Version 6.99
  Copyright (C) 2000   Mark Drela, Harold Youngren

  This software comes with ABSOLUTELY NO WARRANTY,
    subject to the GNU General Public License.

  Caveat computor
 ===================================================

 File  xfoil.def  not found

   QUIT    Exit program

  .OPER    Direct operating point(s)
  .MDES    Complex mapping design routine
  .QDES    Surface speed design routine
  .GDES    Geometry design routine

   SAVE f  Write airfoil to labeled coordinate file
   PSAV f  Write airfoil to plain coordinate file
   ISAV f  Write airfoil to ISES coordinate file
   MSAV f  Write airfoil to MSES coordinate file
   REVE    Reverse written-airfoil node ordering

   LOAD f  Read buffer airfoil from coordinate file
   NACA i  Set NACA 4,5-digit airfoil and buffer airfoil
   INTE    Set buffer airfoil by interpolating two airfoils
   NORM    Buffer airfoil normalization toggle
   XYCM rr Change CM reference location, currently  0.25000 0.00000

   BEND    Display structural properties of current airfoil

   PCOP    Set current-airfoil panel nodes directly from buffer airfoil points
   PANE    Set current-airfoil panel nodes ( 160 ) based on curvature
  .PPAR    Show/change paneling

  .PLOP    Plotting options

   WDEF f  Write  current-settings file
   RDEF f  Reread current-settings file
   NAME s  Specify new airfoil name
   NINC    Increment name version number

   Z       Zoom    | (available in all menus)
   U       Unzoom  | 

 XFOIL   c>  
 Labeled airfoil file.  Name:  FX 76-MP-160                                    

 Number of input coordinate points:  97
 Counterclockwise ordering
 Max thickness =     0.161478  at x =   0.339
 Max camber    =     0.060186  at x =   0.500

  LE  x,y  =  -0.00001   0.00076  |   Chord =   1.00001
  TE  x,y  =   1.00000   0.00000  |

 Current airfoil nodes set from buffer airfoil nodes (  97 )

 XFOIL   c>  
 XFOIL   c>  
 Sharp trailing edge

 Paneling parameters used...
   Number of panel nodes       160
   Panel bunching parameter    1.000
   TE/LE panel density ratio   0.150
   Refined-area/LE panel density ratio    0.200
   Top    side refined area x/c limits  1.000 1.000
   Bottom side refined area x/c limits  1.000 1.000

 XFOIL   c>  
.OPERi   c>  
 Xtr/c     =  1.0000    top    side
 Xtr/c     =  1.0000    bottom side
 Ncrit     =    9.00   ( 0.070 % turb. level )
 Vacc      =  0.0100

 Klag  =  5.6000     Uxwt  =    1.00
 A     =  6.7000     B     =  0.7500       KCt = 0.01485
 CtiniK=  1.8000     CtiniX=  3.3000

..VPAR   c>  
..VPAR   c>  
.OPERi   c>  
 M  =    0.0000
 Re =    600000

.OPERv   c>  
.OPERv   c>  
.OPERv   c>  
 Polar  1 newly created for accumulation
 Airfoil archived with polar: FX 76-MP-160                                    

Enter  polar save filename  OR  <return> for no file   s>  
 New polar save file available

Enter  polar dump filename  OR  <return> for no file   s>  
 Polar dump file will NOT be written

 Polar accumulation enabled

.OPERva   c>   Calculating unit vorticity distributions ...
 Calculating wake trajectory ...
 Calculating source influence matrix ...

 Solving BL system ...

 Initializing BL ...
    side            1  ...
 MRCHUE: Inverse mode at  28     Hk =   4.358
 MRCHUE: Inverse mode at  29     Hk =   5.508
 MRCHUE: Inverse mode at  30     Hk =   6.641
 MRCHUE: Inverse mode at  31     Hk =   7.780
 MRCHUE: Inverse mode at  32     Hk =   8.945
 MRCHUE: Inverse mode at  33     Hk =   8.789
 MRCHUE: Inverse mode at  34     Hk =   3.330
 MRCHUE: Inverse mode at  80     Hk =   2.500
 MRCHUE: Inverse mode at  81     Hk =   2.500
 MRCHUE: Inverse mode at  82     Hk =   2.500
 MRCHUE: Inverse mode at  83     Hk =   2.500
 MRCHUE: Inverse mode at  84     Hk =   2.500
 MRCHUE: Inverse mode at  85     Hk =   2.500
 MRCHUE: Inverse mode at  86     Hk =   2.500
 MRCHUE: Inverse mode at  87     Hk =   2.500
 MRCHUE: Convergence failed at  88  side 1    Res =  0.4461E+01
 MRCHUE: Inverse mode at  89     Hk =   2.500
 MRCHUE: Inverse mode at  90     Hk =   2.500
 MRCHUE: Inverse mode at  91     Hk =   2.500
 MRCHUE: Inverse mode at  92     Hk =   2.500
 MRCHUE: Inverse mode at  93     Hk =   2.500
 MRCHUE: Inverse mode at  94     Hk =   2.500
 MRCHUE: Inverse mode at  95     Hk =   2.500
 MRCHUE: Convergence failed at  96  side 1    Res =  0.5218E+03
    side            2  ...
 MRCHUE: Inverse mode at  44     Hk =   3.800
 MRCHUE: Inverse mode at  45     Hk =   4.510
 MRCHUE: Inverse mode at  47     Hk =   3.800
 MRCHUE: Inverse mode at  48     Hk =   4.406
 MRCHUE: Inverse mode at  49     Hk =   4.981
 MRCHUE: Inverse mode at  51     Hk =   3.800
 MRCHUE: Inverse mode at  52     Hk =   4.289
 MRCHUE: Inverse mode at  55     Hk =   3.800
 MRCHUE: Inverse mode at  58     Hk =   3.800
 MRCHUE: Inverse mode at  61     Hk =   3.800
 MRCHUE: Inverse mode at  66     Hk =   2.500

 MRCHDU: Convergence failed at  88  side 1    Res =  0.1431E+01
 MRCHDU: Convergence failed at  89  side 1    Res =  0.1485E+01
 MRCHDU: Convergence failed at  90  side 1    Res =  0.1545E+01
 MRCHDU: Convergence failed at  91  side 1    Res =  0.1608E+01
 MRCHDU: Convergence failed at  92  side 1    Res =  0.1674E+01
 MRCHDU: Convergence failed at  93  side 1    Res =  0.1740E+01
 MRCHDU: Convergence failed at  94  side 1    Res =  0.1806E+01
 MRCHDU: Convergence failed at  95  side 1    Res =  0.1870E+01
 MRCHDU: Convergence failed at  96  side 1    Res =  0.2513E+02
 Side 1  free  transition at x/c =  0.0118   33
 Side 2 forced transition at x/c =  1.0000   66
 idif Ue xi dudx           1  9.15001258E-02  1.29510164E-02   7.0650921    
 Uenew xinew           2  3.11025120E-02  4.40227985E-03

   1   rms: 0.9306E+00   max: 0.5024E+01   D at   68  2   RLX: 0.275
       a = 16.250      CL =  2.8237
      Cm = -0.2947     CD =  0.00792   =>   CDf =  0.00912    CDp = -0.00119

 MRCHDU: Convergence failed at  33  side 1    Res =  0.1674E+02
 MRCHDU: Convergence failed at  69  side 2    Res =  0.1262E+03
 Side 1  free  transition at x/c =  0.0138   33
 Side 2 forced transition at x/c =  1.0000   67
 idif Ue xi dudx           1  7.81940669E-02  1.07381344E-02   7.2819042    
 Uenew xinew           2  1.97789893E-02  2.71618366E-03

   2   rms: 0.9633E+00   max: 0.7762E+01   C at   67  2   RLX: 0.193
       a = 16.250      CL =  2.6405
      Cm = -0.2513     CD =  0.01176   =>   CDf =  0.00890    CDp =  0.00286

 Side 1  free  transition at x/c =  0.0183   33
 Side 2 forced transition at x/c =  1.0000   68

   3   rms: 0.7758E+00   max: -.9253E+01   C at   33  1   RLX: 0.054
       a = 16.250      CL =  2.6078
      Cm = -0.2486     CD =  0.01414   =>   CDf =  0.00816    CDp =  0.00597

 Side 1  free  transition at x/c =  0.0187   34
 Side 2 forced transition at x/c =  1.0000   68
 idif Ue xi dudx           1  5.37310950E-02  7.92419910E-03   6.7806339    
 Uenew xinew           2  3.41027905E-03  5.02943993E-04

   4   rms: 0.6302E+00   max: -.3124E+01   C at   34  1   RLX: 0.160
       a = 16.250      CL =  2.5112
      Cm = -0.2309     CD =  0.01709   =>   CDf =  0.00874    CDp =  0.00835

 Side 1  free  transition at x/c =  0.0295   35
 Side 2 forced transition at x/c =  1.0000   69

   5   rms: 0.8987E+00   max: -.1102E+02   C at   35  1   RLX: 0.045
       a = 16.250      CL =  2.4857
      Cm = -0.2258     CD =  0.01823   =>   CDf =  0.00776    CDp =  0.01046

 Side 1  free  transition at x/c =  0.0311   35
 Side 2 forced transition at x/c =  1.0000   69

   6   rms: 0.6550E+00   max: 0.2240E+01   D at   80  2   RLX: 0.229
       a = 16.250      CL =  2.3274
      Cm = -0.1996     CD =  0.02415   =>   CDf =  0.00769    CDp =  0.01646

 MRCHDU: Convergence failed at  36  side 1    Res =  0.1976E+01
 MRCHDU: Convergence failed at  37  side 1    Res =  0.1268E+01
 MRCHDU: Convergence failed at  39  side 1    Res =  0.1084E+01
 MRCHDU: Convergence failed at  40  side 1    Res =  0.8638E+00
 MRCHDU: Convergence failed at  41  side 1    Res =  0.8953E+00
 MRCHDU: Convergence failed at  42  side 1    Res =  0.5439E+01
 Side 1  free  transition at x/c =  0.0907   42
 Side 2 forced transition at x/c =  1.0000   69
 idif Ue xi dudx           2  0.12937513      1.33695602E-02   9.6768427    
 Uenew xinew           3  6.41557723E-02  6.62982464E-03

   7   rms: 0.5930E+00   max: 0.2425E+01   D at   42  1   RLX: 0.380
       a = 16.250      CL =  2.1262
      Cm = -0.1492     CD =  0.03502   =>   CDf =  0.00759    CDp =  0.02743

 MRCHDU: Convergence failed at  42  side 1    Res =  0.3688E+01
 MRCHDU: Convergence failed at  43  side 1    Res =  0.1329E+01
 MRCHDU: Convergence failed at  44  side 1    Res =  0.2528E+01
 Side 1  free  transition at x/c =  0.1509   44
 Side 2 forced transition at x/c =  1.0000   71

   8   rms: 0.3657E+00   max: -.3200E+01   T at    2  2   RLX: 0.156
       a = 16.250      CL =  2.1082
      Cm = -0.1280     CD =  0.03904   =>   CDf =  0.00576    CDp =  0.03329

 MRCHDU: Convergence failed at  45  side 1    Res =  0.1743E+01
 MRCHDU: Convergence failed at  46  side 1    Res =  0.5362E+01
 MRCHDU: Convergence failed at  47  side 1    Res =  0.2357E+01
 MRCHDU: Convergence failed at  48  side 1    Res =  0.1980E+01
 MRCHDU: Convergence failed at  49  side 1    Res =  0.2519E+01
 MRCHDU: Convergence failed at  50  side 1    Res =  0.2997E+01
 MRCHDU: Convergence failed at  51  side 1    Res =  0.3095E+01
 MRCHDU: Convergence failed at  52  side 1    Res =  0.5406E+03
 MRCHDU: Convergence failed at  53  side 1    Res =  0.1082E+01
 MRCHDU: Convergence failed at  54  side 1    Res =  0.1173E+01
 MRCHDU: Convergence failed at  55  side 1    Res =  0.1479E+01
 MRCHDU: Convergence failed at  56  side 1    Res =  0.1701E+01
 MRCHDU: Convergence failed at  57  side 1    Res =  0.1858E+01
 MRCHDU: Convergence failed at  58  side 1    Res =  0.2279E+01
 MRCHDU: Convergence failed at  59  side 1    Res =  0.2731E+01
 MRCHDU: Convergence failed at  60  side 1    Res =  0.3175E+01
 MRCHDU: Convergence failed at  61  side 1    Res =  0.4099E+01
 MRCHDU: Convergence failed at  62  side 1    Res =  0.5589E+01
 MRCHDU: Convergence failed at  63  side 1    Res =  0.7077E+01
 MRCHDU: Convergence failed at  64  side 1    Res =  0.1061E+02
 MRCHDU: Convergence failed at  65  side 1    Res =  0.2724E+02
 MRCHDU: Convergence failed at  66  side 1    Res =  0.3603E+02
 MRCHDU: Convergence failed at  67  side 1    Res =  0.7149E+01
 MRCHDU: Convergence failed at  68  side 1    Res =  0.4187E+02
 MRCHDU: Convergence failed at  69  side 1    Res =  0.6352E+01
 MRCHDU: Convergence failed at  70  side 1    Res =  0.1509E+02
 MRCHDU: Convergence failed at  71  side 1    Res =  0.3094E+02
 MRCHDU: Convergence failed at  72  side 1    Res =  0.6847E+01
 MRCHDU: Convergence failed at  73  side 1    Res =  0.1129E+03
 MRCHDU: Convergence failed at  74  side 1    Res =  0.2333E+02
 MRCHDU: Convergence failed at  75  side 1    Res =  0.6907E+01
 MRCHDU: Convergence failed at  76  side 1    Res =  0.7354E+01
 MRCHDU: Convergence failed at  77  side 1    Res =  0.1252E+02
 MRCHDU: Convergence failed at  78  side 1    Res =  0.4414E+02
 MRCHDU: Convergence failed at  79  side 1    Res =  0.2677E+03
 MRCHDU: Convergence failed at  80  side 1    Res =  0.2986E+02
 MRCHDU: Convergence failed at  81  side 1    Res =  0.2412E+02
 MRCHDU: Convergence failed at  82  side 1    Res =  0.1628E+02
 MRCHDU: Convergence failed at  83  side 1    Res =  0.1425E+02
 MRCHDU: Convergence failed at  84  side 1    Res =  0.1342E+02
 MRCHDU: Convergence failed at  85  side 1    Res =  0.8623E+01
 MRCHDU: Convergence failed at  86  side 1    Res =  0.8992E+01
 MRCHDU: Convergence failed at  87  side 1    Res =  0.9512E+01
 MRCHDU: Convergence failed at  88  side 1    Res =  0.1017E+02
 MRCHDU: Convergence failed at  89  side 1    Res =  0.1748E+02
 MRCHDU: Convergence failed at  90  side 1    Res =  0.1939E+02
 MRCHDU: Convergence failed at  91  side 1    Res =  0.2598E+03
 MRCHDU: Convergence failed at  81  side 2    Res =  0.3658E+01
 MRCHDU: Convergence failed at  82  side 2    Res =  0.5183E+01
 MRCHDU: Convergence failed at  83  side 2    Res =  0.1649E+01
 MRCHDU: Convergence failed at  84  side 2    Res =  0.5561E+01
 Side 1  free  transition at x/c =  0.2802   52
 Side 2 forced transition at x/c =  1.0000   71

   9   rms: 0.1926E+01   max: 0.2066E+02   C at   52  1   RLX: 0.026
       a = 16.250      CL =  4.2106
      Cm = -1.0097     CD =  0.00455   =>   CDf =  0.00524    CDp = -0.00069

 Side 1  free  transition at x/c =  0.2361   49
 Side 2 forced transition at x/c =  1.0000   71

  10   rms: 0.2854E+01   max: 0.6640E+02   C at   49  1   RLX: 0.023
       a = 16.250      CL =  4.1602
      Cm = -0.9831     CD =  0.00664   =>   CDf =  0.01468    CDp = -0.00805

 Side 1  free  transition at x/c =  0.1962   47
 Side 2 forced transition at x/c =  1.0000   71

  11   rms: 0.3047E+01   max: 0.7049E+02   C at   47  1   RLX: 0.021
       a = 16.250      CL =  4.1235
      Cm = -0.9632     CD =  0.00670   =>   CDf =  0.01496    CDp = -0.00827

 Side 1  free  transition at x/c =  0.1720   46
 Side 2 forced transition at x/c =  1.0000   71

  12   rms: 0.2064E+01   max: 0.3937E+02   C at   46  1   RLX: 0.038
       a = 16.250      CL =  4.0613
      Cm = -0.9286     CD =  0.00670   =>   CDf =  0.01494    CDp = -0.00824

 Side 1  free  transition at x/c =  0.1505   45
 Side 2 forced transition at x/c =  1.0000   70

  13   rms: 0.1321E+01   max: 0.2298E+02   C at   45  1   RLX: 0.065
       a = 16.250      CL =  3.9610
      Cm = -0.8725     CD =  0.00656   =>   CDf =  0.01498    CDp = -0.00842

 Side 1  free  transition at x/c =  0.1357   44
 Side 2 forced transition at x/c =  1.0000   70

  14   rms: 0.8820E+00   max: 0.5163E+01   C at   44  1   RLX: 0.291
       a = 16.250      CL =  3.5662
      Cm = -0.6542     CD =  0.00644   =>   CDf =  0.01439    CDp = -0.00795

 Side 1  free  transition at x/c =  0.0898   42
 Side 2 forced transition at x/c =  1.0000   69

  15   rms: 0.6740E+00   max: 0.3691E+01   C at   42  1   RLX: 0.406
       a = 16.250      CL =  3.1568
      Cm = -0.4503     CD =  0.00947   =>   CDf =  0.01261    CDp = -0.00314

 MRCHDU: Convergence failed at  71  side 2    Res =  0.9524E+00
 MRCHDU: Convergence failed at  72  side 2    Res =  0.2159E+01
 Side 1  free  transition at x/c =  0.0710   40
 Side 2 forced transition at x/c =  1.0000   69

  16   rms: 0.5649E+00   max: -.2414E+01   C at   69  2   RLX: 0.207
       a = 16.250      CL =  2.9523
      Cm = -0.3747     CD =  0.01294   =>   CDf =  0.01042    CDp =  0.00251

 Side 1  free  transition at x/c =  0.0738   41
 Side 2 forced transition at x/c =  1.0000   69
 idif Ue xi dudx           1  7.42259771E-02  7.45010376E-03   9.9630795    
 Uenew xinew           2  7.07745459E-03  7.10368156E-04

  17   rms: 0.5472E+00   max: 0.1835E+01   D at   77  2   RLX: 0.594
       a = 16.250      CL =  2.4348
      Cm = -0.2065     CD =  0.01942   =>   CDf =  0.00990    CDp =  0.00953

 MRCHDU: Convergence failed at  80  side 1    Res =  0.8979E+00
 MRCHDU: Convergence failed at  81  side 1    Res =  0.1233E+01
 MRCHDU: Convergence failed at  82  side 1    Res =  0.2040E+01
 MRCHDU: Convergence failed at  83  side 1    Res =  0.3015E+01
 MRCHDU: Convergence failed at  84  side 1    Res =  0.7707E+01
 MRCHDU: Convergence failed at  85  side 1    Res =  0.2767E+02
 MRCHDU: Convergence failed at  86  side 1    Res =  0.4646E+01
 MRCHDU: Convergence failed at  87  side 1    Res =  0.2617E+01
 MRCHDU: Convergence failed at  88  side 1    Res =  0.1603E+01
 MRCHDU: Convergence failed at  89  side 1    Res =  0.1903E+01
 MRCHDU: Convergence failed at  90  side 1    Res =  0.2873E+01
 MRCHDU: Convergence failed at  91  side 1    Res =  0.7647E+01
 MRCHDU: Convergence failed at  92  side 1    Res =  0.1988E+01
 Side 1  free  transition at x/c =  0.0830   41
 Side 2 forced transition at x/c =  1.0000   70

  18   rms: 0.3912E+00   max: 0.2397E+01   D at   92  1   RLX: 0.626
       a = 16.250      CL =  2.3376
      Cm = -0.1849     CD =  0.02345   =>   CDf =  0.00787    CDp =  0.01558

 Side 1  free  transition at x/c =  0.0808   40
 Side 2 forced transition at x/c =  1.0000   70
 idif Ue xi dudx           1  6.30396605E-02  6.18159771E-03   10.197956    
 Uenew xinew           2  1.78706585E-04  1.75237656E-05

  19   rms: 0.1544E+01   max: 0.1022E+02   C at   70  2   RLX: 0.138
       a = 16.250      CL =  2.1755
      Cm = -0.1738     CD =  0.02613   =>   CDf =  0.00751    CDp =  0.01863

 Side 1  free  transition at x/c =  0.0929   40
 Side 2 forced transition at x/c =  1.0000   71

  20   rms: 0.3584E+01   max: -.6258E+02   T at    2  2   RLX: 0.008
       a = 16.250      CL =  2.1641
      Cm = -0.1667     CD =  0.02809   =>   CDf =  0.00677    CDp =  0.02132

 Side 1  free  transition at x/c =  0.0932   40
 Side 2 forced transition at x/c =  1.0000   71

  21   rms: 0.4436E+00   max: 0.1924E+01   D at   80  2   RLX: 0.305
       a = 16.250      CL =  2.0231
      Cm = -0.1412     CD =  0.03625   =>   CDf =  0.00676    CDp =  0.02949

 Side 1  free  transition at x/c =  0.1029   41
 Side 2 forced transition at x/c =  1.0000   71
 idif Ue xi dudx           1  9.66440663E-02  7.78877735E-03   12.408117    
 Uenew xinew           2  2.50555389E-02  2.01928616E-03

  22   rms: 0.2876E+00   max: 0.1133E+01   D at   80  2   RLX: 0.553
       a = 16.250      CL =  1.8496
      Cm = -0.1100     CD =  0.04846   =>   CDf =  0.00669    CDp =  0.04177

 Side 1  free  transition at x/c =  0.1202   41
 Side 2 forced transition at x/c =  1.0000   72

  23   rms: 0.1190E+00   max: -.9533E+00   C at   41  1   RLX: 0.525
       a = 16.250      CL =  1.7824
      Cm = -0.0977     CD =  0.05426   =>   CDf =  0.00589    CDp =  0.04837

 Side 1  free  transition at x/c =  0.1254   42
 Side 2 forced transition at x/c =  1.0000   72

  24   rms: 0.5745E-01   max: 0.4204E+00   D at   42  1
       a = 16.250      CL =  1.7225
      Cm = -0.0864     CD =  0.05944   =>   CDf =  0.00575    CDp =  0.05368

 Side 1  free  transition at x/c =  0.1375   43
 Side 2 forced transition at x/c =  1.0000   72
 idif Ue xi dudx           1  6.78327233E-02  5.66887856E-03   11.965810    
 Uenew xinew           2  2.89709098E-03  2.42114067E-04

  25   rms: 0.1140E-01   max: 0.7674E-01   D at   86  2
       a = 16.250      CL =  1.7119
      Cm = -0.0857     CD =  0.05999   =>   CDf =  0.00581    CDp =  0.05419

 Side 1  free  transition at x/c =  0.1398   42
 Side 2 forced transition at x/c =  1.0000   73

  26   rms: 0.3101E-02   max: -.3815E-01   T at    2  2
       a = 16.250      CL =  1.7108
      Cm = -0.0856     CD =  0.06007   =>   CDf =  0.00547    CDp =  0.05460

 Side 1  free  transition at x/c =  0.1394   42
 Side 2 forced transition at x/c =  1.0000   73

  27   rms: 0.3733E-03   max: 0.3619E-02   D at    4  2
       a = 16.250      CL =  1.7107
      Cm = -0.0856     CD =  0.06006   =>   CDf =  0.00547    CDp =  0.05458

 Side 1  free  transition at x/c =  0.1394   42
 Side 2 forced transition at x/c =  1.0000   73

  28   rms: 0.1269E-04   max: -.1911E-03   C at   73  2
       a = 16.250      CL =  1.7106
      Cm = -0.0856     CD =  0.06006   =>   CDf =  0.00547    CDp =  0.05458
 plradd ia,ip,cpol            1           0  8.15781008E-04

 Point added to stored polar  1
 Point written to save file  fx76mp160_Re600k.ext.pol                        
 Dump file unspecified or not available
 Calculating wake trajectory ...
 Calculating source influence matrix ...

 Solving BL system ...

 Side 1  free  transition at x/c =  0.1394   42
 Side 2 forced transition at x/c =  1.0000   73

   1   rms: 0.3110E-01   max: -.1652E+00   D at   42  1   RLX: 0.410
       a = 16.500      CL =  1.7108
      Cm = -0.0853     CD =  0.06133   =>   CDf =  0.00516    CDp =  0.05618

 Side 1  free  transition at x/c =  0.1372   42
 Side 2 forced transition at x/c =  1.0000   72

   2   rms: 0.3820E-01   max: 0.5935E+00   D at    2  1
       a = 16.500      CL =  1.7172
      Cm = -0.0850     CD =  0.06217   =>   CDf =  0.00546    CDp =  0.05671

 Side 1  free  transition at x/c =  0.1340   42
 Side 2 forced transition at x/c =  1.0000   72

   3   rms: 0.2752E-02   max: 0.2447E-01   D at    4  1
       a = 16.500      CL =  1.7154
      Cm = -0.0849     CD =  0.06219   =>   CDf =  0.00542    CDp =  0.05677

 Side 1  free  transition at x/c =  0.1343   42
 Side 2 forced transition at x/c =  1.0000   72

   4   rms: 0.1101E-03   max: -.1744E-02   C at   72  2
       a = 16.500      CL =  1.7154
      Cm = -0.0848     CD =  0.06218   =>   CDf =  0.00542    CDp =  0.05676

 Side 1  free  transition at x/c =  0.1343   42
 Side 2 forced transition at x/c =  1.0000   72

   5   rms: 0.3824E-05   max: -.6933E-04   C at   72  2
       a = 16.500      CL =  1.7154
      Cm = -0.0848     CD =  0.06218   =>   CDf =  0.00542    CDp =  0.05676
 plradd ia,ip,cpol            2           0  8.15781008E-04

 Point added to stored polar  1
 Point written to save file  fx76mp160_Re600k.ext.pol                        
 Dump file unspecified or not available
 Calculating wake trajectory ...
 Calculating source influence matrix ...

 Solving BL system ...

 Side 1  free  transition at x/c =  0.1343   42
 Side 2 forced transition at x/c =  1.0000   72

   1   rms: 0.2802E-01   max: -.1127E+00   D at   42  1   RLX: 0.405
       a = 16.750      CL =  1.7186
      Cm = -0.0847     CD =  0.06304   =>   CDf =  0.00542    CDp =  0.05763

 Side 1  free  transition at x/c =  0.1309   42
 Side 2 forced transition at x/c =  1.0000   72

   2   rms: 0.1737E-01   max: 0.9125E-01   C at   42  1
       a = 16.750      CL =  1.7204
      Cm = -0.0843     CD =  0.06456   =>   CDf =  0.00541    CDp =  0.05915

 Side 1  free  transition at x/c =  0.1263   42
 Side 2 forced transition at x/c =  1.0000   72

   3   rms: 0.2787E-02   max: -.2527E-01   C at   72  2
       a = 16.750      CL =  1.7179
      Cm = -0.0841     CD =  0.06456   =>   CDf =  0.00542    CDp =  0.05914

 Side 1  free  transition at x/c =  0.1268   42
 Side 2 forced transition at x/c =  1.0000   72

   4   rms: 0.2134E-03   max: -.2230E-02   C at   72  2
       a = 16.750      CL =  1.7178
      Cm = -0.0841     CD =  0.06455   =>   CDf =  0.00541    CDp =  0.05914

 Side 1  free  transition at x/c =  0.1268   42
 Side 2 forced transition at x/c =  1.0000   72

   5   rms: 0.1254E-04   max: -.2035E-03   C at   72  2
       a = 16.750      CL =  1.7178
      Cm = -0.0841     CD =  0.06455   =>   CDf =  0.00540    CDp =  0.05914
 plradd ia,ip,cpol            3           0  8.15781008E-04

 Point added to stored polar  1
 Point written to save file  fx76mp160_Re600k.ext.pol                        
 Dump file unspecified or not available
 Calculating wake trajectory ...
 Calculating source influence matrix ...

 Solving BL system ...

 Side 1  free  transition at x/c =  0.1268   42
 Side 2 forced transition at x/c =  1.0000   72

   1   rms: 0.3098E-01   max: -.1743E+00   D at   42  1   RLX: 0.394
       a = 17.000      CL =  1.7179
      Cm = -0.0839     CD =  0.06580   =>   CDf =  0.00541    CDp =  0.06039

 Side 1  free  transition at x/c =  0.1241   42
 Side 2 forced transition at x/c =  1.0000   72

   2   rms: 0.1950E-01   max: -.1084E+00   D at   42  1
       a = 17.000      CL =  1.7157
      Cm = -0.0835     CD =  0.06789   =>   CDf =  0.00542    CDp =  0.06247

 Side 1  free  transition at x/c =  0.1212   41
 Side 2 forced transition at x/c =  1.0000   72

   3   rms: 0.2042E-02   max: -.2892E-01   C at   72  2
       a = 17.000      CL =  1.7164
      Cm = -0.0833     CD =  0.06737   =>   CDf =  0.00539    CDp =  0.06198

 Side 1  free  transition at x/c =  0.1211   41
 Side 2 forced transition at x/c =  1.0000   72

   4   rms: 0.1153E-03   max: 0.1732E-02   C at   72  2
       a = 17.000      CL =  1.7165
      Cm = -0.0833     CD =  0.06738   =>   CDf =  0.00540    CDp =  0.06198

 Side 1  free  transition at x/c =  0.1211   41
 Side 2 forced transition at x/c =  1.0000   72

   5   rms: 0.6638E-05   max: 0.1183E-03   C at   72  2
       a = 17.000      CL =  1.7165
      Cm = -0.0833     CD =  0.06738   =>   CDf =  0.00540    CDp =  0.06198
 plradd ia,ip,cpol            4           0  8.15781008E-04

 Point added to stored polar  1
 Point written to save file  fx76mp160_Re600k.ext.pol                        
 Dump file unspecified or not available
 Calculating wake trajectory ...
 Calculating source influence matrix ...

 Solving BL system ...

 Side 1  free  transition at x/c =  0.1211   41
 Side 2 forced transition at x/c =  1.0000   72

   1   rms: 0.2916E-01   max: 0.2589E+00   C at   41  1   RLX: 0.387
       a = 17.250      CL =  1.7181
      Cm = -0.0831     CD =  0.06842   =>   CDf =  0.00540    CDp =  0.06302

 Side 1  free  transition at x/c =  0.1189   41
 Side 2 forced transition at x/c =  1.0000   72

   2   rms: 0.1802E-01   max: 0.1446E+00   C at   41  1
       a = 17.250      CL =  1.7191
      Cm = -0.0828     CD =  0.07011   =>   CDf =  0.00539    CDp =  0.06472

 Side 1  free  transition at x/c =  0.1155   41
 Side 2 forced transition at x/c =  1.0000   72

   3   rms: 0.3019E-02   max: -.2753E-01   C at   72  2
       a = 17.250      CL =  1.7167
      Cm = -0.0826     CD =  0.07010   =>   CDf =  0.00539    CDp =  0.06472

 Side 1  free  transition at x/c =  0.1159   41
 Side 2 forced transition at x/c =  1.0000   72

   4   rms: 0.2464E-03   max: -.2904E-02   C at   72  2
       a = 17.250      CL =  1.7165
      Cm = -0.0826     CD =  0.07008   =>   CDf =  0.00537    CDp =  0.06471

 Side 1  free  transition at x/c =  0.1159   41
 Side 2 forced transition at x/c =  1.0000   72

   5   rms: 0.1483E-04   max: -.2294E-03   C at   72  2
       a = 17.250      CL =  1.7165
      Cm = -0.0826     CD =  0.07008   =>   CDf =  0.00537    CDp =  0.06471
 plradd ia,ip,cpol            5           0  8.15781008E-04

 Point added to stored polar  1
 Point written to save file  fx76mp160_Re600k.ext.pol                        
 Dump file unspecified or not available
 Calculating wake trajectory ...
 Calculating source influence matrix ...

 Solving BL system ...

 Side 1  free  transition at x/c =  0.1159   41
 Side 2 forced transition at x/c =  1.0000   72

   1   rms: 0.3032E-01   max: 0.1944E+00   C at   41  1   RLX: 0.377
       a = 17.500      CL =  1.7162
      Cm = -0.0825     CD =  0.07137   =>   CDf =  0.00538    CDp =  0.06600

 Side 1  free  transition at x/c =  0.1140   41
 Side 2 forced transition at x/c =  1.0000   72

   2   rms: 0.1927E-01   max: 0.9465E-01   D at   64  1
       a = 17.500      CL =  1.7142
      Cm = -0.0822     CD =  0.07354   =>   CDf =  0.00538    CDp =  0.06816

 Side 1  free  transition at x/c =  0.1108   41
 Side 2 forced transition at x/c =  1.0000   72

   3   rms: 0.2070E-02   max: -.3133E-01   C at   72  2
       a = 17.500      CL =  1.7127
      Cm = -0.0820     CD =  0.07329   =>   CDf =  0.00537    CDp =  0.06792

 Side 1  free  transition at x/c =  0.1110   41
 Side 2 forced transition at x/c =  1.0000   72

   4   rms: 0.8548E-04   max: -.1295E-02   C at   72  2
       a = 17.500      CL =  1.7126
      Cm = -0.0820     CD =  0.07328   =>   CDf =  0.00537    CDp =  0.06791
 plradd ia,ip,cpol            6           0  2.83009373E-04

 Point added to stored polar  1
 Point written to save file  fx76mp160_Re600k.ext.pol                        
 Dump file unspecified or not available
 Calculating wake trajectory ...
 Calculating source influence matrix ...

 Solving BL system ...

 Side 1  free  transition at x/c =  0.1110   41
 Side 2 forced transition at x/c =  1.0000   72

   1   rms: 0.3004E-01   max: -.1477E+00   D at   41  1   RLX: 0.368
       a = 17.750      CL =  1.7122
      Cm = -0.0819     CD =  0.07458   =>   CDf =  0.00537    CDp =  0.06921

 Side 1  free  transition at x/c =  0.1091   41
 Side 2 forced transition at x/c =  1.0000   72

   2   rms: 0.1901E-01   max: 0.9274E-01   D at   63  1
       a = 17.750      CL =  1.7106
      Cm = -0.0816     CD =  0.07675   =>   CDf =  0.00537    CDp =  0.07138

 Side 1  free  transition at x/c =  0.1064   40
 Side 2 forced transition at x/c =  1.0000   72

   3   rms: 0.5894E-02   max: -.6917E-01   C at   40  1
       a = 17.750      CL =  1.7130
      Cm = -0.0815     CD =  0.07600   =>   CDf =  0.00496    CDp =  0.07103

 Side 1  free  transition at x/c =  0.1070   41
 Side 2 forced transition at x/c =  1.0000   71

   4   rms: 0.3649E-03   max: 0.3233E-02   C at   71  2
       a = 17.750      CL =  1.7133
      Cm = -0.0815     CD =  0.07601   =>   CDf =  0.00531    CDp =  0.07070

 Side 1  free  transition at x/c =  0.1069   41
 Side 2 forced transition at x/c =  1.0000   71

   5   rms: 0.7293E-04   max: 0.8661E-03   D at    4  1
       a = 17.750      CL =  1.7133
      Cm = -0.0815     CD =  0.07601   =>   CDf =  0.00531    CDp =  0.07071
 plradd ia,ip,cpol            7           0  2.83009373E-04

 Point added to stored polar  1
 Point written to save file  fx76mp160_Re600k.ext.pol                        
 Dump file unspecified or not available
 Calculating wake trajectory ...
 Calculating source influence matrix ...

 Solving BL system ...

 Side 1  free  transition at x/c =  0.1069   41
 Side 2 forced transition at x/c =  1.0000   71

   1   rms: 0.2653E-01   max: 0.1048E+00   D at   64  1   RLX: 0.362
       a = 18.000      CL =  1.7151
      Cm = -0.0815     CD =  0.07703   =>   CDf =  0.00531    CDp =  0.07172

 Side 1  free  transition at x/c =  0.1055   41
 Side 2 forced transition at x/c =  1.0000   71

   2   rms: 0.1702E-01   max: 0.7379E-01   D at   64  1
       a = 18.000      CL =  1.7168
      Cm = -0.0814     CD =  0.07885   =>   CDf =  0.00528    CDp =  0.07357

 Side 1  free  transition at x/c =  0.1027   41
 Side 2 forced transition at x/c =  1.0000   71

   3   rms: 0.2326E-02   max: -.2597E-01   C at   71  2
       a = 18.000      CL =  1.7149
      Cm = -0.0812     CD =  0.07872   =>   CDf =  0.00525    CDp =  0.07348

 Side 1  free  transition at x/c =  0.1029   41
 Side 2 forced transition at x/c =  1.0000   71

   4   rms: 0.1145E-03   max: -.1740E-02   C at   71  2
       a = 18.000      CL =  1.7148
      Cm = -0.0812     CD =  0.07870   =>   CDf =  0.00524    CDp =  0.07346

 Side 1  free  transition at x/c =  0.1030   41
 Side 2 forced transition at x/c =  1.0000   71

   5   rms: 0.3610E-05   max: -.6454E-04   C at   71  2
       a = 18.000      CL =  1.7148
      Cm = -0.0812     CD =  0.07870   =>   CDf =  0.00524    CDp =  0.07346
 plradd ia,ip,cpol            8           0  2.83009373E-04

 Point added to stored polar  1
 Point written to save file  fx76mp160_Re600k.ext.pol                        
 Dump file unspecified or not available

.OPERva   c>   Calculating wake trajectory ...
 Calculating source influence matrix ...

 Solving BL system ...

 Side 1  free  transition at x/c =  0.1030   41
 Side 2 forced transition at x/c =  1.0000   71

   1   rms: 0.2733E-01   max: 0.1187E+00   D at   63  1   RLX: 0.355
       a = 18.250      CL =  1.7155
      Cm = -0.0812     CD =  0.07983   =>   CDf =  0.00524    CDp =  0.07459

 Side 1  free  transition at x/c =  0.1013   41
 Side 2 forced transition at x/c =  1.0000   71

   2   rms: 0.1812E-01   max: 0.8455E-01   D at   64  1
       a = 18.250      CL =  1.7152
      Cm = -0.0811     CD =  0.08197   =>   CDf =  0.00523    CDp =  0.07674

 Side 1  free  transition at x/c =  0.0985   41
 Side 2 forced transition at x/c =  1.0000   71

   3   rms: 0.3703E-02   max: 0.2791E-01   D at   64  1
       a = 18.250      CL =  1.7122
      Cm = -0.0809     CD =  0.08198   =>   CDf =  0.00522    CDp =  0.07677

 Side 1  free  transition at x/c =  0.0988   41
 Side 2 forced transition at x/c =  1.0000   71

   4   rms: 0.3182E-03   max: -.3914E-02   C at   71  2
       a = 18.250      CL =  1.7120
      Cm = -0.0809     CD =  0.08194   =>   CDf =  0.00520    CDp =  0.07673

 Side 1  free  transition at x/c =  0.0989   41
 Side 2 forced transition at x/c =  1.0000   71

   5   rms: 0.1844E-04   max: -.3011E-03   C at   71  2
       a = 18.250      CL =  1.7120
      Cm = -0.0809     CD =  0.08193   =>   CDf =  0.00520    CDp =  0.07673
 plradd ia,ip,cpol            9           0  2.83009373E-04

 Point added to stored polar  1
 Point written to save file  fx76mp160_Re600k.ext.pol                        
 Dump file unspecified or not available
 Calculating wake trajectory ...
 Calculating source influence matrix ...

 Solving BL system ...

 Side 1  free  transition at x/c =  0.0989   41
 Side 2 forced transition at x/c =  1.0000   71

   1   rms: 0.6004E-01   max: 0.3116E+00   D at   63  1   RLX: 0.338
       a = 18.750      CL =  1.7095
      Cm = -0.0810     CD =  0.08477   =>   CDf =  0.00521    CDp =  0.07956

 Side 1  free  transition at x/c =  0.0959   41
 Side 2 forced transition at x/c =  1.0000   71

   2   rms: 0.3910E-01   max: 0.2041E+00   D at   63  1
       a = 18.750      CL =  1.7048
      Cm = -0.0810     CD =  0.08984   =>   CDf =  0.00519    CDp =  0.08466

 Side 1  free  transition at x/c =  0.0908   40
 Side 2 forced transition at x/c =  1.0000   71

   3   rms: 0.6318E-02   max: -.3608E-01   C at   71  2
       a = 18.750      CL =  1.7088
      Cm = -0.0807     CD =  0.08819   =>   CDf =  0.00507    CDp =  0.08312

 Side 1  free  transition at x/c =  0.0911   40
 Side 2 forced transition at x/c =  1.0000   71

   4   rms: 0.2574E-03   max: 0.1763E-02   C at   71  2
       a = 18.750      CL =  1.7089
      Cm = -0.0807     CD =  0.08821   =>   CDf =  0.00508    CDp =  0.08312

 Side 1  free  transition at x/c =  0.0910   40
 Side 2 forced transition at x/c =  1.0000   71

   5   rms: 0.2398E-04   max: 0.3324E-03   C at   71  2
       a = 18.750      CL =  1.7090
      Cm = -0.0807     CD =  0.08821   =>   CDf =  0.00508    CDp =  0.08313
 plradd ia,ip,cpol           10           0  2.83009373E-04

 Point added to stored polar  1
 Point written to save file  fx76mp160_Re600k.ext.pol                        
 Dump file unspecified or not available
 Calculating wake trajectory ...
 Calculating source influence matrix ...

 Solving BL system ...

 Side 1  free  transition at x/c =  0.0910   40
 Side 2 forced transition at x/c =  1.0000   71

   1   rms: 0.5340E-01   max: 0.2404E+00   D at   62  1   RLX: 0.328
       a = 19.250      CL =  1.7099
      Cm = -0.0809     CD =  0.09051   =>   CDf =  0.00509    CDp =  0.08542

 Side 1  free  transition at x/c =  0.0875   40
 Side 2 forced transition at x/c =  1.0000   71

   2   rms: 0.3857E-01   max: 0.1954E+00   D at   62  1
       a = 19.250      CL =  1.7062
      Cm = -0.0812     CD =  0.09583   =>   CDf =  0.00507    CDp =  0.09076

 Side 1  free  transition at x/c =  0.0816   39
 Side 2 forced transition at x/c =  1.0000   71

   3   rms: 0.9804E-02   max: 0.8491E-01   D at   62  1
       a = 19.250      CL =  1.6988
      Cm = -0.0811     CD =  0.09592   =>   CDf =  0.00504    CDp =  0.09088

 Side 1  free  transition at x/c =  0.0823   39
 Side 2 forced transition at x/c =  1.0000   71

   4   rms: 0.8003E-03   max: -.7820E-02   C at   71  2
       a = 19.250      CL =  1.6989
      Cm = -0.0810     CD =  0.09560   =>   CDf =  0.00502    CDp =  0.09059

 Side 1  free  transition at x/c =  0.0823   39
 Side 2 forced transition at x/c =  1.0000   71

   5   rms: 0.5945E-04   max: 0.2825E-03   C at   71  2
       a = 19.250      CL =  1.6990
      Cm = -0.0810     CD =  0.09561   =>   CDf =  0.00502    CDp =  0.09059
 plradd ia,ip,cpol           11           0  2.83009373E-04

 Point added to stored polar  1
 Point written to save file  fx76mp160_Re600k.ext.pol                        
 Dump file unspecified or not available
 Calculating wake trajectory ...
 Calculating source influence matrix ...

 Solving BL system ...

 Side 1  free  transition at x/c =  0.0823   39
 Side 2 forced transition at x/c =  1.0000   71

   1   rms: 0.5224E-01   max: 0.2944E+00   C at   39  1   RLX: 0.314
       a = 19.750      CL =  1.6999
      Cm = -0.0813     CD =  0.09788   =>   CDf =  0.00502    CDp =  0.09285

 Side 1  free  transition at x/c =  0.0799   39
 Side 2 forced transition at x/c =  1.0000   71

   2   rms: 0.3725E-01   max: 0.2270E+00   C at   39  1
       a = 19.750      CL =  1.6988
      Cm = -0.0820     CD =  0.10313   =>   CDf =  0.00462    CDp =  0.09851

 Side 1  free  transition at x/c =  0.0746   40
 Side 2 forced transition at x/c =  1.0000   70

   3   rms: 0.1163E-01   max: 0.9028E-01   D at   62  1
       a = 19.750      CL =  1.6898
      Cm = -0.0820     CD =  0.10348   =>   CDf =  0.00497    CDp =  0.09852

 Side 1  free  transition at x/c =  0.0757   40
 Side 2 forced transition at x/c =  1.0000   70

   4   rms: 0.1012E-02   max: 0.1014E-01   D at   87  2
       a = 19.750      CL =  1.6897
      Cm = -0.0819     CD =  0.10311   =>   CDf =  0.00491    CDp =  0.09820

 Side 1  free  transition at x/c =  0.0757   40
 Side 2 forced transition at x/c =  1.0000   70

   5   rms: 0.3470E-04   max: 0.5844E-03   D at   87  2
       a = 19.750      CL =  1.6897
      Cm = -0.0819     CD =  0.10310   =>   CDf =  0.00491    CDp =  0.09819
 plradd ia,ip,cpol           12           0  2.83009373E-04

 Point added to stored polar  1
 Point written to save file  fx76mp160_Re600k.ext.pol                        
 Dump file unspecified or not available
 Calculating wake trajectory ...
 Calculating source influence matrix ...

 Solving BL system ...

 Side 1  free  transition at x/c =  0.0757   40
 Side 2 forced transition at x/c =  1.0000   70

   1   rms: 0.5877E-01   max: 0.3158E+00   D at   60  1   RLX: 0.300
       a = 20.250      CL =  1.6867
      Cm = -0.0824     CD =  0.10603   =>   CDf =  0.00492    CDp =  0.10111

 Side 1  free  transition at x/c =  0.0735   40
 Side 2 forced transition at x/c =  1.0000   70

   2   rms: 0.4605E-01   max: 0.2829E+00   D at   61  1
       a = 20.250      CL =  1.6734
      Cm = -0.0840     CD =  0.11401   =>   CDf =  0.00491    CDp =  0.10911

 Side 1  free  transition at x/c =  0.0697   39
 Side 2 forced transition at x/c =  1.0000   70

   3   rms: 0.9806E-02   max: -.7660E-01   C at   39  1
       a = 20.250      CL =  1.6794
      Cm = -0.0833     CD =  0.11078   =>   CDf =  0.00477    CDp =  0.10601

 Side 1  free  transition at x/c =  0.0696   39
 Side 2 forced transition at x/c =  1.0000   70

   4   rms: 0.4551E-03   max: 0.2713E-02   C at   39  1
       a = 20.250      CL =  1.6795
      Cm = -0.0833     CD =  0.11089   =>   CDf =  0.00479    CDp =  0.10611

 Side 1  free  transition at x/c =  0.0696   39
 Side 2 forced transition at x/c =  1.0000   70

   5   rms: 0.2192E-04   max: 0.2945E-03   C at   70  2
       a = 20.250      CL =  1.6796
      Cm = -0.0833     CD =  0.11090   =>   CDf =  0.00479    CDp =  0.10612
 plradd ia,ip,cpol           13           0  2.83009373E-04

 Point added to stored polar  1
 Point written to save file  fx76mp160_Re600k.ext.pol                        
 Dump file unspecified or not available
 Calculating wake trajectory ...
 Calculating source influence matrix ...

 Solving BL system ...

 Side 1  free  transition at x/c =  0.0696   39
 Side 2 forced transition at x/c =  1.0000   70

   1   rms: 0.5192E-01   max: 0.2706E+00   D at   59  1   RLX: 0.290
       a = 20.750      CL =  1.6790
      Cm = -0.0839     CD =  0.11343   =>   CDf =  0.00479    CDp =  0.10864

 Side 1  free  transition at x/c =  0.0676   39
 Side 2 forced transition at x/c =  1.0000   70

   2   rms: 0.3919E-01   max: 0.2198E+00   D at   59  1
       a = 20.750      CL =  1.6740
      Cm = -0.0855     CD =  0.12012   =>   CDf =  0.00475    CDp =  0.11537

 Side 1  free  transition at x/c =  0.0624   39
 Side 2 forced transition at x/c =  1.0000   70

   3   rms: 0.8265E-02   max: 0.7045E-01   D at   59  1
       a = 20.750      CL =  1.6679
      Cm = -0.0854     CD =  0.11939   =>   CDf =  0.00471    CDp =  0.11469

 Side 1  free  transition at x/c =  0.0633   39
 Side 2 forced transition at x/c =  1.0000   70

   4   rms: 0.1923E-02   max: 0.1871E-01   D at   59  1
       a = 20.750      CL =  1.6666
      Cm = -0.0855     CD =  0.11938   =>   CDf =  0.00467    CDp =  0.11471

 Side 1  free  transition at x/c =  0.0633   39
 Side 2 forced transition at x/c =  1.0000   70

   5   rms: 0.1703E-03   max: -.1370E-02   C at   70  2
       a = 20.750      CL =  1.6665
      Cm = -0.0854     CD =  0.11932   =>   CDf =  0.00466    CDp =  0.11466

 Side 1  free  transition at x/c =  0.0634   39
 Side 2 forced transition at x/c =  1.0000   70

   6   rms: 0.1068E-04   max: -.2113E-03   C at   70  2
       a = 20.750      CL =  1.6665
      Cm = -0.0854     CD =  0.11932   =>   CDf =  0.00466    CDp =  0.11465
 plradd ia,ip,cpol           14           0  2.83009373E-04

 Point added to stored polar  1
 Point written to save file  fx76mp160_Re600k.ext.pol                        
 Dump file unspecified or not available
 Calculating wake trajectory ...
 Calculating source influence matrix ...

 Solving BL system ...

 Side 1  free  transition at x/c =  0.0634   39
 Side 2 forced transition at x/c =  1.0000   70

   1   rms: 0.6276E-01   max: 0.3823E+00   D at   58  1   RLX: 0.276
       a = 21.250      CL =  1.6615
      Cm = -0.0864     CD =  0.12273   =>   CDf =  0.00467    CDp =  0.11806

 Side 1  free  transition at x/c =  0.0616   39
 Side 2 forced transition at x/c =  1.0000   70

   2   rms: 0.4300E-01   max: 0.2591E+00   D at   58  1
       a = 21.250      CL =  1.6519
      Cm = -0.0886     CD =  0.13058   =>   CDf =  0.00465    CDp =  0.12593

 Side 1  free  transition at x/c =  0.0568   38
 Side 2 forced transition at x/c =  1.0000   70

   3   rms: 0.9048E-02   max: -.4105E-01   D at   56  1
       a = 21.250      CL =  1.6580
      Cm = -0.0879     CD =  0.12710   =>   CDf =  0.00451    CDp =  0.12259

 Side 1  free  transition at x/c =  0.0570   38
 Side 2 forced transition at x/c =  1.0000   70

   4   rms: 0.3742E-03   max: 0.2842E-02   C at   38  1
       a = 21.250      CL =  1.6582
      Cm = -0.0879     CD =  0.12710   =>   CDf =  0.00452    CDp =  0.12257

 Side 1  free  transition at x/c =  0.0569   38
 Side 2 forced transition at x/c =  1.0000   70

   5   rms: 0.3646E-04   max: 0.3422E-03   C at   70  2
       a = 21.250      CL =  1.6582
      Cm = -0.0879     CD =  0.12712   =>   CDf =  0.00453    CDp =  0.12259
 plradd ia,ip,cpol           15           0  2.83009373E-04

 Point added to stored polar  1
 Point written to save file  fx76mp160_Re600k.ext.pol                        
 Dump file unspecified or not available
 Calculating wake trajectory ...
 Calculating source influence matrix ...

 Solving BL system ...

 Side 1  free  transition at x/c =  0.0569   38
 Side 2 forced transition at x/c =  1.0000   70

   1   rms: 0.5474E-01   max: 0.2989E+00   D at   57  1   RLX: 0.269
       a = 21.750      CL =  1.6562
      Cm = -0.0887     CD =  0.12986   =>   CDf =  0.00453    CDp =  0.12533

 Side 1  free  transition at x/c =  0.0542   38
 Side 2 forced transition at x/c =  1.0000   70

   2   rms: 0.4468E-01   max: 0.2638E+00   D at   57  1
       a = 21.750      CL =  1.6462
      Cm = -0.0914     CD =  0.13826   =>   CDf =  0.00411    CDp =  0.13415

 Side 1  free  transition at x/c =  0.0499   38
 Side 2 forced transition at x/c =  1.0000   69

   3   rms: 0.8217E-02   max: 0.7845E-01   D at   58  1
       a = 21.750      CL =  1.6427
      Cm = -0.0913     CD =  0.13662   =>   CDf =  0.00445    CDp =  0.13217

 Side 1  free  transition at x/c =  0.0500   38
 Side 2 forced transition at x/c =  1.0000   69

   4   rms: 0.1014E-02   max: -.9190E-02   D at    4  1
       a = 21.750      CL =  1.6426
      Cm = -0.0912     CD =  0.13614   =>   CDf =  0.00444    CDp =  0.13170

 Side 1  free  transition at x/c =  0.0501   38
 Side 2 forced transition at x/c =  1.0000   69

   5   rms: 0.2509E-04   max: 0.1574E-03   D at   86  2
       a = 21.750      CL =  1.6426
      Cm = -0.0912     CD =  0.13612   =>   CDf =  0.00444    CDp =  0.13169
 plradd ia,ip,cpol           16           0  2.83009373E-04

 Point added to stored polar  1
 Point written to save file  fx76mp160_Re600k.ext.pol                        
 Dump file unspecified or not available
 Calculating wake trajectory ...
 Calculating source influence matrix ...

 Solving BL system ...

 Side 1  free  transition at x/c =  0.0501   38
 Side 2 forced transition at x/c =  1.0000   69

   1   rms: 0.5645E-01   max: 0.5209E+00   C at   38  1   RLX: 0.259
       a = 22.250      CL =  1.6403
      Cm = -0.0922     CD =  0.13891   =>   CDf =  0.00445    CDp =  0.13447

 Side 1  free  transition at x/c =  0.0483   38
 Side 2 forced transition at x/c =  1.0000   69

   2   rms: 0.4564E-01   max: 0.2889E+00   C at   38  1
       a = 22.250      CL =  1.6295
      Cm = -0.0954     CD =  0.14802   =>   CDf =  0.00444    CDp =  0.14358

 Side 1  free  transition at x/c =  0.0445   37
 Side 2 forced transition at x/c =  1.0000   69

   3   rms: 0.7220E-02   max: 0.6518E-01   D at   56  1
       a = 22.250      CL =  1.6258
      Cm = -0.0953     CD =  0.14593   =>   CDf =  0.00437    CDp =  0.14156

 Side 1  free  transition at x/c =  0.0446   37
 Side 2 forced transition at x/c =  1.0000   69

   4   rms: 0.1291E-02   max: 0.1108E-01   D at   56  1
       a = 22.250      CL =  1.6250
      Cm = -0.0953     CD =  0.14565   =>   CDf =  0.00436    CDp =  0.14129

 Side 1  free  transition at x/c =  0.0446   37
 Side 2 forced transition at x/c =  1.0000   69

   5   rms: 0.1800E-03   max: -.1041E-02   C at   69  2
       a = 22.250      CL =  1.6249
      Cm = -0.0953     CD =  0.14561   =>   CDf =  0.00436    CDp =  0.14125

 Side 1  free  transition at x/c =  0.0447   37
 Side 2 forced transition at x/c =  1.0000   69

   6   rms: 0.1772E-04   max: -.1395E-03   C at   69  2
       a = 22.250      CL =  1.6249
      Cm = -0.0953     CD =  0.14560   =>   CDf =  0.00436    CDp =  0.14124
 plradd ia,ip,cpol           17           0  2.83009373E-04

 Point added to stored polar  1
 Point written to save file  fx76mp160_Re600k.ext.pol                        
 Dump file unspecified or not available

.OPERva   c>  
 Polar accumulation disabled

.OPERv   c>  
 XFOIL   c>  
 XFOIL   c>  