
 ===================================================
  XFOIL Version 6.99
  Copyright (C) 2000   Mark Drela, Harold Youngren

  This software comes with ABSOLUTELY NO WARRANTY,
    subject to the GNU General Public License.

  Caveat computor
 ===================================================

 File  xfoil.def  not found

   QUIT    Exit program

  .OPER    Direct operating point(s)
  .MDES    Complex mapping design routine
  .QDES    Surface speed design routine
  .GDES    Geometry design routine

   SAVE f  Write airfoil to labeled coordinate file
   PSAV f  Write airfoil to plain coordinate file
   ISAV f  Write airfoil to ISES coordinate file
   MSAV f  Write airfoil to MSES coordinate file
   REVE    Reverse written-airfoil node ordering

   LOAD f  Read buffer airfoil from coordinate file
   NACA i  Set NACA 4,5-digit airfoil and buffer airfoil
   INTE    Set buffer airfoil by interpolating two airfoils
   NORM    Buffer airfoil normalization toggle
   XYCM rr Change CM reference location, currently  0.25000 0.00000

   BEND    Display structural properties of current airfoil

   PCOP    Set current-airfoil panel nodes directly from buffer airfoil points
   PANE    Set current-airfoil panel nodes ( 160 ) based on curvature
  .PPAR    Show/change paneling

  .PLOP    Plotting options

   WDEF f  Write  current-settings file
   RDEF f  Reread current-settings file
   NAME s  Specify new airfoil name
   NINC    Increment name version number

   Z       Zoom    | (available in all menus)
   U       Unzoom  | 

 XFOIL   c>  
 Labeled airfoil file.  Name:  FX 76-MP-160                                    

 Number of input coordinate points:  97
 Counterclockwise ordering
 Max thickness =     0.161478  at x =   0.339
 Max camber    =     0.060186  at x =   0.500

  LE  x,y  =  -0.00001   0.00076  |   Chord =   1.00001
  TE  x,y  =   1.00000   0.00000  |

 Current airfoil nodes set from buffer airfoil nodes (  97 )

 XFOIL   c>  
 XFOIL   c>  
 Sharp trailing edge

 Paneling parameters used...
   Number of panel nodes       160
   Panel bunching parameter    1.000
   TE/LE panel density ratio   0.150
   Refined-area/LE panel density ratio    0.200
   Top    side refined area x/c limits  1.000 1.000
   Bottom side refined area x/c limits  1.000 1.000

 XFOIL   c>  
.OPERi   c>  
 Xtr/c     =  1.0000    top    side
 Xtr/c     =  1.0000    bottom side
 Ncrit     =    9.00   ( 0.070 % turb. level )
 Vacc      =  0.0100

 Klag  =  5.6000     Uxwt  =    1.00
 A     =  6.7000     B     =  0.7500       KCt = 0.01485
 CtiniK=  1.8000     CtiniX=  3.3000

..VPAR   c>  
..VPAR   c>  
.OPERi   c>  
 M  =    0.0000
 Re =    400000

.OPERv   c>  
.OPERv   c>  
.OPERv   c>  
 Polar  1 newly created for accumulation
 Airfoil archived with polar: FX 76-MP-160                                    

Enter  polar save filename  OR  <return> for no file   s>  
 New polar save file available

Enter  polar dump filename  OR  <return> for no file   s>  
 Polar dump file will NOT be written

 Polar accumulation enabled

.OPERva   c>   Calculating unit vorticity distributions ...
 Calculating wake trajectory ...
 Calculating source influence matrix ...

 Solving BL system ...

 Initializing BL ...
    side            1  ...
 MRCHUE: Inverse mode at  28     Hk =   4.136
 MRCHUE: Inverse mode at  29     Hk =   5.074
 MRCHUE: Inverse mode at  30     Hk =   5.992
 MRCHUE: Inverse mode at  31     Hk =   6.910
 MRCHUE: Inverse mode at  32     Hk =   7.845
 MRCHUE: Inverse mode at  33     Hk =   8.812
 MRCHUE: Inverse mode at  34     Hk =   9.828
 MRCHUE: Inverse mode at  35     Hk =   5.804
 MRCHUE: Inverse mode at  36     Hk =   2.884
 MRCHUE: Inverse mode at  79     Hk =   2.500
 MRCHUE: Inverse mode at  80     Hk =   2.500
 MRCHUE: Inverse mode at  81     Hk =   2.500
 MRCHUE: Inverse mode at  82     Hk =   2.500
 MRCHUE: Inverse mode at  83     Hk =   2.500
 MRCHUE: Inverse mode at  84     Hk =   2.500
 MRCHUE: Inverse mode at  85     Hk =   2.500
 MRCHUE: Inverse mode at  86     Hk =   2.500
 MRCHUE: Inverse mode at  87     Hk =   2.500
 MRCHUE: Convergence failed at  88  side 1    Res =  0.5596E+01
 MRCHUE: Inverse mode at  89     Hk =   2.500
 MRCHUE: Inverse mode at  90     Hk =   2.500
 MRCHUE: Inverse mode at  91     Hk =   2.500
 MRCHUE: Inverse mode at  92     Hk =   2.500
 MRCHUE: Inverse mode at  93     Hk =   2.500
 MRCHUE: Inverse mode at  94     Hk =   2.500
 MRCHUE: Inverse mode at  95     Hk =   2.500
 MRCHUE: Convergence failed at  96  side 1    Res =  0.1179E+03
    side            2  ...
 MRCHUE: Inverse mode at  44     Hk =   3.800
 MRCHUE: Inverse mode at  45     Hk =   4.380
 MRCHUE: Inverse mode at  47     Hk =   3.800
 MRCHUE: Inverse mode at  48     Hk =   4.295
 MRCHUE: Inverse mode at  49     Hk =   4.764
 MRCHUE: Inverse mode at  51     Hk =   3.800
 MRCHUE: Inverse mode at  52     Hk =   4.199
 MRCHUE: Inverse mode at  55     Hk =   3.800
 MRCHUE: Inverse mode at  58     Hk =   3.800
 MRCHUE: Inverse mode at  61     Hk =   3.800
 MRCHUE: Inverse mode at  66     Hk =   2.500

 MRCHDU: Convergence failed at  88  side 1    Res =  0.1345E+01
 MRCHDU: Convergence failed at  89  side 1    Res =  0.1412E+01
 MRCHDU: Convergence failed at  90  side 1    Res =  0.1554E+01
 MRCHDU: Convergence failed at  91  side 1    Res =  0.1617E+01
 MRCHDU: Convergence failed at  92  side 1    Res =  0.1682E+01
 MRCHDU: Convergence failed at  93  side 1    Res =  0.1747E+01
 MRCHDU: Convergence failed at  94  side 1    Res =  0.1810E+01
 MRCHDU: Convergence failed at  95  side 1    Res =  0.1871E+01
 MRCHDU: Convergence failed at  96  side 1    Res =  0.1824E+02
 Side 1  free  transition at x/c =  0.0159   35
 Side 2 forced transition at x/c =  1.0000   66
 idif Ue xi dudx           1  7.75650665E-02  1.10888481E-02   6.9948716    
 Uenew xinew           2  1.77677535E-02  2.54011154E-03

   1   rms: 0.8831E+00   max: 0.4569E+01   D at   68  2   RLX: 0.197
       a = 16.250      CL =  2.8992
      Cm = -0.3180     CD =  0.00737   =>   CDf =  0.00948    CDp = -0.00210

 Side 1  free  transition at x/c =  0.0176   34
 Side 2 forced transition at x/c =  1.0000   67

   2   rms: 0.9667E+00   max: 0.6446E+01   C at   67  2   RLX: 0.160
       a = 16.250      CL =  2.7652
      Cm = -0.2962     CD =  0.01147   =>   CDf =  0.00875    CDp =  0.00272

 Side 1  free  transition at x/c =  0.0203   35
 Side 2 forced transition at x/c =  1.0000   67
 idif Ue xi dudx           1  8.04020464E-02  1.09255314E-02   7.3590970    
 Uenew xinew           2  2.13677324E-02  2.90358067E-03

   3   rms: 0.7488E+00   max: 0.3590E+01   C at   67  2   RLX: 0.153
       a = 16.250      CL =  2.6425
      Cm = -0.2635     CD =  0.01372   =>   CDf =  0.00911    CDp =  0.00461

 Side 1  free  transition at x/c =  0.0230   35
 Side 2 forced transition at x/c =  1.0000   68
 idif Ue xi dudx           1  5.16657904E-02  7.64024258E-03   6.7623234    
 Uenew xinew           2  1.48086401E-03  2.18987465E-04

   4   rms: 0.5735E+00   max: -.2355E+01   C at   35  1   RLX: 0.212
       a = 16.250      CL =  2.5218
      Cm = -0.2363     CD =  0.01695   =>   CDf =  0.00906    CDp =  0.00789

 Side 1  free  transition at x/c =  0.0343   36
 Side 2 forced transition at x/c =  1.0000   69

   5   rms: 0.1434E+01   max: -.2248E+02   D at    2  2   RLX: 0.022
       a = 16.250      CL =  2.5259
      Cm = -0.2396     CD =  0.01818   =>   CDf =  0.00809    CDp =  0.01009

 Side 1  free  transition at x/c =  0.0351   36
 Side 2 forced transition at x/c =  1.0000   69

   6   rms: 0.5839E+00   max: -.2998E+01   C at   36  1   RLX: 0.167
       a = 16.250      CL =  2.4173
      Cm = -0.2169     CD =  0.02125   =>   CDf =  0.00805    CDp =  0.01320

 Side 1  free  transition at x/c =  0.0399   37
 Side 2 forced transition at x/c =  1.0000   69

   7   rms: 0.5025E+00   max: -.2759E+01   C at   37  1   RLX: 0.181
       a = 16.250      CL =  2.3176
      Cm = -0.1992     CD =  0.02495   =>   CDf =  0.00791    CDp =  0.01704

 Side 1  free  transition at x/c =  0.0510   38
 Side 2 forced transition at x/c =  1.0000   69
 idif Ue xi dudx           1  6.77668527E-02  6.76918030E-03   10.011087    
 Uenew xinew           2  2.94773403E-04  2.94446945E-05

   8   rms: 0.8322E+00   max: -.1778E+02   C at   38  1   RLX: 0.028
       a = 16.250      CL =  2.3070
      Cm = -0.1981     CD =  0.02574   =>   CDf =  0.00799    CDp =  0.01776

 Side 1  free  transition at x/c =  0.0510   37
 Side 2 forced transition at x/c =  1.0000   70

   9   rms: 0.1731E+01   max: -.2876E+02   T at    2  2   RLX: 0.017
       a = 16.250      CL =  2.2984
      Cm = -0.2004     CD =  0.02646   =>   CDf =  0.00763    CDp =  0.01883

 Side 1  free  transition at x/c =  0.0518   37
 Side 2 forced transition at x/c =  1.0000   70

  10   rms: 0.5797E+00   max: 0.2923E+01   C at   37  1   RLX: 0.187
       a = 16.250      CL =  2.1772
      Cm = -0.1790     CD =  0.03174   =>   CDf =  0.00763    CDp =  0.02410

 Side 1  free  transition at x/c =  0.0675   39
 Side 2 forced transition at x/c =  1.0000   70

  11   rms: 0.4775E+00   max: -.8318E+01   C at   39  1   RLX: 0.060
       a = 16.250      CL =  2.1486
      Cm = -0.1699     CD =  0.03249   =>   CDf =  0.00715    CDp =  0.02533

 Side 1  free  transition at x/c =  0.0702   39
 Side 2 forced transition at x/c =  1.0000   70
 idif Ue xi dudx           1  9.61279646E-02  8.93890858E-03   10.753881    
 Uenew xinew           2  2.98402421E-02  2.77483463E-03

  12   rms: 0.4455E+00   max: -.1841E+01   T at   39  1   RLX: 0.272
       a = 16.250      CL =  2.0113
      Cm = -0.1485     CD =  0.04006   =>   CDf =  0.00755    CDp =  0.03250

 Side 1  free  transition at x/c =  0.0927   40
 Side 2 forced transition at x/c =  1.0000   71
 idif Ue xi dudx           1  8.52964073E-02  7.10165501E-03   12.010778    
 Uenew xinew           2  1.60003249E-02  1.33216381E-03

  13   rms: 0.3534E+00   max: -.1369E+01   T at   40  1   RLX: 0.365
       a = 16.250      CL =  1.8600
      Cm = -0.1226     CD =  0.04966   =>   CDf =  0.00704    CDp =  0.04262

 Side 1  free  transition at x/c =  0.1357   42
 Side 2 forced transition at x/c =  1.0000   72
 idif Ue xi dudx           1  6.61871880E-02  5.55133820E-03   11.922745    
 Uenew xinew           2  1.48526055E-03  1.24573708E-04

  14   rms: 0.1998E+00   max: 0.9833E+00   C at   42  1   RLX: 0.586
       a = 16.250      CL =  1.7206
      Cm = -0.0936     CD =  0.05910   =>   CDf =  0.00634    CDp =  0.05276

 MRCHDU: Convergence failed at  42  side 1    Res =  0.4657E+01
 MRCHDU: Convergence failed at  43  side 1    Res =  0.1096E+01
 MRCHDU: Convergence failed at  44  side 1    Res =  0.1877E+01
 MRCHDU: Convergence failed at  45  side 1    Res =  0.2074E+01
 MRCHDU: Convergence failed at  46  side 1    Res =  0.1951E+01
 MRCHDU: Convergence failed at  47  side 1    Res =  0.1520E+01
 MRCHDU: Convergence failed at  48  side 1    Res =  0.1924E+01
 MRCHDU: Convergence failed at  49  side 1    Res =  0.2100E+01
 MRCHDU: Convergence failed at  50  side 1    Res =  0.2958E+01
 MRCHDU: Convergence failed at  51  side 1    Res =  0.3891E+01
 MRCHDU: Convergence failed at  52  side 1    Res =  0.4241E+01
 MRCHDU: Convergence failed at  53  side 1    Res =  0.6227E+01
 MRCHDU: Convergence failed at  54  side 1    Res =  0.9551E+01
 MRCHDU: Convergence failed at  55  side 1    Res =  0.1225E+02
 MRCHDU: Convergence failed at  56  side 1    Res =  0.2476E+02
 MRCHDU: Convergence failed at  57  side 1    Res =  0.8358E+02
 MRCHDU: Convergence failed at  58  side 1    Res =  0.2539E+02
 MRCHDU: Convergence failed at  59  side 1    Res =  0.1255E+02
 MRCHDU: Convergence failed at  60  side 1    Res =  0.7270E+01
 MRCHDU: Convergence failed at  61  side 1    Res =  0.6476E+01
 MRCHDU: Convergence failed at  62  side 1    Res =  0.1073E+02
 MRCHDU: Convergence failed at  63  side 1    Res =  0.1308E+03
 MRCHDU: Convergence failed at  64  side 1    Res =  0.1097E+02
 MRCHDU: Convergence failed at  65  side 1    Res =  0.1340E+02
 MRCHDU: Convergence failed at  66  side 1    Res =  0.3437E+02
 MRCHDU: Convergence failed at  67  side 1    Res =  0.9965E+01
 MRCHDU: Convergence failed at  68  side 1    Res =  0.3924E+02
 MRCHDU: Convergence failed at  69  side 1    Res =  0.2057E+02
 MRCHDU: Convergence failed at  70  side 1    Res =  0.9845E+01
 MRCHDU: Convergence failed at  71  side 1    Res =  0.1420E+02
 MRCHDU: Convergence failed at  72  side 1    Res =  0.3269E+02
 MRCHDU: Convergence failed at  73  side 1    Res =  0.9421E+02
 MRCHDU: Convergence failed at  74  side 1    Res =  0.1762E+02
 MRCHDU: Convergence failed at  75  side 1    Res =  0.9509E+01
 MRCHDU: Convergence failed at  76  side 1    Res =  0.1118E+02
 MRCHDU: Convergence failed at  77  side 1    Res =  0.1255E+02
 MRCHDU: Convergence failed at  78  side 1    Res =  0.2017E+02
 MRCHDU: Convergence failed at  79  side 1    Res =  0.2426E+02
 MRCHDU: Convergence failed at  80  side 1    Res =  0.6517E+02
 MRCHDU: Convergence failed at  81  side 1    Res =  0.3211E+03
 MRCHDU: Convergence failed at  82  side 1    Res =  0.1843E+03
 MRCHDU: Convergence failed at  83  side 1    Res =  0.1315E+03
 MRCHDU: Convergence failed at  84  side 1    Res =  0.2232E+02
 MRCHDU: Convergence failed at  85  side 1    Res =  0.1037E+02
 MRCHDU: Convergence failed at  86  side 1    Res =  0.1399E+02
 MRCHDU: Convergence failed at  87  side 1    Res =  0.1424E+02
 MRCHDU: Convergence failed at  88  side 1    Res =  0.1446E+02
 MRCHDU: Convergence failed at  89  side 1    Res =  0.1892E+05
 MRCHDU: Convergence failed at  86  side 2    Res =  0.3761E+01
 MRCHDU: Convergence failed at  87  side 2    Res =  0.7708E+00
 Side 1 forced transition at x/c =  1.0000   89
 Side 2 forced transition at x/c =  1.0000   73

  15   rms: 0.1796E+01   max: 0.2398E+02   T at    2  2   RLX: 0.044
       a = 16.250      CL =  3.3672
      Cm = -0.7773     CD =  0.00761   =>   CDf =  0.00643    CDp =  0.00118

 Side 1  free  transition at x/c =  0.6070   67
 Side 2 forced transition at x/c =  1.0000   72

  16   rms: 0.6045E+01   max: 0.1300E+03   C at   67  1   RLX: 0.012
       a = 16.250      CL =  3.3644
      Cm = -0.7685     CD =  0.00868   =>   CDf =  0.00952    CDp = -0.00084

 Side 1  free  transition at x/c =  0.5413   64
 Side 2 forced transition at x/c =  1.0000   72

  17   rms: 0.6632E+01   max: 0.1463E+03   C at   64  1   RLX: 0.010
       a = 16.250      CL =  3.3545
      Cm = -0.7613     CD =  0.00879   =>   CDf =  0.01014    CDp = -0.00135

 Side 1  free  transition at x/c =  0.4920   61
 Side 2 forced transition at x/c =  1.0000   72

  18   rms: 0.5694E+01   max: 0.1249E+03   C at   61  1   RLX: 0.012
       a = 16.250      CL =  3.3446
      Cm = -0.7535     CD =  0.00878   =>   CDf =  0.01062    CDp = -0.00184

 Side 1  free  transition at x/c =  0.4411   59
 Side 2 forced transition at x/c =  1.0000   72

  19   rms: 0.4932E+01   max: 0.1087E+03   C at   59  1   RLX: 0.014
       a = 16.250      CL =  3.3333
      Cm = -0.7447     CD =  0.00887   =>   CDf =  0.01109    CDp = -0.00222

 Side 1  free  transition at x/c =  0.3899   56
 Side 2 forced transition at x/c =  1.0000   72

  20   rms: 0.5569E+01   max: 0.1248E+03   C at   56  1   RLX: 0.012
       a = 16.250      CL =  3.3238
      Cm = -0.7374     CD =  0.00891   =>   CDf =  0.01156    CDp = -0.00265

 Side 1  free  transition at x/c =  0.3394   54
 Side 2 forced transition at x/c =  1.0000   72

  21   rms: 0.5310E+01   max: 0.1176E+03   C at   54  1   RLX: 0.013
       a = 16.250      CL =  3.3136
      Cm = -0.7298     CD =  0.00906   =>   CDf =  0.01203    CDp = -0.00297

 Side 1  free  transition at x/c =  0.2964   51
 Side 2 forced transition at x/c =  1.0000   72

  22   rms: 0.4386E+01   max: 0.9848E+02   C at   51  1   RLX: 0.015
       a = 16.250      CL =  3.3028
      Cm = -0.7209     CD =  0.00903   =>   CDf =  0.01243    CDp = -0.00340

 Side 1  free  transition at x/c =  0.2554   49
 Side 2 forced transition at x/c =  1.0000   72

  23   rms: 0.3339E+01   max: 0.7449E+02   C at   49  1   RLX: 0.020
       a = 16.250      CL =  3.2887
      Cm = -0.7093     CD =  0.00908   =>   CDf =  0.01278    CDp = -0.00370

 Side 1  free  transition at x/c =  0.2132   47
 Side 2 forced transition at x/c =  1.0000   72

  24   rms: 0.3092E+01   max: 0.6905E+02   C at   47  1   RLX: 0.022
       a = 16.250      CL =  3.2739
      Cm = -0.6972     CD =  0.00916   =>   CDf =  0.01291    CDp = -0.00374

 Side 1  free  transition at x/c =  0.1766   46
 Side 2 forced transition at x/c =  1.0000   71

  25   rms: 0.2626E+01   max: 0.5696E+02   C at   46  1   RLX: 0.026
       a = 16.250      CL =  3.2569
      Cm = -0.6829     CD =  0.00922   =>   CDf =  0.01334    CDp = -0.00413

 Side 1  free  transition at x/c =  0.1434   44
 Side 2 forced transition at x/c =  1.0000   71

  26   rms: 0.1646E+01   max: 0.3207E+02   C at   44  1   RLX: 0.047
       a = 16.250      CL =  3.2283
      Cm = -0.6583     CD =  0.00926   =>   CDf =  0.01355    CDp = -0.00429

 Side 1  free  transition at x/c =  0.1318   43
 Side 2 forced transition at x/c =  1.0000   71

  27   rms: 0.1027E+01   max: 0.1315E+02   C at   43  1   RLX: 0.114
       a = 16.250      CL =  3.1660
      Cm = -0.6023     CD =  0.00931   =>   CDf =  0.01343    CDp = -0.00412

 Side 1  free  transition at x/c =  0.1192   42
 Side 2 forced transition at x/c =  1.0000   71

  28   rms: 0.7189E+00   max: 0.1740E+01   T at   75  2   RLX: 0.397
       a = 16.250      CL =  2.9622
      Cm = -0.4340     CD =  0.01051   =>   CDf =  0.01219    CDp = -0.00169

 MRCHDU: Convergence failed at  72  side 2    Res =  0.1674E+01
 MRCHDU: Convergence failed at  73  side 2    Res =  0.3977E+01
 Side 1  free  transition at x/c =  0.0904   42
 Side 2 forced transition at x/c =  1.0000   69

  29   rms: 0.5286E+00   max: -.2994E+01   C at   69  2   RLX: 0.167
       a = 16.250      CL =  2.8392
      Cm = -0.3773     CD =  0.01419   =>   CDf =  0.01063    CDp =  0.00356

 Side 1  free  transition at x/c =  0.0911   42
 Side 2 forced transition at x/c =  1.0000   69

  30   rms: 0.5247E+00   max: -.2766E+01   C at   69  2   RLX: 0.181
       a = 16.250      CL =  2.7070
      Cm = -0.3240     CD =  0.01632   =>   CDf =  0.00993    CDp =  0.00639

 Side 1  free  transition at x/c =  0.0934   42
 Side 2 forced transition at x/c =  1.0000   69
 idif Ue xi dudx           1  0.10368779      1.04818344E-02   9.8921413    
 Uenew xinew           2  3.70173715E-02  3.74209881E-03

  31   rms: 0.5889E+00   max: 0.2272E+01   D at   92  1   RLX: 0.413
       a = 16.250      CL =  2.3750
      Cm = -0.2159     CD =  0.02207   =>   CDf =  0.00968    CDp =  0.01239

 MRCHDU: Convergence failed at  83  side 1    Res =  0.1418E+01
 MRCHDU: Convergence failed at  84  side 1    Res =  0.1126E+01
 MRCHDU: Convergence failed at  85  side 1    Res =  0.9128E+00
 MRCHDU: Convergence failed at  86  side 1    Res =  0.2155E+01
 MRCHDU: Convergence failed at  87  side 1    Res =  0.6032E+01
 Side 1  free  transition at x/c =  0.1088   43
 Side 2 forced transition at x/c =  1.0000   70
 idif Ue xi dudx           1  8.45965743E-02  8.06534290E-03   10.488900    
 Uenew xinew           2  1.99422203E-02  1.90126896E-03

  32   rms: 0.4809E+00   max: 0.2576E+01   D at   87  1   RLX: 0.582
       a = 16.250      CL =  2.1182
      Cm = -0.1520     CD =  0.02968   =>   CDf =  0.00843    CDp =  0.02125

 Side 1  free  transition at x/c =  0.1230   43
 Side 2 forced transition at x/c =  1.0000   71
 idif Ue xi dudx           1  0.11488978      9.39369202E-03   12.230524    
 Uenew xinew           2  4.43258770E-02  3.62420082E-03

  33   rms: 0.4535E+00   max: 0.1945E+01   D at   77  1   RLX: 0.771
       a = 16.250      CL =  1.8048
      Cm = -0.1018     CD =  0.05087   =>   CDf =  0.00751    CDp =  0.04336

 MRCHDU: Convergence failed at  70  side 1    Res =  0.1856E+01
 MRCHDU: Convergence failed at  71  side 1    Res =  0.1317E+01
 Side 1  free  transition at x/c =  0.1643   44
 Side 2 forced transition at x/c =  1.0000   72

  34   rms: 0.1432E+00   max: 0.1201E+01   D at   71  1   RLX: 0.601
       a = 16.250      CL =  1.7556
      Cm = -0.0918     CD =  0.05577   =>   CDf =  0.00596    CDp =  0.04982

 Side 1  free  transition at x/c =  0.1645   44
 Side 2 forced transition at x/c =  1.0000   72
 idif Ue xi dudx           1  8.23841169E-02  6.71136379E-03   12.275317    
 Uenew xinew           2  1.57688633E-02  1.28459930E-03

  35   rms: 0.1024E+00   max: 0.8740E+00   D at   71  1
       a = 16.250      CL =  1.6771
      Cm = -0.0832     CD =  0.06512   =>   CDf =  0.00614    CDp =  0.05898

 Side 1  free  transition at x/c =  0.1668   43
 Side 2 forced transition at x/c =  1.0000   73

  36   rms: 0.1176E-01   max: -.1253E+00   D at   70  1
       a = 16.250      CL =  1.6801
      Cm = -0.0822     CD =  0.06225   =>   CDf =  0.00561    CDp =  0.05663

 Side 1  free  transition at x/c =  0.1665   43
 Side 2 forced transition at x/c =  1.0000   73

  37   rms: 0.8272E-03   max: 0.1118E-01   D at   66  1
       a = 16.250      CL =  1.6800
      Cm = -0.0823     CD =  0.06237   =>   CDf =  0.00563    CDp =  0.05674

 Side 1  free  transition at x/c =  0.1665   43
 Side 2 forced transition at x/c =  1.0000   73

  38   rms: 0.6111E-04   max: -.4648E-03   C at   73  2
       a = 16.250      CL =  1.6799
      Cm = -0.0823     CD =  0.06236   =>   CDf =  0.00563    CDp =  0.05674
 plradd ia,ip,cpol            1           0  8.15781008E-04

 Point added to stored polar  1
 Point written to save file  fx76mp160_Re400k.ext.pol                        
 Dump file unspecified or not available
 Calculating wake trajectory ...
 Calculating source influence matrix ...

 Solving BL system ...

 Side 1  free  transition at x/c =  0.1666   43
 Side 2 forced transition at x/c =  1.0000   73

   1   rms: 0.2879E-01   max: -.1115E+00   D at   43  1   RLX: 0.402
       a = 16.500      CL =  1.6822
      Cm = -0.0821     CD =  0.06337   =>   CDf =  0.00563    CDp =  0.05774

 Side 1  free  transition at x/c =  0.1634   43
 Side 2 forced transition at x/c =  1.0000   73

   2   rms: 0.1782E-01   max: -.8354E-01   D at   43  1
       a = 16.500      CL =  1.6831
      Cm = -0.0818     CD =  0.06504   =>   CDf =  0.00562    CDp =  0.05942

 Side 1  free  transition at x/c =  0.1590   43
 Side 2 forced transition at x/c =  1.0000   73

   3   rms: 0.2501E-02   max: -.1277E-01   C at   43  1
       a = 16.500      CL =  1.6809
      Cm = -0.0816     CD =  0.06501   =>   CDf =  0.00563    CDp =  0.05938

 Side 1  free  transition at x/c =  0.1594   43
 Side 2 forced transition at x/c =  1.0000   73

   4   rms: 0.9301E-04   max: -.9267E-03   C at   73  2
       a = 16.500      CL =  1.6809
      Cm = -0.0816     CD =  0.06499   =>   CDf =  0.00562    CDp =  0.05937
 plradd ia,ip,cpol            2           0  8.15781008E-04

 Point added to stored polar  1
 Point written to save file  fx76mp160_Re400k.ext.pol                        
 Dump file unspecified or not available
 Calculating wake trajectory ...
 Calculating source influence matrix ...

 Solving BL system ...

 Side 1  free  transition at x/c =  0.1594   43
 Side 2 forced transition at x/c =  1.0000   73

   1   rms: 0.3077E-01   max: -.1611E+00   D at   43  1   RLX: 0.392
       a = 16.750      CL =  1.6809
      Cm = -0.0814     CD =  0.06625   =>   CDf =  0.00525    CDp =  0.06101

 Side 1  free  transition at x/c =  0.1567   44
 Side 2 forced transition at x/c =  1.0000   72

   2   rms: 0.3100E-01   max: 0.4141E+00   D at    2  1
       a = 16.750      CL =  1.6779
      Cm = -0.0810     CD =  0.06849   =>   CDf =  0.00563    CDp =  0.06286

 Side 1  free  transition at x/c =  0.1529   43
 Side 2 forced transition at x/c =  1.0000   72

   3   rms: 0.2241E-02   max: 0.1851E-01   D at    4  1
       a = 16.750      CL =  1.6775
      Cm = -0.0809     CD =  0.06814   =>   CDf =  0.00563    CDp =  0.06250

 Side 1  free  transition at x/c =  0.1529   43
 Side 2 forced transition at x/c =  1.0000   72

   4   rms: 0.5440E-04   max: -.3679E-03   D at   66  1
       a = 16.750      CL =  1.6775
      Cm = -0.0809     CD =  0.06812   =>   CDf =  0.00563    CDp =  0.06249
 plradd ia,ip,cpol            3           0  8.15781008E-04

 Point added to stored polar  1
 Point written to save file  fx76mp160_Re400k.ext.pol                        
 Dump file unspecified or not available
 Calculating wake trajectory ...
 Calculating source influence matrix ...

 Solving BL system ...

 Side 1  free  transition at x/c =  0.1529   43
 Side 2 forced transition at x/c =  1.0000   72

   1   rms: 0.2788E-01   max: -.1420E+00   C at   43  1   RLX: 0.385
       a = 17.000      CL =  1.6815
      Cm = -0.0808     CD =  0.06888   =>   CDf =  0.00563    CDp =  0.06324

 Side 1  free  transition at x/c =  0.1507   43
 Side 2 forced transition at x/c =  1.0000   72

   2   rms: 0.1659E-01   max: 0.5719E-01   D at   65  1
       a = 17.000      CL =  1.6854
      Cm = -0.0806     CD =  0.07031   =>   CDf =  0.00559    CDp =  0.06472

 Side 1  free  transition at x/c =  0.1468   43
 Side 2 forced transition at x/c =  1.0000   72

   3   rms: 0.2290E-02   max: -.1136E-01   C at   43  1
       a = 17.000      CL =  1.6833
      Cm = -0.0805     CD =  0.07033   =>   CDf =  0.00555    CDp =  0.06478

 Side 1  free  transition at x/c =  0.1471   43
 Side 2 forced transition at x/c =  1.0000   72

   4   rms: 0.1047E-03   max: -.8695E-03   C at   72  2
       a = 17.000      CL =  1.6832
      Cm = -0.0805     CD =  0.07030   =>   CDf =  0.00554    CDp =  0.06476

 Side 1  free  transition at x/c =  0.1471   43
 Side 2 forced transition at x/c =  1.0000   72

   5   rms: 0.3438E-05   max: -.5641E-04   C at   72  2
       a = 17.000      CL =  1.6832
      Cm = -0.0805     CD =  0.07030   =>   CDf =  0.00554    CDp =  0.06476
 plradd ia,ip,cpol            4           0  8.15781008E-04

 Point added to stored polar  1
 Point written to save file  fx76mp160_Re400k.ext.pol                        
 Dump file unspecified or not available
 Calculating wake trajectory ...
 Calculating source influence matrix ...

 Solving BL system ...

 Side 1  free  transition at x/c =  0.1471   43
 Side 2 forced transition at x/c =  1.0000   72

   1   rms: 0.2783E-01   max: -.1111E+00   D at   43  1   RLX: 0.377
       a = 17.250      CL =  1.6847
      Cm = -0.0804     CD =  0.07136   =>   CDf =  0.00554    CDp =  0.06582

 Side 1  free  transition at x/c =  0.1446   43
 Side 2 forced transition at x/c =  1.0000   72

   2   rms: 0.1840E-01   max: 0.8543E-01   D at   65  1
       a = 17.250      CL =  1.6839
      Cm = -0.0802     CD =  0.07347   =>   CDf =  0.00553    CDp =  0.06793

 Side 1  free  transition at x/c =  0.1407   43
 Side 2 forced transition at x/c =  1.0000   72

   3   rms: 0.2956E-02   max: 0.1730E-01   D at   65  1
       a = 17.250      CL =  1.6813
      Cm = -0.0801     CD =  0.07344   =>   CDf =  0.00553    CDp =  0.06791

 Side 1  free  transition at x/c =  0.1412   43
 Side 2 forced transition at x/c =  1.0000   72

   4   rms: 0.1232E-03   max: -.1037E-02   C at   72  2
       a = 17.250      CL =  1.6812
      Cm = -0.0801     CD =  0.07340   =>   CDf =  0.00551    CDp =  0.06788

 Side 1  free  transition at x/c =  0.1412   43
 Side 2 forced transition at x/c =  1.0000   72

   5   rms: 0.1683E-05   max: -.1734E-04   C at   72  2
       a = 17.250      CL =  1.6812
      Cm = -0.0801     CD =  0.07340   =>   CDf =  0.00551    CDp =  0.06788
 plradd ia,ip,cpol            5           0  8.15781008E-04

 Point added to stored polar  1
 Point written to save file  fx76mp160_Re400k.ext.pol                        
 Dump file unspecified or not available
 Calculating wake trajectory ...
 Calculating source influence matrix ...

 Solving BL system ...

 Side 1  free  transition at x/c =  0.1412   43
 Side 2 forced transition at x/c =  1.0000   72

   1   rms: 0.3051E-01   max: -.1551E+00   D at   43  1   RLX: 0.367
       a = 17.500      CL =  1.6804
      Cm = -0.0800     CD =  0.07479   =>   CDf =  0.00552    CDp =  0.06927

 Side 1  free  transition at x/c =  0.1391   43
 Side 2 forced transition at x/c =  1.0000   72

   2   rms: 0.1960E-01   max: -.9793E-01   D at   43  1
       a = 17.500      CL =  1.6779
      Cm = -0.0798     CD =  0.07712   =>   CDf =  0.00552    CDp =  0.07160

 Side 1  free  transition at x/c =  0.1360   42
 Side 2 forced transition at x/c =  1.0000   72

   3   rms: 0.4062E-02   max: -.4649E-01   C at   42  1
       a = 17.500      CL =  1.6805
      Cm = -0.0797     CD =  0.07633   =>   CDf =  0.00548    CDp =  0.07085

 Side 1  free  transition at x/c =  0.1359   42
 Side 2 forced transition at x/c =  1.0000   72

   4   rms: 0.3238E-03   max: -.1292E-02   D at   64  1
       a = 17.500      CL =  1.6808
      Cm = -0.0797     CD =  0.07634   =>   CDf =  0.00547    CDp =  0.07086

 Side 1  free  transition at x/c =  0.1359   42
 Side 2 forced transition at x/c =  1.0000   72

   5   rms: 0.2695E-04   max: -.1828E-03   D at   88  2
       a = 17.500      CL =  1.6808
      Cm = -0.0797     CD =  0.07634   =>   CDf =  0.00547    CDp =  0.07087
 plradd ia,ip,cpol            6           0  8.15781008E-04

 Point added to stored polar  1
 Point written to save file  fx76mp160_Re400k.ext.pol                        
 Dump file unspecified or not available
 Calculating wake trajectory ...
 Calculating source influence matrix ...

 Solving BL system ...

 Side 1  free  transition at x/c =  0.1359   42
 Side 2 forced transition at x/c =  1.0000   72

   1   rms: 0.2694E-01   max: -.8579E-01   D at   42  1   RLX: 0.362
       a = 17.750      CL =  1.6837
      Cm = -0.0797     CD =  0.07720   =>   CDf =  0.00548    CDp =  0.07172

 Side 1  free  transition at x/c =  0.1337   42
 Side 2 forced transition at x/c =  1.0000   72

   2   rms: 0.1736E-01   max: 0.7172E-01   D at   63  1
       a = 17.750      CL =  1.6856
      Cm = -0.0796     CD =  0.07909   =>   CDf =  0.00544    CDp =  0.07365

 Side 1  free  transition at x/c =  0.1293   42
 Side 2 forced transition at x/c =  1.0000   72

   3   rms: 0.2873E-02   max: -.2009E-01   C at   42  1
       a = 17.750      CL =  1.6832
      Cm = -0.0795     CD =  0.07908   =>   CDf =  0.00541    CDp =  0.07367

 Side 1  free  transition at x/c =  0.1299   42
 Side 2 forced transition at x/c =  1.0000   72

   4   rms: 0.1147E-03   max: 0.9652E-03   D at   88  2
       a = 17.750      CL =  1.6831
      Cm = -0.0795     CD =  0.07905   =>   CDf =  0.00540    CDp =  0.07365

 Side 1  free  transition at x/c =  0.1299   42
 Side 2 forced transition at x/c =  1.0000   72

   5   rms: 0.1983E-05   max: -.2997E-04   C at   72  2
       a = 17.750      CL =  1.6831
      Cm = -0.0795     CD =  0.07905   =>   CDf =  0.00540    CDp =  0.07365
 plradd ia,ip,cpol            7           0  2.83009373E-04

 Point added to stored polar  1
 Point written to save file  fx76mp160_Re400k.ext.pol                        
 Dump file unspecified or not available
 Calculating wake trajectory ...
 Calculating source influence matrix ...

 Solving BL system ...

 Side 1  free  transition at x/c =  0.1299   42
 Side 2 forced transition at x/c =  1.0000   72

   1   rms: 0.2836E-01   max: -.1255E+00   D at   42  1   RLX: 0.353
       a = 18.000      CL =  1.6835
      Cm = -0.0796     CD =  0.08027   =>   CDf =  0.00540    CDp =  0.07487

 Side 1  free  transition at x/c =  0.1273   42
 Side 2 forced transition at x/c =  1.0000   72

   2   rms: 0.1940E-01   max: -.9838E-01   D at   42  1
       a = 18.000      CL =  1.6815
      Cm = -0.0796     CD =  0.08274   =>   CDf =  0.00540    CDp =  0.07734

 Side 1  free  transition at x/c =  0.1232   42
 Side 2 forced transition at x/c =  1.0000   72

   3   rms: 0.3560E-02   max: 0.2239E-01   D at   63  1
       a = 18.000      CL =  1.6786
      Cm = -0.0794     CD =  0.08268   =>   CDf =  0.00541    CDp =  0.07727

 Side 1  free  transition at x/c =  0.1237   42
 Side 2 forced transition at x/c =  1.0000   72

   4   rms: 0.3070E-03   max: 0.2512E-02   D at   88  2
       a = 18.000      CL =  1.6783
      Cm = -0.0794     CD =  0.08264   =>   CDf =  0.00539    CDp =  0.07725

 Side 1  free  transition at x/c =  0.1237   42
 Side 2 forced transition at x/c =  1.0000   72

   5   rms: 0.1858E-04   max: 0.1472E-03   D at   88  2
       a = 18.000      CL =  1.6783
      Cm = -0.0794     CD =  0.08264   =>   CDf =  0.00539    CDp =  0.07725
 plradd ia,ip,cpol            8           0  8.15781008E-04

 Point added to stored polar  1
 Point written to save file  fx76mp160_Re400k.ext.pol                        
 Dump file unspecified or not available

.OPERva   c>   Calculating wake trajectory ...
 Calculating source influence matrix ...

 Solving BL system ...

 Side 1  free  transition at x/c =  0.1237   42
 Side 2 forced transition at x/c =  1.0000   72

   1   rms: 0.3233E-01   max: 0.1718E+00   D at   62  1   RLX: 0.344
       a = 18.250      CL =  1.6759
      Cm = -0.0795     CD =  0.08429   =>   CDf =  0.00540    CDp =  0.07889

 Side 1  free  transition at x/c =  0.1220   41
 Side 2 forced transition at x/c =  1.0000   72

   2   rms: 0.1722E-01   max: -.6341E-01   D at   41  1
       a = 18.250      CL =  1.6798
      Cm = -0.0795     CD =  0.08587   =>   CDf =  0.00498    CDp =  0.08089

 Side 1  free  transition at x/c =  0.1183   42
 Side 2 forced transition at x/c =  1.0000   71

   3   rms: 0.2875E-02   max: -.1785E-01   C at   42  1
       a = 18.250      CL =  1.6772
      Cm = -0.0794     CD =  0.08588   =>   CDf =  0.00534    CDp =  0.08054

 Side 1  free  transition at x/c =  0.1187   42
 Side 2 forced transition at x/c =  1.0000   71

   4   rms: 0.1592E-03   max: 0.1026E-02   D at   87  2
       a = 18.250      CL =  1.6771
      Cm = -0.0794     CD =  0.08584   =>   CDf =  0.00533    CDp =  0.08051

 Side 1  free  transition at x/c =  0.1187   42
 Side 2 forced transition at x/c =  1.0000   71

   5   rms: 0.6183E-05   max: -.1148E-03   C at   71  2
       a = 18.250      CL =  1.6771
      Cm = -0.0794     CD =  0.08584   =>   CDf =  0.00533    CDp =  0.08051
 plradd ia,ip,cpol            9           0  2.83009373E-04

 Point added to stored polar  1
 Point written to save file  fx76mp160_Re400k.ext.pol                        
 Dump file unspecified or not available
 Calculating wake trajectory ...
 Calculating source influence matrix ...

 Solving BL system ...

 Side 1  free  transition at x/c =  0.1187   42
 Side 2 forced transition at x/c =  1.0000   71

   1   rms: 0.5488E-01   max: 0.2767E+00   C at   42  1   RLX: 0.333
       a = 18.750      CL =  1.6778
      Cm = -0.0796     CD =  0.08821   =>   CDf =  0.00534    CDp =  0.08287

 Side 1  free  transition at x/c =  0.1150   42
 Side 2 forced transition at x/c =  1.0000   71

   2   rms: 0.3972E-01   max: 0.2062E+00   D at   63  1
       a = 18.750      CL =  1.6719
      Cm = -0.0800     CD =  0.09396   =>   CDf =  0.00533    CDp =  0.08863

 Side 1  free  transition at x/c =  0.1092   42
 Side 2 forced transition at x/c =  1.0000   71

   3   rms: 0.7227E-02   max: 0.5194E-01   D at   62  1
       a = 18.750      CL =  1.6661
      Cm = -0.0798     CD =  0.09370   =>   CDf =  0.00530    CDp =  0.08840

 Side 1  free  transition at x/c =  0.1092   42
 Side 2 forced transition at x/c =  1.0000   71

   4   rms: 0.7009E-03   max: 0.5720E-02   D at   62  1
       a = 18.750      CL =  1.6656
      Cm = -0.0798     CD =  0.09358   =>   CDf =  0.00529    CDp =  0.08829

 Side 1  free  transition at x/c =  0.1093   42
 Side 2 forced transition at x/c =  1.0000   71

   5   rms: 0.5443E-04   max: 0.3650E-03   D at   87  2
       a = 18.750      CL =  1.6656
      Cm = -0.0798     CD =  0.09357   =>   CDf =  0.00529    CDp =  0.08828
 plradd ia,ip,cpol           10           0  2.83009373E-04

 Point added to stored polar  1
 Point written to save file  fx76mp160_Re400k.ext.pol                        
 Dump file unspecified or not available
 Calculating wake trajectory ...
 Calculating source influence matrix ...

 Solving BL system ...

 Side 1  free  transition at x/c =  0.1093   42
 Side 2 forced transition at x/c =  1.0000   71

   1   rms: 0.6032E-01   max: 0.3310E+00   D at   61  1   RLX: 0.315
       a = 19.250      CL =  1.6614
      Cm = -0.0802     CD =  0.09671   =>   CDf =  0.00530    CDp =  0.09141

 Side 1  free  transition at x/c =  0.1068   41
 Side 2 forced transition at x/c =  1.0000   71

   2   rms: 0.3594E-01   max: -.2073E+00   C at   41  1
       a = 19.250      CL =  1.6733
      Cm = -0.0806     CD =  0.09967   =>   CDf =  0.00524    CDp =  0.09444

 Side 1  free  transition at x/c =  0.1008   41
 Side 2 forced transition at x/c =  1.0000   71

   3   rms: 0.7692E-02   max: 0.3670E-01   D at   61  1
       a = 19.250      CL =  1.6663
      Cm = -0.0806     CD =  0.10001   =>   CDf =  0.00513    CDp =  0.09488

 Side 1  free  transition at x/c =  0.1015   41
 Side 2 forced transition at x/c =  1.0000   71

   4   rms: 0.6419E-03   max: 0.5632E-02   D at   88  2
       a = 19.250      CL =  1.6658
      Cm = -0.0805     CD =  0.09990   =>   CDf =  0.00511    CDp =  0.09479

 Side 1  free  transition at x/c =  0.1016   41
 Side 2 forced transition at x/c =  1.0000   71

   5   rms: 0.4480E-04   max: 0.4734E-03   D at   88  2
       a = 19.250      CL =  1.6658
      Cm = -0.0805     CD =  0.09989   =>   CDf =  0.00510    CDp =  0.09478
 plradd ia,ip,cpol           11           0  2.83009373E-04

 Point added to stored polar  1
 Point written to save file  fx76mp160_Re400k.ext.pol                        
 Dump file unspecified or not available
 Calculating wake trajectory ...
 Calculating source influence matrix ...

 Solving BL system ...

 Side 1  free  transition at x/c =  0.1016   41
 Side 2 forced transition at x/c =  1.0000   71

   1   rms: 0.5429E-01   max: 0.2730E+00   D at   60  1   RLX: 0.307
       a = 19.750      CL =  1.6646
      Cm = -0.0810     CD =  0.10256   =>   CDf =  0.00511    CDp =  0.09745

 Side 1  free  transition at x/c =  0.0988   41
 Side 2 forced transition at x/c =  1.0000   71

   2   rms: 0.4186E-01   max: 0.2348E+00   D at   60  1
       a = 19.750      CL =  1.6554
      Cm = -0.0823     CD =  0.10965   =>   CDf =  0.00509    CDp =  0.10455

 Side 1  free  transition at x/c =  0.0940   40
 Side 2 forced transition at x/c =  1.0000   71

   3   rms: 0.4911E-02   max: 0.4480E-01   D at   60  1
       a = 19.750      CL =  1.6542
      Cm = -0.0820     CD =  0.10808   =>   CDf =  0.00501    CDp =  0.10307

 Side 1  free  transition at x/c =  0.0940   40
 Side 2 forced transition at x/c =  1.0000   71

   4   rms: 0.3625E-03   max: 0.3473E-02   D at   60  1
       a = 19.750      CL =  1.6540
      Cm = -0.0820     CD =  0.10802   =>   CDf =  0.00500    CDp =  0.10302

 Side 1  free  transition at x/c =  0.0940   40
 Side 2 forced transition at x/c =  1.0000   71

   5   rms: 0.2918E-04   max: -.1625E-03   C at   71  2
       a = 19.750      CL =  1.6540
      Cm = -0.0820     CD =  0.10801   =>   CDf =  0.00500    CDp =  0.10301
 plradd ia,ip,cpol           12           0  2.83009373E-04

 Point added to stored polar  1
 Point written to save file  fx76mp160_Re400k.ext.pol                        
 Dump file unspecified or not available
 Calculating wake trajectory ...
 Calculating source influence matrix ...

 Solving BL system ...

 Side 1  free  transition at x/c =  0.0940   40
 Side 2 forced transition at x/c =  1.0000   71

   1   rms: 0.4990E-01   max: 0.1970E+00   D at   59  1   RLX: 0.296
       a = 20.250      CL =  1.6563
      Cm = -0.0824     CD =  0.11003   =>   CDf =  0.00459    CDp =  0.10545

 Side 1  free  transition at x/c =  0.0916   41
 Side 2 forced transition at x/c =  1.0000   70

   2   rms: 0.6041E-01   max: 0.8439E+00   T at    2  1
       a = 20.250      CL =  1.6575
      Cm = -0.0836     CD =  0.11548   =>   CDf =  0.00494    CDp =  0.11055

 Side 1  free  transition at x/c =  0.0847   41
 Side 2 forced transition at x/c =  1.0000   70

   3   rms: 0.1122E-01   max: 0.7810E-01   D at   60  1
       a = 20.250      CL =  1.6493
      Cm = -0.0838     CD =  0.11566   =>   CDf =  0.00491    CDp =  0.11076

 Side 1  free  transition at x/c =  0.0859   41
 Side 2 forced transition at x/c =  1.0000   70

   4   rms: 0.9050E-03   max: -.5676E-02   C at   70  2
       a = 20.250      CL =  1.6486
      Cm = -0.0838     CD =  0.11542   =>   CDf =  0.00485    CDp =  0.11057

 Side 1  free  transition at x/c =  0.0860   41
 Side 2 forced transition at x/c =  1.0000   70

   5   rms: 0.5178E-04   max: 0.4510E-03   D at   87  2
       a = 20.250      CL =  1.6486
      Cm = -0.0838     CD =  0.11539   =>   CDf =  0.00485    CDp =  0.11055
 plradd ia,ip,cpol           13           0  2.83009373E-04

 Point added to stored polar  1
 Point written to save file  fx76mp160_Re400k.ext.pol                        
 Dump file unspecified or not available
 Calculating wake trajectory ...
 Calculating source influence matrix ...

 Solving BL system ...

 Side 1  free  transition at x/c =  0.0860   41
 Side 2 forced transition at x/c =  1.0000   70

   1   rms: 0.5765E-01   max: 0.3176E+00   D at   59  1   RLX: 0.283
       a = 20.750      CL =  1.6454
      Cm = -0.0846     CD =  0.11842   =>   CDf =  0.00485    CDp =  0.11357

 Side 1  free  transition at x/c =  0.0837   41
 Side 2 forced transition at x/c =  1.0000   70

   2   rms: 0.4331E-01   max: 0.2499E+00   D at   59  1
       a = 20.750      CL =  1.6348
      Cm = -0.0867     CD =  0.12642   =>   CDf =  0.00485    CDp =  0.12157

 Side 1  free  transition at x/c =  0.0790   40
 Side 2 forced transition at x/c =  1.0000   70

   3   rms: 0.8605E-02   max: -.9293E-01   D at   40  1
       a = 20.750      CL =  1.6376
      Cm = -0.0862     CD =  0.12369   =>   CDf =  0.00472    CDp =  0.11896

 Side 1  free  transition at x/c =  0.0790   40
 Side 2 forced transition at x/c =  1.0000   70

   4   rms: 0.7260E-03   max: 0.6286E-02   C at   40  1
       a = 20.750      CL =  1.6380
      Cm = -0.0862     CD =  0.12358   =>   CDf =  0.00472    CDp =  0.11886

 Side 1  free  transition at x/c =  0.0789   40
 Side 2 forced transition at x/c =  1.0000   70

   5   rms: 0.8085E-04   max: 0.5402E-03   C at   70  2
       a = 20.750      CL =  1.6380
      Cm = -0.0862     CD =  0.12360   =>   CDf =  0.00473    CDp =  0.11888
 plradd ia,ip,cpol           14           0  2.83009373E-04

 Point added to stored polar  1
 Point written to save file  fx76mp160_Re400k.ext.pol                        
 Dump file unspecified or not available
 Calculating wake trajectory ...
 Calculating source influence matrix ...

 Solving BL system ...

 Side 1  free  transition at x/c =  0.0789   40
 Side 2 forced transition at x/c =  1.0000   70

   1   rms: 0.5281E-01   max: 0.2756E+00   D at   58  1   RLX: 0.274
       a = 21.250      CL =  1.6364
      Cm = -0.0870     CD =  0.12631   =>   CDf =  0.00473    CDp =  0.12158

 Side 1  free  transition at x/c =  0.0767   40
 Side 2 forced transition at x/c =  1.0000   70

   2   rms: 0.4076E-01   max: 0.2271E+00   D at   58  1
       a = 21.250      CL =  1.6298
      Cm = -0.0894     CD =  0.13393   =>   CDf =  0.00472    CDp =  0.12921

 Side 1  free  transition at x/c =  0.0716   39
 Side 2 forced transition at x/c =  1.0000   70

   3   rms: 0.1263E-01   max: 0.8956E-01   D at   58  1
       a = 21.250      CL =  1.6208
      Cm = -0.0897     CD =  0.13362   =>   CDf =  0.00470    CDp =  0.12892

 Side 1  free  transition at x/c =  0.0720   40
 Side 2 forced transition at x/c =  1.0000   70

   4   rms: 0.1035E-02   max: -.6193E-02   D at   58  1
       a = 21.250      CL =  1.6211
      Cm = -0.0896     CD =  0.13290   =>   CDf =  0.00466    CDp =  0.12824

 Side 1  free  transition at x/c =  0.0720   40
 Side 2 forced transition at x/c =  1.0000   70

   5   rms: 0.3054E-04   max: 0.3318E-03   D at   87  2
       a = 21.250      CL =  1.6211
      Cm = -0.0896     CD =  0.13287   =>   CDf =  0.00467    CDp =  0.12820
 plradd ia,ip,cpol           15           0  2.83009373E-04

 Point added to stored polar  1
 Point written to save file  fx76mp160_Re400k.ext.pol                        
 Dump file unspecified or not available
 Calculating wake trajectory ...
 Calculating source influence matrix ...

 Solving BL system ...

 Side 1  free  transition at x/c =  0.0720   40
 Side 2 forced transition at x/c =  1.0000   70

   1   rms: 0.6100E-01   max: 0.3718E+00   D at   56  1   RLX: 0.262
       a = 21.750      CL =  1.6159
      Cm = -0.0907     CD =  0.13630   =>   CDf =  0.00468    CDp =  0.13163

 Side 1  free  transition at x/c =  0.0703   39
 Side 2 forced transition at x/c =  1.0000   70

   2   rms: 0.3722E-01   max: -.2534E+00   C at   39  1
       a = 21.750      CL =  1.6234
      Cm = -0.0924     CD =  0.14093   =>   CDf =  0.00462    CDp =  0.13631

 Side 1  free  transition at x/c =  0.0645   39
 Side 2 forced transition at x/c =  1.0000   70

   3   rms: 0.9887E-02   max: 0.4879E-01   D at   56  1
       a = 21.750      CL =  1.6155
      Cm = -0.0927     CD =  0.14085   =>   CDf =  0.00453    CDp =  0.13632

 Side 1  free  transition at x/c =  0.0653   39
 Side 2 forced transition at x/c =  1.0000   70

   4   rms: 0.8286E-03   max: 0.5442E-02   D at   56  1
       a = 21.750      CL =  1.6149
      Cm = -0.0927     CD =  0.14058   =>   CDf =  0.00449    CDp =  0.13609

 Side 1  free  transition at x/c =  0.0654   39
 Side 2 forced transition at x/c =  1.0000   70

   5   rms: 0.6331E-04   max: 0.4439E-03   D at   87  2
       a = 21.750      CL =  1.6149
      Cm = -0.0927     CD =  0.14055   =>   CDf =  0.00449    CDp =  0.13606
 plradd ia,ip,cpol           16           0  2.83009373E-04

 Point added to stored polar  1
 Point written to save file  fx76mp160_Re400k.ext.pol                        
 Dump file unspecified or not available
 Calculating wake trajectory ...
 Calculating source influence matrix ...

 Solving BL system ...

 Side 1  free  transition at x/c =  0.0654   39
 Side 2 forced transition at x/c =  1.0000   70

   1   rms: 0.5709E-01   max: 0.3441E+00   D at   55  1   RLX: 0.255
       a = 22.250      CL =  1.6113
      Cm = -0.0939     CD =  0.14369   =>   CDf =  0.00450    CDp =  0.13919

 Side 1  free  transition at x/c =  0.0636   39
 Side 2 forced transition at x/c =  1.0000   70

   2   rms: 0.4570E-01   max: 0.2847E+00   D at   55  1
       a = 22.250      CL =  1.5987
      Cm = -0.0976     CD =  0.15338   =>   CDf =  0.00404    CDp =  0.14935

 Side 1  free  transition at x/c =  0.0596   39
 Side 2 forced transition at x/c =  1.0000   69

   3   rms: 0.9784E-02   max: -.8603E-01   C at   39  1
       a = 22.250      CL =  1.6029
      Cm = -0.0967     CD =  0.14922   =>   CDf =  0.00436    CDp =  0.14486

 Side 1  free  transition at x/c =  0.0591   39
 Side 2 forced transition at x/c =  1.0000   69

   4   rms: 0.6352E-03   max: -.5886E-02   D at    4  1
       a = 22.250      CL =  1.6031
      Cm = -0.0967     CD =  0.14913   =>   CDf =  0.00436    CDp =  0.14477

 Side 1  free  transition at x/c =  0.0590   39
 Side 2 forced transition at x/c =  1.0000   69

   5   rms: 0.5281E-04   max: -.4285E-03   D at   87  2
       a = 22.250      CL =  1.6031
      Cm = -0.0967     CD =  0.14917   =>   CDf =  0.00436    CDp =  0.14481
 plradd ia,ip,cpol           17           0  2.83009373E-04

 Point added to stored polar  1
 Point written to save file  fx76mp160_Re400k.ext.pol                        
 Dump file unspecified or not available

.OPERva   c>  
 Polar accumulation disabled

.OPERv   c>  
 XFOIL   c>  
 XFOIL   c>  