
 ===================================================
  XFOIL Version 6.99
  Copyright (C) 2000   Mark Drela, Harold Youngren

  This software comes with ABSOLUTELY NO WARRANTY,
    subject to the GNU General Public License.

  Caveat computor
 ===================================================

 File  xfoil.def  not found

   QUIT    Exit program

  .OPER    Direct operating point(s)
  .MDES    Complex mapping design routine
  .QDES    Surface speed design routine
  .GDES    Geometry design routine

   SAVE f  Write airfoil to labeled coordinate file
   PSAV f  Write airfoil to plain coordinate file
   ISAV f  Write airfoil to ISES coordinate file
   MSAV f  Write airfoil to MSES coordinate file
   REVE    Reverse written-airfoil node ordering

   LOAD f  Read buffer airfoil from coordinate file
   NACA i  Set NACA 4,5-digit airfoil and buffer airfoil
   INTE    Set buffer airfoil by interpolating two airfoils
   NORM    Buffer airfoil normalization toggle
   XYCM rr Change CM reference location, currently  0.25000 0.00000

   BEND    Display structural properties of current airfoil

   PCOP    Set current-airfoil panel nodes directly from buffer airfoil points
   PANE    Set current-airfoil panel nodes ( 160 ) based on curvature
  .PPAR    Show/change paneling

  .PLOP    Plotting options

   WDEF f  Write  current-settings file
   RDEF f  Reread current-settings file
   NAME s  Specify new airfoil name
   NINC    Increment name version number

   Z       Zoom    | (available in all menus)
   U       Unzoom  | 

 XFOIL   c>  
 Labeled airfoil file.  Name:  FX 76-MP-160                                    

 Number of input coordinate points:  97
 Counterclockwise ordering
 Max thickness =     0.161478  at x =   0.339
 Max camber    =     0.060186  at x =   0.500

  LE  x,y  =  -0.00001   0.00076  |   Chord =   1.00001
  TE  x,y  =   1.00000   0.00000  |

 Current airfoil nodes set from buffer airfoil nodes (  97 )

 XFOIL   c>  
 XFOIL   c>  
 Sharp trailing edge

 Paneling parameters used...
   Number of panel nodes       160
   Panel bunching parameter    1.000
   TE/LE panel density ratio   0.150
   Refined-area/LE panel density ratio    0.200
   Top    side refined area x/c limits  1.000 1.000
   Bottom side refined area x/c limits  1.000 1.000

 XFOIL   c>  
.OPERi   c>  
 Xtr/c     =  1.0000    top    side
 Xtr/c     =  1.0000    bottom side
 Ncrit     =    9.00   ( 0.070 % turb. level )
 Vacc      =  0.0100

 Klag  =  5.6000     Uxwt  =    1.00
 A     =  6.7000     B     =  0.7500       KCt = 0.01485
 CtiniK=  1.8000     CtiniX=  3.3000

..VPAR   c>  
..VPAR   c>  
.OPERi   c>  
 M  =    0.0000
 Re =    500000

.OPERv   c>  
.OPERv   c>  
.OPERv   c>  
 Polar  1 newly created for accumulation
 Airfoil archived with polar: FX 76-MP-160                                    

Enter  polar save filename  OR  <return> for no file   s>  
 New polar save file available

Enter  polar dump filename  OR  <return> for no file   s>  
 Polar dump file will NOT be written

 Polar accumulation enabled

.OPERva   c>   Calculating unit vorticity distributions ...
 Calculating wake trajectory ...
 Calculating source influence matrix ...

 Solving BL system ...

 Initializing BL ...
    side            1  ...
 MRCHUE: Inverse mode at  49     Hk =   3.953
 MRCHUE: Inverse mode at  50     Hk =   4.806
 MRCHUE: Inverse mode at  51     Hk =   5.649
 MRCHUE: Inverse mode at  52     Hk =   6.471
 MRCHUE: Inverse mode at  53     Hk =   7.304
 MRCHUE: Inverse mode at  54     Hk =   8.147
 MRCHUE: Inverse mode at  55     Hk =   7.836
 MRCHUE: Inverse mode at  56     Hk =   4.399
 MRCHUE: Inverse mode at  57     Hk =   2.569
 MRCHUE: Convergence failed at  69  side 1    Res =  0.1942E+01
    side            2  ...
 MRCHUE: Inverse mode at  16     Hk =   3.977
 MRCHUE: Inverse mode at  17     Hk =   5.014
 MRCHUE: Inverse mode at  21     Hk =   3.872
 MRCHUE: Inverse mode at  22     Hk =   4.846
 MRCHUE: Inverse mode at  23     Hk =   5.794
 MRCHUE: Inverse mode at  24     Hk =   6.725
 MRCHUE: Inverse mode at  25     Hk =   7.657
 MRCHUE: Inverse mode at  26     Hk =   8.182
 MRCHUE: Inverse mode at  27     Hk =   3.347
 MRCHUE: Inverse mode at  82     Hk =   2.500
 MRCHUE: Inverse mode at  85     Hk =   2.500
 MRCHUE: Inverse mode at  88     Hk =   2.500
 MRCHUE: Inverse mode at  93     Hk =   2.500

 MRCHDU: Convergence failed at  69  side 1    Res =  0.2115E+01
 Side 1  free  transition at x/c =  0.7800   55
 Side 2  free  transition at x/c =  0.0625   26

   1   rms: 0.2114E+00   max: -.8070E+00   T at   26  2   RLX: 0.620
       a = -4.000      CL =  0.3891
      Cm = -0.1908     CD =  0.00908   =>   CDf =  0.00663    CDp =  0.00244

 Side 1  free  transition at x/c =  0.7695   55
 Side 2  free  transition at x/c =  0.0720   28
 idif Ue xi dudx           1  0.14875379      4.25481796E-03   34.961258    
 Uenew xinew           2  3.65424529E-02  1.04522705E-03

   2   rms: 0.1218E+00   max: -.6374E+00   D at   93  2   RLX: 0.784
       a = -4.000      CL =  0.3027
      Cm = -0.1686     CD =  0.01146   =>   CDf =  0.00653    CDp =  0.00493

 Side 1  free  transition at x/c =  0.7670   54
 Side 2  free  transition at x/c =  0.0764   29

   3   rms: 0.4061E-01   max: -.3454E+00   D at   94  2
       a = -4.000      CL =  0.3297
      Cm = -0.1735     CD =  0.01228   =>   CDf =  0.00659    CDp =  0.00569

 Side 1  free  transition at x/c =  0.7654   54
 Side 2  free  transition at x/c =  0.0785   30

   4   rms: 0.2940E-01   max: -.2604E+00   D at   29  2
       a = -4.000      CL =  0.3469
      Cm = -0.1773     CD =  0.01224   =>   CDf =  0.00666    CDp =  0.00558

 Side 1  free  transition at x/c =  0.7654   54
 Side 2  free  transition at x/c =  0.0846   30

   5   rms: 0.2174E-01   max: 0.4547E+00   C at   30  2
       a = -4.000      CL =  0.3480
      Cm = -0.1775     CD =  0.01230   =>   CDf =  0.00655    CDp =  0.00575

 Side 1  free  transition at x/c =  0.7654   54
 Side 2  free  transition at x/c =  0.0820   30

   6   rms: 0.2013E-02   max: -.3437E-01   D at   32  2
       a = -4.000      CL =  0.3480
      Cm = -0.1775     CD =  0.01231   =>   CDf =  0.00658    CDp =  0.00573

 Side 1  free  transition at x/c =  0.7654   54
 Side 2  free  transition at x/c =  0.0817   30

   7   rms: 0.3758E-04   max: -.6304E-03   D at   32  2
       a = -4.000      CL =  0.3480
      Cm = -0.1775     CD =  0.01231   =>   CDf =  0.00659    CDp =  0.00572
 plradd ia,ip,cpol            1           0  9.30484571E-03

 Point added to stored polar  1
 Point written to save file  fx76mp160_Re500k.base.pol                       
 Dump file unspecified or not available
 Calculating wake trajectory ...
 Calculating source influence matrix ...

 Solving BL system ...

 Side 1  free  transition at x/c =  0.7654   54
 Side 2  free  transition at x/c =  0.0817   30

   1   rms: 0.9284E-01   max: -.7729E+00   C at   30  2   RLX: 0.647
       a = -3.500      CL =  0.3857
      Cm = -0.1780     CD =  0.01225   =>   CDf =  0.00662    CDp =  0.00562

 Side 1  free  transition at x/c =  0.7629   54
 Side 2  free  transition at x/c =  0.0907   30

   2   rms: 0.3761E-01   max: -.3032E+00   C at   30  2
       a = -3.500      CL =  0.4007
      Cm = -0.1771     CD =  0.01208   =>   CDf =  0.00655    CDp =  0.00553

 Side 1  free  transition at x/c =  0.7608   54
 Side 2  free  transition at x/c =  0.1009   31

   3   rms: 0.8906E-02   max: 0.1362E+00   C at   31  2
       a = -3.500      CL =  0.4008
      Cm = -0.1771     CD =  0.01208   =>   CDf =  0.00648    CDp =  0.00560

 Side 1  free  transition at x/c =  0.7606   54
 Side 2  free  transition at x/c =  0.1003   31

   4   rms: 0.1239E-02   max: 0.1744E-01   C at   31  2
       a = -3.500      CL =  0.4008
      Cm = -0.1771     CD =  0.01209   =>   CDf =  0.00649    CDp =  0.00560

 Side 1  free  transition at x/c =  0.7606   54
 Side 2  free  transition at x/c =  0.1000   31

   5   rms: 0.1853E-04   max: -.2912E-03   D at   31  2
       a = -3.500      CL =  0.4008
      Cm = -0.1771     CD =  0.01209   =>   CDf =  0.00649    CDp =  0.00560
 plradd ia,ip,cpol            2           0  9.30484571E-03

 Point added to stored polar  1
 Point written to save file  fx76mp160_Re500k.base.pol                       
 Dump file unspecified or not available
 Calculating wake trajectory ...
 Calculating source influence matrix ...

 Solving BL system ...

 Side 1  free  transition at x/c =  0.7606   54
 Side 2  free  transition at x/c =  0.1000   31

   1   rms: 0.8394E-01   max: 0.4665E+00   D at   31  2
       a = -3.000      CL =  0.4532
      Cm = -0.1766     CD =  0.01182   =>   CDf =  0.00651    CDp =  0.00531

 Side 1  free  transition at x/c =  0.7551   55
 Side 2  free  transition at x/c =  0.1177   32

   2   rms: 0.2007E-01   max: -.2064E+00   C at   32  2
       a = -3.000      CL =  0.4548
      Cm = -0.1769     CD =  0.01178   =>   CDf =  0.00645    CDp =  0.00533

 Side 1  free  transition at x/c =  0.7555   55
 Side 2  free  transition at x/c =  0.1235   32

   3   rms: 0.8950E-02   max: 0.1799E+00   C at   32  2
       a = -3.000      CL =  0.4549
      Cm = -0.1769     CD =  0.01181   =>   CDf =  0.00638    CDp =  0.00543

 Side 1  free  transition at x/c =  0.7555   55
 Side 2  free  transition at x/c =  0.1208   32

   4   rms: 0.1994E-03   max: -.3290E-02   D at   34  2
       a = -3.000      CL =  0.4549
      Cm = -0.1769     CD =  0.01181   =>   CDf =  0.00640    CDp =  0.00541

 Side 1  free  transition at x/c =  0.7555   55
 Side 2  free  transition at x/c =  0.1208   32

   5   rms: 0.9274E-06   max: -.3769E-05   T at   55  1
       a = -3.000      CL =  0.4549
      Cm = -0.1769     CD =  0.01181   =>   CDf =  0.00640    CDp =  0.00541
 plradd ia,ip,cpol            3           0  1.19209597E-02

 Point added to stored polar  1
 Point written to save file  fx76mp160_Re500k.base.pol                       
 Dump file unspecified or not available
 Calculating wake trajectory ...
 Calculating source influence matrix ...

 Solving BL system ...

 Side 1  free  transition at x/c =  0.7555   55
 Side 2  free  transition at x/c =  0.1208   32

   1   rms: 0.1009E+00   max: -.1147E+01   C at   32  2   RLX: 0.436
       a = -2.500      CL =  0.4792
      Cm = -0.1770     CD =  0.01168   =>   CDf =  0.00640    CDp =  0.00528

 Side 1  free  transition at x/c =  0.7529   55
 Side 2  free  transition at x/c =  0.1308   33

   2   rms: 0.5827E-01   max: -.4039E+00   T at   33  2
       a = -2.500      CL =  0.5122
      Cm = -0.1773     CD =  0.01149   =>   CDf =  0.00638    CDp =  0.00511

 Side 1  free  transition at x/c =  0.7501   55
 Side 2  free  transition at x/c =  0.1410   34

   3   rms: 0.5846E-01   max: -.4743E+00   D at   33  2
       a = -2.500      CL =  0.5123
      Cm = -0.1774     CD =  0.01135   =>   CDf =  0.00647    CDp =  0.00488

 Side 1  free  transition at x/c =  0.7503   55
 Side 2  free  transition at x/c =  0.1641   35

   4   rms: 0.7250E-01   max: 0.1590E+01   C at   35  2   RLX: 0.943
       a = -2.500      CL =  0.5127
      Cm = -0.1774     CD =  0.01149   =>   CDf =  0.00627    CDp =  0.00522

 Side 1  free  transition at x/c =  0.7503   55
 Side 2  free  transition at x/c =  0.1521   34

   5   rms: 0.8430E-02   max: -.1126E+00   D at   37  2
       a = -2.500      CL =  0.5130
      Cm = -0.1774     CD =  0.01151   =>   CDf =  0.00636    CDp =  0.00515

 Side 1  free  transition at x/c =  0.7503   55
 Side 2  free  transition at x/c =  0.1503   34

   6   rms: 0.2104E-03   max: -.3570E-02   D at   37  2
       a = -2.500      CL =  0.5130
      Cm = -0.1774     CD =  0.01151   =>   CDf =  0.00636    CDp =  0.00515

 Side 1  free  transition at x/c =  0.7503   55
 Side 2  free  transition at x/c =  0.1503   34

   7   rms: 0.1049E-05   max: 0.1553E-04   C at   34  2
       a = -2.500      CL =  0.5130
      Cm = -0.1774     CD =  0.01151   =>   CDf =  0.00636    CDp =  0.00515
 plradd ia,ip,cpol            4           0  2.54770033E-02

 Point added to stored polar  1
 Point written to save file  fx76mp160_Re500k.base.pol                       
 Dump file unspecified or not available
 Calculating wake trajectory ...
 Calculating source influence matrix ...

 Solving BL system ...

 Side 1  free  transition at x/c =  0.7503   55
 Side 2  free  transition at x/c =  0.1503   34

   1   rms: 0.7999E-01   max: -.3947E+00   T at   34  2
       a = -2.000      CL =  0.5727
      Cm = -0.1782     CD =  0.01127   =>   CDf =  0.00634    CDp =  0.00492

 Side 1  free  transition at x/c =  0.7455   56
 Side 2  free  transition at x/c =  0.1709   35

   2   rms: 0.2649E-01   max: -.3646E+00   C at   35  2
       a = -2.000      CL =  0.5731
      Cm = -0.1784     CD =  0.01126   =>   CDf =  0.00638    CDp =  0.00488

 Side 1  free  transition at x/c =  0.7455   56
 Side 2  free  transition at x/c =  0.1796   36

   3   rms: 0.1722E-02   max: -.2379E-01   D at   36  2
       a = -2.000      CL =  0.5732
      Cm = -0.1784     CD =  0.01130   =>   CDf =  0.00633    CDp =  0.00498

 Side 1  free  transition at x/c =  0.7454   56
 Side 2  free  transition at x/c =  0.1788   35

   4   rms: 0.2819E-03   max: 0.5711E-02   D at   36  2
       a = -2.000      CL =  0.5732
      Cm = -0.1784     CD =  0.01130   =>   CDf =  0.00633    CDp =  0.00497

 Side 1  free  transition at x/c =  0.7454   56
 Side 2  free  transition at x/c =  0.1787   35

   5   rms: 0.9085E-06   max: 0.1023E-04   C at   35  2
       a = -2.000      CL =  0.5732
      Cm = -0.1784     CD =  0.01130   =>   CDf =  0.00632    CDp =  0.00497
 plradd ia,ip,cpol            5           0  0.33590844    

 Point added to stored polar  1
 Point written to save file  fx76mp160_Re500k.base.pol                       
 Dump file unspecified or not available
 Calculating wake trajectory ...
 Calculating source influence matrix ...

 Solving BL system ...

 Side 1  free  transition at x/c =  0.7454   56
 Side 2  free  transition at x/c =  0.1787   35

   1   rms: 0.7796E-01   max: -.3611E+00   C at   35  2
       a = -1.500      CL =  0.6329
      Cm = -0.1792     CD =  0.01153   =>   CDf =  0.00630    CDp =  0.00523

 Side 1  free  transition at x/c =  0.7402   56
 Side 2  free  transition at x/c =  0.2248   38

   2   rms: 0.2294E-01   max: 0.2790E+00   D at   35  2
       a = -1.500      CL =  0.6243
      Cm = -0.1776     CD =  0.01109   =>   CDf =  0.00617    CDp =  0.00492

 Side 1  free  transition at x/c =  0.7394   56
 Side 2  free  transition at x/c =  0.2095   37

   3   rms: 0.8354E-02   max: 0.1258E+00   C at   37  2
       a = -1.500      CL =  0.6249
      Cm = -0.1776     CD =  0.01111   =>   CDf =  0.00621    CDp =  0.00490

 Side 1  free  transition at x/c =  0.7393   56
 Side 2  free  transition at x/c =  0.2066   36

   4   rms: 0.6972E-03   max: -.7518E-02   D at   38  2
       a = -1.500      CL =  0.6248
      Cm = -0.1776     CD =  0.01110   =>   CDf =  0.00622    CDp =  0.00488

 Side 1  free  transition at x/c =  0.7393   56
 Side 2  free  transition at x/c =  0.2064   36

   5   rms: 0.2017E-05   max: 0.3415E-04   C at   36  2
       a = -1.500      CL =  0.6248
      Cm = -0.1776     CD =  0.01110   =>   CDf =  0.00622    CDp =  0.00488
 plradd ia,ip,cpol            6           0  0.27776611    

 Point added to stored polar  1
 Point written to save file  fx76mp160_Re500k.base.pol                       
 Dump file unspecified or not available
 Calculating wake trajectory ...
 Calculating source influence matrix ...

 Solving BL system ...

 Side 1  free  transition at x/c =  0.7393   56
 Side 2  free  transition at x/c =  0.2064   36

   1   rms: 0.7946E-01   max: -.7361E+00   C at   36  2   RLX: 0.679
       a = -1.000      CL =  0.6610
      Cm = -0.1773     CD =  0.01097   =>   CDf =  0.00623    CDp =  0.00474

 Side 1  free  transition at x/c =  0.7346   56
 Side 2  free  transition at x/c =  0.2211   37

   2   rms: 0.3541E-01   max: -.3575E+00   C at   37  2
       a = -1.000      CL =  0.6805
      Cm = -0.1776     CD =  0.01089   =>   CDf =  0.00621    CDp =  0.00467

 Side 1  free  transition at x/c =  0.7331   56
 Side 2  free  transition at x/c =  0.2485   39

   3   rms: 0.6697E-02   max: 0.1214E+00   D at   39  2
       a = -1.000      CL =  0.6805
      Cm = -0.1777     CD =  0.01081   =>   CDf =  0.00609    CDp =  0.00471

 Side 1  free  transition at x/c =  0.7331   56
 Side 2  free  transition at x/c =  0.2508   39

   4   rms: 0.4552E-03   max: 0.6164E-02   D at   37  2
       a = -1.000      CL =  0.6806
      Cm = -0.1777     CD =  0.01082   =>   CDf =  0.00610    CDp =  0.00472

 Side 1  free  transition at x/c =  0.7331   56
 Side 2  free  transition at x/c =  0.2504   39

   5   rms: 0.3291E-05   max: -.5678E-04   C at   39  2
       a = -1.000      CL =  0.6806
      Cm = -0.1777     CD =  0.01082   =>   CDf =  0.00610    CDp =  0.00472
 plradd ia,ip,cpol            7           0  0.27776611    

 Point added to stored polar  1
 Point written to save file  fx76mp160_Re500k.base.pol                       
 Dump file unspecified or not available
 Calculating wake trajectory ...
 Calculating source influence matrix ...

 Solving BL system ...

 Side 1  free  transition at x/c =  0.7331   56
 Side 2  free  transition at x/c =  0.2504   39

   1   rms: 0.7793E-01   max: 0.2892E+00   D at   39  2
       a = -0.500      CL =  0.7386
      Cm = -0.1781     CD =  0.01063   =>   CDf =  0.00604    CDp =  0.00458

 Side 1  free  transition at x/c =  0.7256   56
 Side 2  free  transition at x/c =  0.3261   43

   2   rms: 0.6820E-01   max: -.1259E+01   C at   43  2   RLX: 0.397
       a = -0.500      CL =  0.7375
      Cm = -0.1782     CD =  0.01064   =>   CDf =  0.00598    CDp =  0.00466

 Side 1  free  transition at x/c =  0.7270   57
 Side 2  free  transition at x/c =  0.3312   43

   3   rms: 0.1463E-01   max: 0.3232E+00   D at   38  2
       a = -0.500      CL =  0.7400
      Cm = -0.1786     CD =  0.01036   =>   CDf =  0.00592    CDp =  0.00445

 Side 1  free  transition at x/c =  0.7272   57
 Side 2  free  transition at x/c =  0.3175   43

   4   rms: 0.7479E-02   max: 0.1064E+00   C at   43  2
       a = -0.500      CL =  0.7403
      Cm = -0.1785     CD =  0.01045   =>   CDf =  0.00598    CDp =  0.00447

 Side 1  free  transition at x/c =  0.7272   57
 Side 2  free  transition at x/c =  0.3128   42

   5   rms: 0.1232E-02   max: 0.2201E-01   C at   42  2
       a = -0.500      CL =  0.7402
      Cm = -0.1785     CD =  0.01044   =>   CDf =  0.00599    CDp =  0.00445

 Side 1  free  transition at x/c =  0.7272   57
 Side 2  free  transition at x/c =  0.3119   42

   6   rms: 0.4081E-05   max: -.6952E-04   D at   43  2
       a = -0.500      CL =  0.7402
      Cm = -0.1785     CD =  0.01044   =>   CDf =  0.00599    CDp =  0.00445
 plradd ia,ip,cpol            8           0  0.27776611    

 Point added to stored polar  1
 Point written to save file  fx76mp160_Re500k.base.pol                       
 Dump file unspecified or not available
 Calculating wake trajectory ...
 Calculating source influence matrix ...

 Solving BL system ...

 Side 1  free  transition at x/c =  0.7272   57
 Side 2  free  transition at x/c =  0.3119   42

   1   rms: 0.9891E-01   max: -.1302E+01   C at   42  2   RLX: 0.384
       a =  0.000      CL =  0.7634
      Cm = -0.1789     CD =  0.01037   =>   CDf =  0.00599    CDp =  0.00438

 Side 1  free  transition at x/c =  0.7251   56
 Side 2  free  transition at x/c =  0.3372   44

   2   rms: 0.9514E-01   max: -.1705E+01   C at   44  2   RLX: 0.293
       a =  0.000      CL =  0.7712
      Cm = -0.1786     CD =  0.01026   =>   CDf =  0.00585    CDp =  0.00440

 Side 1  free  transition at x/c =  0.7235   57
 Side 2  free  transition at x/c =  0.3501   44

   3   rms: 0.2602E+00   max: -.4465E+01   T at    2  1   RLX: 0.112
       a =  0.000      CL =  0.7736
      Cm = -0.1785     CD =  0.01025   =>   CDf =  0.00586    CDp =  0.00439

 Side 1  free  transition at x/c =  0.7231   57
 Side 2  free  transition at x/c =  0.3556   44

   4   rms: 0.4539E-01   max: -.7275E+00   C at   44  2   RLX: 0.687
       a =  0.000      CL =  0.7856
      Cm = -0.1779     CD =  0.01019   =>   CDf =  0.00585    CDp =  0.00435

 Side 1  free  transition at x/c =  0.7205   57
 Side 2  free  transition at x/c =  0.3941   46

   5   rms: 0.1950E-01   max: -.3173E+00   C at   46  2
       a =  0.000      CL =  0.7918
      Cm = -0.1779     CD =  0.01010   =>   CDf =  0.00573    CDp =  0.00438

 Side 1  free  transition at x/c =  0.7195   57
 Side 2  free  transition at x/c =  0.3959   46

   6   rms: 0.3320E-02   max: 0.6750E-01   C at   46  2
       a =  0.000      CL =  0.7919
      Cm = -0.1779     CD =  0.01012   =>   CDf =  0.00570    CDp =  0.00441

 Side 1  free  transition at x/c =  0.7195   57
 Side 2  free  transition at x/c =  0.3943   46

   7   rms: 0.4960E-04   max: -.1015E-02   C at   46  2
       a =  0.000      CL =  0.7919
      Cm = -0.1779     CD =  0.01012   =>   CDf =  0.00571    CDp =  0.00441
 plradd ia,ip,cpol            9           0  0.22191107    

 Point added to stored polar  1
 Point written to save file  fx76mp160_Re500k.base.pol                       
 Dump file unspecified or not available
 Calculating wake trajectory ...
 Calculating source influence matrix ...

 Solving BL system ...

 Side 1  free  transition at x/c =  0.7195   57
 Side 2  free  transition at x/c =  0.3943   46

   1   rms: 0.2421E+00   max: -.4754E+01   C at   46  2   RLX: 0.105
       a =  0.500      CL =  0.7973
      Cm = -0.1779     CD =  0.01007   =>   CDf =  0.00571    CDp =  0.00435

 Side 1  free  transition at x/c =  0.7187   57
 Side 2  free  transition at x/c =  0.4020   47

   2   rms: 0.1786E+00   max: -.3325E+01   C at   47  2   RLX: 0.150
       a =  0.500      CL =  0.8048
      Cm = -0.1779     CD =  0.01002   =>   CDf =  0.00570    CDp =  0.00432

 Side 1  free  transition at x/c =  0.7176   57
 Side 2  free  transition at x/c =  0.4165   48

   3   rms: 0.1489E+00   max: -.2717E+01   C at   48  2   RLX: 0.184
       a =  0.500      CL =  0.8125
      Cm = -0.1779     CD =  0.00996   =>   CDf =  0.00565    CDp =  0.00431

 Side 1  free  transition at x/c =  0.7165   57
 Side 2  free  transition at x/c =  0.4322   48

   4   rms: 0.6220E-01   max: -.8610E+00   C at   48  2   RLX: 0.581
       a =  0.500      CL =  0.8324
      Cm = -0.1778     CD =  0.00991   =>   CDf =  0.00563    CDp =  0.00428

 Side 1  free  transition at x/c =  0.7138   57
 Side 2  free  transition at x/c =  0.5104   53

   5   rms: 0.9240E-01   max: -.1801E+01   C at   53  2   RLX: 0.278
       a =  0.500      CL =  0.8347
      Cm = -0.1774     CD =  0.00969   =>   CDf =  0.00542    CDp =  0.00427

 Side 1  free  transition at x/c =  0.7133   57
 Side 2  free  transition at x/c =  0.5175   53

   6   rms: 0.5581E-01   max: -.1083E+01   C at   53  2   RLX: 0.462
       a =  0.500      CL =  0.8403
      Cm = -0.1777     CD =  0.00967   =>   CDf =  0.00541    CDp =  0.00426

 Side 1  free  transition at x/c =  0.7128   57
 Side 2  free  transition at x/c =  0.5295   54

   7   rms: 0.6364E-01   max: -.1243E+01   C at   54  2   RLX: 0.402
       a =  0.500      CL =  0.8425
      Cm = -0.1777     CD =  0.00961   =>   CDf =  0.00535    CDp =  0.00426

 Side 1  free  transition at x/c =  0.7126   57
 Side 2  free  transition at x/c =  0.5379   55

   8   rms: 0.3598E-01   max: -.7100E+00   C at   55  2   RLX: 0.704
       a =  0.500      CL =  0.8449
      Cm = -0.1778     CD =  0.00957   =>   CDf =  0.00532    CDp =  0.00425

 Side 1  free  transition at x/c =  0.7123   57
 Side 2  free  transition at x/c =  0.5529   55

   9   rms: 0.6836E-02   max: -.1289E+00   C at   55  2
       a =  0.500      CL =  0.8460
      Cm = -0.1778     CD =  0.00958   =>   CDf =  0.00529    CDp =  0.00429

 Side 1  free  transition at x/c =  0.7122   57
 Side 2  free  transition at x/c =  0.5676   56

  10   rms: 0.4374E-02   max: 0.7141E-01   C at   56  2
       a =  0.500      CL =  0.8459
      Cm = -0.1778     CD =  0.00956   =>   CDf =  0.00525    CDp =  0.00431

 Side 1  free  transition at x/c =  0.7122   57
 Side 2  free  transition at x/c =  0.5608   56

  11   rms: 0.1096E-02   max: -.2081E-01   C at   56  2
       a =  0.500      CL =  0.8460
      Cm = -0.1778     CD =  0.00957   =>   CDf =  0.00527    CDp =  0.00430

 Side 1  free  transition at x/c =  0.7122   57
 Side 2  free  transition at x/c =  0.5616   56

  12   rms: 0.2874E-05   max: -.3188E-04   D at   59  2
       a =  0.500      CL =  0.8460
      Cm = -0.1778     CD =  0.00957   =>   CDf =  0.00527    CDp =  0.00430
 plradd ia,ip,cpol           10           0  0.22191107    

 Point added to stored polar  1
 Point written to save file  fx76mp160_Re500k.base.pol                       
 Dump file unspecified or not available
 Calculating wake trajectory ...
 Calculating source influence matrix ...

 Solving BL system ...

 Side 1  free  transition at x/c =  0.7122   57
 Side 2  free  transition at x/c =  0.5616   56

   1   rms: 0.2139E+00   max: -.3990E+01   C at   56  2   RLX: 0.125
       a =  1.000      CL =  0.8528
      Cm = -0.1778     CD =  0.00951   =>   CDf =  0.00517    CDp =  0.00434

 Side 1  free  transition at x/c =  0.7114   58
 Side 2  free  transition at x/c =  0.5880   57

   2   rms: 0.2870E+00   max: -.5346E+01   C at   57  2   RLX: 0.094
       a =  1.000      CL =  0.8568
      Cm = -0.1776     CD =  0.00944   =>   CDf =  0.00519    CDp =  0.00425

 Side 1  free  transition at x/c =  0.7109   58
 Side 2  free  transition at x/c =  0.6043   57

   3   rms: 0.2935E+00   max: -.5474E+01   C at   57  2   RLX: 0.091
       a =  1.000      CL =  0.8608
      Cm = -0.1776     CD =  0.00941   =>   CDf =  0.00513    CDp =  0.00428

 Side 1  free  transition at x/c =  0.7105   58
 Side 2  free  transition at x/c =  0.6170   58

   4   rms: 0.7529E-01   max: -.9795E+00   C at   58  2   RLX: 0.510
       a =  1.000      CL =  0.8821
      Cm = -0.1778     CD =  0.00937   =>   CDf =  0.00512    CDp =  0.00425

 Side 1  free  transition at x/c =  0.7079   58
 Side 2  free  transition at x/c =  0.6950   63

   5   rms: 0.4201E-01   max: -.4579E+00   C at   63  2
       a =  1.000      CL =  0.9015
      Cm = -0.1774     CD =  0.00934   =>   CDf =  0.00497    CDp =  0.00437

 Side 1  free  transition at x/c =  0.7056   57
 Side 2  free  transition at x/c =  0.7001   63

   6   rms: 0.1709E-01   max: -.2099E+00   C at   63  2
       a =  1.000      CL =  0.8990
      Cm = -0.1770     CD =  0.00934   =>   CDf =  0.00499    CDp =  0.00435

 Side 1  free  transition at x/c =  0.7051   57
 Side 2  free  transition at x/c =  0.7059   63

   7   rms: 0.3462E-02   max: 0.5335E-01   C at   63  2
       a =  1.000      CL =  0.8990
      Cm = -0.1770     CD =  0.00935   =>   CDf =  0.00492    CDp =  0.00443

 Side 1  free  transition at x/c =  0.7051   57
 Side 2  free  transition at x/c =  0.7042   63

   8   rms: 0.4981E-04   max: -.1009E-02   D at   66  2
       a =  1.000      CL =  0.8990
      Cm = -0.1770     CD =  0.00935   =>   CDf =  0.00493    CDp =  0.00442
 plradd ia,ip,cpol           11           0  0.22191107    

 Point added to stored polar  1
 Point written to save file  fx76mp160_Re500k.base.pol                       
 Dump file unspecified or not available
 Calculating wake trajectory ...
 Calculating source influence matrix ...

 Solving BL system ...

 Side 1  free  transition at x/c =  0.7051   57
 Side 2  free  transition at x/c =  0.7042   63

   1   rms: 0.8613E-01   max: -.8355E+00   C at   63  2   RLX: 0.598
       a =  1.500      CL =  0.9247
      Cm = -0.1753     CD =  0.00935   =>   CDf =  0.00493    CDp =  0.00442

 Side 1  free  transition at x/c =  0.6972   57
 Side 2  free  transition at x/c =  0.7314   65

   2   rms: 0.3400E-01   max: -.1485E+00   T at   65  2
       a =  1.500      CL =  0.9481
      Cm = -0.1754     CD =  0.00932   =>   CDf =  0.00477    CDp =  0.00455

 Side 1  free  transition at x/c =  0.6941   58
 Side 2  free  transition at x/c =  0.7537   65

   3   rms: 0.8199E-02   max: 0.1160E+00   D at   64  2
       a =  1.500      CL =  0.9478
      Cm = -0.1753     CD =  0.00931   =>   CDf =  0.00484    CDp =  0.00446

 Side 1  free  transition at x/c =  0.6942   58
 Side 2  free  transition at x/c =  0.7517   65

   4   rms: 0.4005E-03   max: -.4691E-02   D at   68  2
       a =  1.500      CL =  0.9479
      Cm = -0.1753     CD =  0.00931   =>   CDf =  0.00486    CDp =  0.00445

 Side 1  free  transition at x/c =  0.6942   58
 Side 2  free  transition at x/c =  0.7515   65

   5   rms: 0.2187E-05   max: -.2203E-04   D at   66  2
       a =  1.500      CL =  0.9479
      Cm = -0.1753     CD =  0.00931   =>   CDf =  0.00486    CDp =  0.00445
 plradd ia,ip,cpol           12           0  0.16966714    

 Point added to stored polar  1
 Point written to save file  fx76mp160_Re500k.base.pol                       
 Dump file unspecified or not available
 Calculating wake trajectory ...
 Calculating source influence matrix ...

 Solving BL system ...

 Side 1  free  transition at x/c =  0.6942   58
 Side 2  free  transition at x/c =  0.7515   65

   1   rms: 0.7584E-01   max: -.2898E+00   T at   65  2
       a =  2.000      CL =  1.0009
      Cm = -0.1745     CD =  0.00924   =>   CDf =  0.00487    CDp =  0.00438

 Side 1  free  transition at x/c =  0.6856   57
 Side 2  free  transition at x/c =  0.7745   67

   2   rms: 0.8717E-02   max: 0.1209E+00   D at   67  2
       a =  2.000      CL =  0.9991
      Cm = -0.1741     CD =  0.00933   =>   CDf =  0.00491    CDp =  0.00442

 Side 1  free  transition at x/c =  0.6840   57
 Side 2  free  transition at x/c =  0.7757   67

   3   rms: 0.5125E-03   max: 0.7038E-02   D at   67  2
       a =  2.000      CL =  0.9994
      Cm = -0.1742     CD =  0.00934   =>   CDf =  0.00487    CDp =  0.00447

 Side 1  free  transition at x/c =  0.6840   57
 Side 2  free  transition at x/c =  0.7756   67

   4   rms: 0.3312E-05   max: 0.3088E-04   C at   67  2
       a =  2.000      CL =  0.9994
      Cm = -0.1742     CD =  0.00934   =>   CDf =  0.00487    CDp =  0.00447
 plradd ia,ip,cpol           13           0  0.16966714    

 Point added to stored polar  1
 Point written to save file  fx76mp160_Re500k.base.pol                       
 Dump file unspecified or not available
 Calculating wake trajectory ...
 Calculating source influence matrix ...

 Solving BL system ...

 Side 1  free  transition at x/c =  0.6840   57
 Side 2  free  transition at x/c =  0.7756   67

   1   rms: 0.7077E-01   max: 0.2741E+00   D at   68  2
       a =  2.500      CL =  1.0423
      Cm = -0.1714     CD =  0.00940   =>   CDf =  0.00474    CDp =  0.00465

 Side 1  free  transition at x/c =  0.6694   58
 Side 2  free  transition at x/c =  0.7893   67

   2   rms: 0.3335E-01   max: -.2664E+00   T at   67  2
       a =  2.500      CL =  1.0483
      Cm = -0.1727     CD =  0.00930   =>   CDf =  0.00501    CDp =  0.00429

 Side 1  free  transition at x/c =  0.6724   58
 Side 2  free  transition at x/c =  0.7966   67

   3   rms: 0.6329E-02   max: -.7985E-01   D at   67  2
       a =  2.500      CL =  1.0483
      Cm = -0.1726     CD =  0.00938   =>   CDf =  0.00487    CDp =  0.00451

 Side 1  free  transition at x/c =  0.6720   58
 Side 2  free  transition at x/c =  0.7957   67

   4   rms: 0.1849E-03   max: -.2194E-02   D at   67  2
       a =  2.500      CL =  1.0483
      Cm = -0.1726     CD =  0.00938   =>   CDf =  0.00487    CDp =  0.00451

 Side 1  free  transition at x/c =  0.6720   58
 Side 2  free  transition at x/c =  0.7957   67

   5   rms: 0.6921E-06   max: -.4015E-05   D at   58  1
       a =  2.500      CL =  1.0483
      Cm = -0.1726     CD =  0.00938   =>   CDf =  0.00487    CDp =  0.00451
 plradd ia,ip,cpol           14           0  0.16966714    

 Point added to stored polar  1
 Point written to save file  fx76mp160_Re500k.base.pol                       
 Dump file unspecified or not available
 Calculating wake trajectory ...
 Calculating source influence matrix ...

 Solving BL system ...

 Side 1  free  transition at x/c =  0.6720   58
 Side 2  free  transition at x/c =  0.7957   67

   1   rms: 0.7603E-01   max: -.3513E+00   T at   67  2
       a =  3.000      CL =  1.1011
      Cm = -0.1718     CD =  0.00942   =>   CDf =  0.00488    CDp =  0.00455

 Side 1  free  transition at x/c =  0.6601   57
 Side 2  free  transition at x/c =  0.8140   68

   2   rms: 0.1095E-01   max: -.1291E+00   D at   57  1
       a =  3.000      CL =  1.0931
      Cm = -0.1703     CD =  0.00946   =>   CDf =  0.00486    CDp =  0.00460

 Side 1  free  transition at x/c =  0.6581   57
 Side 2  free  transition at x/c =  0.8153   68

   3   rms: 0.7387E-03   max: -.2886E-02   D at   90  2
       a =  3.000      CL =  1.0938
      Cm = -0.1704     CD =  0.00947   =>   CDf =  0.00485    CDp =  0.00462

 Side 1  free  transition at x/c =  0.6581   57
 Side 2  free  transition at x/c =  0.8154   68

   4   rms: 0.3466E-05   max: 0.1693E-04   D at   75  1
       a =  3.000      CL =  1.0938
      Cm = -0.1704     CD =  0.00947   =>   CDf =  0.00484    CDp =  0.00462
 plradd ia,ip,cpol           15           0  0.16966714    

 Point added to stored polar  1
 Point written to save file  fx76mp160_Re500k.base.pol                       
 Dump file unspecified or not available
 Calculating wake trajectory ...
 Calculating source influence matrix ...

 Solving BL system ...

 Side 1  free  transition at x/c =  0.6581   57
 Side 2  free  transition at x/c =  0.8154   68

   1   rms: 0.7019E-01   max: -.3043E+00   T at   68  2
       a =  3.500      CL =  1.1406
      Cm = -0.1685     CD =  0.00955   =>   CDf =  0.00470    CDp =  0.00485

 Side 1  free  transition at x/c =  0.6422   57
 Side 2  free  transition at x/c =  0.8310   68

   2   rms: 0.1486E-01   max: -.1877E+00   D at   68  2
       a =  3.500      CL =  1.1380
      Cm = -0.1680     CD =  0.00958   =>   CDf =  0.00492    CDp =  0.00466

 Side 1  free  transition at x/c =  0.6424   57
 Side 2  free  transition at x/c =  0.8320   68

   3   rms: 0.3588E-02   max: 0.5950E-01   D at   69  2
       a =  3.500      CL =  1.1380
      Cm = -0.1679     CD =  0.00959   =>   CDf =  0.00485    CDp =  0.00473

 Side 1  free  transition at x/c =  0.6422   57
 Side 2  free  transition at x/c =  0.8312   68

   4   rms: 0.1529E-03   max: 0.2923E-02   D at   69  2
       a =  3.500      CL =  1.1380
      Cm = -0.1679     CD =  0.00959   =>   CDf =  0.00486    CDp =  0.00473

 Side 1  free  transition at x/c =  0.6422   57
 Side 2  free  transition at x/c =  0.8312   68

   5   rms: 0.9004E-06   max: 0.1083E-04   D at   69  2
       a =  3.500      CL =  1.1380
      Cm = -0.1679     CD =  0.00959   =>   CDf =  0.00486    CDp =  0.00473
 plradd ia,ip,cpol           16           0  0.16966714    

 Point added to stored polar  1
 Point written to save file  fx76mp160_Re500k.base.pol                       
 Dump file unspecified or not available
 Calculating wake trajectory ...
 Calculating source influence matrix ...

 Solving BL system ...

 Side 1  free  transition at x/c =  0.6422   57
 Side 2  free  transition at x/c =  0.8312   68

   1   rms: 0.6861E-01   max: -.3000E+00   T at   68  2
       a =  4.000      CL =  1.1802
      Cm = -0.1652     CD =  0.00977   =>   CDf =  0.00470    CDp =  0.00508

 Side 1  free  transition at x/c =  0.6201   57
 Side 2  free  transition at x/c =  0.8455   68
 idif Ue xi dudx           1  0.13942152      2.88045406E-03   48.402618    
 Uenew xinew           2  8.59736232E-04  1.77621841E-05

   2   rms: 0.8446E-01   max: -.1486E+01   D at    2  1   RLX: 0.337
       a =  4.000      CL =  1.1784
      Cm = -0.1646     CD =  0.00987   =>   CDf =  0.00513    CDp =  0.00474

 Side 1  free  transition at x/c =  0.6209   56
 Side 2  free  transition at x/c =  0.8458   69

   3   rms: 0.8686E-02   max: -.8382E-01   C at   56  1
       a =  4.000      CL =  1.1776
      Cm = -0.1646     CD =  0.00978   =>   CDf =  0.00495    CDp =  0.00483

 Side 1  free  transition at x/c =  0.6222   56
 Side 2  free  transition at x/c =  0.8463   69

   4   rms: 0.9127E-03   max: 0.1480E-01   D at   70  2
       a =  4.000      CL =  1.1777
      Cm = -0.1647     CD =  0.00978   =>   CDf =  0.00490    CDp =  0.00487

 Side 1  free  transition at x/c =  0.6220   56
 Side 2  free  transition at x/c =  0.8461   69

   5   rms: 0.1846E-04   max: 0.2987E-03   D at   70  2
       a =  4.000      CL =  1.1777
      Cm = -0.1647     CD =  0.00978   =>   CDf =  0.00491    CDp =  0.00487
 plradd ia,ip,cpol           17           0  0.16966714    

 Point added to stored polar  1
 Point written to save file  fx76mp160_Re500k.base.pol                       
 Dump file unspecified or not available
 Calculating wake trajectory ...
 Calculating source influence matrix ...

 Solving BL system ...

 Side 1  free  transition at x/c =  0.6220   56
 Side 2  free  transition at x/c =  0.8461   69

   1   rms: 0.6856E-01   max: -.2852E+00   T at   69  2
       a =  4.500      CL =  1.2159
      Cm = -0.1612     CD =  0.01006   =>   CDf =  0.00474    CDp =  0.00532

 Side 1  free  transition at x/c =  0.5963   56
 Side 2  free  transition at x/c =  0.8626   70

   2   rms: 0.1728E-01   max: 0.2185E+00   D at   70  2
       a =  4.500      CL =  1.2094
      Cm = -0.1598     CD =  0.01001   =>   CDf =  0.00499    CDp =  0.00502

 Side 1  free  transition at x/c =  0.5989   56
 Side 2  free  transition at x/c =  0.8597   69

   3   rms: 0.1956E-02   max: -.2103E-01   D at   72  2
       a =  4.500      CL =  1.2100
      Cm = -0.1600     CD =  0.01001   =>   CDf =  0.00494    CDp =  0.00507

 Side 1  free  transition at x/c =  0.5984   56
 Side 2  free  transition at x/c =  0.8593   69

   4   rms: 0.1926E-04   max: -.2558E-03   D at   72  2
       a =  4.500      CL =  1.2100
      Cm = -0.1600     CD =  0.01001   =>   CDf =  0.00495    CDp =  0.00506
 plradd ia,ip,cpol           18           0  0.12267167    

 Point added to stored polar  1
 Point written to save file  fx76mp160_Re500k.base.pol                       
 Dump file unspecified or not available
 Calculating wake trajectory ...
 Calculating source influence matrix ...

 Solving BL system ...

 Side 1  free  transition at x/c =  0.5984   56
 Side 2  free  transition at x/c =  0.8593   69

   1   rms: 0.6746E-01   max: 0.4091E+00   C at   56  1
       a =  5.000      CL =  1.2359
      Cm = -0.1540     CD =  0.01035   =>   CDf =  0.00496    CDp =  0.00539

 Side 1  free  transition at x/c =  0.5719   54
 Side 2  free  transition at x/c =  0.8752   71

   2   rms: 0.1432E-01   max: 0.1917E+00   D at   71  2
       a =  5.000      CL =  1.2324
      Cm = -0.1533     CD =  0.01042   =>   CDf =  0.00508    CDp =  0.00534

 Side 1  free  transition at x/c =  0.5737   54
 Side 2  free  transition at x/c =  0.8737   71

   3   rms: 0.3262E-02   max: 0.4759E-01   D at   71  2
       a =  5.000      CL =  1.2323
      Cm = -0.1533     CD =  0.01040   =>   CDf =  0.00504    CDp =  0.00536

 Side 1  free  transition at x/c =  0.5733   54
 Side 2  free  transition at x/c =  0.8732   71

   4   rms: 0.8238E-04   max: 0.9561E-03   D at   71  2
       a =  5.000      CL =  1.2323
      Cm = -0.1533     CD =  0.01040   =>   CDf =  0.00505    CDp =  0.00536
 plradd ia,ip,cpol           19           0  0.12267167    

 Point added to stored polar  1
 Point written to save file  fx76mp160_Re500k.base.pol                       
 Dump file unspecified or not available
 Calculating wake trajectory ...
 Calculating source influence matrix ...

 Solving BL system ...

 Side 1  free  transition at x/c =  0.5733   54
 Side 2  free  transition at x/c =  0.8732   71

   1   rms: 0.6789E-01   max: -.3766E+00   T at   71  2
       a =  5.500      CL =  1.2578
      Cm = -0.1474     CD =  0.01069   =>   CDf =  0.00486    CDp =  0.00584

 Side 1  free  transition at x/c =  0.5411   54
 Side 2  free  transition at x/c =  0.8848   70

   2   rms: 0.2943E-01   max: -.4011E+00   D at   71  2
       a =  5.500      CL =  1.2532
      Cm = -0.1468     CD =  0.01103   =>   CDf =  0.00519    CDp =  0.00584

 Side 1  free  transition at x/c =  0.5462   54
 Side 2  free  transition at x/c =  0.8950   71

   3   rms: 0.2606E-01   max: 0.4026E+00   C at   71  2
       a =  5.500      CL =  1.2527
      Cm = -0.1466     CD =  0.01094   =>   CDf =  0.00504    CDp =  0.00590

 Side 1  free  transition at x/c =  0.5459   54
 Side 2  free  transition at x/c =  0.8924   71

   4   rms: 0.4178E-02   max: -.7014E-01   D at   74  2
       a =  5.500      CL =  1.2522
      Cm = -0.1465     CD =  0.01093   =>   CDf =  0.00506    CDp =  0.00587

 Side 1  free  transition at x/c =  0.5459   54
 Side 2  free  transition at x/c =  0.8914   71

   5   rms: 0.2138E-03   max: -.4776E-02   D at   74  2
       a =  5.500      CL =  1.2521
      Cm = -0.1465     CD =  0.01093   =>   CDf =  0.00507    CDp =  0.00586

 Side 1  free  transition at x/c =  0.5459   54
 Side 2  free  transition at x/c =  0.8914   71

   6   rms: 0.1615E-05   max: -.1861E-04   C at   71  2
       a =  5.500      CL =  1.2521
      Cm = -0.1465     CD =  0.01093   =>   CDf =  0.00507    CDp =  0.00586
 plradd ia,ip,cpol           20           0  0.12267167    

 Point added to stored polar  1
 Point written to save file  fx76mp160_Re500k.base.pol                       
 Dump file unspecified or not available
 Calculating wake trajectory ...
 Calculating source influence matrix ...

 Solving BL system ...

 Side 1  free  transition at x/c =  0.5459   54
 Side 2  free  transition at x/c =  0.8914   71

   1   rms: 0.6912E-01   max: 0.4573E+00   C at   54  1
       a =  6.000      CL =  1.2709
      Cm = -0.1397     CD =  0.01154   =>   CDf =  0.00507    CDp =  0.00646

 Side 1  free  transition at x/c =  0.5142   52
 Side 2  free  transition at x/c =  0.9079   72

   2   rms: 0.2357E-01   max: -.2678E+00   C at   72  2
       a =  6.000      CL =  1.2638
      Cm = -0.1386     CD =  0.01178   =>   CDf =  0.00527    CDp =  0.00650

 Side 1  free  transition at x/c =  0.5166   53
 Side 2  free  transition at x/c =  0.9129   73

   3   rms: 0.1050E-01   max: -.1519E+00   D at   72  2
       a =  6.000      CL =  1.2653
      Cm = -0.1388     CD =  0.01169   =>   CDf =  0.00521    CDp =  0.00648

 Side 1  free  transition at x/c =  0.5183   53
 Side 2  free  transition at x/c =  0.9124   73

   4   rms: 0.2187E-02   max: 0.2917E-01   C at   73  2
       a =  6.000      CL =  1.2660
      Cm = -0.1390     CD =  0.01169   =>   CDf =  0.00514    CDp =  0.00655

 Side 1  free  transition at x/c =  0.5178   53
 Side 2  free  transition at x/c =  0.9119   73

   5   rms: 0.1589E-04   max: -.2037E-03   D at   54  1
       a =  6.000      CL =  1.2660
      Cm = -0.1390     CD =  0.01169   =>   CDf =  0.00515    CDp =  0.00654
 plradd ia,ip,cpol           21           0  0.12267167    

 Point added to stored polar  1
 Point written to save file  fx76mp160_Re500k.base.pol                       
 Dump file unspecified or not available
 Calculating wake trajectory ...
 Calculating source influence matrix ...

 Solving BL system ...

 Side 1  free  transition at x/c =  0.5178   53
 Side 2  free  transition at x/c =  0.9119   73

   1   rms: 0.9436E-01   max: -.9696E+00   C at   73  2   RLX: 0.516
       a =  6.500      CL =  1.2725
      Cm = -0.1352     CD =  0.01224   =>   CDf =  0.00515    CDp =  0.00709

 Side 1  free  transition at x/c =  0.5052   52
 Side 2  free  transition at x/c =  0.9240   74

   2   rms: 0.5768E-01   max: -.7746E+00   C at   74  2   RLX: 0.645
       a =  6.500      CL =  1.2841
      Cm = -0.1345     CD =  0.01246   =>   CDf =  0.00496    CDp =  0.00750

 Side 1  free  transition at x/c =  0.4959   53
 Side 2  free  transition at x/c =  0.9397   74

   3   rms: 0.4322E-01   max: -.6687E+00   C at   74  2   RLX: 0.748
       a =  6.500      CL =  1.2921
      Cm = -0.1351     CD =  0.01267   =>   CDf =  0.00521    CDp =  0.00746

 Side 1  free  transition at x/c =  0.4927   52
 Side 2 forced transition at x/c =  1.0000   81

   4   rms: 0.1533E-01   max: -.2016E+00   D at   75  2
       a =  6.500      CL =  1.3027
      Cm = -0.1368     CD =  0.01257   =>   CDf =  0.00516    CDp =  0.00741

 Side 1  free  transition at x/c =  0.4905   52
 Side 2 forced transition at x/c =  1.0000   81

   5   rms: 0.1226E-02   max: -.1726E-01   D at   75  2
       a =  6.500      CL =  1.3026
      Cm = -0.1368     CD =  0.01257   =>   CDf =  0.00516    CDp =  0.00742

 Side 1  free  transition at x/c =  0.4906   52
 Side 2 forced transition at x/c =  1.0000   81

   6   rms: 0.8195E-05   max: -.1092E-03   D at   75  2
       a =  6.500      CL =  1.3026
      Cm = -0.1368     CD =  0.01257   =>   CDf =  0.00516    CDp =  0.00742
 plradd ia,ip,cpol           22           0  0.12267167    

 Point added to stored polar  1
 Point written to save file  fx76mp160_Re500k.base.pol                       
 Dump file unspecified or not available
 Calculating wake trajectory ...
 Calculating source influence matrix ...

 Solving BL system ...

 Side 1  free  transition at x/c =  0.4906   52
 Side 2 forced transition at x/c =  1.0000   81

   1   rms: 0.7196E-01   max: -.1612E+00   D at   72  2
       a =  7.000      CL =  1.3361
      Cm = -0.1339     CD =  0.01348   =>   CDf =  0.00516    CDp =  0.00832

 Side 1  free  transition at x/c =  0.4609   51
 Side 2 forced transition at x/c =  1.0000   81

   2   rms: 0.1065E-01   max: -.1260E+00   C at   51  1
       a =  7.000      CL =  1.3283
      Cm = -0.1327     CD =  0.01378   =>   CDf =  0.00531    CDp =  0.00847

 Side 1  free  transition at x/c =  0.4644   51
 Side 2 forced transition at x/c =  1.0000   81

   3   rms: 0.7645E-03   max: -.7032E-02   D at   52  1
       a =  7.000      CL =  1.3287
      Cm = -0.1328     CD =  0.01377   =>   CDf =  0.00525    CDp =  0.00852

 Side 1  free  transition at x/c =  0.4643   51
 Side 2 forced transition at x/c =  1.0000   81

   4   rms: 0.4417E-05   max: 0.4432E-04   C at   81  2
       a =  7.000      CL =  1.3287
      Cm = -0.1328     CD =  0.01377   =>   CDf =  0.00525    CDp =  0.00852
 plradd ia,ip,cpol           23           0  8.28777403E-02

 Point added to stored polar  1
 Point written to save file  fx76mp160_Re500k.base.pol                       
 Dump file unspecified or not available
 Calculating wake trajectory ...
 Calculating source influence matrix ...

 Solving BL system ...

 Side 1  free  transition at x/c =  0.4643   51
 Side 2 forced transition at x/c =  1.0000   81

   1   rms: 0.7749E-01   max: 0.5381E+00   C at   51  1   RLX: 0.961
       a =  7.500      CL =  1.3518
      Cm = -0.1288     CD =  0.01511   =>   CDf =  0.00505    CDp =  0.01006

 Side 1  free  transition at x/c =  0.4406   51
 Side 2 forced transition at x/c =  1.0000   80

   2   rms: 0.6240E-02   max: 0.4905E-01   D at   73  1
       a =  7.500      CL =  1.3517
      Cm = -0.1286     CD =  0.01524   =>   CDf =  0.00539    CDp =  0.00985

 Side 1  free  transition at x/c =  0.4404   51
 Side 2 forced transition at x/c =  1.0000   80

   3   rms: 0.5830E-03   max: -.6250E-02   D at    4  1
       a =  7.500      CL =  1.3516
      Cm = -0.1286     CD =  0.01524   =>   CDf =  0.00537    CDp =  0.00987

 Side 1  free  transition at x/c =  0.4404   51
 Side 2 forced transition at x/c =  1.0000   80

   4   rms: 0.3679E-05   max: -.4123E-04   C at   80  2
       a =  7.500      CL =  1.3516
      Cm = -0.1286     CD =  0.01524   =>   CDf =  0.00537    CDp =  0.00987
 plradd ia,ip,cpol           24           0  8.28777403E-02

 Point added to stored polar  1
 Point written to save file  fx76mp160_Re500k.base.pol                       
 Dump file unspecified or not available
 Calculating wake trajectory ...
 Calculating source influence matrix ...

 Solving BL system ...

 Side 1  free  transition at x/c =  0.4404   51
 Side 2 forced transition at x/c =  1.0000   80

   1   rms: 0.7779E-01   max: 0.4545E+00   C at   51  1   RLX: 0.890
       a =  8.000      CL =  1.3690
      Cm = -0.1246     CD =  0.01680   =>   CDf =  0.00537    CDp =  0.01143

 Side 1  free  transition at x/c =  0.4184   50
 Side 2 forced transition at x/c =  1.0000   80

   2   rms: 0.1041E-01   max: -.1087E+00   D at   51  1
       a =  8.000      CL =  1.3748
      Cm = -0.1247     CD =  0.01684   =>   CDf =  0.00546    CDp =  0.01138

 Side 1  free  transition at x/c =  0.4159   50
 Side 2 forced transition at x/c =  1.0000   80

   3   rms: 0.3996E-03   max: -.5929E-02   D at   51  1
       a =  8.000      CL =  1.3746
      Cm = -0.1247     CD =  0.01685   =>   CDf =  0.00547    CDp =  0.01138

 Side 1  free  transition at x/c =  0.4157   50
 Side 2 forced transition at x/c =  1.0000   80

   4   rms: 0.8113E-05   max: 0.3970E-04   D at   71  1
       a =  8.000      CL =  1.3746
      Cm = -0.1247     CD =  0.01685   =>   CDf =  0.00547    CDp =  0.01138
 plradd ia,ip,cpol           25           0  5.26660085E-02

 Point added to stored polar  1
 Point written to save file  fx76mp160_Re500k.base.pol                       
 Dump file unspecified or not available
 Calculating wake trajectory ...
 Calculating source influence matrix ...

 Solving BL system ...

 Side 1  free  transition at x/c =  0.4157   50
 Side 2 forced transition at x/c =  1.0000   80

   1   rms: 0.8021E-01   max: -.4515E+00   D at   50  1   RLX: 0.826
       a =  8.500      CL =  1.3855
      Cm = -0.1205     CD =  0.01869   =>   CDf =  0.00548    CDp =  0.01321

 Side 1  free  transition at x/c =  0.3941   48
 Side 2 forced transition at x/c =  1.0000   80

   2   rms: 0.1817E-01   max: 0.1651E+00   D at   49  1
       a =  8.500      CL =  1.3982
      Cm = -0.1211     CD =  0.01857   =>   CDf =  0.00557    CDp =  0.01300

 Side 1  free  transition at x/c =  0.3909   48
 Side 2 forced transition at x/c =  1.0000   80

   3   rms: 0.9491E-03   max: 0.1007E-01   C at   48  1
       a =  8.500      CL =  1.3978
      Cm = -0.1211     CD =  0.01858   =>   CDf =  0.00556    CDp =  0.01302

 Side 1  free  transition at x/c =  0.3906   48
 Side 2 forced transition at x/c =  1.0000   80

   4   rms: 0.2543E-04   max: 0.1635E-03   D at   70  1
       a =  8.500      CL =  1.3977
      Cm = -0.1211     CD =  0.01858   =>   CDf =  0.00556    CDp =  0.01301
 plradd ia,ip,cpol           26           0  5.26660085E-02

 Point added to stored polar  1
 Point written to save file  fx76mp160_Re500k.base.pol                       
 Dump file unspecified or not available
 Calculating wake trajectory ...
 Calculating source influence matrix ...

 Solving BL system ...

 Side 1  free  transition at x/c =  0.3906   48
 Side 2 forced transition at x/c =  1.0000   80

   1   rms: 0.6988E-01   max: 0.4724E+00   C at   48  1   RLX: 0.796
       a =  9.000      CL =  1.4196
      Cm = -0.1188     CD =  0.01990   =>   CDf =  0.00534    CDp =  0.01456

 Side 1  free  transition at x/c =  0.3717   48
 Side 2 forced transition at x/c =  1.0000   79

   2   rms: 0.1546E-01   max: -.1198E+00   D at    3  1
       a =  9.000      CL =  1.4222
      Cm = -0.1178     CD =  0.02036   =>   CDf =  0.00568    CDp =  0.01468

 Side 1  free  transition at x/c =  0.3690   48
 Side 2 forced transition at x/c =  1.0000   79

   3   rms: 0.1589E-02   max: 0.1231E-01   D at   70  1
       a =  9.000      CL =  1.4213
      Cm = -0.1177     CD =  0.02039   =>   CDf =  0.00564    CDp =  0.01476

 Side 1  free  transition at x/c =  0.3691   48
 Side 2 forced transition at x/c =  1.0000   79

   4   rms: 0.5735E-04   max: 0.3798E-03   D at   70  1
       a =  9.000      CL =  1.4212
      Cm = -0.1177     CD =  0.02039   =>   CDf =  0.00564    CDp =  0.01476
 plradd ia,ip,cpol           27           0  5.26660085E-02

 Point added to stored polar  1
 Point written to save file  fx76mp160_Re500k.base.pol                       
 Dump file unspecified or not available
 Calculating wake trajectory ...
 Calculating source influence matrix ...

 Solving BL system ...

 Side 1  free  transition at x/c =  0.3691   48
 Side 2 forced transition at x/c =  1.0000   79

   1   rms: 0.6659E-01   max: 0.2475E+00   C at   48  1   RLX: 0.756
       a =  9.500      CL =  1.4439
      Cm = -0.1159     CD =  0.02161   =>   CDf =  0.00564    CDp =  0.01597

 Side 1  free  transition at x/c =  0.3510   47
 Side 2 forced transition at x/c =  1.0000   79

   2   rms: 0.1542E-01   max: -.8132E-01   D at   47  1
       a =  9.500      CL =  1.4474
      Cm = -0.1148     CD =  0.02217   =>   CDf =  0.00572    CDp =  0.01645

 Side 1  free  transition at x/c =  0.3475   47
 Side 2 forced transition at x/c =  1.0000   79

   3   rms: 0.1115E-02   max: 0.1004E-01   D at   88  2
       a =  9.500      CL =  1.4465
      Cm = -0.1147     CD =  0.02219   =>   CDf =  0.00569    CDp =  0.01650

 Side 1  free  transition at x/c =  0.3477   47
 Side 2 forced transition at x/c =  1.0000   79

   4   rms: 0.2733E-04   max: 0.2354E-03   D at   69  1
       a =  9.500      CL =  1.4465
      Cm = -0.1147     CD =  0.02219   =>   CDf =  0.00569    CDp =  0.01650
 plradd ia,ip,cpol           28           0  5.26660085E-02

 Point added to stored polar  1
 Point written to save file  fx76mp160_Re500k.base.pol                       
 Dump file unspecified or not available
 Calculating wake trajectory ...
 Calculating source influence matrix ...

 Solving BL system ...

 Side 1  free  transition at x/c =  0.3477   47
 Side 2 forced transition at x/c =  1.0000   79

   1   rms: 0.6471E-01   max: 0.3279E+00   C at   47  1   RLX: 0.718
       a = 10.000      CL =  1.4672
      Cm = -0.1130     CD =  0.02343   =>   CDf =  0.00545    CDp =  0.01798

 Side 1  free  transition at x/c =  0.3318   47
 Side 2 forced transition at x/c =  1.0000   78

   2   rms: 0.1919E-01   max: -.1121E+00   D at    3  1
       a = 10.000      CL =  1.4707
      Cm = -0.1118     CD =  0.02416   =>   CDf =  0.00577    CDp =  0.01839

 Side 1  free  transition at x/c =  0.3281   47
 Side 2 forced transition at x/c =  1.0000   78

   3   rms: 0.1356E-02   max: -.8208E-02   D at    4  1
       a = 10.000      CL =  1.4698
      Cm = -0.1117     CD =  0.02417   =>   CDf =  0.00575    CDp =  0.01842

 Side 1  free  transition at x/c =  0.3283   47
 Side 2 forced transition at x/c =  1.0000   78

   4   rms: 0.9859E-05   max: -.1832E-03   C at   78  2
       a = 10.000      CL =  1.4698
      Cm = -0.1117     CD =  0.02417   =>   CDf =  0.00574    CDp =  0.01842
 plradd ia,ip,cpol           29           0  5.26660085E-02

 Point added to stored polar  1
 Point written to save file  fx76mp160_Re500k.base.pol                       
 Dump file unspecified or not available

.OPERva   c>  
 Solving BL system ...

 Side 1  free  transition at x/c =  0.3283   47
 Side 2 forced transition at x/c =  1.0000   78

   1   rms: 0.4552E-06   max: -.2318E-05   C at   47  1
       a = 10.000      CL =  1.4698
      Cm = -0.1117     CD =  0.02417   =>   CDf =  0.00574    CDp =  0.01842
 plradd ia,ip,cpol           30         182  5.26660085E-02

 Point added to stored polar  1
 Point written to save file  fx76mp160_Re500k.base.pol                       
 Dump file unspecified or not available
 Calculating wake trajectory ...
 Calculating source influence matrix ...

 Solving BL system ...

 Side 1  free  transition at x/c =  0.3283   47
 Side 2 forced transition at x/c =  1.0000   78

   1   rms: 0.3327E-01   max: 0.2182E+00   C at   47  1   RLX: 0.695
       a = 10.250      CL =  1.4788
      Cm = -0.1108     CD =  0.02486   =>   CDf =  0.00575    CDp =  0.01912

 Side 1  free  transition at x/c =  0.3216   47
 Side 2 forced transition at x/c =  1.0000   78

   2   rms: 0.1028E-01   max: -.4350E-01   D at   47  1
       a = 10.250      CL =  1.4803
      Cm = -0.1101     CD =  0.02528   =>   CDf =  0.00579    CDp =  0.01950

 Side 1  free  transition at x/c =  0.3193   47
 Side 2 forced transition at x/c =  1.0000   78

   3   rms: 0.8578E-03   max: 0.7234E-02   D at   69  1
       a = 10.250      CL =  1.4796
      Cm = -0.1100     CD =  0.02530   =>   CDf =  0.00580    CDp =  0.01950

 Side 1  free  transition at x/c =  0.3192   47
 Side 2 forced transition at x/c =  1.0000   78

   4   rms: 0.3736E-04   max: -.2942E-03   C at   78  2
       a = 10.250      CL =  1.4796
      Cm = -0.1100     CD =  0.02530   =>   CDf =  0.00580    CDp =  0.01950
 plradd ia,ip,cpol           31           0  5.26660085E-02

 Point added to stored polar  1
 Point written to save file  fx76mp160_Re500k.base.pol                       
 Dump file unspecified or not available
 Calculating wake trajectory ...
 Calculating source influence matrix ...

 Solving BL system ...

 Side 1  free  transition at x/c =  0.3192   47
 Side 2 forced transition at x/c =  1.0000   78

   1   rms: 0.3369E-01   max: -.1626E+00   D at   47  1   RLX: 0.673
       a = 10.500      CL =  1.4854
      Cm = -0.1089     CD =  0.02618   =>   CDf =  0.00580    CDp =  0.02038

 Side 1  free  transition at x/c =  0.3144   46
 Side 2 forced transition at x/c =  1.0000   78

   2   rms: 0.1137E-01   max: -.4495E-01   D at   46  1
       a = 10.500      CL =  1.4939
      Cm = -0.1089     CD =  0.02619   =>   CDf =  0.00580    CDp =  0.02038

 Side 1  free  transition at x/c =  0.3118   46
 Side 2 forced transition at x/c =  1.0000   78

   3   rms: 0.4960E-03   max: -.2222E-02   C at   46  1
       a = 10.500      CL =  1.4934
      Cm = -0.1088     CD =  0.02621   =>   CDf =  0.00578    CDp =  0.02043

 Side 1  free  transition at x/c =  0.3119   46
 Side 2 forced transition at x/c =  1.0000   78

   4   rms: 0.7490E-05   max: -.1317E-03   C at   78  2
       a = 10.500      CL =  1.4934
      Cm = -0.1088     CD =  0.02621   =>   CDf =  0.00578    CDp =  0.02043
 plradd ia,ip,cpol           32           0  5.26660085E-02

 Point added to stored polar  1
 Point written to save file  fx76mp160_Re500k.base.pol                       
 Dump file unspecified or not available
 Calculating wake trajectory ...
 Calculating source influence matrix ...

 Solving BL system ...

 Side 1  free  transition at x/c =  0.3119   46
 Side 2 forced transition at x/c =  1.0000   78

   1   rms: 0.3102E-01   max: 0.5365E-01   D at   91  2   RLX: 0.665
       a = 10.750      CL =  1.5040
      Cm = -0.1082     CD =  0.02677   =>   CDf =  0.00552    CDp =  0.02124

 Side 1  free  transition at x/c =  0.3060   47
 Side 2 forced transition at x/c =  1.0000   77

   2   rms: 0.1032E-01   max: -.4189E-01   D at   47  1
       a = 10.750      CL =  1.5071
      Cm = -0.1077     CD =  0.02716   =>   CDf =  0.00578    CDp =  0.02138

 Side 1  free  transition at x/c =  0.3035   47
 Side 2 forced transition at x/c =  1.0000   77

   3   rms: 0.5475E-03   max: -.2953E-02   C at   77  2
       a = 10.750      CL =  1.5066
      Cm = -0.1076     CD =  0.02716   =>   CDf =  0.00578    CDp =  0.02138

 Side 1  free  transition at x/c =  0.3036   47
 Side 2 forced transition at x/c =  1.0000   77

   4   rms: 0.8700E-05   max: -.1850E-03   C at   77  2
       a = 10.750      CL =  1.5066
      Cm = -0.1076     CD =  0.02716   =>   CDf =  0.00578    CDp =  0.02138
 plradd ia,ip,cpol           33           0  5.26660085E-02

 Point added to stored polar  1
 Point written to save file  fx76mp160_Re500k.base.pol                       
 Dump file unspecified or not available
 Calculating wake trajectory ...
 Calculating source influence matrix ...

 Solving BL system ...

 Side 1  free  transition at x/c =  0.3036   47
 Side 2 forced transition at x/c =  1.0000   77

   1   rms: 0.3223E-01   max: -.1404E+00   D at   47  1   RLX: 0.648
       a = 11.000      CL =  1.5145
      Cm = -0.1068     CD =  0.02788   =>   CDf =  0.00578    CDp =  0.02210

 Side 1  free  transition at x/c =  0.2982   47
 Side 2 forced transition at x/c =  1.0000   77

   2   rms: 0.1164E-01   max: -.5319E-01   D at   47  1
       a = 11.000      CL =  1.5165
      Cm = -0.1061     CD =  0.02838   =>   CDf =  0.00581    CDp =  0.02257

 Side 1  free  transition at x/c =  0.2958   46
 Side 2 forced transition at x/c =  1.0000   77

   3   rms: 0.1045E-02   max: -.1415E-01   C at   46  1
       a = 11.000      CL =  1.5171
      Cm = -0.1061     CD =  0.02831   =>   CDf =  0.00581    CDp =  0.02250

 Side 1  free  transition at x/c =  0.2958   46
 Side 2 forced transition at x/c =  1.0000   77

   4   rms: 0.4357E-04   max: -.2287E-03   D at   69  1
       a = 11.000      CL =  1.5171
      Cm = -0.1061     CD =  0.02831   =>   CDf =  0.00581    CDp =  0.02250
 plradd ia,ip,cpol           34           0  5.26660085E-02

 Point added to stored polar  1
 Point written to save file  fx76mp160_Re500k.base.pol                       
 Dump file unspecified or not available
 Calculating wake trajectory ...
 Calculating source influence matrix ...

 Solving BL system ...

 Side 1  free  transition at x/c =  0.2958   46
 Side 2 forced transition at x/c =  1.0000   77

   1   rms: 0.3106E-01   max: 0.4245E-01   D at   90  2   RLX: 0.637
       a = 11.250      CL =  1.5288
      Cm = -0.1058     CD =  0.02876   =>   CDf =  0.00581    CDp =  0.02295

 Side 1  free  transition at x/c =  0.2910   46
 Side 2 forced transition at x/c =  1.0000   77

   2   rms: 0.1096E-01   max: -.3530E-01   D at   46  1
       a = 11.250      CL =  1.5328
      Cm = -0.1053     CD =  0.02918   =>   CDf =  0.00578    CDp =  0.02340

 Side 1  free  transition at x/c =  0.2881   46
 Side 2 forced transition at x/c =  1.0000   77

   3   rms: 0.6329E-03   max: -.4721E-02   C at   46  1
       a = 11.250      CL =  1.5323
      Cm = -0.1052     CD =  0.02919   =>   CDf =  0.00577    CDp =  0.02342

 Side 1  free  transition at x/c =  0.2883   46
 Side 2 forced transition at x/c =  1.0000   77

   4   rms: 0.1089E-04   max: -.2197E-03   C at   77  2
       a = 11.250      CL =  1.5322
      Cm = -0.1052     CD =  0.02919   =>   CDf =  0.00577    CDp =  0.02342
 plradd ia,ip,cpol           35           0  2.68074386E-02

 Point added to stored polar  1
 Point written to save file  fx76mp160_Re500k.base.pol                       
 Dump file unspecified or not available
 Calculating wake trajectory ...
 Calculating source influence matrix ...

 Solving BL system ...

 Side 1  free  transition at x/c =  0.2883   46
 Side 2 forced transition at x/c =  1.0000   77

   1   rms: 0.3102E-01   max: 0.1187E+00   C at   46  1   RLX: 0.622
       a = 11.500      CL =  1.5408
      Cm = -0.1046     CD =  0.02985   =>   CDf =  0.00577    CDp =  0.02409

 Side 1  free  transition at x/c =  0.2826   46
 Side 2 forced transition at x/c =  1.0000   77

   2   rms: 0.1177E-01   max: -.5376E-01   D at   46  1
       a = 11.500      CL =  1.5435
      Cm = -0.1039     CD =  0.03038   =>   CDf =  0.00579    CDp =  0.02460

 Side 1  free  transition at x/c =  0.2800   46
 Side 2 forced transition at x/c =  1.0000   77

   3   rms: 0.7151E-03   max: 0.5580E-02   D at   88  2
       a = 11.500      CL =  1.5429
      Cm = -0.1039     CD =  0.03038   =>   CDf =  0.00579    CDp =  0.02459

 Side 1  free  transition at x/c =  0.2801   46
 Side 2 forced transition at x/c =  1.0000   77

   4   rms: 0.1885E-04   max: -.2900E-03   C at   77  2
       a = 11.500      CL =  1.5428
      Cm = -0.1039     CD =  0.03038   =>   CDf =  0.00579    CDp =  0.02459
 plradd ia,ip,cpol           36           0  2.68074386E-02

 Point added to stored polar  1
 Point written to save file  fx76mp160_Re500k.base.pol                       
 Dump file unspecified or not available
 Calculating wake trajectory ...
 Calculating source influence matrix ...

 Solving BL system ...

 Side 1  free  transition at x/c =  0.2801   46
 Side 2 forced transition at x/c =  1.0000   77

   1   rms: 0.3257E-01   max: -.1693E+00   D at   46  1   RLX: 0.605
       a = 11.750      CL =  1.5487
      Cm = -0.1030     CD =  0.03120   =>   CDf =  0.00579    CDp =  0.02541

 Side 1  free  transition at x/c =  0.2760   45
 Side 2 forced transition at x/c =  1.0000   77

   2   rms: 0.1237E-01   max: 0.1699E-01   D at   88  2
       a = 11.750      CL =  1.5562
      Cm = -0.1028     CD =  0.03141   =>   CDf =  0.00552    CDp =  0.02589

 Side 1  free  transition at x/c =  0.2731   46
 Side 2 forced transition at x/c =  1.0000   76
 idif Ue xi dudx           1  8.19993913E-02  4.07052040E-03   20.144695    
 Uenew xinew           2  3.33799428E-04  1.65700912E-05

   3   rms: 0.4890E-01   max: -.8643E+00   T at    2  1   RLX: 0.579
       a = 11.750      CL =  1.5558
      Cm = -0.1028     CD =  0.03142   =>   CDf =  0.00602    CDp =  0.02540

 Side 1  free  transition at x/c =  0.2732   45
 Side 2 forced transition at x/c =  1.0000   77

   4   rms: 0.1631E-02   max: -.2067E-01   D at    3  1
       a = 11.750      CL =  1.5555
      Cm = -0.1027     CD =  0.03144   =>   CDf =  0.00579    CDp =  0.02565

 Side 1  free  transition at x/c =  0.2732   45
 Side 2 forced transition at x/c =  1.0000   77

   5   rms: 0.6815E-03   max: 0.8163E-02   D at    4  2
       a = 11.750      CL =  1.5555
      Cm = -0.1027     CD =  0.03144   =>   CDf =  0.00578    CDp =  0.02565

 Side 1  free  transition at x/c =  0.2732   45
 Side 2 forced transition at x/c =  1.0000   77

   6   rms: 0.5220E-05   max: 0.6994E-04   D at    4  2
       a = 11.750      CL =  1.5555
      Cm = -0.1027     CD =  0.03144   =>   CDf =  0.00578    CDp =  0.02565
 plradd ia,ip,cpol           37           0  2.68074386E-02

 Point added to stored polar  1
 Point written to save file  fx76mp160_Re500k.base.pol                       
 Dump file unspecified or not available
 Calculating wake trajectory ...
 Calculating source influence matrix ...

 Solving BL system ...

 Side 1  free  transition at x/c =  0.2732   45
 Side 2 forced transition at x/c =  1.0000   77

   1   rms: 0.3923E-01   max: -.4792E+00   D at    3  2   RLX: 0.596
       a = 12.000      CL =  1.5640
      Cm = -0.1022     CD =  0.03206   =>   CDf =  0.00551    CDp =  0.02655

 Side 1  free  transition at x/c =  0.2688   46
 Side 2 forced transition at x/c =  1.0000   76

   2   rms: 0.1323E-01   max: -.6021E-01   D at    4  2
       a = 12.000      CL =  1.5673
      Cm = -0.1016     CD =  0.03262   =>   CDf =  0.00578    CDp =  0.02683

 Side 1  free  transition at x/c =  0.2661   46
 Side 2 forced transition at x/c =  1.0000   76

   3   rms: 0.1302E-02   max: 0.8294E-02   D at   69  1
       a = 12.000      CL =  1.5663
      Cm = -0.1015     CD =  0.03265   =>   CDf =  0.00579    CDp =  0.02686

 Side 1  free  transition at x/c =  0.2663   46
 Side 2 forced transition at x/c =  1.0000   76

   4   rms: 0.3443E-04   max: -.7150E-03   C at   76  2
       a = 12.000      CL =  1.5663
      Cm = -0.1015     CD =  0.03264   =>   CDf =  0.00579    CDp =  0.02686
 plradd ia,ip,cpol           38           0  2.68074386E-02

 Point added to stored polar  1
 Point written to save file  fx76mp160_Re500k.base.pol                       
 Dump file unspecified or not available
 Calculating wake trajectory ...
 Calculating source influence matrix ...

 Solving BL system ...

 Side 1  free  transition at x/c =  0.2663   46
 Side 2 forced transition at x/c =  1.0000   76

   1   rms: 0.3213E-01   max: 0.1411E+00   C at   46  1   RLX: 0.580
       a = 12.250      CL =  1.5718
      Cm = -0.1007     CD =  0.03349   =>   CDf =  0.00579    CDp =  0.02770

 Side 1  free  transition at x/c =  0.2621   46
 Side 2 forced transition at x/c =  1.0000   76

   2   rms: 0.1363E-01   max: -.6232E-01   D at   46  1
       a = 12.250      CL =  1.5740
      Cm = -0.1000     CD =  0.03417   =>   CDf =  0.00581    CDp =  0.02836

 Side 1  free  transition at x/c =  0.2592   46
 Side 2 forced transition at x/c =  1.0000   76

   3   rms: 0.8170E-03   max: -.9266E-02   D at   46  1
       a = 12.250      CL =  1.5735
      Cm = -0.0999     CD =  0.03414   =>   CDf =  0.00582    CDp =  0.02831

 Side 1  free  transition at x/c =  0.2590   46
 Side 2 forced transition at x/c =  1.0000   76

   4   rms: 0.2535E-04   max: -.2619E-03   C at   76  2
       a = 12.250      CL =  1.5735
      Cm = -0.0999     CD =  0.03414   =>   CDf =  0.00583    CDp =  0.02831
 plradd ia,ip,cpol           39           0  2.68074386E-02

 Point added to stored polar  1
 Point written to save file  fx76mp160_Re500k.base.pol                       
 Dump file unspecified or not available
 Calculating wake trajectory ...
 Calculating source influence matrix ...

 Solving BL system ...

 Side 1  free  transition at x/c =  0.2590   46
 Side 2 forced transition at x/c =  1.0000   76

   1   rms: 0.3164E-01   max: -.1334E+00   D at   46  1   RLX: 0.564
       a = 12.500      CL =  1.5778
      Cm = -0.0991     CD =  0.03504   =>   CDf =  0.00583    CDp =  0.02921

 Side 1  free  transition at x/c =  0.2550   45
 Side 2 forced transition at x/c =  1.0000   76

   2   rms: 0.1589E-01   max: -.1056E+00   D at   45  1
       a = 12.500      CL =  1.5891
      Cm = -0.0992     CD =  0.03505   =>   CDf =  0.00580    CDp =  0.02926

 Side 1  free  transition at x/c =  0.2528   45
 Side 2 forced transition at x/c =  1.0000   76

   3   rms: 0.4943E-03   max: -.2626E-02   C at   76  2
       a = 12.500      CL =  1.5885
      Cm = -0.0991     CD =  0.03508   =>   CDf =  0.00577    CDp =  0.02931

 Side 1  free  transition at x/c =  0.2528   45
 Side 2 forced transition at x/c =  1.0000   76

   4   rms: 0.2326E-05   max: -.4005E-04   C at   76  2
       a = 12.500      CL =  1.5885
      Cm = -0.0991     CD =  0.03508   =>   CDf =  0.00576    CDp =  0.02931
 plradd ia,ip,cpol           40           0  2.68074386E-02

 Point added to stored polar  1
 Point written to save file  fx76mp160_Re500k.base.pol                       
 Dump file unspecified or not available
 Calculating wake trajectory ...
 Calculating source influence matrix ...

 Solving BL system ...

 Side 1  free  transition at x/c =  0.2528   45
 Side 2 forced transition at x/c =  1.0000   76

   1   rms: 0.3014E-01   max: 0.5231E-01   D at   91  2   RLX: 0.559
       a = 12.750      CL =  1.5964
      Cm = -0.0987     CD =  0.03571   =>   CDf =  0.00577    CDp =  0.02994

 Side 1  free  transition at x/c =  0.2489   45
 Side 2 forced transition at x/c =  1.0000   76

   2   rms: 0.1320E-01   max: -.5303E-01   D at   45  1
       a = 12.750      CL =  1.6006
      Cm = -0.0981     CD =  0.03630   =>   CDf =  0.00576    CDp =  0.03054

 Side 1  free  transition at x/c =  0.2461   45
 Side 2 forced transition at x/c =  1.0000   76

   3   rms: 0.1192E-02   max: 0.7602E-02   D at   68  1
       a = 12.750      CL =  1.5996
      Cm = -0.0980     CD =  0.03633   =>   CDf =  0.00576    CDp =  0.03057

 Side 1  free  transition at x/c =  0.2463   45
 Side 2 forced transition at x/c =  1.0000   76

   4   rms: 0.5478E-04   max: -.7683E-03   C at   76  2
       a = 12.750      CL =  1.5995
      Cm = -0.0980     CD =  0.03633   =>   CDf =  0.00576    CDp =  0.03057
 plradd ia,ip,cpol           41           0  2.68074386E-02

 Point added to stored polar  1
 Point written to save file  fx76mp160_Re500k.base.pol                       
 Dump file unspecified or not available
 Calculating wake trajectory ...
 Calculating source influence matrix ...

 Solving BL system ...

 Side 1  free  transition at x/c =  0.2463   45
 Side 2 forced transition at x/c =  1.0000   76

   1   rms: 0.3166E-01   max: -.1537E+00   D at   45  1   RLX: 0.545
       a = 13.000      CL =  1.6044
      Cm = -0.0974     CD =  0.03718   =>   CDf =  0.00547    CDp =  0.03172

 Side 1  free  transition at x/c =  0.2421   46
 Side 2 forced transition at x/c =  1.0000   75

   2   rms: 0.1499E-01   max: -.7174E-01   D at   46  1
       a = 13.000      CL =  1.6055
      Cm = -0.0966     CD =  0.03808   =>   CDf =  0.00578    CDp =  0.03230

 Side 1  free  transition at x/c =  0.2391   45
 Side 2 forced transition at x/c =  1.0000   75

   3   rms: 0.1834E-02   max: -.2232E-01   C at   45  1
       a = 13.000      CL =  1.6064
      Cm = -0.0966     CD =  0.03789   =>   CDf =  0.00577    CDp =  0.03212

 Side 1  free  transition at x/c =  0.2392   45
 Side 2 forced transition at x/c =  1.0000   75

   4   rms: 0.1122E-03   max: 0.1003E-02   C at   75  2
       a = 13.000      CL =  1.6065
      Cm = -0.0966     CD =  0.03790   =>   CDf =  0.00577    CDp =  0.03213

 Side 1  free  transition at x/c =  0.2392   45
 Side 2 forced transition at x/c =  1.0000   75

   5   rms: 0.6102E-05   max: 0.8691E-04   C at   75  2
       a = 13.000      CL =  1.6065
      Cm = -0.0966     CD =  0.03790   =>   CDf =  0.00577    CDp =  0.03213
 plradd ia,ip,cpol           42           0  2.68074386E-02

 Point added to stored polar  1
 Point written to save file  fx76mp160_Re500k.base.pol                       
 Dump file unspecified or not available
 Calculating wake trajectory ...
 Calculating source influence matrix ...

 Solving BL system ...

 Side 1  free  transition at x/c =  0.2392   45
 Side 2 forced transition at x/c =  1.0000   75

   1   rms: 0.3108E-01   max: -.1491E+00   C at   45  1   RLX: 0.537
       a = 13.250      CL =  1.6159
      Cm = -0.0964     CD =  0.03838   =>   CDf =  0.00577    CDp =  0.03261

 Side 1  free  transition at x/c =  0.2355   45
 Side 2 forced transition at x/c =  1.0000   75

   2   rms: 0.1368E-01   max: -.5017E-01   D at   45  1
       a = 13.250      CL =  1.6215
      Cm = -0.0960     CD =  0.03896   =>   CDf =  0.00573    CDp =  0.03323

 Side 1  free  transition at x/c =  0.2316   45
 Side 2 forced transition at x/c =  1.0000   75

   3   rms: 0.1301E-02   max: -.1246E-01   C at   45  1
       a = 13.250      CL =  1.6204
      Cm = -0.0958     CD =  0.03898   =>   CDf =  0.00572    CDp =  0.03326

 Side 1  free  transition at x/c =  0.2320   45
 Side 2 forced transition at x/c =  1.0000   75

   4   rms: 0.3253E-04   max: -.6663E-03   C at   75  2
       a = 13.250      CL =  1.6204
      Cm = -0.0958     CD =  0.03898   =>   CDf =  0.00571    CDp =  0.03327
 plradd ia,ip,cpol           43           0  1.62484462E-03

 Point added to stored polar  1
 Point written to save file  fx76mp160_Re500k.base.pol                       
 Dump file unspecified or not available
 Calculating wake trajectory ...
 Calculating source influence matrix ...

 Solving BL system ...

 Side 1  free  transition at x/c =  0.2320   45
 Side 2 forced transition at x/c =  1.0000   75

   1   rms: 0.3074E-01   max: -.1376E+00   D at   45  1   RLX: 0.525
       a = 13.500      CL =  1.6266
      Cm = -0.0954     CD =  0.03970   =>   CDf =  0.00571    CDp =  0.03399

 Side 1  free  transition at x/c =  0.2272   45
 Side 2 forced transition at x/c =  1.0000   75

   2   rms: 0.1469E-01   max: -.7891E-01   D at   45  1
       a = 13.500      CL =  1.6295
      Cm = -0.0948     CD =  0.04053   =>   CDf =  0.00573    CDp =  0.03480

 Side 1  free  transition at x/c =  0.2238   45
 Side 2 forced transition at x/c =  1.0000   75

   3   rms: 0.1418E-02   max: -.1073E-01   C at   75  2
       a = 13.500      CL =  1.6282
      Cm = -0.0946     CD =  0.04055   =>   CDf =  0.00574    CDp =  0.03481

 Side 1  free  transition at x/c =  0.2238   45
 Side 2 forced transition at x/c =  1.0000   75

   4   rms: 0.8564E-04   max: -.1065E-02   C at   75  2
       a = 13.500      CL =  1.6281
      Cm = -0.0946     CD =  0.04054   =>   CDf =  0.00574    CDp =  0.03481
 plradd ia,ip,cpol           44           0  1.62484462E-03

 Point added to stored polar  1
 Point written to save file  fx76mp160_Re500k.base.pol                       
 Dump file unspecified or not available
 Calculating wake trajectory ...
 Calculating source influence matrix ...

 Solving BL system ...

 Side 1  free  transition at x/c =  0.2238   45
 Side 2 forced transition at x/c =  1.0000   75

   1   rms: 0.3183E-01   max: -.1922E+00   D at   45  1   RLX: 0.511
       a = 13.750      CL =  1.6309
      Cm = -0.0940     CD =  0.04157   =>   CDf =  0.00574    CDp =  0.03583

 Side 1  free  transition at x/c =  0.2204   44
 Side 2 forced transition at x/c =  1.0000   75

   2   rms: 0.1444E-01   max: -.5815E-01   D at   44  1
       a = 13.750      CL =  1.6384
      Cm = -0.0937     CD =  0.04201   =>   CDf =  0.00574    CDp =  0.03628

 Side 1  free  transition at x/c =  0.2170   44
 Side 2 forced transition at x/c =  1.0000   75

   3   rms: 0.1233E-02   max: -.7179E-02   C at   75  2
       a = 13.750      CL =  1.6372
      Cm = -0.0936     CD =  0.04205   =>   CDf =  0.00572    CDp =  0.03633

 Side 1  free  transition at x/c =  0.2172   44
 Side 2 forced transition at x/c =  1.0000   75

   4   rms: 0.4441E-04   max: -.8060E-03   C at   75  2
       a = 13.750      CL =  1.6372
      Cm = -0.0936     CD =  0.04205   =>   CDf =  0.00571    CDp =  0.03633
 plradd ia,ip,cpol           45           0  1.62484462E-03

 Point added to stored polar  1
 Point written to save file  fx76mp160_Re500k.base.pol                       
 Dump file unspecified or not available
 Calculating wake trajectory ...
 Calculating source influence matrix ...

 Solving BL system ...

 Side 1  free  transition at x/c =  0.2172   44
 Side 2 forced transition at x/c =  1.0000   75

   1   rms: 0.3017E-01   max: 0.1296E+00   C at   44  1   RLX: 0.503
       a = 14.000      CL =  1.6428
      Cm = -0.0932     CD =  0.04281   =>   CDf =  0.00572    CDp =  0.03709

 Side 1  free  transition at x/c =  0.2137   44
 Side 2 forced transition at x/c =  1.0000   75

   2   rms: 0.1500E-01   max: 0.6427E-01   C at   44  1
       a = 14.000      CL =  1.6464
      Cm = -0.0926     CD =  0.04365   =>   CDf =  0.00571    CDp =  0.03794

 Side 1  free  transition at x/c =  0.2105   44
 Side 2 forced transition at x/c =  1.0000   75

   3   rms: 0.1355E-02   max: -.1161E-01   C at   75  2
       a = 14.000      CL =  1.6453
      Cm = -0.0925     CD =  0.04364   =>   CDf =  0.00572    CDp =  0.03792

 Side 1  free  transition at x/c =  0.2107   44
 Side 2 forced transition at x/c =  1.0000   75

   4   rms: 0.5034E-04   max: -.7675E-03   C at   75  2
       a = 14.000      CL =  1.6452
      Cm = -0.0925     CD =  0.04364   =>   CDf =  0.00571    CDp =  0.03792
 plradd ia,ip,cpol           46           0  8.15781008E-04

 Point added to stored polar  1
 Point written to save file  fx76mp160_Re500k.base.pol                       
 Dump file unspecified or not available
 Calculating wake trajectory ...
 Calculating source influence matrix ...

 Solving BL system ...

 Side 1  free  transition at x/c =  0.2107   44
 Side 2 forced transition at x/c =  1.0000   75

   1   rms: 0.3365E-01   max: -.2554E+00   D at    3  2   RLX: 0.491
       a = 14.250      CL =  1.6488
      Cm = -0.0920     CD =  0.04456   =>   CDf =  0.00541    CDp =  0.03915

 Side 1  free  transition at x/c =  0.2073   45
 Side 2 forced transition at x/c =  1.0000   74

   2   rms: 0.1677E-01   max: 0.9055E-01   T at    2  1
       a = 14.250      CL =  1.6507
      Cm = -0.0913     CD =  0.04559   =>   CDf =  0.00573    CDp =  0.03987

 Side 1  free  transition at x/c =  0.2040   44
 Side 2 forced transition at x/c =  1.0000   74

   3   rms: 0.1379E-02   max: -.1414E-01   C at   74  2
       a = 14.250      CL =  1.6498
      Cm = -0.0912     CD =  0.04554   =>   CDf =  0.00573    CDp =  0.03981

 Side 1  free  transition at x/c =  0.2039   44
 Side 2 forced transition at x/c =  1.0000   74

   4   rms: 0.6062E-04   max: -.7996E-03   C at   74  2
       a = 14.250      CL =  1.6498
      Cm = -0.0912     CD =  0.04554   =>   CDf =  0.00573    CDp =  0.03981
 plradd ia,ip,cpol           47           0  1.62484462E-03

 Point added to stored polar  1
 Point written to save file  fx76mp160_Re500k.base.pol                       
 Dump file unspecified or not available
 Calculating wake trajectory ...
 Calculating source influence matrix ...

 Solving BL system ...

 Side 1  free  transition at x/c =  0.2039   44
 Side 2 forced transition at x/c =  1.0000   74

   1   rms: 0.2882E-01   max: -.1214E+00   C at   44  1   RLX: 0.483
       a = 14.500      CL =  1.6570
      Cm = -0.0909     CD =  0.04611   =>   CDf =  0.00574    CDp =  0.04037

 Side 1  free  transition at x/c =  0.2017   44
 Side 2 forced transition at x/c =  1.0000   74

   2   rms: 0.1438E-01   max: 0.2754E-01   D at   90  2
       a = 14.500      CL =  1.6626
      Cm = -0.0905     CD =  0.04686   =>   CDf =  0.00569    CDp =  0.04117

 Side 1  free  transition at x/c =  0.1989   44
 Side 2 forced transition at x/c =  1.0000   74

   3   rms: 0.1233E-02   max: -.1071E-01   C at   74  2
       a = 14.500      CL =  1.6615
      Cm = -0.0904     CD =  0.04687   =>   CDf =  0.00565    CDp =  0.04121

 Side 1  free  transition at x/c =  0.1990   44
 Side 2 forced transition at x/c =  1.0000   74

   4   rms: 0.4854E-04   max: -.8517E-03   C at   74  2
       a = 14.500      CL =  1.6615
      Cm = -0.0904     CD =  0.04686   =>   CDf =  0.00565    CDp =  0.04121
 plradd ia,ip,cpol           48           0  1.62484462E-03

 Point added to stored polar  1
 Point written to save file  fx76mp160_Re500k.base.pol                       
 Dump file unspecified or not available
 Calculating wake trajectory ...
 Calculating source influence matrix ...

 Solving BL system ...

 Side 1  free  transition at x/c =  0.1990   44
 Side 2 forced transition at x/c =  1.0000   74

   1   rms: 0.2867E-01   max: -.9973E-01   D at   44  1   RLX: 0.473
       a = 14.750      CL =  1.6666
      Cm = -0.0901     CD =  0.04762   =>   CDf =  0.00565    CDp =  0.04197

 Side 1  free  transition at x/c =  0.1957   44
 Side 2 forced transition at x/c =  1.0000   74

   2   rms: 0.1521E-01   max: -.6748E-01   D at   44  1
       a = 14.750      CL =  1.6701
      Cm = -0.0896     CD =  0.04859   =>   CDf =  0.00564    CDp =  0.04295

 Side 1  free  transition at x/c =  0.1921   44
 Side 2 forced transition at x/c =  1.0000   74

   3   rms: 0.1590E-02   max: -.1368E-01   C at   74  2
       a = 14.750      CL =  1.6687
      Cm = -0.0894     CD =  0.04859   =>   CDf =  0.00564    CDp =  0.04295

 Side 1  free  transition at x/c =  0.1923   44
 Side 2 forced transition at x/c =  1.0000   74

   4   rms: 0.5557E-04   max: -.1022E-02   C at   74  2
       a = 14.750      CL =  1.6686
      Cm = -0.0894     CD =  0.04858   =>   CDf =  0.00564    CDp =  0.04295
 plradd ia,ip,cpol           49           0  8.15781008E-04

 Point added to stored polar  1
 Point written to save file  fx76mp160_Re500k.base.pol                       
 Dump file unspecified or not available
 Calculating wake trajectory ...
 Calculating source influence matrix ...

 Solving BL system ...

 Side 1  free  transition at x/c =  0.1924   44
 Side 2 forced transition at x/c =  1.0000   74

   1   rms: 0.3098E-01   max: -.1608E+00   D at   44  1   RLX: 0.462
       a = 15.000      CL =  1.6715
      Cm = -0.0890     CD =  0.04954   =>   CDf =  0.00564    CDp =  0.04391

 Side 1  free  transition at x/c =  0.1890   44
 Side 2 forced transition at x/c =  1.0000   74

   2   rms: 0.1707E-01   max: -.9246E-01   D at   44  1
       a = 15.000      CL =  1.6726
      Cm = -0.0883     CD =  0.05081   =>   CDf =  0.00565    CDp =  0.04516

 Side 1  free  transition at x/c =  0.1856   43
 Side 2 forced transition at x/c =  1.0000   74

   3   rms: 0.1486E-02   max: -.1568E-01   C at   43  1
       a = 15.000      CL =  1.6722
      Cm = -0.0883     CD =  0.05069   =>   CDf =  0.00564    CDp =  0.04504

 Side 1  free  transition at x/c =  0.1857   43
 Side 2 forced transition at x/c =  1.0000   74

   4   rms: 0.4004E-04   max: -.7712E-03   C at   74  2
       a = 15.000      CL =  1.6722
      Cm = -0.0883     CD =  0.05068   =>   CDf =  0.00564    CDp =  0.04503
 plradd ia,ip,cpol           50           0  8.15781008E-04

 Point added to stored polar  1
 Point written to save file  fx76mp160_Re500k.base.pol                       
 Dump file unspecified or not available
 Calculating wake trajectory ...
 Calculating source influence matrix ...

 Solving BL system ...

 Side 1  free  transition at x/c =  0.1857   43
 Side 2 forced transition at x/c =  1.0000   74

   1   rms: 0.2938E-01   max: -.1588E+00   C at   43  1   RLX: 0.455
       a = 15.250      CL =  1.6789
      Cm = -0.0881     CD =  0.05126   =>   CDf =  0.00564    CDp =  0.04562

 Side 1  free  transition at x/c =  0.1829   43
 Side 2 forced transition at x/c =  1.0000   74

   2   rms: 0.1530E-01   max: -.5496E-01   D at   43  1
       a = 15.250      CL =  1.6843
      Cm = -0.0877     CD =  0.05216   =>   CDf =  0.00528    CDp =  0.04688

 Side 1  free  transition at x/c =  0.1786   44
 Side 2 forced transition at x/c =  1.0000   73

   3   rms: 0.3778E-02   max: -.5733E-01   D at    2  1
       a = 15.250      CL =  1.6827
      Cm = -0.0876     CD =  0.05219   =>   CDf =  0.00557    CDp =  0.04662

 Side 1  free  transition at x/c =  0.1790   44
 Side 2 forced transition at x/c =  1.0000   73

   4   rms: 0.1192E-02   max: -.1409E-01   D at    4  1
       a = 15.250      CL =  1.6826
      Cm = -0.0876     CD =  0.05218   =>   CDf =  0.00556    CDp =  0.04661

 Side 1  free  transition at x/c =  0.1790   44
 Side 2 forced transition at x/c =  1.0000   73

   5   rms: 0.1788E-05   max: -.2400E-04   C at   73  2
       a = 15.250      CL =  1.6826
      Cm = -0.0876     CD =  0.05217   =>   CDf =  0.00556    CDp =  0.04661
 plradd ia,ip,cpol           51           0  8.15781008E-04

 Point added to stored polar  1
 Point written to save file  fx76mp160_Re500k.base.pol                       
 Dump file unspecified or not available
 Calculating wake trajectory ...
 Calculating source influence matrix ...

 Solving BL system ...

 Side 1  free  transition at x/c =  0.1790   44
 Side 2 forced transition at x/c =  1.0000   73

   1   rms: 0.2906E-01   max: -.1198E+00   D at   44  1   RLX: 0.445
       a = 15.500      CL =  1.6866
      Cm = -0.0873     CD =  0.05302   =>   CDf =  0.00557    CDp =  0.04746

 Side 1  free  transition at x/c =  0.1753   44
 Side 2 forced transition at x/c =  1.0000   73

   2   rms: 0.1653E-01   max: -.8492E-01   D at   44  1
       a = 15.500      CL =  1.6886
      Cm = -0.0868     CD =  0.05429   =>   CDf =  0.00557    CDp =  0.04872

 Side 1  free  transition at x/c =  0.1708   44
 Side 2 forced transition at x/c =  1.0000   73

   3   rms: 0.2344E-02   max: 0.1927E-01   D at   44  1
       a = 15.500      CL =  1.6866
      Cm = -0.0866     CD =  0.05430   =>   CDf =  0.00559    CDp =  0.04871

 Side 1  free  transition at x/c =  0.1714   44
 Side 2 forced transition at x/c =  1.0000   73

   4   rms: 0.1233E-03   max: -.1513E-02   C at   73  2
       a = 15.500      CL =  1.6865
      Cm = -0.0866     CD =  0.05429   =>   CDf =  0.00558    CDp =  0.04872

 Side 1  free  transition at x/c =  0.1714   44
 Side 2 forced transition at x/c =  1.0000   73

   5   rms: 0.4527E-05   max: -.6438E-04   C at   73  2
       a = 15.500      CL =  1.6865
      Cm = -0.0866     CD =  0.05429   =>   CDf =  0.00558    CDp =  0.04872
 plradd ia,ip,cpol           52           0  8.15781008E-04

 Point added to stored polar  1
 Point written to save file  fx76mp160_Re500k.base.pol                       
 Dump file unspecified or not available
 Calculating wake trajectory ...
 Calculating source influence matrix ...

 Solving BL system ...

 Side 1  free  transition at x/c =  0.1714   44
 Side 2 forced transition at x/c =  1.0000   73

   1   rms: 0.3272E-01   max: -.2250E+00   D at   44  1   RLX: 0.433
       a = 15.750      CL =  1.6870
      Cm = -0.0862     CD =  0.05552   =>   CDf =  0.00558    CDp =  0.04994

 Side 1  free  transition at x/c =  0.1683   43
 Side 2 forced transition at x/c =  1.0000   73

   2   rms: 0.1636E-01   max: -.6446E-01   D at   43  1
       a = 15.750      CL =  1.6922
      Cm = -0.0858     CD =  0.05646   =>   CDf =  0.00558    CDp =  0.05089

 Side 1  free  transition at x/c =  0.1640   43
 Side 2 forced transition at x/c =  1.0000   73

   3   rms: 0.2227E-02   max: -.1661E-01   C at   43  1
       a = 15.750      CL =  1.6902
      Cm = -0.0857     CD =  0.05650   =>   CDf =  0.00557    CDp =  0.05094

 Side 1  free  transition at x/c =  0.1644   43
 Side 2 forced transition at x/c =  1.0000   73

   4   rms: 0.9240E-04   max: -.1543E-02   C at   73  2
       a = 15.750      CL =  1.6901
      Cm = -0.0857     CD =  0.05649   =>   CDf =  0.00556    CDp =  0.05093
 plradd ia,ip,cpol           53           0  8.15781008E-04

 Point added to stored polar  1
 Point written to save file  fx76mp160_Re500k.base.pol                       
 Dump file unspecified or not available
 Calculating wake trajectory ...
 Calculating source influence matrix ...

 Solving BL system ...

 Side 1  free  transition at x/c =  0.1644   43
 Side 2 forced transition at x/c =  1.0000   73

   1   rms: 0.3001E-01   max: 0.2065E+00   C at   43  1   RLX: 0.425
       a = 16.000      CL =  1.6923
      Cm = -0.0854     CD =  0.05750   =>   CDf =  0.00556    CDp =  0.05194

 Side 1  free  transition at x/c =  0.1613   43
 Side 2 forced transition at x/c =  1.0000   73

   2   rms: 0.1756E-01   max: 0.9907E-01   C at   43  1
       a = 16.000      CL =  1.6933
      Cm = -0.0849     CD =  0.05899   =>   CDf =  0.00556    CDp =  0.05342

 Side 1  free  transition at x/c =  0.1574   43
 Side 2 forced transition at x/c =  1.0000   73

   3   rms: 0.2057E-02   max: -.2012E-01   C at   73  2
       a = 16.000      CL =  1.6914
      Cm = -0.0847     CD =  0.05894   =>   CDf =  0.00558    CDp =  0.05335

 Side 1  free  transition at x/c =  0.1577   43
 Side 2 forced transition at x/c =  1.0000   73

   4   rms: 0.8107E-04   max: -.1386E-02   C at   73  2
       a = 16.000      CL =  1.6914
      Cm = -0.0847     CD =  0.05892   =>   CDf =  0.00557    CDp =  0.05335
 plradd ia,ip,cpol           54           0  8.15781008E-04

 Point added to stored polar  1
 Point written to save file  fx76mp160_Re500k.base.pol                       
 Dump file unspecified or not available

.OPERva   c>  
 Polar accumulation disabled

.OPERv   c>  
 XFOIL   c>  
 XFOIL   c>  